Archive member included to satisfy reference by file (symbol)

c:/siliconlabs/simplicitystudio/v5/developer/toolchains/gnu_arm/10.3_2021.10/bin/../lib/gcc/arm-none-eabi/10.3.1/thumb/v8-m.main+fp/hard\libgcc.a(_aeabi_ldivmod.o)
                              ./gecko_sdk_3.2.3/platform/emlib/src/em_usart.o (__aeabi_ldivmod)
c:/siliconlabs/simplicitystudio/v5/developer/toolchains/gnu_arm/10.3_2021.10/bin/../lib/gcc/arm-none-eabi/10.3.1/thumb/v8-m.main+fp/hard\libgcc.a(_aeabi_uldivmod.o)
                              ./gecko_sdk_3.2.3/platform/emlib/src/em_usart.o (__aeabi_uldivmod)
c:/siliconlabs/simplicitystudio/v5/developer/toolchains/gnu_arm/10.3_2021.10/bin/../lib/gcc/arm-none-eabi/10.3.1/thumb/v8-m.main+fp/hard\libgcc.a(_udivmoddi4.o)
                              c:/siliconlabs/simplicitystudio/v5/developer/toolchains/gnu_arm/10.3_2021.10/bin/../lib/gcc/arm-none-eabi/10.3.1/thumb/v8-m.main+fp/hard\libgcc.a(_aeabi_ldivmod.o) (__udivmoddi4)
c:/siliconlabs/simplicitystudio/v5/developer/toolchains/gnu_arm/10.3_2021.10/bin/../lib/gcc/arm-none-eabi/10.3.1/thumb/v8-m.main+fp/hard\libgcc.a(_dvmd_tls.o)
                              c:/siliconlabs/simplicitystudio/v5/developer/toolchains/gnu_arm/10.3_2021.10/bin/../lib/gcc/arm-none-eabi/10.3.1/thumb/v8-m.main+fp/hard\libgcc.a(_aeabi_ldivmod.o) (__aeabi_ldiv0)
c:/siliconlabs/simplicitystudio/v5/developer/toolchains/gnu_arm/10.3_2021.10/bin/../lib/gcc/arm-none-eabi/10.3.1/../../../../arm-none-eabi/lib/thumb/v8-m.main+fp/hard\libc_nano.a(lib_a-exit.o)
                              c:/siliconlabs/simplicitystudio/v5/developer/toolchains/gnu_arm/10.3_2021.10/bin/../lib/gcc/arm-none-eabi/10.3.1/../../../../arm-none-eabi/lib/thumb/v8-m.main+fp/hard/crt0.o (exit)
c:/siliconlabs/simplicitystudio/v5/developer/toolchains/gnu_arm/10.3_2021.10/bin/../lib/gcc/arm-none-eabi/10.3.1/../../../../arm-none-eabi/lib/thumb/v8-m.main+fp/hard\libc_nano.a(lib_a-impure.o)
                              c:/siliconlabs/simplicitystudio/v5/developer/toolchains/gnu_arm/10.3_2021.10/bin/../lib/gcc/arm-none-eabi/10.3.1/../../../../arm-none-eabi/lib/thumb/v8-m.main+fp/hard\libc_nano.a(lib_a-exit.o) (_global_impure_ptr)
c:/siliconlabs/simplicitystudio/v5/developer/toolchains/gnu_arm/10.3_2021.10/bin/../lib/gcc/arm-none-eabi/10.3.1/../../../../arm-none-eabi/lib/thumb/v8-m.main+fp/hard\libc_nano.a(lib_a-init.o)
                              c:/siliconlabs/simplicitystudio/v5/developer/toolchains/gnu_arm/10.3_2021.10/bin/../lib/gcc/arm-none-eabi/10.3.1/../../../../arm-none-eabi/lib/thumb/v8-m.main+fp/hard/crt0.o (__libc_init_array)
c:/siliconlabs/simplicitystudio/v5/developer/toolchains/gnu_arm/10.3_2021.10/bin/../lib/gcc/arm-none-eabi/10.3.1/../../../../arm-none-eabi/lib/thumb/v8-m.main+fp/hard\libc_nano.a(lib_a-memset.o)
                              c:/siliconlabs/simplicitystudio/v5/developer/toolchains/gnu_arm/10.3_2021.10/bin/../lib/gcc/arm-none-eabi/10.3.1/../../../../arm-none-eabi/lib/thumb/v8-m.main+fp/hard/crt0.o (memset)
c:/siliconlabs/simplicitystudio/v5/developer/toolchains/gnu_arm/10.3_2021.10/bin/../lib/gcc/arm-none-eabi/10.3.1/../../../../arm-none-eabi/lib/thumb/v8-m.main+fp/hard\libc_nano.a(lib_a-setvbuf.o)
                              ./gecko_sdk_3.2.3/platform/service/iostream/src/sl_iostream_stdlib_config.o (setvbuf)
c:/siliconlabs/simplicitystudio/v5/developer/toolchains/gnu_arm/10.3_2021.10/bin/../lib/gcc/arm-none-eabi/10.3.1/../../../../arm-none-eabi/lib/thumb/v8-m.main+fp/hard\libc_nano.a(lib_a-strcmp.o)
                              ./autogen/sl_iostream_handles.o (strcmp)
c:/siliconlabs/simplicitystudio/v5/developer/toolchains/gnu_arm/10.3_2021.10/bin/../lib/gcc/arm-none-eabi/10.3.1/../../../../arm-none-eabi/lib/thumb/v8-m.main+fp/hard\libc_nano.a(lib_a-vprintf.o)
                              ./gecko_sdk_3.2.3/platform/service/iostream/src/sl_iostream.o (vprintf)
c:/siliconlabs/simplicitystudio/v5/developer/toolchains/gnu_arm/10.3_2021.10/bin/../lib/gcc/arm-none-eabi/10.3.1/../../../../arm-none-eabi/lib/thumb/v8-m.main+fp/hard\libc_nano.a(lib_a-fflush.o)
                              c:/siliconlabs/simplicitystudio/v5/developer/toolchains/gnu_arm/10.3_2021.10/bin/../lib/gcc/arm-none-eabi/10.3.1/../../../../arm-none-eabi/lib/thumb/v8-m.main+fp/hard\libc_nano.a(lib_a-setvbuf.o) (_fflush_r)
c:/siliconlabs/simplicitystudio/v5/developer/toolchains/gnu_arm/10.3_2021.10/bin/../lib/gcc/arm-none-eabi/10.3.1/../../../../arm-none-eabi/lib/thumb/v8-m.main+fp/hard\libc_nano.a(lib_a-findfp.o)
                              c:/siliconlabs/simplicitystudio/v5/developer/toolchains/gnu_arm/10.3_2021.10/bin/../lib/gcc/arm-none-eabi/10.3.1/../../../../arm-none-eabi/lib/thumb/v8-m.main+fp/hard\libc_nano.a(lib_a-setvbuf.o) (__sinit)
c:/siliconlabs/simplicitystudio/v5/developer/toolchains/gnu_arm/10.3_2021.10/bin/../lib/gcc/arm-none-eabi/10.3.1/../../../../arm-none-eabi/lib/thumb/v8-m.main+fp/hard\libc_nano.a(lib_a-fwalk.o)
[...]
Memory Configuration

Name             Origin             Length             Attributes
FLASH            0x00000000         0x0007e000         xr
RAM              0x20000000         0x00008000         xrw
*default*        0x00000000         0xffffffff

Linker script and memory map

LOAD c:/siliconlabs/simplicitystudio/v5/developer/toolchains/gnu_arm/10.3_2021.10/bin/../lib/gcc/arm-none-eabi/10.3.1/thumb/v8-m.main+fp/hard/crti.o
LOAD c:/siliconlabs/simplicitystudio/v5/developer/toolchains/gnu_arm/10.3_2021.10/bin/../lib/gcc/arm-none-eabi/10.3.1/thumb/v8-m.main+fp/hard/crtbegin.o
LOAD c:/siliconlabs/simplicitystudio/v5/developer/toolchains/gnu_arm/10.3_2021.10/bin/../lib/gcc/arm-none-eabi/10.3.1/../../../../arm-none-eabi/lib/thumb/v8-m.main+fp/hard/crt0.o
START GROUP
LOAD ./app.o
LOAD ./bh1750.o
LOAD ./dht11.o
LOAD ./main.o
LOAD ./autogen/sl_board_default_init.o
LOAD ./autogen/sl_device_init_clocks.o
LOAD ./autogen/sl_event_handler.o
LOAD ./autogen/sl_i2cspm_init.o
LOAD ./autogen/sl_iostream_handles.o
LOAD ./autogen/sl_iostream_init_usart_instances.o
LOAD ./autogen/sl_simple_button_instances.o
LOAD ./gecko_sdk_3.2.3/app/common/util/app_log/app_log.o
LOAD ./gecko_sdk_3.2.3/hardware/board/src/sl_board_control_gpio.o
LOAD ./gecko_sdk_3.2.3/hardware/board/src/sl_board_init.o
LOAD ./gecko_sdk_3.2.3/platform/Device/SiliconLabs/BGM22/Source/GCC/startup_bgm22.o
LOAD ./gecko_sdk_3.2.3/platform/Device/SiliconLabs/BGM22/Source/system_bgm22.o
LOAD ./gecko_sdk_3.2.3/platform/common/toolchain/src/sl_memory.o
LOAD ./gecko_sdk_3.2.3/platform/driver/button/src/sl_button.o
LOAD ./gecko_sdk_3.2.3/platform/driver/button/src/sl_simple_button.o
LOAD ./gecko_sdk_3.2.3/platform/driver/i2cspm/src/sl_i2cspm.o
LOAD ./gecko_sdk_3.2.3/platform/emdrv/gpiointerrupt/src/gpiointerrupt.o
LOAD ./gecko_sdk_3.2.3/platform/emlib/src/em_assert.o
LOAD ./gecko_sdk_3.2.3/platform/emlib/src/em_burtc.o
LOAD ./gecko_sdk_3.2.3/platform/emlib/src/em_cmu.o
LOAD ./gecko_sdk_3.2.3/platform/emlib/src/em_core.o
LOAD ./gecko_sdk_3.2.3/platform/emlib/src/em_emu.o
LOAD ./gecko_sdk_3.2.3/platform/emlib/src/em_gpio.o
LOAD ./gecko_sdk_3.2.3/platform/emlib/src/em_i2c.o
LOAD ./gecko_sdk_3.2.3/platform/emlib/src/em_rtcc.o
LOAD ./gecko_sdk_3.2.3/platform/emlib/src/em_system.o
LOAD ./gecko_sdk_3.2.3/platform/emlib/src/em_usart.o
LOAD ./gecko_sdk_3.2.3/platform/service/device_init/src/sl_device_init_dcdc_s2.o
LOAD ./gecko_sdk_3.2.3/platform/service/device_init/src/sl_device_init_emu_s2.o
LOAD ./gecko_sdk_3.2.3/platform/service/device_init/src/sl_device_init_hfxo_s2.o
LOAD ./gecko_sdk_3.2.3/platform/service/device_init/src/sl_device_init_lfxo_s2.o
LOAD ./gecko_sdk_3.2.3/platform/service/device_init/src/sl_device_init_nvic.o
LOAD ./gecko_sdk_3.2.3/platform/service/iostream/src/sl_iostream.o
LOAD ./gecko_sdk_3.2.3/platform/service/iostream/src/sl_iostream_retarget_stdio.o
LOAD ./gecko_sdk_3.2.3/platform/service/iostream/src/sl_iostream_stdlib_config.o
LOAD ./gecko_sdk_3.2.3/platform/service/iostream/src/sl_iostream_uart.o
LOAD ./gecko_sdk_3.2.3/platform/service/iostream/src/sl_iostream_usart.o
LOAD ./gecko_sdk_3.2.3/platform/service/sleeptimer/src/sl_sleeptimer.o
LOAD ./gecko_sdk_3.2.3/platform/service/sleeptimer/src/sl_sleeptimer_hal_burtc.o
LOAD ./gecko_sdk_3.2.3/platform/service/sleeptimer/src/sl_sleeptimer_hal_prortc.o
LOAD ./gecko_sdk_3.2.3/platform/service/sleeptimer/src/sl_sleeptimer_hal_rtcc.o
LOAD ./gecko_sdk_3.2.3/platform/service/system/src/sl_system_init.o
LOAD ./gecko_sdk_3.2.3/platform/service/system/src/sl_system_process_action.o
LOAD ./gecko_sdk_3.2.3/platform/service/udelay/src/sl_udelay.o
LOAD ./gecko_sdk_3.2.3/platform/service/udelay/src/sl_udelay_armv6m_gcc.o
LOAD c:/siliconlabs/simplicitystudio/v5/developer/toolchains/gnu_arm/10.3_2021.10/bin/../lib/gcc/arm-none-eabi/10.3.1/thumb/v8-m.main+fp/hard\libgcc.a
LOAD c:/siliconlabs/simplicitystudio/v5/developer/toolchains/gnu_arm/10.3_2021.10/bin/../lib/gcc/arm-none-eabi/10.3.1/../../../../arm-none-eabi/lib/thumb/v8-m.main+fp/hard\libc_nano.a
LOAD c:/siliconlabs/simplicitystudio/v5/developer/toolchains/gnu_arm/10.3_2021.10/bin/../lib/gcc/arm-none-eabi/10.3.1/../../../../arm-none-eabi/lib/thumb/v8-m.main+fp/hard\libm.a
LOAD c:/siliconlabs/simplicitystudio/v5/developer/toolchains/gnu_arm/10.3_2021.10/bin/../lib/gcc/arm-none-eabi/10.3.1/../../../../arm-none-eabi/lib/thumb/v8-m.main+fp/hard\libnosys.a
END GROUP
START GROUP
LOAD c:/siliconlabs/simplicitystudio/v5/developer/toolchains/gnu_arm/10.3_2021.10/bin/../lib/gcc/arm-none-eabi/10.3.1/thumb/v8-m.main+fp/hard\libgcc.a
LOAD c:/siliconlabs/simplicitystudio/v5/developer/toolchains/gnu_arm/10.3_2021.10/bin/../lib/gcc/arm-none-eabi/10.3.1/../../../../arm-none-eabi/lib/thumb/v8-m.main+fp/hard\libc_nano.a
LOAD c:/siliconlabs/simplicitystudio/v5/developer/toolchains/gnu_arm/10.3_2021.10/bin/../lib/gcc/arm-none-eabi/10.3.1/../../../../arm-none-eabi/lib/thumb/v8-m.main+fp/hard\libnosys.a
END GROUP
START GROUP
LOAD c:/siliconlabs/simplicitystudio/v5/developer/toolchains/gnu_arm/10.3_2021.10/bin/../lib/gcc/arm-none-eabi/10.3.1/thumb/v8-m.main+fp/hard\libgcc.a
LOAD c:/siliconlabs/simplicitystudio/v5/developer/toolchains/gnu_arm/10.3_2021.10/bin/../lib/gcc/arm-none-eabi/10.3.1/../../../../arm-none-eabi/lib/thumb/v8-m.main+fp/hard\libg_nano.a
LOAD c:/siliconlabs/simplicitystudio/v5/developer/toolchains/gnu_arm/10.3_2021.10/bin/../lib/gcc/arm-none-eabi/10.3.1/../../../../arm-none-eabi/lib/thumb/v8-m.main+fp/hard\libc_nano.a
END GROUP
START GROUP
LOAD c:/siliconlabs/simplicitystudio/v5/developer/toolchains/gnu_arm/10.3_2021.10/bin/../lib/gcc/arm-none-eabi/10.3.1/thumb/v8-m.main+fp/hard\libgcc.a
LOAD c:/siliconlabs/simplicitystudio/v5/developer/toolchains/gnu_arm/10.3_2021.10/bin/../lib/gcc/arm-none-eabi/10.3.1/../../../../arm-none-eabi/lib/thumb/v8-m.main+fp/hard\libc_nano.a
END GROUP
LOAD c:/siliconlabs/simplicitystudio/v5/developer/toolchains/gnu_arm/10.3_2021.10/bin/../lib/gcc/arm-none-eabi/10.3.1/thumb/v8-m.main+fp/hard/crtend.o
LOAD c:/siliconlabs/simplicitystudio/v5/developer/toolchains/gnu_arm/10.3_2021.10/bin/../lib/gcc/arm-none-eabi/10.3.1/thumb/v8-m.main+fp/hard/crtn.o

.text           0x00000000     0x3ff8
                0x00000000                linker_vectors_begin = .
 *(.vectors)
 .vectors       0x00000000      0x140 ./gecko_sdk_3.2.3/platform/Device/SiliconLabs/BGM22/Source/GCC/startup_bgm22.o
                0x00000000                __Vectors
                0x00000140                linker_vectors_end = .
                0x00000140                __Vectors_End = .
                0x00000140                __Vectors_Size = (__Vectors_End - __Vectors)
                0x00000140                linker_code_begin = .
 *(.text*)
 .text          0x00000140       0x40 c:/siliconlabs/simplicitystudio/v5/developer/toolchains/gnu_arm/10.3_2021.10/bin/../lib/gcc/arm-none-eabi/10.3.1/thumb/v8-m.main+fp/hard/crtbegin.o
 .text          0x00000180       0x7c c:/siliconlabs/simplicitystudio/v5/developer/toolchains/gnu_arm/10.3_2021.10/bin/../lib/gcc/arm-none-eabi/10.3.1/../../../../arm-none-eabi/lib/thumb/v8-m.main+fp/hard/crt0.o
                0x00000180                _stack_init
                0x00000188                _start
                0x00000188                _mainCRTStartup
 .text.app_init
                0x000001fc       0x1a ./app.o
                0x000001fc                app_init
 .text.app_process_action
                0x00000216        0x2 ./app.o
                0x00000216                app_process_action
 .text.sl_button_on_change
                0x00000218       0x24 ./app.o
                0x00000218                sl_button_on_change
 .text.startup.main
                0x0000023c       0x14 ./main.o
                0x0000023c                main
 .text.sl_board_default_init
                0x00000250        0x2 ./autogen/sl_board_default_init.o
                0x00000250                sl_board_default_init
 .text.sl_device_init_clocks
                0x00000252       0x46 ./autogen/sl_device_init_clocks.o
                0x00000252                sl_device_init_clocks
 .text.sl_platform_init
                0x00000298       0x60 ./autogen/sl_event_handler.o
                0x00000298                sl_platform_init
 .text.sl_driver_init
                0x000002f8       0x12 ./autogen/sl_event_handler.o
                0x000002f8                sl_driver_init
 .text.sl_service_init
                0x0000030a       0x12 ./autogen/sl_event_handler.o
                0x0000030a                sl_service_init
 .text.sl_stack_init
                0x0000031c        0x2 ./autogen/sl_event_handler.o
                0x0000031c                sl_stack_init
 .text.sl_internal_app_init
                0x0000031e        0x4 ./autogen/sl_event_handler.o
                0x0000031e                sl_internal_app_init
 .text.sl_platform_process_action
                0x00000322        0x2 ./autogen/sl_event_handler.o
                0x00000322                sl_platform_process_action
 .text.sl_service_process_action
                0x00000324        0x2 ./autogen/sl_event_handler.o
                0x00000324                sl_service_process_action
 .text.sl_stack_process_action
                0x00000326        0x2 ./autogen/sl_event_handler.o
                0x00000326                sl_stack_process_action
 .text.sl_internal_app_process_action
                0x00000328        0x2 ./autogen/sl_event_handler.o
                0x00000328                sl_internal_app_process_action
 *fill*         0x0000032a        0x2 
 .text.sl_i2cspm_init_instances
                0x0000032c       0x18 ./autogen/sl_i2cspm_init.o
                0x0000032c                sl_i2cspm_init_instances
 .text.sl_iostream_usart_init_vcom
                0x00000344       0x64 ./autogen/sl_iostream_init_usart_instances.o
                0x00000344                sl_iostream_usart_init_vcom
 .text.sl_iostream_usart_init_instances
                0x000003a8        0x4 ./autogen/sl_iostream_init_usart_instances.o
                0x000003a8                sl_iostream_usart_init_instances
 .text.USART1_RX_IRQHandler
                0x000003ac        0xc ./autogen/sl_iostream_init_usart_instances.o
                0x000003ac                USART1_RX_IRQHandler
 .text.USART1_TX_IRQHandler
                0x000003b8        0x4 ./autogen/sl_iostream_init_usart_instances.o
                0x000003b8                USART1_TX_IRQHandler
 .text.sl_simple_button_init_instances
                0x000003bc        0xc ./autogen/sl_simple_button_instances.o
                0x000003bc                sl_simple_button_init_instances
 .text.app_log_init
                0x000003c8       0x38 ./gecko_sdk_3.2.3/app/common/util/app_log/app_log.o
                0x000003c8                app_log_init
 .text.sl_board_init
                0x00000400       0x12 ./gecko_sdk_3.2.3/hardware/board/src/sl_board_init.o
                0x00000400                sl_board_init
 .text.sl_board_preinit
                0x00000412        0x8 ./gecko_sdk_3.2.3/hardware/board/src/sl_board_init.o
                0x00000412                sl_board_preinit
 .text.Default_Handler
                0x0000041a        0x2 ./gecko_sdk_3.2.3/platform/Device/SiliconLabs/BGM22/Source/GCC/startup_bgm22.o
                0x0000041a                ULFRCO_IRQHandler
                0x0000041a                SW2_IRQHandler
                0x0000041a                TIMER2_IRQHandler
                0x0000041a                DebugMon_Handler
                0x0000041a                PKE_IRQHandler
                0x0000041a                USART0_TX_IRQHandler
                0x0000041a                PRORTC_IRQHandler
                0x0000041a                IADC_IRQHandler
                0x0000041a                I2C0_IRQHandler
                0x0000041a                LFXO_IRQHandler
                0x0000041a                CRYPTOACC_IRQHandler
                0x0000041a                HardFault_Handler
                0x0000041a                SMU_SECURE_IRQHandler
                0x0000041a                SysTick_Handler
                0x0000041a                EMUEFP_IRQHandler
                0x0000041a                PendSV_Handler
                0x0000041a                NMI_Handler
                0x0000041a                SYNTH_IRQHandler
                0x0000041a                HFXO0_IRQHandler
                0x0000041a                I2C1_IRQHandler
                0x0000041a                PDM_IRQHandler
                0x0000041a                WDOG0_IRQHandler
                0x0000041a                TIMER3_IRQHandler
                0x0000041a                SYSCFG_IRQHandler
                0x0000041a                EMUSE_IRQHandler
                0x0000041a                EMUDG_IRQHandler
                0x0000041a                SMU_PRIVILEGED_IRQHandler
                0x0000041a                MSC_IRQHandler
                0x0000041a                DPLL0_IRQHandler
                0x0000041a                UsageFault_Handler
                0x0000041a                M33CTI1_IRQHandler
                0x0000041a                TIMER4_IRQHandler
                0x0000041a                LDMA_IRQHandler
                0x0000041a                SW0_IRQHandler
                0x0000041a                TIMER0_IRQHandler
                0x0000041a                LETIMER0_IRQHandler
                0x0000041a                TIMER1_IRQHandler
                0x0000041a                HFRCO0_IRQHandler
                0x0000041a                RFSENSE_IRQHandler
                0x0000041a                BUFC_IRQHandler
                0x0000041a                DCDC_IRQHandler
                0x0000041a                MODEM_IRQHandler
                0x0000041a                Default_Handler
                0x0000041a                RAC_SEQ_IRQHandler
                0x0000041a                FRC_PRI_IRQHandler
                0x0000041a                EMU_IRQHandler
                0x0000041a                SW3_IRQHandler
                0x0000041a                KERNEL0_IRQHandler
                0x0000041a                FRC_IRQHandler
                0x0000041a                KERNEL1_IRQHandler
                0x0000041a                AGC_IRQHandler
                0x0000041a                sl_app_properties
                0x0000041a                BURTC_IRQHandler
                0x0000041a                LFRCO_IRQHandler
                0x0000041a                USART0_RX_IRQHandler
                0x0000041a                MemManage_Handler
                0x0000041a                RDMAILBOX_IRQHandler
                0x0000041a                SVC_Handler
                0x0000041a                SW1_IRQHandler
                0x0000041a                CMU_IRQHandler
                0x0000041a                RAC_RSM_IRQHandler
                0x0000041a                EUART0_TX_IRQHandler
                0x0000041a                EUART0_RX_IRQHandler
                0x0000041a                AES_IRQHandler
                0x0000041a                M33CTI0_IRQHandler
                0x0000041a                ICACHE0_IRQHandler
                0x0000041a                SMU_NS_PRIVILEGED_IRQHandler
                0x0000041a                PROTIMER_IRQHandler
                0x0000041a                BusFault_Handler
                0x0000041a                TRNG_IRQHandler
 .text.Reset_Handler
                0x0000041c       0x2c ./gecko_sdk_3.2.3/platform/Device/SiliconLabs/BGM22/Source/GCC/startup_bgm22.o
                0x0000041c                Reset_Handler
 .text.SystemInit
                0x00000448       0x1c ./gecko_sdk_3.2.3/platform/Device/SiliconLabs/BGM22/Source/system_bgm22.o
                0x00000448                SystemInit
 .text.SystemHFRCODPLLClockGet
                0x00000464        0xc ./gecko_sdk_3.2.3/platform/Device/SiliconLabs/BGM22/Source/system_bgm22.o
                0x00000464                SystemHFRCODPLLClockGet
 .text.SystemSYSCLKGet
                0x00000470       0x34 ./gecko_sdk_3.2.3/platform/Device/SiliconLabs/BGM22/Source/system_bgm22.o
                0x00000470                SystemSYSCLKGet
 .text.SystemHCLKGet
                0x000004a4       0x24 ./gecko_sdk_3.2.3/platform/Device/SiliconLabs/BGM22/Source/system_bgm22.o
                0x000004a4                SystemHCLKGet
 .text.SystemMaxCoreClockGet
                0x000004c8        0x8 ./gecko_sdk_3.2.3/platform/Device/SiliconLabs/BGM22/Source/system_bgm22.o
                0x000004c8                SystemMaxCoreClockGet
 .text.SystemHFXOClockGet
                0x000004d0        0xc ./gecko_sdk_3.2.3/platform/Device/SiliconLabs/BGM22/Source/system_bgm22.o
                0x000004d0                SystemHFXOClockGet
 .text.SystemHFXOClockSet
                0x000004dc       0x20 ./gecko_sdk_3.2.3/platform/Device/SiliconLabs/BGM22/Source/system_bgm22.o
                0x000004dc                SystemHFXOClockSet
 .text.SystemCLKIN0Get
                0x000004fc        0x4 ./gecko_sdk_3.2.3/platform/Device/SiliconLabs/BGM22/Source/system_bgm22.o
                0x000004fc                SystemCLKIN0Get
 .text.SystemFSRCOClockGet
                0x00000500        0x8 ./gecko_sdk_3.2.3/platform/Device/SiliconLabs/BGM22/Source/system_bgm22.o
                0x00000500                SystemFSRCOClockGet
 .text.SystemLFRCOClockGet
                0x00000508        0x6 ./gecko_sdk_3.2.3/platform/Device/SiliconLabs/BGM22/Source/system_bgm22.o
                0x00000508                SystemLFRCOClockGet
 .text.SystemULFRCOClockGet
                0x0000050e        0x6 ./gecko_sdk_3.2.3/platform/Device/SiliconLabs/BGM22/Source/system_bgm22.o
                0x0000050e                SystemULFRCOClockGet
 .text.SystemLFXOClockGet
                0x00000514        0xc ./gecko_sdk_3.2.3/platform/Device/SiliconLabs/BGM22/Source/system_bgm22.o
                0x00000514                SystemLFXOClockGet
 .text._sbrk    0x00000520       0x20 ./gecko_sdk_3.2.3/platform/common/toolchain/src/sl_memory.o
                0x00000520                _sbrk
 .text.sl_button_init
                0x00000540        0xc ./gecko_sdk_3.2.3/platform/driver/button/src/sl_button.o
                0x00000540                sl_button_init
 .text.sl_button_get_state
                0x0000054c        0xc ./gecko_sdk_3.2.3/platform/driver/button/src/sl_button.o
                0x0000054c                sl_button_get_state
 .text.GPIO_PinInGet
                0x00000558       0x4c ./gecko_sdk_3.2.3/platform/driver/button/src/sl_simple_button.o
 .text.sli_simple_button_on_change
                0x000005a4       0x50 ./gecko_sdk_3.2.3/platform/driver/button/src/sl_simple_button.o
 .text.sl_simple_button_init
                0x000005f4       0x54 ./gecko_sdk_3.2.3/platform/driver/button/src/sl_simple_button.o
                0x000005f4                sl_simple_button_init
 .text.sl_simple_button_get_state
                0x00000648        0x4 ./gecko_sdk_3.2.3/platform/driver/button/src/sl_simple_button.o
                0x00000648                sl_simple_button_get_state
 .text.sl_simple_button_poll_step
                0x0000064c       0x54 ./gecko_sdk_3.2.3/platform/driver/button/src/sl_simple_button.o
                0x0000064c                sl_simple_button_poll_step
 .text.sl_simple_button_enable
                0x000006a0       0x10 ./gecko_sdk_3.2.3/platform/driver/button/src/sl_simple_button.o
                0x000006a0                sl_simple_button_enable
 .text.sl_simple_button_disable
                0x000006b0       0x30 ./gecko_sdk_3.2.3/platform/driver/button/src/sl_simple_button.o
                0x000006b0                sl_simple_button_disable
 .text.I2CSPM_Init
                0x000006e0      0x180 ./gecko_sdk_3.2.3/platform/driver/i2cspm/src/sl_i2cspm.o
                0x000006e0                I2CSPM_Init
 .text.GPIOINT_IRQDispatcher
                0x00000860       0x2c ./gecko_sdk_3.2.3/platform/emdrv/gpiointerrupt/src/gpiointerrupt.o
 .text.GPIOINT_Init
                0x0000088c       0x30 ./gecko_sdk_3.2.3/platform/emdrv/gpiointerrupt/src/gpiointerrupt.o
                0x0000088c                GPIOINT_Init
 .text.GPIOINT_CallbackRegister
                0x000008bc       0x1c ./gecko_sdk_3.2.3/platform/emdrv/gpiointerrupt/src/gpiointerrupt.o
                0x000008bc                GPIOINT_CallbackRegister
 .text.GPIO_EVEN_IRQHandler
                0x000008d8       0x24 ./gecko_sdk_3.2.3/platform/emdrv/gpiointerrupt/src/gpiointerrupt.o
                0x000008d8                GPIO_EVEN_IRQHandler
 .text.GPIO_ODD_IRQHandler
                0x000008fc       0x24 ./gecko_sdk_3.2.3/platform/emdrv/gpiointerrupt/src/gpiointerrupt.o
                0x000008fc                GPIO_ODD_IRQHandler
 .text.assertEFM
                0x00000920        0x2 ./gecko_sdk_3.2.3/platform/emlib/src/em_assert.o
                0x00000920                assertEFM
 .text.EMU_VScaleGet
                0x00000922       0x16 ./gecko_sdk_3.2.3/platform/emlib/src/em_cmu.o
 .text.em01GrpaClkGet
                0x00000938       0x54 ./gecko_sdk_3.2.3/platform/emlib/src/em_cmu.o
 .text.iadcClkGet
                0x0000098c       0x54 ./gecko_sdk_3.2.3/platform/emlib/src/em_cmu.o
 .text.em01GrpbClkGet
                0x000009e0       0x70 ./gecko_sdk_3.2.3/platform/emlib/src/em_cmu.o
 .text.em23GrpaClkGet
                0x00000a50       0x54 ./gecko_sdk_3.2.3/platform/emlib/src/em_cmu.o
 .text.wdog0ClkGet
                0x00000aa4       0x60 ./gecko_sdk_3.2.3/platform/emlib/src/em_cmu.o
 .text.rtccClkGet
                0x00000b04       0x54 ./gecko_sdk_3.2.3/platform/emlib/src/em_cmu.o
 .text.em4GrpaClkGet
                0x00000b58       0x54 ./gecko_sdk_3.2.3/platform/emlib/src/em_cmu.o
 .text.euart0ClkGet
                0x00000bac       0x48 ./gecko_sdk_3.2.3/platform/emlib/src/em_cmu.o
 .text.CMU_ClockEnable
                0x00000bf4       0x54 ./gecko_sdk_3.2.3/platform/emlib/src/em_cmu.o
                0x00000bf4                CMU_ClockEnable
 .text.CMU_ClockDivGet
                0x00000c48       0x84 ./gecko_sdk_3.2.3/platform/emlib/src/em_cmu.o
                0x00000c48                CMU_ClockDivGet
 .text.CMU_ClockFreqGet
                0x00000ccc      0x198 ./gecko_sdk_3.2.3/platform/emlib/src/em_cmu.o
                0x00000ccc                CMU_ClockFreqGet
 .text.rhclkPrescOptimize
                0x00000e64       0x20 ./gecko_sdk_3.2.3/platform/emlib/src/em_cmu.o
 .text.flashWaitStateControl
                0x00000e84       0x50 ./gecko_sdk_3.2.3/platform/emlib/src/em_cmu.o
 .text.waitStateMax
                0x00000ed4       0x10 ./gecko_sdk_3.2.3/platform/emlib/src/em_cmu.o
 .text.CMU_ClockSelectGet
                0x00000ee4      0x188 ./gecko_sdk_3.2.3/platform/emlib/src/em_cmu.o
                0x00000ee4                CMU_ClockSelectGet
 .text.CMU_HFXOInit
                0x0000106c      0x1d8 ./gecko_sdk_3.2.3/platform/emlib/src/em_cmu.o
                0x0000106c                CMU_HFXOInit
 .text.CMU_HFXOCTuneDeltaGet
                0x00001244        0xc ./gecko_sdk_3.2.3/platform/emlib/src/em_cmu.o
                0x00001244                CMU_HFXOCTuneDeltaGet
 .text.CMU_LFXOInit
                0x00001250       0xc4 ./gecko_sdk_3.2.3/platform/emlib/src/em_cmu.o
                0x00001250                CMU_LFXOInit
 .text.CMU_LFXOPrecisionSet
                0x00001314        0xc ./gecko_sdk_3.2.3/platform/emlib/src/em_cmu.o
                0x00001314                CMU_LFXOPrecisionSet
 .text.CMU_UpdateWaitStates
                0x00001320        0xc ./gecko_sdk_3.2.3/platform/emlib/src/em_cmu.o
                0x00001320                CMU_UpdateWaitStates
 .text.CMU_ClockDivSet
                0x0000132c      0x104 ./gecko_sdk_3.2.3/platform/emlib/src/em_cmu.o
                0x0000132c                CMU_ClockDivSet
 .text.pclkDivMax
                0x00001430        0xa ./gecko_sdk_3.2.3/platform/emlib/src/em_cmu.o
 *fill*         0x0000143a        0x2 
 .text.pclkDivOptimize
                0x0000143c       0x24 ./gecko_sdk_3.2.3/platform/emlib/src/em_cmu.o
 .text.CMU_ClockSelectSet
                0x00001460      0x3c4 ./gecko_sdk_3.2.3/platform/emlib/src/em_cmu.o
                0x00001460                CMU_ClockSelectSet
 .text.CORE_EnterCritical
                0x00001824        0x8 ./gecko_sdk_3.2.3/platform/emlib/src/em_core.o
                0x00001824                CORE_EnterCritical
 .text.CORE_ExitCritical
                0x0000182c        0x6 ./gecko_sdk_3.2.3/platform/emlib/src/em_core.o
                0x0000182c                CORE_ExitCritical
 .text.CORE_EnterAtomic
                0x00001832        0xc ./gecko_sdk_3.2.3/platform/emlib/src/em_core.o
                0x00001832                CORE_EnterAtomic
 .text.CORE_ExitAtomic
                0x0000183e        0x6 ./gecko_sdk_3.2.3/platform/emlib/src/em_core.o
                0x0000183e                CORE_ExitAtomic
 .text.CORE_NvicIRQDisabled
                0x00001844       0x34 ./gecko_sdk_3.2.3/platform/emlib/src/em_core.o
                0x00001844                CORE_NvicIRQDisabled
 .text.EMU_EFPEM01VScale
                0x00001878        0x2 ./gecko_sdk_3.2.3/platform/emlib/src/em_emu.o
                0x00001878                EMU_EFPEM01VScale
 *fill*         0x0000187a        0x2 
 .text.EMU_VScaleEM01
                0x0000187c       0xb0 ./gecko_sdk_3.2.3/platform/emlib/src/em_emu.o
                0x0000187c                EMU_VScaleEM01
 .text.EMU_VScaleEM01ByClock
                0x0000192c       0x30 ./gecko_sdk_3.2.3/platform/emlib/src/em_emu.o
                0x0000192c                EMU_VScaleEM01ByClock
 .text.EMU_EM4Init
                0x0000195c       0x12 ./gecko_sdk_3.2.3/platform/emlib/src/em_emu.o
                0x0000195c                EMU_EM4Init
 *fill*         0x0000196e        0x2 
 .text.EMU_DCDCModeSet
                0x00001970       0x74 ./gecko_sdk_3.2.3/platform/emlib/src/em_emu.o
                0x00001970                EMU_DCDCModeSet
 .text.EMU_DCDCInit
                0x000019e4       0x74 ./gecko_sdk_3.2.3/platform/emlib/src/em_emu.o
                0x000019e4                EMU_DCDCInit
 .text.BUS_RegBitWrite
                0x00001a58       0x30 ./gecko_sdk_3.2.3/platform/emlib/src/em_gpio.o
 .text.GPIO_PinOutSet
                0x00001a88       0x54 ./gecko_sdk_3.2.3/platform/emlib/src/em_gpio.o
 .text.GPIO_PinOutClear
                0x00001adc       0x54 ./gecko_sdk_3.2.3/platform/emlib/src/em_gpio.o
 .text.BUS_RegMaskedWrite
                0x00001b30       0x22 ./gecko_sdk_3.2.3/platform/emlib/src/em_gpio.o
 *fill*         0x00001b52        0x2 
 .text.GPIO_ExtIntConfig
                0x00001b54       0xf4 ./gecko_sdk_3.2.3/platform/emlib/src/em_gpio.o
                0x00001b54                GPIO_ExtIntConfig
 .text.GPIO_PinModeSet
                0x00001c48       0xac ./gecko_sdk_3.2.3/platform/emlib/src/em_gpio.o
                0x00001c48                GPIO_PinModeSet
 .text.I2C_BusFreqSet
                0x00001cf4       0xe8 ./gecko_sdk_3.2.3/platform/emlib/src/em_i2c.o
                0x00001cf4                I2C_BusFreqSet
 .text.I2C_Enable
                0x00001ddc       0x3c ./gecko_sdk_3.2.3/platform/emlib/src/em_i2c.o
                0x00001ddc                I2C_Enable
 .text.I2C_Init
                0x00001e18       0x68 ./gecko_sdk_3.2.3/platform/emlib/src/em_i2c.o
                0x00001e18                I2C_Init
 .text.RTCC_SyncWait
                0x00001e80       0x10 ./gecko_sdk_3.2.3/platform/emlib/src/em_rtcc.o
 .text.RTCC_ChannelInit
                0x00001e90       0x48 ./gecko_sdk_3.2.3/platform/emlib/src/em_rtcc.o
                0x00001e90                RTCC_ChannelInit
 .text.RTCC_Enable
                0x00001ed8       0x44 ./gecko_sdk_3.2.3/platform/emlib/src/em_rtcc.o
                0x00001ed8                RTCC_Enable
 .text.RTCC_Init
                0x00001f1c       0x5c ./gecko_sdk_3.2.3/platform/emlib/src/em_rtcc.o
                0x00001f1c                RTCC_Init
 .text.USART_BaudrateAsyncSet
                0x00001f78       0xe0 ./gecko_sdk_3.2.3/platform/emlib/src/em_usart.o
                0x00001f78                USART_BaudrateAsyncSet
 .text.USART_Enable
                0x00002058       0x44 ./gecko_sdk_3.2.3/platform/emlib/src/em_usart.o
                0x00002058                USART_Enable
 .text.USART_Reset
                0x0000209c       0x78 ./gecko_sdk_3.2.3/platform/emlib/src/em_usart.o
                0x0000209c                USART_Reset
 .text.USART_InitAsync
                0x00002114      0x118 ./gecko_sdk_3.2.3/platform/emlib/src/em_usart.o
                0x00002114                USART_InitAsync
 .text.USART_Rx
                0x0000222c        0xc ./gecko_sdk_3.2.3/platform/emlib/src/em_usart.o
                0x0000222c                USART_Rx
 .text.USART_Tx
                0x00002238        0xa ./gecko_sdk_3.2.3/platform/emlib/src/em_usart.o
                0x00002238                USART_Tx
 *fill*         0x00002242        0x2 
 .text.sl_device_init_dcdc
                0x00002244       0x20 ./gecko_sdk_3.2.3/platform/service/device_init/src/sl_device_init_dcdc_s2.o
                0x00002244                sl_device_init_dcdc
 .text.sl_device_init_emu
                0x00002264       0x22 ./gecko_sdk_3.2.3/platform/service/device_init/src/sl_device_init_emu_s2.o
                0x00002264                sl_device_init_emu
 *fill*         0x00002286        0x2 
 .text.sl_device_init_hfxo
                0x00002288       0x7c ./gecko_sdk_3.2.3/platform/service/device_init/src/sl_device_init_hfxo_s2.o
                0x00002288                sl_device_init_hfxo
 .text.sl_device_init_lfxo
                0x00002304       0x34 ./gecko_sdk_3.2.3/platform/service/device_init/src/sl_device_init_lfxo_s2.o
                0x00002304                sl_device_init_lfxo
 .text.sl_device_init_nvic
                0x00002338       0x3c ./gecko_sdk_3.2.3/platform/service/device_init/src/sl_device_init_nvic.o
                0x00002338                sl_device_init_nvic
 .text.sl_iostream_set_default
                0x00002374       0x18 ./gecko_sdk_3.2.3/platform/service/iostream/src/sl_iostream.o
                0x00002374                sl_iostream_set_default
 .text.sl_iostream_get_default
                0x0000238c       0x18 ./gecko_sdk_3.2.3/platform/service/iostream/src/sl_iostream.o
                0x0000238c                sl_iostream_get_default
 .text.sl_iostream_write
                0x000023a4       0x28 ./gecko_sdk_3.2.3/platform/service/iostream/src/sl_iostream.o
                0x000023a4                sl_iostream_write
 .text.sl_iostream_read
                0x000023cc       0x32 ./gecko_sdk_3.2.3/platform/service/iostream/src/sl_iostream.o
                0x000023cc                sl_iostream_read
 .text._close   0x000023fe        0x4 ./gecko_sdk_3.2.3/platform/service/iostream/src/sl_iostream_retarget_stdio.o
                0x000023fe                _close
 .text._exit    0x00002402        0x2 ./gecko_sdk_3.2.3/platform/service/iostream/src/sl_iostream_retarget_stdio.o
                0x00002402                _exit
 .text._fstat   0x00002404        0xa ./gecko_sdk_3.2.3/platform/service/iostream/src/sl_iostream_retarget_stdio.o
                0x00002404                _fstat
 .text._lseek   0x0000240e        0x4 ./gecko_sdk_3.2.3/platform/service/iostream/src/sl_iostream_retarget_stdio.o
                0x0000240e                _lseek
 .text._read    0x00002412       0x1c ./gecko_sdk_3.2.3/platform/service/iostream/src/sl_iostream_retarget_stdio.o
                0x00002412                _read
 *fill*         0x0000242e        0x2 
 .text._write   0x00002430       0x1c ./gecko_sdk_3.2.3/platform/service/iostream/src/sl_iostream_retarget_stdio.o
                0x00002430                _write
 .text.sl_iostream_stdlib_disable_buffering
                0x0000244c       0x14 ./gecko_sdk_3.2.3/platform/service/iostream/src/sl_iostream_stdlib_config.o
                0x0000244c                sl_iostream_stdlib_disable_buffering
 .text.set_auto_cr_lf
                0x00002460        0x6 ./gecko_sdk_3.2.3/platform/service/iostream/src/sl_iostream_uart.o
 .text.get_auto_cr_lf
                0x00002466        0x6 ./gecko_sdk_3.2.3/platform/service/iostream/src/sl_iostream_uart.o
 .text.uart_read
                0x0000246c       0x6e ./gecko_sdk_3.2.3/platform/service/iostream/src/sl_iostream_uart.o
 .text.uart_deinit
                0x000024da       0x56 ./gecko_sdk_3.2.3/platform/service/iostream/src/sl_iostream_uart.o
 .text.uart_write
                0x00002530       0x3e ./gecko_sdk_3.2.3/platform/service/iostream/src/sl_iostream_uart.o
 *fill*         0x0000256e        0x2 
 .text.sli_iostream_uart_context_init
                0x00002570       0x9c ./gecko_sdk_3.2.3/platform/service/iostream/src/sl_iostream_uart.o
                0x00002570                sli_iostream_uart_context_init
 .text.sli_uart_is_rx_space_avail
                0x0000260c        0xe ./gecko_sdk_3.2.3/platform/service/iostream/src/sl_iostream_uart.o
                0x0000260c                sli_uart_is_rx_space_avail
 *fill*         0x0000261a        0x2 
 .text.sli_uart_push_rxd_data
                0x0000261c       0x3c ./gecko_sdk_3.2.3/platform/service/iostream/src/sl_iostream_uart.o
                0x0000261c                sli_uart_push_rxd_data
 .text.usart_enable_rx
                0x00002658        0xc ./gecko_sdk_3.2.3/platform/service/iostream/src/sl_iostream_usart.o
 .text.usart_deinit
                0x00002664       0x6c ./gecko_sdk_3.2.3/platform/service/iostream/src/sl_iostream_usart.o
 .text.usart_tx
                0x000026d0        0xc ./gecko_sdk_3.2.3/platform/service/iostream/src/sl_iostream_usart.o
 .text.sl_iostream_usart_init
                0x000026dc      0x170 ./gecko_sdk_3.2.3/platform/service/iostream/src/sl_iostream_usart.o
                0x000026dc                sl_iostream_usart_init
 .text.sl_iostream_usart_irq_handler
                0x0000284c       0x30 ./gecko_sdk_3.2.3/platform/service/iostream/src/sl_iostream_usart.o
                0x0000284c                sl_iostream_usart_irq_handler
 .text.delta_list_insert_timer
                0x0000287c       0x44 ./gecko_sdk_3.2.3/platform/service/sleeptimer/src/sl_sleeptimer.o
 .text.update_delta_list
                0x000028c0       0x38 ./gecko_sdk_3.2.3/platform/service/sleeptimer/src/sl_sleeptimer.o
 .text.set_comparator_for_next_timer
                0x000028f8       0x4c ./gecko_sdk_3.2.3/platform/service/sleeptimer/src/sl_sleeptimer.o
 .text.delta_list_remove_timer
                0x00002944       0x38 ./gecko_sdk_3.2.3/platform/service/sleeptimer/src/sl_sleeptimer.o
 .text.sl_sleeptimer_init
                0x0000297c       0x74 ./gecko_sdk_3.2.3/platform/service/sleeptimer/src/sl_sleeptimer.o
                0x0000297c                sl_sleeptimer_init
 .text.process_timer_irq
                0x000029f0      0x134 ./gecko_sdk_3.2.3/platform/service/sleeptimer/src/sl_sleeptimer.o
                0x000029f0                process_timer_irq
 .text.CMU_PrescToLog2.constprop.0
                0x00002b24        0x4 ./gecko_sdk_3.2.3/platform/service/sleeptimer/src/sl_sleeptimer_hal_rtcc.o
 .text.sleeptimer_hal_init_timer
                0x00002b28       0x88 ./gecko_sdk_3.2.3/platform/service/sleeptimer/src/sl_sleeptimer_hal_rtcc.o
                0x00002b28                sleeptimer_hal_init_timer
 .text.sleeptimer_hal_get_counter
                0x00002bb0        0xe ./gecko_sdk_3.2.3/platform/service/sleeptimer/src/sl_sleeptimer_hal_rtcc.o
                0x00002bb0                sleeptimer_hal_get_counter
 *fill*         0x00002bbe        0x2 
 .text.sleeptimer_hal_set_compare
                0x00002bc0       0x58 ./gecko_sdk_3.2.3/platform/service/sleeptimer/src/sl_sleeptimer_hal_rtcc.o
                0x00002bc0                sleeptimer_hal_set_compare
 .text.sleeptimer_hal_enable_int
                0x00002c18       0x18 ./gecko_sdk_3.2.3/platform/service/sleeptimer/src/sl_sleeptimer_hal_rtcc.o
                0x00002c18                sleeptimer_hal_enable_int
 .text.sleeptimer_hal_disable_int
                0x00002c30       0x30 ./gecko_sdk_3.2.3/platform/service/sleeptimer/src/sl_sleeptimer_hal_rtcc.o
                0x00002c30                sleeptimer_hal_disable_int
 .text.RTCC_IRQHandler
                0x00002c60       0x34 ./gecko_sdk_3.2.3/platform/service/sleeptimer/src/sl_sleeptimer_hal_rtcc.o
                0x00002c60                RTCC_IRQHandler
 .text.sleeptimer_hal_get_timer_frequency
                0x00002c94       0x14 ./gecko_sdk_3.2.3/platform/service/sleeptimer/src/sl_sleeptimer_hal_rtcc.o
                0x00002c94                sleeptimer_hal_get_timer_frequency
 .text.sl_system_init
                0x00002ca8       0x1a ./gecko_sdk_3.2.3/platform/service/system/src/sl_system_init.o
                0x00002ca8                sl_system_init
 .text.sl_system_process_action
                0x00002cc2       0x16 ./gecko_sdk_3.2.3/platform/service/system/src/sl_system_process_action.o
                0x00002cc2                sl_system_process_action
 .text.sl_udelay_wait
                0x00002cd8       0x34 ./gecko_sdk_3.2.3/platform/service/udelay/src/sl_udelay.o
                0x00002cd8                sl_udelay_wait
 *fill*         0x00002d0c        0x4 
 .text          0x00002d10        0x8 ./gecko_sdk_3.2.3/platform/service/udelay/src/sl_udelay_armv6m_gcc.o
                0x00002d10                sli_delay_loop
 .text          0x00002d18       0x30 c:/siliconlabs/simplicitystudio/v5/developer/toolchains/gnu_arm/10.3_2021.10/bin/../lib/gcc/arm-none-eabi/10.3.1/thumb/v8-m.main+fp/hard\libgcc.a(_aeabi_uldivmod.o)
                0x00002d18                __aeabi_uldivmod
 .text          0x00002d48      0x2ec c:/siliconlabs/simplicitystudio/v5/developer/toolchains/gnu_arm/10.3_2021.10/bin/../lib/gcc/arm-none-eabi/10.3.1/thumb/v8-m.main+fp/hard\libgcc.a(_udivmoddi4.o)
                0x00002d48                __udivmoddi4
 .text          0x00003034        0x4 c:/siliconlabs/simplicitystudio/v5/developer/toolchains/gnu_arm/10.3_2021.10/bin/../lib/gcc/arm-none-eabi/10.3.1/thumb/v8-m.main+fp/hard\libgcc.a(_dvmd_tls.o)
                0x00003034                __aeabi_idiv0
                0x00003034                __aeabi_ldiv0
 .text.exit     0x00003038       0x28 c:/siliconlabs/simplicitystudio/v5/developer/toolchains/gnu_arm/10.3_2021.10/bin/../lib/gcc/arm-none-eabi/10.3.1/../../../../arm-none-eabi/lib/thumb/v8-m.main+fp/hard\libc_nano.a(lib_a-exit.o)
                0x00003038                exit
 .text.__libc_init_array
                0x00003060       0x48 c:/siliconlabs/simplicitystudio/v5/developer/toolchains/gnu_arm/10.3_2021.10/bin/../lib/gcc/arm-none-eabi/10.3.1/../../../../arm-none-eabi/lib/thumb/v8-m.main+fp/hard\libc_nano.a(lib_a-init.o)
                0x00003060                __libc_init_array
 .text.memset   0x000030a8       0x10 c:/siliconlabs/simplicitystudio/v5/developer/toolchains/gnu_arm/10.3_2021.10/bin/../lib/gcc/arm-none-eabi/10.3.1/../../../../arm-none-eabi/lib/thumb/v8-m.main+fp/hard\libc_nano.a(lib_a-memset.o)
                0x000030a8                memset
 .text.setvbuf  0x000030b8      0x188 c:/siliconlabs/simplicitystudio/v5/developer/toolchains/gnu_arm/10.3_2021.10/bin/../lib/gcc/arm-none-eabi/10.3.1/../../../../arm-none-eabi/lib/thumb/v8-m.main+fp/hard\libc_nano.a(lib_a-setvbuf.o)
                0x000030b8                setvbuf
 .text.__sflush_r
                0x00003240      0x108 c:/siliconlabs/simplicitystudio/v5/developer/toolchains/gnu_arm/10.3_2021.10/bin/../lib/gcc/arm-none-eabi/10.3.1/../../../../arm-none-eabi/lib/thumb/v8-m.main+fp/hard\libc_nano.a(lib_a-fflush.o)
                0x00003240                __sflush_r
 .text._fflush_r
                0x00003348       0x78 c:/siliconlabs/simplicitystudio/v5/developer/toolchains/gnu_arm/10.3_2021.10/bin/../lib/gcc/arm-none-eabi/10.3.1/../../../../arm-none-eabi/lib/thumb/v8-m.main+fp/hard\libc_nano.a(lib_a-fflush.o)
                0x00003348                _fflush_r
 .text.std      0x000033c0       0x48 c:/siliconlabs/simplicitystudio/v5/developer/toolchains/gnu_arm/10.3_2021.10/bin/../lib/gcc/arm-none-eabi/10.3.1/../../../../arm-none-eabi/lib/thumb/v8-m.main+fp/hard\libc_nano.a(lib_a-findfp.o)
 .text._cleanup_r
                0x00003408        0xc c:/siliconlabs/simplicitystudio/v5/developer/toolchains/gnu_arm/10.3_2021.10/bin/../lib/gcc/arm-none-eabi/10.3.1/../../../../arm-none-eabi/lib/thumb/v8-m.main+fp/hard\libc_nano.a(lib_a-findfp.o)
                0x00003408                _cleanup_r
 .text.__sfmoreglue
                0x00003414       0x2c c:/siliconlabs/simplicitystudio/v5/developer/toolchains/gnu_arm/10.3_2021.10/bin/../lib/gcc/arm-none-eabi/10.3.1/../../../../arm-none-eabi/lib/thumb/v8-m.main+fp/hard\libc_nano.a(lib_a-findfp.o)
                0x00003414                __sfmoreglue
 .text.__sfp_lock_acquire
                0x00003440        0xc c:/siliconlabs/simplicitystudio/v5/developer/toolchains/gnu_arm/10.3_2021.10/bin/../lib/gcc/arm-none-eabi/10.3.1/../../../../arm-none-eabi/lib/thumb/v8-m.main+fp/hard\libc_nano.a(lib_a-findfp.o)
                0x00003440                __sfp_lock_acquire
 .text.__sfp_lock_release
                0x0000344c        0xc c:/siliconlabs/simplicitystudio/v5/developer/toolchains/gnu_arm/10.3_2021.10/bin/../lib/gcc/arm-none-eabi/10.3.1/../../../../arm-none-eabi/lib/thumb/v8-m.main+fp/hard\libc_nano.a(lib_a-findfp.o)
                0x0000344c                __sfp_lock_release
 .text.__sinit_lock_acquire
                0x00003458        0xc c:/siliconlabs/simplicitystudio/v5/developer/toolchains/gnu_arm/10.3_2021.10/bin/../lib/gcc/arm-none-eabi/10.3.1/../../../../arm-none-eabi/lib/thumb/v8-m.main+fp/hard\libc_nano.a(lib_a-findfp.o)
                0x00003458                __sinit_lock_acquire
 .text.__sinit_lock_release
                0x00003464        0xc c:/siliconlabs/simplicitystudio/v5/developer/toolchains/gnu_arm/10.3_2021.10/bin/../lib/gcc/arm-none-eabi/10.3.1/../../../../arm-none-eabi/lib/thumb/v8-m.main+fp/hard\libc_nano.a(lib_a-findfp.o)
                0x00003464                __sinit_lock_release
 .text.__sinit  0x00003470       0x70 c:/siliconlabs/simplicitystudio/v5/developer/toolchains/gnu_arm/10.3_2021.10/bin/../lib/gcc/arm-none-eabi/10.3.1/../../../../arm-none-eabi/lib/thumb/v8-m.main+fp/hard\libc_nano.a(lib_a-findfp.o)
                0x00003470                __sinit
 .text.__sfp    0x000034e0       0x8c c:/siliconlabs/simplicitystudio/v5/developer/toolchains/gnu_arm/10.3_2021.10/bin/../lib/gcc/arm-none-eabi/10.3.1/../../../../arm-none-eabi/lib/thumb/v8-m.main+fp/hard\libc_nano.a(lib_a-findfp.o)
                0x000034e0                __sfp
 .text._fwalk_reent
                0x0000356c       0x3e c:/siliconlabs/simplicitystudio/v5/developer/toolchains/gnu_arm/10.3_2021.10/bin/../lib/gcc/arm-none-eabi/10.3.1/../../../../arm-none-eabi/lib/thumb/v8-m.main+fp/hard\libc_nano.a(lib_a-fwalk.o)
                0x0000356c                _fwalk_reent
 .text.__retarget_lock_init_recursive
                0x000035aa        0x2 c:/siliconlabs/simplicitystudio/v5/developer/toolchains/gnu_arm/10.3_2021.10/bin/../lib/gcc/arm-none-eabi/10.3.1/../../../../arm-none-eabi/lib/thumb/v8-m.main+fp/hard\libc_nano.a(lib_a-lock.o)
                0x000035aa                __retarget_lock_init_recursive
 .text.__retarget_lock_acquire_recursive
                0x000035ac        0x2 c:/siliconlabs/simplicitystudio/v5/developer/toolchains/gnu_arm/10.3_2021.10/bin/../lib/gcc/arm-none-eabi/10.3.1/../../../../arm-none-eabi/lib/thumb/v8-m.main+fp/hard\libc_nano.a(lib_a-lock.o)
                0x000035ac                __retarget_lock_acquire_recursive
 .text.__retarget_lock_release_recursive
                0x000035ae        0x2 c:/siliconlabs/simplicitystudio/v5/developer/toolchains/gnu_arm/10.3_2021.10/bin/../lib/gcc/arm-none-eabi/10.3.1/../../../../arm-none-eabi/lib/thumb/v8-m.main+fp/hard\libc_nano.a(lib_a-lock.o)
                0x000035ae                __retarget_lock_release_recursive
 .text.__swhatbuf_r
                0x000035b0       0x4a c:/siliconlabs/simplicitystudio/v5/developer/toolchains/gnu_arm/10.3_2021.10/bin/../lib/gcc/arm-none-eabi/10.3.1/../../../../arm-none-eabi/lib/thumb/v8-m.main+fp/hard\libc_nano.a(lib_a-makebuf.o)
                0x000035b0                __swhatbuf_r
 *fill*         0x000035fa        0x2 
 .text.malloc   0x000035fc       0x10 c:/siliconlabs/simplicitystudio/v5/developer/toolchains/gnu_arm/10.3_2021.10/bin/../lib/gcc/arm-none-eabi/10.3.1/../../../../arm-none-eabi/lib/thumb/v8-m.main+fp/hard\libc_nano.a(lib_a-malloc.o)
                0x000035fc                malloc
 .text._free_r  0x0000360c       0x98 c:/siliconlabs/simplicitystudio/v5/developer/toolchains/gnu_arm/10.3_2021.10/bin/../lib/gcc/arm-none-eabi/10.3.1/../../../../arm-none-eabi/lib/thumb/v8-m.main+fp/hard\libc_nano.a(lib_a-nano-freer.o)
                0x0000360c                _free_r
 .text.sbrk_aligned
                0x000036a4       0x40 c:/siliconlabs/simplicitystudio/v5/developer/toolchains/gnu_arm/10.3_2021.10/bin/../lib/gcc/arm-none-eabi/10.3.1/../../../../arm-none-eabi/lib/thumb/v8-m.main+fp/hard\libc_nano.a(lib_a-nano-mallocr.o)
 .text._malloc_r
                0x000036e4       0xe8 c:/siliconlabs/simplicitystudio/v5/developer/toolchains/gnu_arm/10.3_2021.10/bin/../lib/gcc/arm-none-eabi/10.3.1/../../../../arm-none-eabi/lib/thumb/v8-m.main+fp/hard\libc_nano.a(lib_a-nano-mallocr.o)
                0x000036e4                _malloc_r
 .text._sbrk_r  0x000037cc       0x20 c:/siliconlabs/simplicitystudio/v5/developer/toolchains/gnu_arm/10.3_2021.10/bin/../lib/gcc/arm-none-eabi/10.3.1/../../../../arm-none-eabi/lib/thumb/v8-m.main+fp/hard\libc_nano.a(lib_a-sbrkr.o)
                0x000037cc                _sbrk_r
 .text.__sread  0x000037ec       0x22 c:/siliconlabs/simplicitystudio/v5/developer/toolchains/gnu_arm/10.3_2021.10/bin/../lib/gcc/arm-none-eabi/10.3.1/../../../../arm-none-eabi/lib/thumb/v8-m.main+fp/hard\libc_nano.a(lib_a-stdio.o)
                0x000037ec                __sread
 .text.__swrite
                0x0000380e       0x38 c:/siliconlabs/simplicitystudio/v5/developer/toolchains/gnu_arm/10.3_2021.10/bin/../lib/gcc/arm-none-eabi/10.3.1/../../../../arm-none-eabi/lib/thumb/v8-m.main+fp/hard\libc_nano.a(lib_a-stdio.o)
                0x0000380e                __swrite
 .text.__sseek  0x00003846       0x24 c:/siliconlabs/simplicitystudio/v5/developer/toolchains/gnu_arm/10.3_2021.10/bin/../lib/gcc/arm-none-eabi/10.3.1/../../../../arm-none-eabi/lib/thumb/v8-m.main+fp/hard\libc_nano.a(lib_a-stdio.o)
                0x00003846                __sseek
 .text.__sclose
                0x0000386a        0x8 c:/siliconlabs/simplicitystudio/v5/developer/toolchains/gnu_arm/10.3_2021.10/bin/../lib/gcc/arm-none-eabi/10.3.1/../../../../arm-none-eabi/lib/thumb/v8-m.main+fp/hard\libc_nano.a(lib_a-stdio.o)
                0x0000386a                __sclose
 *fill*         0x00003872        0x2 
 .text._write_r
                0x00003874       0x24 c:/siliconlabs/simplicitystudio/v5/developer/toolchains/gnu_arm/10.3_2021.10/bin/../lib/gcc/arm-none-eabi/10.3.1/../../../../arm-none-eabi/lib/thumb/v8-m.main+fp/hard\libc_nano.a(lib_a-writer.o)
                0x00003874                _write_r
 .text._close_r
                0x00003898       0x20 c:/siliconlabs/simplicitystudio/v5/developer/toolchains/gnu_arm/10.3_2021.10/bin/../lib/gcc/arm-none-eabi/10.3.1/../../../../arm-none-eabi/lib/thumb/v8-m.main+fp/hard\libc_nano.a(lib_a-closer.o)
                0x00003898                _close_r
 .text._fstat_r
                0x000038b8       0x24 c:/siliconlabs/simplicitystudio/v5/developer/toolchains/gnu_arm/10.3_2021.10/bin/../lib/gcc/arm-none-eabi/10.3.1/../../../../arm-none-eabi/lib/thumb/v8-m.main+fp/hard\libc_nano.a(lib_a-fstatr.o)
                0x000038b8                _fstat_r
 .text._lseek_r
                0x000038dc       0x24 c:/siliconlabs/simplicitystudio/v5/developer/toolchains/gnu_arm/10.3_2021.10/bin/../lib/gcc/arm-none-eabi/10.3.1/../../../../arm-none-eabi/lib/thumb/v8-m.main+fp/hard\libc_nano.a(lib_a-lseekr.o)
                0x000038dc                _lseek_r
 .text.__malloc_lock
                0x00003900        0xc c:/siliconlabs/simplicitystudio/v5/developer/toolchains/gnu_arm/10.3_2021.10/bin/../lib/gcc/arm-none-eabi/10.3.1/../../../../arm-none-eabi/lib/thumb/v8-m.main+fp/hard\libc_nano.a(lib_a-mlock.o)
                0x00003900                __malloc_lock
 .text.__malloc_unlock
                0x0000390c        0xc c:/siliconlabs/simplicitystudio/v5/developer/toolchains/gnu_arm/10.3_2021.10/bin/../lib/gcc/arm-none-eabi/10.3.1/../../../../arm-none-eabi/lib/thumb/v8-m.main+fp/hard\libc_nano.a(lib_a-mlock.o)
                0x0000390c                __malloc_unlock
 .text._read_r  0x00003918       0x24 c:/siliconlabs/simplicitystudio/v5/developer/toolchains/gnu_arm/10.3_2021.10/bin/../lib/gcc/arm-none-eabi/10.3.1/../../../../arm-none-eabi/lib/thumb/v8-m.main+fp/hard\libc_nano.a(lib_a-readr.o)
                0x00003918                _read_r
                0x0000393c                linker_code_end = .
 *(.init)
 .init          0x0000393c        0x4 c:/siliconlabs/simplicitystudio/v5/developer/toolchains/gnu_arm/10.3_2021.10/bin/../lib/gcc/arm-none-eabi/10.3.1/thumb/v8-m.main+fp/hard/crti.o
                0x0000393c                _init
 .init          0x00003940        0x8 c:/siliconlabs/simplicitystudio/v5/developer/toolchains/gnu_arm/10.3_2021.10/bin/../lib/gcc/arm-none-eabi/10.3.1/thumb/v8-m.main+fp/hard/crtn.o
 *(.fini)
 .fini          0x00003948        0x4 c:/siliconlabs/simplicitystudio/v5/developer/toolchains/gnu_arm/10.3_2021.10/bin/../lib/gcc/arm-none-eabi/10.3.1/thumb/v8-m.main+fp/hard/crti.o
                0x00003948                _fini
 .fini          0x0000394c        0x8 c:/siliconlabs/simplicitystudio/v5/developer/toolchains/gnu_arm/10.3_2021.10/bin/../lib/gcc/arm-none-eabi/10.3.1/thumb/v8-m.main+fp/hard/crtn.o
 *crtbegin.o(.ctors)
 *crtbegin?.o(.ctors)
 *(EXCLUDE_FILE(*crtend.o *crtend?.o) .ctors)
 *(SORT_BY_NAME(.ctors.*))
 *(.ctors)
 *crtbegin.o(.dtors)
 *crtbegin?.o(.dtors)
 *(EXCLUDE_FILE(*crtend.o *crtend?.o) .dtors)
 *(SORT_BY_NAME(.dtors.*))
 *(.dtors)
 *(.rodata*)
 .rodata.sl_iostream_usart_init_vcom.str1.1
                0x00003954       0x2e ./autogen/sl_iostream_init_usart_instances.o
 *fill*         0x00003982        0x2 
 .rodata        0x00003984       0x3c ./autogen/sl_iostream_init_usart_instances.o
 .rodata.simple_button_count
                0x000039c0        0x1 ./autogen/sl_simple_button_instances.o
                0x000039c0                simple_button_count
 *fill*         0x000039c1        0x3 
 .rodata.sl_button_btn0
                0x000039c4       0x18 ./autogen/sl_simple_button_instances.o
                0x000039c4                sl_button_btn0
 .rodata.GPIO_PinInGet.str1.1
                0x000039dc       0x64 ./gecko_sdk_3.2.3/platform/driver/button/src/sl_simple_button.o
 .rodata.I2CSPM_Init.str1.1
                0x00003a40       0x6e ./gecko_sdk_3.2.3/platform/driver/i2cspm/src/sl_i2cspm.o
                                 0xd2 (size before relaxing)
 .rodata.HFRCODPLLDevinfoGet.str1.1
                0x00003aae       0x63 ./gecko_sdk_3.2.3/platform/emlib/src/em_cmu.o
 .rodata.CSWTCH.56
                0x00003b11        0x4 ./gecko_sdk_3.2.3/platform/emlib/src/em_cmu.o
 .rodata.CSWTCH.58
                0x00003b15        0x6 ./gecko_sdk_3.2.3/platform/emlib/src/em_cmu.o
 .rodata.CORE_NvicMaskSetIRQ.str1.1
                0x00003b1b       0x64 ./gecko_sdk_3.2.3/platform/emlib/src/em_core.o
 .rodata.EMU_VScaleEM01.str1.1
                0x00003b7f       0x63 ./gecko_sdk_3.2.3/platform/emlib/src/em_emu.o
 .rodata.BUS_RegBitWrite.str1.1
                0x00003be2       0x63 ./gecko_sdk_3.2.3/platform/emlib/src/em_gpio.o
 .rodata.GPIO_PinOutSet.str1.1
                0x00003c45       0x64 ./gecko_sdk_3.2.3/platform/emlib/src/em_gpio.o
 .rodata.GPIO_ExtIntConfig.str1.1
                0x00003c45       0x64 ./gecko_sdk_3.2.3/platform/emlib/src/em_gpio.o
 .rodata.I2C_BusFreqGet.str1.1
                0x00003ca9       0x63 ./gecko_sdk_3.2.3/platform/emlib/src/em_i2c.o
 .rodata.CSWTCH.12
                0x00003d0c        0xc ./gecko_sdk_3.2.3/platform/emlib/src/em_i2c.o
 .rodata.CSWTCH.13
                0x00003d18        0xc ./gecko_sdk_3.2.3/platform/emlib/src/em_i2c.o
 .rodata.i2cNSum
                0x00003d24        0x4 ./gecko_sdk_3.2.3/platform/emlib/src/em_i2c.o
 .rodata.RTCC_ChannelInit.str1.1
                0x00003d28       0x64 ./gecko_sdk_3.2.3/platform/emlib/src/em_rtcc.o
 .rodata.USART_BaudrateAsyncSet.str1.1
                0x00003d8c       0x65 ./gecko_sdk_3.2.3/platform/emlib/src/em_usart.o
 .rodata        0x00003df1        0x8 ./gecko_sdk_3.2.3/platform/service/device_init/src/sl_device_init_dcdc_s2.o
 .rodata        0x00003df9       0x13 ./gecko_sdk_3.2.3/platform/service/device_init/src/sl_device_init_hfxo_s2.o
 .rodata        0x00003e0c        0xb ./gecko_sdk_3.2.3/platform/service/device_init/src/sl_device_init_lfxo_s2.o
 .rodata._write.str1.1
                0x00003e17       0x82 ./gecko_sdk_3.2.3/platform/service/iostream/src/sl_iostream_retarget_stdio.o
 .rodata.sli_uart_push_rxd_data.str1.1
                0x00003e99       0x78 ./gecko_sdk_3.2.3/platform/service/iostream/src/sl_iostream_uart.o
 .rodata.process_timer_irq.str1.1
                0x00003f11       0x77 ./gecko_sdk_3.2.3/platform/service/sleeptimer/src/sl_sleeptimer.o
 .rodata        0x00003f88        0xb ./gecko_sdk_3.2.3/platform/service/sleeptimer/src/sl_sleeptimer_hal_rtcc.o
 *fill*         0x00003f93        0x1 
 .rodata._global_impure_ptr
                0x00003f94        0x4 c:/siliconlabs/simplicitystudio/v5/developer/toolchains/gnu_arm/10.3_2021.10/bin/../lib/gcc/arm-none-eabi/10.3.1/../../../../arm-none-eabi/lib/thumb/v8-m.main+fp/hard\libc_nano.a(lib_a-impure.o)
                0x00003f94                _global_impure_ptr
 .rodata.__sf_fake_stderr
                0x00003f98       0x20 c:/siliconlabs/simplicitystudio/v5/developer/toolchains/gnu_arm/10.3_2021.10/bin/../lib/gcc/arm-none-eabi/10.3.1/../../../../arm-none-eabi/lib/thumb/v8-m.main+fp/hard\libc_nano.a(lib_a-findfp.o)
                0x00003f98                __sf_fake_stderr
 .rodata.__sf_fake_stdin
                0x00003fb8       0x20 c:/siliconlabs/simplicitystudio/v5/developer/toolchains/gnu_arm/10.3_2021.10/bin/../lib/gcc/arm-none-eabi/10.3.1/../../../../arm-none-eabi/lib/thumb/v8-m.main+fp/hard\libc_nano.a(lib_a-findfp.o)
                0x00003fb8                __sf_fake_stdin
 .rodata.__sf_fake_stdout
                0x00003fd8       0x20 c:/siliconlabs/simplicitystudio/v5/developer/toolchains/gnu_arm/10.3_2021.10/bin/../lib/gcc/arm-none-eabi/10.3.1/../../../../arm-none-eabi/lib/thumb/v8-m.main+fp/hard\libc_nano.a(lib_a-findfp.o)
                0x00003fd8                __sf_fake_stdout
 *(.eh_frame*)
 .eh_frame      0x00003ff8        0x0 c:/siliconlabs/simplicitystudio/v5/developer/toolchains/gnu_arm/10.3_2021.10/bin/../lib/gcc/arm-none-eabi/10.3.1/thumb/v8-m.main+fp/hard/crtbegin.o

.glue_7         0x00003ff8        0x0
 .glue_7        0x00003ff8        0x0 linker stubs

.glue_7t        0x00003ff8        0x0
 .glue_7t       0x00003ff8        0x0 linker stubs

.vfp11_veneer   0x00003ff8        0x0
 .vfp11_veneer  0x00003ff8        0x0 linker stubs

.v4_bx          0x00003ff8        0x0
 .v4_bx         0x00003ff8        0x0 linker stubs

.iplt           0x00003ff8        0x0
 .iplt          0x00003ff8        0x0 c:/siliconlabs/simplicitystudio/v5/developer/toolchains/gnu_arm/10.3_2021.10/bin/../lib/gcc/arm-none-eabi/10.3.1/thumb/v8-m.main+fp/hard/crtbegin.o

.ARM.extab
 *(.ARM.extab* .gnu.linkonce.armextab.*)
                0x00003ff8                __exidx_start = .

.ARM.exidx      0x00003ff8        0x8
 *(.ARM.exidx* .gnu.linkonce.armexidx.*)
 .ARM.exidx     0x00003ff8        0x8 c:/siliconlabs/simplicitystudio/v5/developer/toolchains/gnu_arm/10.3_2021.10/bin/../lib/gcc/arm-none-eabi/10.3.1/../../../../arm-none-eabi/lib/thumb/v8-m.main+fp/hard/crt0.o
                                 0x10 (size before relaxing)
 .ARM.exidx     0x00004000        0x0 c:/siliconlabs/simplicitystudio/v5/developer/toolchains/gnu_arm/10.3_2021.10/bin/../lib/gcc/arm-none-eabi/10.3.1/thumb/v8-m.main+fp/hard\libgcc.a(_udivmoddi4.o)
                                  0x8 (size before relaxing)
                0x00004000                __exidx_end = .
                0x00004000                __etext = .

.rel.dyn        0x00004000        0x0
 .rel.iplt      0x00004000        0x0 c:/siliconlabs/simplicitystudio/v5/developer/toolchains/gnu_arm/10.3_2021.10/bin/../lib/gcc/arm-none-eabi/10.3.1/thumb/v8-m.main+fp/hard/crtbegin.o
                0x20000000                . = ORIGIN (RAM)

.stack          0x20000000     0x1000
                0x20000000                __StackLimit = .
 *(.stack*)
 .stack         0x20000000        0x0 ./gecko_sdk_3.2.3/platform/Device/SiliconLabs/BGM22/Source/GCC/startup_bgm22.o
 .stack         0x20000000     0x1000 ./gecko_sdk_3.2.3/platform/common/toolchain/src/sl_memory.o
                0x20001000                . = ALIGN (0x4)
                0x20001000                __StackTop = .
                0x20001000                PROVIDE (__stack = __StackTop)

.noinit
 *(.noinit*)

.data           0x20001000       0xa8 load address 0x00004000
                0x20001000                . = ALIGN (0x4)
                0x20001000                __data_start__ = .
 *(vtable)
 *(.data*)
 .data.init_mikroe
                0x20001000       0x14 ./autogen/sl_i2cspm_init.o
                0x20001000                init_mikroe
 .data.simple_btn0_context
                0x20001014        0x8 ./autogen/sl_simple_button_instances.o
                0x20001014                simple_btn0_context
 .data.sl_simple_button_array
                0x2000101c        0x4 ./autogen/sl_simple_button_instances.o
                0x2000101c                sl_simple_button_array
 .data.level_filter_enabled
                0x20001020        0x1 ./gecko_sdk_3.2.3/app/common/util/app_log/app_log.o
 .data.level_filter_threshold
                0x20001021        0x1 ./gecko_sdk_3.2.3/app/common/util/app_log/app_log.o
 .data.level_mask
                0x20001022        0x1 ./gecko_sdk_3.2.3/app/common/util/app_log/app_log.o
 *fill*         0x20001023        0x1 
 .data.SystemCoreClock
                0x20001024        0x4 ./gecko_sdk_3.2.3/platform/Device/SiliconLabs/BGM22/Source/system_bgm22.o
                0x20001024                SystemCoreClock
 .data.SystemHFRCODPLLClock
                0x20001028        0x4 ./gecko_sdk_3.2.3/platform/Device/SiliconLabs/BGM22/Source/system_bgm22.o
 .data.SystemHFXOClock
                0x2000102c        0x4 ./gecko_sdk_3.2.3/platform/Device/SiliconLabs/BGM22/Source/system_bgm22.o
 .data.SystemLFXOClock
                0x20001030        0x4 ./gecko_sdk_3.2.3/platform/Device/SiliconLabs/BGM22/Source/system_bgm22.o
 .data.heap_end.0
                0x20001034        0x4 ./gecko_sdk_3.2.3/platform/common/toolchain/src/sl_memory.o
 .data.lfxo_precision
                0x20001038        0x2 ./gecko_sdk_3.2.3/platform/emlib/src/em_cmu.o
 .data.cc_disabled
                0x2000103a        0x1 ./gecko_sdk_3.2.3/platform/service/sleeptimer/src/sl_sleeptimer_hal_rtcc.o
 *fill*         0x2000103b        0x1 
 .data._impure_ptr
                0x2000103c        0x4 c:/siliconlabs/simplicitystudio/v5/developer/toolchains/gnu_arm/10.3_2021.10/bin/../lib/gcc/arm-none-eabi/10.3.1/../../../../arm-none-eabi/lib/thumb/v8-m.main+fp/hard\libc_nano.a(lib_a-impure.o)
                0x2000103c                _impure_ptr
 .data.impure_data
                0x20001040       0x60 c:/siliconlabs/simplicitystudio/v5/developer/toolchains/gnu_arm/10.3_2021.10/bin/../lib/gcc/arm-none-eabi/10.3.1/../../../../arm-none-eabi/lib/thumb/v8-m.main+fp/hard\libc_nano.a(lib_a-impure.o)
                0x200010a0                . = ALIGN (0x4)
                [!provide]                PROVIDE (__ram_func_section_start = .)
 *(.ram)
                [!provide]                PROVIDE (__ram_func_section_end = .)
                0x200010a0                . = ALIGN (0x4)
                0x200010a0                PROVIDE (__preinit_array_start = .)
 *(.preinit_array)
                0x200010a0                PROVIDE (__preinit_array_end = .)
                0x200010a0                . = ALIGN (0x4)
                0x200010a0                PROVIDE (__init_array_start = .)
 *(SORT_BY_NAME(.init_array.*))
 *(.init_array)
 .init_array    0x200010a0        0x4 c:/siliconlabs/simplicitystudio/v5/developer/toolchains/gnu_arm/10.3_2021.10/bin/../lib/gcc/arm-none-eabi/10.3.1/thumb/v8-m.main+fp/hard/crtbegin.o
                0x200010a4                PROVIDE (__init_array_end = .)
                0x200010a4                . = ALIGN (0x4)
                [!provide]                PROVIDE (__fini_array_start = .)
 *(SORT_BY_NAME(.fini_array.*))
 *(.fini_array)
 .fini_array    0x200010a4        0x4 c:/siliconlabs/simplicitystudio/v5/developer/toolchains/gnu_arm/10.3_2021.10/bin/../lib/gcc/arm-none-eabi/10.3.1/thumb/v8-m.main+fp/hard/crtbegin.o
                [!provide]                PROVIDE (__fini_array_end = .)
                0x200010a8                . = ALIGN (0x4)
                0x200010a8                __data_end__ = .

.igot.plt       0x200010a8        0x0 load address 0x000040a8
 .igot.plt      0x200010a8        0x0 c:/siliconlabs/simplicitystudio/v5/developer/toolchains/gnu_arm/10.3_2021.10/bin/../lib/gcc/arm-none-eabi/10.3.1/thumb/v8-m.main+fp/hard/crtbegin.o

.bss            0x200010a8      0x144 load address 0x000040a8
                0x200010a8                . = ALIGN (0x4)
                0x200010a8                __bss_start__ = .
 *(.bss*)
 .bss           0x200010a8       0x1c c:/siliconlabs/simplicitystudio/v5/developer/toolchains/gnu_arm/10.3_2021.10/bin/../lib/gcc/arm-none-eabi/10.3.1/thumb/v8-m.main+fp/hard/crtbegin.o
 .bss.context_vcom
                0x200010c4       0x34 ./autogen/sl_iostream_init_usart_instances.o
 .bss.rx_buffer_vcom
                0x200010f8       0x20 ./autogen/sl_iostream_init_usart_instances.o
 .bss.sl_iostream_vcom
                0x20001118       0x18 ./autogen/sl_iostream_init_usart_instances.o
 .bss.app_log_iostream
                0x20001130        0x4 ./gecko_sdk_3.2.3/app/common/util/app_log/app_log.o
                0x20001130                app_log_iostream
 .bss.level_mask_enabled
                0x20001134        0x1 ./gecko_sdk_3.2.3/app/common/util/app_log/app_log.o
 *fill*         0x20001135        0x3 
 .bss.gpioCallbacks
                0x20001138       0x80 ./gecko_sdk_3.2.3/platform/emdrv/gpiointerrupt/src/gpiointerrupt.o
 .bss.ctuneDelta
                0x200011b8        0x1 ./gecko_sdk_3.2.3/platform/emlib/src/em_cmu.o
 .bss.vScaleEM01Config
                0x200011b9        0x1 ./gecko_sdk_3.2.3/platform/emlib/src/em_emu.o
 *fill*         0x200011ba        0x2 
 .bss.sli_iostream_default
                0x200011bc        0x4 ./gecko_sdk_3.2.3/platform/service/iostream/src/sl_iostream.o
 .bss.is_sleeptimer_initialized
                0x200011c0        0x1 ./gecko_sdk_3.2.3/platform/service/sleeptimer/src/sl_sleeptimer.o
 *fill*         0x200011c1        0x3 
 .bss.last_delta_update_count
                0x200011c4        0x4 ./gecko_sdk_3.2.3/platform/service/sleeptimer/src/sl_sleeptimer.o
 .bss.max_millisecond_conversion
                0x200011c8        0x4 ./gecko_sdk_3.2.3/platform/service/sleeptimer/src/sl_sleeptimer.o
 .bss.next_timer_to_expire_is_power_manager
                0x200011cc        0x1 ./gecko_sdk_3.2.3/platform/service/sleeptimer/src/sl_sleeptimer.o
 *fill*         0x200011cd        0x1 
 .bss.overflow_counter
                0x200011ce        0x2 ./gecko_sdk_3.2.3/platform/service/sleeptimer/src/sl_sleeptimer.o
 .bss.sleep_on_isr_exit
                0x200011d0        0x1 ./gecko_sdk_3.2.3/platform/service/sleeptimer/src/sl_sleeptimer.o
 *fill*         0x200011d1        0x3 
 .bss.timer_frequency
                0x200011d4        0x4 ./gecko_sdk_3.2.3/platform/service/sleeptimer/src/sl_sleeptimer.o
 .bss.timer_head
                0x200011d8        0x4 ./gecko_sdk_3.2.3/platform/service/sleeptimer/src/sl_sleeptimer.o
 .bss.__lock___malloc_recursive_mutex
                0x200011dc        0x1 c:/siliconlabs/simplicitystudio/v5/developer/toolchains/gnu_arm/10.3_2021.10/bin/../lib/gcc/arm-none-eabi/10.3.1/../../../../arm-none-eabi/lib/thumb/v8-m.main+fp/hard\libc_nano.a(lib_a-lock.o)
                0x200011dc                __lock___malloc_recursive_mutex
 .bss.__lock___sfp_recursive_mutex
                0x200011dd        0x1 c:/siliconlabs/simplicitystudio/v5/developer/toolchains/gnu_arm/10.3_2021.10/bin/../lib/gcc/arm-none-eabi/10.3.1/../../../../arm-none-eabi/lib/thumb/v8-m.main+fp/hard\libc_nano.a(lib_a-lock.o)
                0x200011dd                __lock___sfp_recursive_mutex
 .bss.__lock___sinit_recursive_mutex
                0x200011de        0x1 c:/siliconlabs/simplicitystudio/v5/developer/toolchains/gnu_arm/10.3_2021.10/bin/../lib/gcc/arm-none-eabi/10.3.1/../../../../arm-none-eabi/lib/thumb/v8-m.main+fp/hard\libc_nano.a(lib_a-lock.o)
                0x200011de                __lock___sinit_recursive_mutex
 *fill*         0x200011df        0x1 
 .bss.__malloc_free_list
                0x200011e0        0x4 c:/siliconlabs/simplicitystudio/v5/developer/toolchains/gnu_arm/10.3_2021.10/bin/../lib/gcc/arm-none-eabi/10.3.1/../../../../arm-none-eabi/lib/thumb/v8-m.main+fp/hard\libc_nano.a(lib_a-nano-mallocr.o)
                0x200011e0                __malloc_free_list
 .bss.__malloc_sbrk_start
                0x200011e4        0x4 c:/siliconlabs/simplicitystudio/v5/developer/toolchains/gnu_arm/10.3_2021.10/bin/../lib/gcc/arm-none-eabi/10.3.1/../../../../arm-none-eabi/lib/thumb/v8-m.main+fp/hard\libc_nano.a(lib_a-nano-mallocr.o)
                0x200011e4                __malloc_sbrk_start
 .bss.errno     0x200011e8        0x4 c:/siliconlabs/simplicitystudio/v5/developer/toolchains/gnu_arm/10.3_2021.10/bin/../lib/gcc/arm-none-eabi/10.3.1/../../../../arm-none-eabi/lib/thumb/v8-m.main+fp/hard\libc_nano.a(lib_a-reent.o)
                0x200011e8                errno
 *(COMMON)
                0x200011ec                . = ALIGN (0x4)
                0x200011ec                __bss_end__ = .

.heap           0x200011f0     0x6e10
                0x200011f0                __HeapBase = .
                0x200011f0                __end__ = .
                0x200011f0                end = __end__
                0x200011f0                _end = __end__
 *(.heap*)
 .heap          0x200011f0      0x800 ./gecko_sdk_3.2.3/platform/common/toolchain/src/sl_memory.o
                0x20008000                . = (ORIGIN (RAM) + LENGTH (RAM))
 *fill*         0x200019f0     0x6610 
                0x20008000                __HeapLimit = .
                0x00006e10                __heap_size = (__HeapLimit - __HeapBase)
                0x0007e000                __main_flash_end__ = 0x7e000

.internal_storage
                0x00004000        0x0
 *(.internal_storage*)

.nvm            0x00004000        0x0
 *(.simee*)
                0x0007e000                linker_nvm_end = __main_flash_end__
                0x0007e000                linker_nvm_begin = (linker_nvm_end - SIZEOF (.nvm))
                0x00000000                linker_nvm_size = SIZEOF (.nvm)
                0x0007e000                linker_storage_end = linker_nvm_begin
                0x0007e000                linker_storage_begin = (linker_storage_end - SIZEOF (.internal_storage))
                0x00000000                linker_storage_size = SIZEOF (.internal_storage)
                0x0007e000                __nvm3Base = linker_nvm_begin
OUTPUT(toggle_led.axf elf32-littlearm)
LOAD linker stubs

.ARM.attributes
                0x00000000       0x36
 .ARM.attributes
                0x00000000       0x22 c:/siliconlabs/simplicitystudio/v5/developer/toolchains/gnu_arm/10.3_2021.10/bin/../lib/gcc/arm-none-eabi/10.3.1/thumb/v8-m.main+fp/hard/crti.o
 .ARM.attributes
                0x00000022       0x38 c:/siliconlabs/simplicitystudio/v5/developer/toolchains/gnu_arm/10.3_2021.10/bin/../lib/gcc/arm-none-eabi/10.3.1/thumb/v8-m.main+fp/hard/crtbegin.o
 .ARM.attributes
                0x0000005a       0x20 c:/siliconlabs/simplicitystudio/v5/developer/toolchains/gnu_arm/10.3_2021.10/bin/../lib/gcc/arm-none-eabi/10.3.1/../../../../arm-none-eabi/lib/thumb/v8-m.main+fp/hard/crt0.o
 .ARM.attributes
                0x0000007a       0x3a ./app.o
 .ARM.attributes
                0x000000b4       0x3a ./main.o
 .ARM.attributes
                0x000000ee       0x3a ./autogen/sl_board_default_init.o
 .ARM.attributes
                0x00000128       0x3a ./autogen/sl_device_init_clocks.o
 .ARM.attributes
                0x00000162       0x3a ./autogen/sl_event_handler.o
 .ARM.attributes
                0x0000019c       0x3a ./autogen/sl_i2cspm_init.o
 .ARM.attributes
                0x000001d6       0x3a ./autogen/sl_iostream_init_usart_instances.o
 .ARM.attributes
                0x00000210       0x3a ./autogen/sl_simple_button_instances.o
 .ARM.attributes
                0x0000024a       0x3a ./gecko_sdk_3.2.3/app/common/util/app_log/app_log.o
 .ARM.attributes
                0x00000284       0x3a ./gecko_sdk_3.2.3/hardware/board/src/sl_board_init.o
 .ARM.attributes
                0x000002be       0x3a ./gecko_sdk_3.2.3/platform/Device/SiliconLabs/BGM22/Source/GCC/startup_bgm22.o
 .ARM.attributes
                0x000002f8       0x3a ./gecko_sdk_3.2.3/platform/Device/SiliconLabs/BGM22/Source/system_bgm22.o
 .ARM.attributes
                0x00000332       0x3a ./gecko_sdk_3.2.3/platform/common/toolchain/src/sl_memory.o
 .ARM.attributes
                0x0000036c       0x3a ./gecko_sdk_3.2.3/platform/driver/button/src/sl_button.o
 .ARM.attributes
                0x000003a6       0x3a ./gecko_sdk_3.2.3/platform/driver/button/src/sl_simple_button.o
 .ARM.attributes
                0x000003e0       0x3a ./gecko_sdk_3.2.3/platform/driver/i2cspm/src/sl_i2cspm.o
 .ARM.attributes
                0x0000041a       0x3a ./gecko_sdk_3.2.3/platform/emdrv/gpiointerrupt/src/gpiointerrupt.o
 .ARM.attributes
                0x00000454       0x3a ./gecko_sdk_3.2.3/platform/emlib/src/em_assert.o
 .ARM.attributes
                0x0000048e       0x3a ./gecko_sdk_3.2.3/platform/emlib/src/em_cmu.o
 .ARM.attributes
                0x000004c8       0x3a ./gecko_sdk_3.2.3/platform/emlib/src/em_core.o
 .ARM.attributes
                0x00000502       0x3a ./gecko_sdk_3.2.3/platform/emlib/src/em_emu.o
 .ARM.attributes
                0x0000053c       0x3a ./gecko_sdk_3.2.3/platform/emlib/src/em_gpio.o
 .ARM.attributes
                0x00000576       0x3a ./gecko_sdk_3.2.3/platform/emlib/src/em_i2c.o
 .ARM.attributes
                0x000005b0       0x3a ./gecko_sdk_3.2.3/platform/emlib/src/em_rtcc.o
 .ARM.attributes
                0x000005ea       0x3a ./gecko_sdk_3.2.3/platform/emlib/src/em_usart.o
 .ARM.attributes
                0x00000624       0x3a ./gecko_sdk_3.2.3/platform/service/device_init/src/sl_device_init_dcdc_s2.o
 .ARM.attributes
                0x0000065e       0x3a ./gecko_sdk_3.2.3/platform/service/device_init/src/sl_device_init_emu_s2.o
 .ARM.attributes
                0x00000698       0x3a ./gecko_sdk_3.2.3/platform/service/device_init/src/sl_device_init_hfxo_s2.o
 .ARM.attributes
                0x000006d2       0x3a ./gecko_sdk_3.2.3/platform/service/device_init/src/sl_device_init_lfxo_s2.o
 .ARM.attributes
                0x0000070c       0x3a ./gecko_sdk_3.2.3/platform/service/device_init/src/sl_device_init_nvic.o
 .ARM.attributes
                0x00000746       0x3a ./gecko_sdk_3.2.3/platform/service/iostream/src/sl_iostream.o
 .ARM.attributes
                0x00000780       0x3a ./gecko_sdk_3.2.3/platform/service/iostream/src/sl_iostream_retarget_stdio.o
 .ARM.attributes
                0x000007ba       0x3a ./gecko_sdk_3.2.3/platform/service/iostream/src/sl_iostream_stdlib_config.o
 .ARM.attributes
                0x000007f4       0x3a ./gecko_sdk_3.2.3/platform/service/iostream/src/sl_iostream_uart.o
 .ARM.attributes
                0x0000082e       0x3a ./gecko_sdk_3.2.3/platform/service/iostream/src/sl_iostream_usart.o
 .ARM.attributes
                0x00000868       0x3a ./gecko_sdk_3.2.3/platform/service/sleeptimer/src/sl_sleeptimer.o
 .ARM.attributes
                0x000008a2       0x3a ./gecko_sdk_3.2.3/platform/service/sleeptimer/src/sl_sleeptimer_hal_rtcc.o
 .ARM.attributes
                0x000008dc       0x3a ./gecko_sdk_3.2.3/platform/service/system/src/sl_system_init.o
 .ARM.attributes
                0x00000916       0x3a ./gecko_sdk_3.2.3/platform/service/system/src/sl_system_process_action.o
 .ARM.attributes
                0x00000950       0x3a ./gecko_sdk_3.2.3/platform/service/udelay/src/sl_udelay.o
 .ARM.attributes
                0x0000098a       0x26 ./gecko_sdk_3.2.3/platform/service/udelay/src/sl_udelay_armv6m_gcc.o
 .ARM.attributes
                0x000009b0       0x22 c:/siliconlabs/simplicitystudio/v5/developer/toolchains/gnu_arm/10.3_2021.10/bin/../lib/gcc/arm-none-eabi/10.3.1/thumb/v8-m.main+fp/hard\libgcc.a(_aeabi_uldivmod.o)
 .ARM.attributes
                0x000009d2       0x38 c:/siliconlabs/simplicitystudio/v5/developer/toolchains/gnu_arm/10.3_2021.10/bin/../lib/gcc/arm-none-eabi/10.3.1/thumb/v8-m.main+fp/hard\libgcc.a(_udivmoddi4.o)
 .ARM.attributes
                0x00000a0a       0x22 c:/siliconlabs/simplicitystudio/v5/developer/toolchains/gnu_arm/10.3_2021.10/bin/../lib/gcc/arm-none-eabi/10.3.1/thumb/v8-m.main+fp/hard\libgcc.a(_dvmd_tls.o)
 .ARM.attributes
                0x00000a2c       0x38 c:/siliconlabs/simplicitystudio/v5/developer/toolchains/gnu_arm/10.3_2021.10/bin/../lib/gcc/arm-none-eabi/10.3.1/../../../../arm-none-eabi/lib/thumb/v8-m.main+fp/hard\libc_nano.a(lib_a-exit.o)
 .ARM.attributes
                0x00000a64       0x38 c:/siliconlabs/simplicitystudio/v5/developer/toolchains/gnu_arm/10.3_2021.10/bin/../lib/gcc/arm-none-eabi/10.3.1/../../../../arm-none-eabi/lib/thumb/v8-m.main+fp/hard\libc_nano.a(lib_a-impure.o)
 .ARM.attributes
                0x00000a9c       0x38 c:/siliconlabs/simplicitystudio/v5/developer/toolchains/gnu_arm/10.3_2021.10/bin/../lib/gcc/arm-none-eabi/10.3.1/../../../../arm-none-eabi/lib/thumb/v8-m.main+fp/hard\libc_nano.a(lib_a-init.o)
 .ARM.attributes
                0x00000ad4       0x38 c:/siliconlabs/simplicitystudio/v5/developer/toolchains/gnu_arm/10.3_2021.10/bin/../lib/gcc/arm-none-eabi/10.3.1/../../../../arm-none-eabi/lib/thumb/v8-m.main+fp/hard\libc_nano.a(lib_a-memset.o)
 .ARM.attributes
                0x00000b0c       0x38 c:/siliconlabs/simplicitystudio/v5/developer/toolchains/gnu_arm/10.3_2021.10/bin/../lib/gcc/arm-none-eabi/10.3.1/../../../../arm-none-eabi/lib/thumb/v8-m.main+fp/hard\libc_nano.a(lib_a-setvbuf.o)
 .ARM.attributes
                0x00000b44       0x38 c:/siliconlabs/simplicitystudio/v5/developer/toolchains/gnu_arm/10.3_2021.10/bin/../lib/gcc/arm-none-eabi/10.3.1/../../../../arm-none-eabi/lib/thumb/v8-m.main+fp/hard\libc_nano.a(lib_a-fflush.o)
 .ARM.attributes
                0x00000b7c       0x38 c:/siliconlabs/simplicitystudio/v5/developer/toolchains/gnu_arm/10.3_2021.10/bin/../lib/gcc/arm-none-eabi/10.3.1/../../../../arm-none-eabi/lib/thumb/v8-m.main+fp/hard\libc_nano.a(lib_a-findfp.o)
 .ARM.attributes
                0x00000bb4       0x38 c:/siliconlabs/simplicitystudio/v5/developer/toolchains/gnu_arm/10.3_2021.10/bin/../lib/gcc/arm-none-eabi/10.3.1/../../../../arm-none-eabi/lib/thumb/v8-m.main+fp/hard\libc_nano.a(lib_a-fwalk.o)
 .ARM.attributes
                0x00000bec       0x38 c:/siliconlabs/simplicitystudio/v5/developer/toolchains/gnu_arm/10.3_2021.10/bin/../lib/gcc/arm-none-eabi/10.3.1/../../../../arm-none-eabi/lib/thumb/v8-m.main+fp/hard\libc_nano.a(lib_a-lock.o)
 .ARM.attributes
                0x00000c24       0x38 c:/siliconlabs/simplicitystudio/v5/developer/toolchains/gnu_arm/10.3_2021.10/bin/../lib/gcc/arm-none-eabi/10.3.1/../../../../arm-none-eabi/lib/thumb/v8-m.main+fp/hard\libc_nano.a(lib_a-makebuf.o)
 .ARM.attributes
                0x00000c5c       0x38 c:/siliconlabs/simplicitystudio/v5/developer/toolchains/gnu_arm/10.3_2021.10/bin/../lib/gcc/arm-none-eabi/10.3.1/../../../../arm-none-eabi/lib/thumb/v8-m.main+fp/hard\libc_nano.a(lib_a-malloc.o)
 .ARM.attributes
                0x00000c94       0x38 c:/siliconlabs/simplicitystudio/v5/developer/toolchains/gnu_arm/10.3_2021.10/bin/../lib/gcc/arm-none-eabi/10.3.1/../../../../arm-none-eabi/lib/thumb/v8-m.main+fp/hard\libc_nano.a(lib_a-nano-freer.o)
 .ARM.attributes
                0x00000ccc       0x38 c:/siliconlabs/simplicitystudio/v5/developer/toolchains/gnu_arm/10.3_2021.10/bin/../lib/gcc/arm-none-eabi/10.3.1/../../../../arm-none-eabi/lib/thumb/v8-m.main+fp/hard\libc_nano.a(lib_a-nano-mallocr.o)
 .ARM.attributes
                0x00000d04       0x38 c:/siliconlabs/simplicitystudio/v5/developer/toolchains/gnu_arm/10.3_2021.10/bin/../lib/gcc/arm-none-eabi/10.3.1/../../../../arm-none-eabi/lib/thumb/v8-m.main+fp/hard\libc_nano.a(lib_a-sbrkr.o)
 .ARM.attributes
                0x00000d3c       0x38 c:/siliconlabs/simplicitystudio/v5/developer/toolchains/gnu_arm/10.3_2021.10/bin/../lib/gcc/arm-none-eabi/10.3.1/../../../../arm-none-eabi/lib/thumb/v8-m.main+fp/hard\libc_nano.a(lib_a-stdio.o)
 .ARM.attributes
                0x00000d74       0x38 c:/siliconlabs/simplicitystudio/v5/developer/toolchains/gnu_arm/10.3_2021.10/bin/../lib/gcc/arm-none-eabi/10.3.1/../../../../arm-none-eabi/lib/thumb/v8-m.main+fp/hard\libc_nano.a(lib_a-writer.o)
 .ARM.attributes
                0x00000dac       0x38 c:/siliconlabs/simplicitystudio/v5/developer/toolchains/gnu_arm/10.3_2021.10/bin/../lib/gcc/arm-none-eabi/10.3.1/../../../../arm-none-eabi/lib/thumb/v8-m.main+fp/hard\libc_nano.a(lib_a-closer.o)
 .ARM.attributes
                0x00000de4       0x38 c:/siliconlabs/simplicitystudio/v5/developer/toolchains/gnu_arm/10.3_2021.10/bin/../lib/gcc/arm-none-eabi/10.3.1/../../../../arm-none-eabi/lib/thumb/v8-m.main+fp/hard\libc_nano.a(lib_a-fstatr.o)
 .ARM.attributes
                0x00000e1c       0x38 c:/siliconlabs/simplicitystudio/v5/developer/toolchains/gnu_arm/10.3_2021.10/bin/../lib/gcc/arm-none-eabi/10.3.1/../../../../arm-none-eabi/lib/thumb/v8-m.main+fp/hard\libc_nano.a(lib_a-lseekr.o)
 .ARM.attributes
                0x00000e54       0x38 c:/siliconlabs/simplicitystudio/v5/developer/toolchains/gnu_arm/10.3_2021.10/bin/../lib/gcc/arm-none-eabi/10.3.1/../../../../arm-none-eabi/lib/thumb/v8-m.main+fp/hard\libc_nano.a(lib_a-mlock.o)
 .ARM.attributes
                0x00000e8c       0x38 c:/siliconlabs/simplicitystudio/v5/developer/toolchains/gnu_arm/10.3_2021.10/bin/../lib/gcc/arm-none-eabi/10.3.1/../../../../arm-none-eabi/lib/thumb/v8-m.main+fp/hard\libc_nano.a(lib_a-readr.o)
 .ARM.attributes
                0x00000ec4       0x38 c:/siliconlabs/simplicitystudio/v5/developer/toolchains/gnu_arm/10.3_2021.10/bin/../lib/gcc/arm-none-eabi/10.3.1/../../../../arm-none-eabi/lib/thumb/v8-m.main+fp/hard\libc_nano.a(lib_a-reent.o)
 .ARM.attributes
                0x00000efc       0x22 c:/siliconlabs/simplicitystudio/v5/developer/toolchains/gnu_arm/10.3_2021.10/bin/../lib/gcc/arm-none-eabi/10.3.1/thumb/v8-m.main+fp/hard/crtn.o

.comment        0x00000000       0x49
 .comment       0x00000000       0x49 ./app.o
                                 0x4a (size before relaxing)
 .comment       0x00000049       0x4a ./main.o
 .comment       0x00000049       0x4a ./autogen/sl_board_default_init.o
 .comment       0x00000049       0x4a ./autogen/sl_device_init_clocks.o
 .comment       0x00000049       0x4a ./autogen/sl_event_handler.o
 .comment       0x00000049       0x4a ./autogen/sl_i2cspm_init.o
 .comment       0x00000049       0x4a ./autogen/sl_iostream_init_usart_instances.o
 .comment       0x00000049       0x4a ./autogen/sl_simple_button_instances.o
 .comment       0x00000049       0x4a ./gecko_sdk_3.2.3/app/common/util/app_log/app_log.o
 .comment       0x00000049       0x4a ./gecko_sdk_3.2.3/hardware/board/src/sl_board_init.o
 .comment       0x00000049       0x4a ./gecko_sdk_3.2.3/platform/Device/SiliconLabs/BGM22/Source/GCC/startup_bgm22.o
 .comment       0x00000049       0x4a ./gecko_sdk_3.2.3/platform/Device/SiliconLabs/BGM22/Source/system_bgm22.o
 .comment       0x00000049       0x4a ./gecko_sdk_3.2.3/platform/common/toolchain/src/sl_memory.o
 .comment       0x00000049       0x4a ./gecko_sdk_3.2.3/platform/driver/button/src/sl_button.o
 .comment       0x00000049       0x4a ./gecko_sdk_3.2.3/platform/driver/button/src/sl_simple_button.o
 .comment       0x00000049       0x4a ./gecko_sdk_3.2.3/platform/driver/i2cspm/src/sl_i2cspm.o
 .comment       0x00000049       0x4a ./gecko_sdk_3.2.3/platform/emdrv/gpiointerrupt/src/gpiointerrupt.o
 .comment       0x00000049       0x4a ./gecko_sdk_3.2.3/platform/emlib/src/em_assert.o
 .comment       0x00000049       0x4a ./gecko_sdk_3.2.3/platform/emlib/src/em_cmu.o
 .comment       0x00000049       0x4a ./gecko_sdk_3.2.3/platform/emlib/src/em_core.o
 .comment       0x00000049       0x4a ./gecko_sdk_3.2.3/platform/emlib/src/em_emu.o
 .comment       0x00000049       0x4a ./gecko_sdk_3.2.3/platform/emlib/src/em_gpio.o
 .comment       0x00000049       0x4a ./gecko_sdk_3.2.3/platform/emlib/src/em_i2c.o
 .comment       0x00000049       0x4a ./gecko_sdk_3.2.3/platform/emlib/src/em_rtcc.o
 .comment       0x00000049       0x4a ./gecko_sdk_3.2.3/platform/emlib/src/em_usart.o
 .comment       0x00000049       0x4a ./gecko_sdk_3.2.3/platform/service/device_init/src/sl_device_init_dcdc_s2.o
 .comment       0x00000049       0x4a ./gecko_sdk_3.2.3/platform/service/device_init/src/sl_device_init_emu_s2.o
 .comment       0x00000049       0x4a ./gecko_sdk_3.2.3/platform/service/device_init/src/sl_device_init_hfxo_s2.o
 .comment       0x00000049       0x4a ./gecko_sdk_3.2.3/platform/service/device_init/src/sl_device_init_lfxo_s2.o
 .comment       0x00000049       0x4a ./gecko_sdk_3.2.3/platform/service/device_init/src/sl_device_init_nvic.o
 .comment       0x00000049       0x4a ./gecko_sdk_3.2.3/platform/service/iostream/src/sl_iostream.o
 .comment       0x00000049       0x4a ./gecko_sdk_3.2.3/platform/service/iostream/src/sl_iostream_retarget_stdio.o
 .comment       0x00000049       0x4a ./gecko_sdk_3.2.3/platform/service/iostream/src/sl_iostream_stdlib_config.o
 .comment       0x00000049       0x4a ./gecko_sdk_3.2.3/platform/service/iostream/src/sl_iostream_uart.o
 .comment       0x00000049       0x4a ./gecko_sdk_3.2.3/platform/service/iostream/src/sl_iostream_usart.o
 .comment       0x00000049       0x4a ./gecko_sdk_3.2.3/platform/service/sleeptimer/src/sl_sleeptimer.o
 .comment       0x00000049       0x4a ./gecko_sdk_3.2.3/platform/service/sleeptimer/src/sl_sleeptimer_hal_rtcc.o
 .comment       0x00000049       0x4a ./gecko_sdk_3.2.3/platform/service/system/src/sl_system_init.o
 .comment       0x00000049       0x4a ./gecko_sdk_3.2.3/platform/service/system/src/sl_system_process_action.o
 .comment       0x00000049       0x4a ./gecko_sdk_3.2.3/platform/service/udelay/src/sl_udelay.o

.debug_info     0x00000000    0x2ad21
 .debug_info    0x00000000     0x15e0 ./app.o
 .debug_info    0x000015e0       0xad ./main.o
 .debug_info    0x0000168d       0x86 ./autogen/sl_board_default_init.o
 .debug_info    0x00001713      0x383 ./autogen/sl_device_init_clocks.o
 .debug_info    0x00001a96     0x134b ./autogen/sl_event_handler.o
 .debug_info    0x00002de1      0x83e ./autogen/sl_i2cspm_init.o
 .debug_info    0x0000361f     0x143a ./autogen/sl_iostream_init_usart_instances.o
 .debug_info    0x00004a59      0x309 ./autogen/sl_simple_button_instances.o
 .debug_info    0x00004d62      0x5b6 ./gecko_sdk_3.2.3/app/common/util/app_log/app_log.o
 .debug_info    0x00005318      0x279 ./gecko_sdk_3.2.3/hardware/board/src/sl_board_init.o
 .debug_info    0x00005591      0x21b ./gecko_sdk_3.2.3/platform/Device/SiliconLabs/BGM22/Source/GCC/startup_bgm22.o
 .debug_info    0x000057ac     0x136c ./gecko_sdk_3.2.3/platform/Device/SiliconLabs/BGM22/Source/system_bgm22.o
 .debug_info    0x00006b18      0x205 ./gecko_sdk_3.2.3/platform/common/toolchain/src/sl_memory.o
 .debug_info    0x00006d1d      0x287 ./gecko_sdk_3.2.3/platform/driver/button/src/sl_button.o
 .debug_info    0x00006fa4     0x19c6 ./gecko_sdk_3.2.3/platform/driver/button/src/sl_simple_button.o
 .debug_info    0x0000896a     0x1d64 ./gecko_sdk_3.2.3/platform/driver/i2cspm/src/sl_i2cspm.o
 .debug_info    0x0000a6ce     0x19b4 ./gecko_sdk_3.2.3/platform/emdrv/gpiointerrupt/src/gpiointerrupt.o
 .debug_info    0x0000c082       0x86 ./gecko_sdk_3.2.3/platform/emlib/src/em_assert.o
 .debug_info    0x0000c108     0x72e3 ./gecko_sdk_3.2.3/platform/emlib/src/em_cmu.o
 .debug_info    0x000133eb     0x13dc ./gecko_sdk_3.2.3/platform/emlib/src/em_core.o
 .debug_info    0x000147c7     0x39e7 ./gecko_sdk_3.2.3/platform/emlib/src/em_emu.o
 .debug_info    0x000181ae     0x204c ./gecko_sdk_3.2.3/platform/emlib/src/em_gpio.o
 .debug_info    0x0001a1fa     0x131b ./gecko_sdk_3.2.3/platform/emlib/src/em_i2c.o
 .debug_info    0x0001b515     0x1f14 ./gecko_sdk_3.2.3/platform/emlib/src/em_rtcc.o
 .debug_info    0x0001d429     0x4010 ./gecko_sdk_3.2.3/platform/emlib/src/em_usart.o
 .debug_info    0x00021439      0x2a9 ./gecko_sdk_3.2.3/platform/service/device_init/src/sl_device_init_dcdc_s2.o
 .debug_info    0x000216e2      0x9a7 ./gecko_sdk_3.2.3/platform/service/device_init/src/sl_device_init_emu_s2.o
 .debug_info    0x00022089      0x82c ./gecko_sdk_3.2.3/platform/service/device_init/src/sl_device_init_hfxo_s2.o
 .debug_info    0x000228b5      0x269 ./gecko_sdk_3.2.3/platform/service/device_init/src/sl_device_init_lfxo_s2.o
 .debug_info    0x00022b1e      0x88e ./gecko_sdk_3.2.3/platform/service/device_init/src/sl_device_init_nvic.o
 .debug_info    0x000233ac      0x561 ./gecko_sdk_3.2.3/platform/service/iostream/src/sl_iostream.o
 .debug_info    0x0002390d      0x5b7 ./gecko_sdk_3.2.3/platform/service/iostream/src/sl_iostream_retarget_stdio.o
 .debug_info    0x00023ec4      0xa21 ./gecko_sdk_3.2.3/platform/service/iostream/src/sl_iostream_stdlib_config.o
 .debug_info    0x000248e5      0xf25 ./gecko_sdk_3.2.3/platform/service/iostream/src/sl_iostream_uart.o
 .debug_info    0x0002580a     0x28b3 ./gecko_sdk_3.2.3/platform/service/iostream/src/sl_iostream_usart.o
 .debug_info    0x000280bd     0x1525 ./gecko_sdk_3.2.3/platform/service/sleeptimer/src/sl_sleeptimer.o
 .debug_info    0x000295e2     0x1462 ./gecko_sdk_3.2.3/platform/service/sleeptimer/src/sl_sleeptimer_hal_rtcc.o
 .debug_info    0x0002aa44       0xba ./gecko_sdk_3.2.3/platform/service/system/src/sl_system_init.o
 .debug_info    0x0002aafe       0xa3 ./gecko_sdk_3.2.3/platform/service/system/src/sl_system_process_action.o
 .debug_info    0x0002aba1      0x15a ./gecko_sdk_3.2.3/platform/service/udelay/src/sl_udelay.o
 .debug_info    0x0002acfb       0x26 ./gecko_sdk_3.2.3/platform/service/udelay/src/sl_udelay_armv6m_gcc.o

.debug_abbrev   0x00000000     0x536e
 .debug_abbrev  0x00000000      0x233 ./app.o
 .debug_abbrev  0x00000233       0x5e ./main.o
 .debug_abbrev  0x00000291       0x46 ./autogen/sl_board_default_init.o
 .debug_abbrev  0x000002d7       0xd8 ./autogen/sl_device_init_clocks.o
 .debug_abbrev  0x000003af      0x1ce ./autogen/sl_event_handler.o
 .debug_abbrev  0x0000057d      0x169 ./autogen/sl_i2cspm_init.o
 .debug_abbrev  0x000006e6      0x22b ./autogen/sl_iostream_init_usart_instances.o
 .debug_abbrev  0x00000911      0x138 ./autogen/sl_simple_button_instances.o
 .debug_abbrev  0x00000a49      0x282 ./gecko_sdk_3.2.3/app/common/util/app_log/app_log.o
 .debug_abbrev  0x00000ccb       0xe6 ./gecko_sdk_3.2.3/hardware/board/src/sl_board_init.o
 .debug_abbrev  0x00000db1      0x145 ./gecko_sdk_3.2.3/platform/Device/SiliconLabs/BGM22/Source/GCC/startup_bgm22.o
 .debug_abbrev  0x00000ef6      0x271 ./gecko_sdk_3.2.3/platform/Device/SiliconLabs/BGM22/Source/system_bgm22.o
 .debug_abbrev  0x00001167      0x11e ./gecko_sdk_3.2.3/platform/common/toolchain/src/sl_memory.o
 .debug_abbrev  0x00001285      0x12a ./gecko_sdk_3.2.3/platform/driver/button/src/sl_button.o
 .debug_abbrev  0x000013af      0x363 ./gecko_sdk_3.2.3/platform/driver/button/src/sl_simple_button.o
 .debug_abbrev  0x00001712      0x278 ./gecko_sdk_3.2.3/platform/driver/i2cspm/src/sl_i2cspm.o
 .debug_abbrev  0x0000198a      0x2da ./gecko_sdk_3.2.3/platform/emdrv/gpiointerrupt/src/gpiointerrupt.o
 .debug_abbrev  0x00001c64       0x6c ./gecko_sdk_3.2.3/platform/emlib/src/em_assert.o
 .debug_abbrev  0x00001cd0      0x502 ./gecko_sdk_3.2.3/platform/emlib/src/em_cmu.o
 .debug_abbrev  0x000021d2      0x313 ./gecko_sdk_3.2.3/platform/emlib/src/em_core.o
 .debug_abbrev  0x000024e5      0x4bf ./gecko_sdk_3.2.3/platform/emlib/src/em_emu.o
 .debug_abbrev  0x000029a4      0x318 ./gecko_sdk_3.2.3/platform/emlib/src/em_gpio.o
 .debug_abbrev  0x00002cbc      0x3fd ./gecko_sdk_3.2.3/platform/emlib/src/em_i2c.o
 .debug_abbrev  0x000030b9      0x260 ./gecko_sdk_3.2.3/platform/emlib/src/em_rtcc.o
 .debug_abbrev  0x00003319      0x321 ./gecko_sdk_3.2.3/platform/emlib/src/em_usart.o
 .debug_abbrev  0x0000363a       0xe0 ./gecko_sdk_3.2.3/platform/service/device_init/src/sl_device_init_dcdc_s2.o
 .debug_abbrev  0x0000371a      0x13a ./gecko_sdk_3.2.3/platform/service/device_init/src/sl_device_init_emu_s2.o
 .debug_abbrev  0x00003854      0x16f ./gecko_sdk_3.2.3/platform/service/device_init/src/sl_device_init_hfxo_s2.o
 .debug_abbrev  0x000039c3       0xed ./gecko_sdk_3.2.3/platform/service/device_init/src/sl_device_init_lfxo_s2.o
 .debug_abbrev  0x00003ab0      0x144 ./gecko_sdk_3.2.3/platform/service/device_init/src/sl_device_init_nvic.o
 .debug_abbrev  0x00003bf4      0x237 ./gecko_sdk_3.2.3/platform/service/iostream/src/sl_iostream.o
 .debug_abbrev  0x00003e2b      0x198 ./gecko_sdk_3.2.3/platform/service/iostream/src/sl_iostream_retarget_stdio.o
 .debug_abbrev  0x00003fc3      0x1cc ./gecko_sdk_3.2.3/platform/service/iostream/src/sl_iostream_stdlib_config.o
 .debug_abbrev  0x0000418f      0x4c8 ./gecko_sdk_3.2.3/platform/service/iostream/src/sl_iostream_uart.o
 .debug_abbrev  0x00004657      0x382 ./gecko_sdk_3.2.3/platform/service/iostream/src/sl_iostream_usart.o
 .debug_abbrev  0x000049d9      0x3e0 ./gecko_sdk_3.2.3/platform/service/sleeptimer/src/sl_sleeptimer.o
 .debug_abbrev  0x00004db9      0x40e ./gecko_sdk_3.2.3/platform/service/sleeptimer/src/sl_sleeptimer_hal_rtcc.o
 .debug_abbrev  0x000051c7       0x5f ./gecko_sdk_3.2.3/platform/service/system/src/sl_system_init.o
 .debug_abbrev  0x00005226       0x5f ./gecko_sdk_3.2.3/platform/service/system/src/sl_system_process_action.o
 .debug_abbrev  0x00005285       0xd5 ./gecko_sdk_3.2.3/platform/service/udelay/src/sl_udelay.o
 .debug_abbrev  0x0000535a       0x14 ./gecko_sdk_3.2.3/platform/service/udelay/src/sl_udelay_armv6m_gcc.o

.debug_loc      0x00000000     0xa6b0
 .debug_loc     0x00000000       0xaa ./app.o
 .debug_loc     0x000000aa       0x20 ./main.o
 .debug_loc     0x000000ca       0x20 ./autogen/sl_device_init_clocks.o
 .debug_loc     0x000000ea       0xa1 ./autogen/sl_event_handler.o
 .debug_loc     0x0000018b       0x2c ./autogen/sl_i2cspm_init.o
 .debug_loc     0x000001b7       0x68 ./autogen/sl_iostream_init_usart_instances.o
 .debug_loc     0x0000021f      0x29f ./gecko_sdk_3.2.3/app/common/util/app_log/app_log.o
 .debug_loc     0x000004be       0x2c ./gecko_sdk_3.2.3/hardware/board/src/sl_board_init.o
 .debug_loc     0x000004ea       0x9c ./gecko_sdk_3.2.3/platform/Device/SiliconLabs/BGM22/Source/GCC/startup_bgm22.o
 .debug_loc     0x00000586       0xc5 ./gecko_sdk_3.2.3/platform/Device/SiliconLabs/BGM22/Source/system_bgm22.o
 .debug_loc     0x0000064b       0x9c ./gecko_sdk_3.2.3/platform/common/toolchain/src/sl_memory.o
 .debug_loc     0x000006e7      0x11a ./gecko_sdk_3.2.3/platform/driver/button/src/sl_button.o
 .debug_loc     0x00000801      0x40b ./gecko_sdk_3.2.3/platform/driver/button/src/sl_simple_button.o
 .debug_loc     0x00000c0c      0x271 ./gecko_sdk_3.2.3/platform/driver/i2cspm/src/sl_i2cspm.o
 .debug_loc     0x00000e7d      0x291 ./gecko_sdk_3.2.3/platform/emdrv/gpiointerrupt/src/gpiointerrupt.o
 .debug_loc     0x0000110e       0x2a ./gecko_sdk_3.2.3/platform/emlib/src/em_assert.o
 .debug_loc     0x00001138     0x30d9 ./gecko_sdk_3.2.3/platform/emlib/src/em_cmu.o
 .debug_loc     0x00004211      0x8ae ./gecko_sdk_3.2.3/platform/emlib/src/em_core.o
 .debug_loc     0x00004abf      0x7d0 ./gecko_sdk_3.2.3/platform/emlib/src/em_emu.o
 .debug_loc     0x0000528f      0x8f1 ./gecko_sdk_3.2.3/platform/emlib/src/em_gpio.o
 .debug_loc     0x00005b80      0xf3e ./gecko_sdk_3.2.3/platform/emlib/src/em_i2c.o
 .debug_loc     0x00006abe      0x16e ./gecko_sdk_3.2.3/platform/emlib/src/em_rtcc.o
 .debug_loc     0x00006c2c      0xa2e ./gecko_sdk_3.2.3/platform/emlib/src/em_usart.o
 .debug_loc     0x0000765a       0x2c ./gecko_sdk_3.2.3/platform/service/device_init/src/sl_device_init_dcdc_s2.o
 .debug_loc     0x00007686       0x2c ./gecko_sdk_3.2.3/platform/service/device_init/src/sl_device_init_emu_s2.o
 .debug_loc     0x000076b2       0xba ./gecko_sdk_3.2.3/platform/service/device_init/src/sl_device_init_hfxo_s2.o
 .debug_loc     0x0000776c       0x2c ./gecko_sdk_3.2.3/platform/service/device_init/src/sl_device_init_lfxo_s2.o
 .debug_loc     0x00007798       0x6f ./gecko_sdk_3.2.3/platform/service/device_init/src/sl_device_init_nvic.o
 .debug_loc     0x00007807      0x58d ./gecko_sdk_3.2.3/platform/service/iostream/src/sl_iostream.o
 .debug_loc     0x00007d94      0x217 ./gecko_sdk_3.2.3/platform/service/iostream/src/sl_iostream_retarget_stdio.o
 .debug_loc     0x00007fab      0x7d5 ./gecko_sdk_3.2.3/platform/service/iostream/src/sl_iostream_uart.o
 .debug_loc     0x00008780      0x44c ./gecko_sdk_3.2.3/platform/service/iostream/src/sl_iostream_usart.o
 .debug_loc     0x00008bcc     0x14af ./gecko_sdk_3.2.3/platform/service/sleeptimer/src/sl_sleeptimer.o
 .debug_loc     0x0000a07b      0x499 ./gecko_sdk_3.2.3/platform/service/sleeptimer/src/sl_sleeptimer_hal_rtcc.o
 .debug_loc     0x0000a514       0x2c ./gecko_sdk_3.2.3/platform/service/system/src/sl_system_init.o