Archive member included to satisfy reference by file (symbol)

c:/siliconlabs/simplicitystudio/v5/developer/toolchains/gnu_arm/10.3_2021.10/bin/../lib/gcc/arm-none-eabi/10.3.1/thumb/v8-m.main+fp/hard\libgcc.a(_aeabi_ldivmod.o)
                              ./gecko_sdk_3.2.3/platform/emlib/src/em_usart.o (__aeabi_ldivmod)
c:/siliconlabs/simplicitystudio/v5/developer/toolchains/gnu_arm/10.3_2021.10/bin/../lib/gcc/arm-none-eabi/10.3.1/thumb/v8-m.main+fp/hard\libgcc.a(_aeabi_uldivmod.o)
                              ./gecko_sdk_3.2.3/platform/emlib/src/em_usart.o (__aeabi_uldivmod)
c:/siliconlabs/simplicitystudio/v5/developer/toolchains/gnu_arm/10.3_2021.10/bin/../lib/gcc/arm-none-eabi/10.3.1/thumb/v8-m.main+fp/hard\libgcc.a(_udivmoddi4.o)
                              c:/siliconlabs/simplicitystudio/v5/developer/toolchains/gnu_arm/10.3_2021.10/bin/../lib/gcc/arm-none-eabi/10.3.1/thumb/v8-m.main+fp/hard\libgcc.a(_aeabi_ldivmod.o) (__udivmoddi4)
c:/siliconlabs/simplicitystudio/v5/developer/toolchains/gnu_arm/10.3_2021.10/bin/../lib/gcc/arm-none-eabi/10.3.1/thumb/v8-m.main+fp/hard\libgcc.a(_dvmd_tls.o)
                              c:/siliconlabs/simplicitystudio/v5/developer/toolchains/gnu_arm/10.3_2021.10/bin/../lib/gcc/arm-none-eabi/10.3.1/thumb/v8-m.main+fp/hard\libgcc.a(_aeabi_ldivmod.o) (__aeabi_ldiv0)
c:/siliconlabs/simplicitystudio/v5/developer/toolchains/gnu_arm/10.3_2021.10/bin/../lib/gcc/arm-none-eabi/10.3.1/../../../../arm-none-eabi/lib/thumb/v8-m.main+fp/hard\libc_nano.a(lib_a-exit.o)
                              c:/siliconlabs/simplicitystudio/v5/developer/toolchains/gnu_arm/10.3_2021.10/bin/../lib/gcc/arm-none-eabi/10.3.1/../../../../arm-none-eabi/lib/thumb/v8-m.main+fp/hard/crt0.o (exit)
c:/siliconlabs/simplicitystudio/v5/developer/toolchains/gnu_arm/10.3_2021.10/bin/../lib/gcc/arm-none-eabi/10.3.1/../../../../arm-none-eabi/lib/thumb/v8-m.main+fp/hard\libc_nano.a(lib_a-impure.o)
                              c:/siliconlabs/simplicitystudio/v5/developer/toolchains/gnu_arm/10.3_2021.10/bin/../lib/gcc/arm-none-eabi/10.3.1/../../../../arm-none-eabi/lib/thumb/v8-m.main+fp/hard\libc_nano.a(lib_a-exit.o) (_global_impure_ptr)
c:/siliconlabs/simplicitystudio/v5/developer/toolchains/gnu_arm/10.3_2021.10/bin/../lib/gcc/arm-none-eabi/10.3.1/../../../../arm-none-eabi/lib/thumb/v8-m.main+fp/hard\libc_nano.a(lib_a-init.o)
                              c:/siliconlabs/simplicitystudio/v5/developer/toolchains/gnu_arm/10.3_2021.10/bin/../lib/gcc/arm-none-eabi/10.3.1/../../../../arm-none-eabi/lib/thumb/v8-m.main+fp/hard/crt0.o (__libc_init_array)
c:/siliconlabs/simplicitystudio/v5/developer/toolchains/gnu_arm/10.3_2021.10/bin/../lib/gcc/arm-none-eabi/10.3.1/../../../../arm-none-eabi/lib/thumb/v8-m.main+fp/hard\libc_nano.a(lib_a-memset.o)
                              c:/siliconlabs/simplicitystudio/v5/developer/toolchains/gnu_arm/10.3_2021.10/bin/../lib/gcc/arm-none-eabi/10.3.1/../../../../arm-none-eabi/lib/thumb/v8-m.main+fp/hard/crt0.o (memset)
c:/siliconlabs/simplicitystudio/v5/developer/toolchains/gnu_arm/10.3_2021.10/bin/../lib/gcc/arm-none-eabi/10.3.1/../../../../arm-none-eabi/lib/thumb/v8-m.main+fp/hard\libc_nano.a(lib_a-setvbuf.o)
                              ./gecko_sdk_3.2.3/platform/service/iostream/src/sl_iostream_stdlib_config.o (setvbuf)
c:/siliconlabs/simplicitystudio/v5/developer/toolchains/gnu_arm/10.3_2021.10/bin/../lib/gcc/arm-none-eabi/10.3.1/../../../../arm-none-eabi/lib/thumb/v8-m.main+fp/hard\libc_nano.a(lib_a-strcmp.o)
                              ./autogen/sl_iostream_handles.o (strcmp)
c:/siliconlabs/simplicitystudio/v5/developer/toolchains/gnu_arm/10.3_2021.10/bin/../lib/gcc/arm-none-eabi/10.3.1/../../../../arm-none-eabi/lib/thumb/v8-m.main+fp/hard\libc_nano.a(lib_a-vprintf.o)
                              ./gecko_sdk_3.2.3/platform/service/iostream/src/sl_iostream.o (vprintf)
c:/siliconlabs/simplicitystudio/v5/developer/toolchains/gnu_arm/10.3_2021.10/bin/../lib/gcc/arm-none-eabi/10.3.1/../../../../arm-none-eabi/lib/thumb/v8-m.main+fp/hard\libc_nano.a(lib_a-fflush.o)
                              c:/siliconlabs/simplicitystudio/v5/developer/toolchains/gnu_arm/10.3_2021.10/bin/../lib/gcc/arm-none-eabi/10.3.1/../../../../arm-none-eabi/lib/thumb/v8-m.main+fp/hard\libc_nano.a(lib_a-setvbuf.o) (_fflush_r)
c:/siliconlabs/simplicitystudio/v5/developer/toolchains/gnu_arm/10.3_2021.10/bin/../lib/gcc/arm-none-eabi/10.3.1/../../../../arm-none-eabi/lib/thumb/v8-m.main+fp/hard\libc_nano.a(lib_a-findfp.o)
                              c:/siliconlabs/simplicitystudio/v5/developer/toolchains/gnu_arm/10.3_2021.10/bin/../lib/gcc/arm-none-eabi/10.3.1/../../../../arm-none-eabi/lib/thumb/v8-m.main+fp/hard\libc_nano.a(lib_a-setvbuf.o) (__sinit)
c:/siliconlabs/simplicitystudio/v5/developer/toolchains/gnu_arm/10.3_2021.10/bin/../lib/gcc/arm-none-eabi/10.3.1/../../../../arm-none-eabi/lib/thumb/v8-m.main+fp/hard\libc_nano.a(lib_a-fwalk.o)
[...]
Memory Configuration

Name             Origin             Length             Attributes
FLASH            0x00000000         0x0007e000         xr
RAM              0x20000000         0x00008000         xrw
*default*        0x00000000         0xffffffff

Linker script and memory map

LOAD c:/siliconlabs/simplicitystudio/v5/developer/toolchains/gnu_arm/10.3_2021.10/bin/../lib/gcc/arm-none-eabi/10.3.1/thumb/v8-m.main+fp/hard/crti.o
LOAD c:/siliconlabs/simplicitystudio/v5/developer/toolchains/gnu_arm/10.3_2021.10/bin/../lib/gcc/arm-none-eabi/10.3.1/thumb/v8-m.main+fp/hard/crtbegin.o
LOAD c:/siliconlabs/simplicitystudio/v5/developer/toolchains/gnu_arm/10.3_2021.10/bin/../lib/gcc/arm-none-eabi/10.3.1/../../../../arm-none-eabi/lib/thumb/v8-m.main+fp/hard/crt0.o
START GROUP
LOAD ./app.o
LOAD ./main.o
LOAD ./autogen/sl_board_default_init.o
LOAD ./autogen/sl_device_init_clocks.o
LOAD ./autogen/sl_event_handler.o
LOAD ./autogen/sl_iostream_handles.o
LOAD ./autogen/sl_iostream_init_usart_instances.o
LOAD ./autogen/sl_simple_led_instances.o
LOAD ./gecko_sdk_3.2.3/app/common/util/app_log/app_log.o
LOAD ./gecko_sdk_3.2.3/hardware/board/src/sl_board_control_gpio.o
LOAD ./gecko_sdk_3.2.3/hardware/board/src/sl_board_init.o
LOAD ./gecko_sdk_3.2.3/platform/Device/SiliconLabs/BGM22/Source/GCC/startup_bgm22.o
LOAD ./gecko_sdk_3.2.3/platform/Device/SiliconLabs/BGM22/Source/system_bgm22.o
LOAD ./gecko_sdk_3.2.3/platform/common/toolchain/src/sl_memory.o
LOAD ./gecko_sdk_3.2.3/platform/driver/leddrv/src/sl_led.o
LOAD ./gecko_sdk_3.2.3/platform/driver/leddrv/src/sl_simple_led.o
LOAD ./gecko_sdk_3.2.3/platform/emlib/src/em_assert.o
LOAD ./gecko_sdk_3.2.3/platform/emlib/src/em_burtc.o
LOAD ./gecko_sdk_3.2.3/platform/emlib/src/em_cmu.o
LOAD ./gecko_sdk_3.2.3/platform/emlib/src/em_core.o
LOAD ./gecko_sdk_3.2.3/platform/emlib/src/em_emu.o
LOAD ./gecko_sdk_3.2.3/platform/emlib/src/em_gpio.o
LOAD ./gecko_sdk_3.2.3/platform/emlib/src/em_rtcc.o
LOAD ./gecko_sdk_3.2.3/platform/emlib/src/em_system.o
LOAD ./gecko_sdk_3.2.3/platform/emlib/src/em_usart.o
LOAD ./gecko_sdk_3.2.3/platform/service/device_init/src/sl_device_init_dcdc_s2.o
LOAD ./gecko_sdk_3.2.3/platform/service/device_init/src/sl_device_init_emu_s2.o
LOAD ./gecko_sdk_3.2.3/platform/service/device_init/src/sl_device_init_hfxo_s2.o
LOAD ./gecko_sdk_3.2.3/platform/service/device_init/src/sl_device_init_lfxo_s2.o
LOAD ./gecko_sdk_3.2.3/platform/service/device_init/src/sl_device_init_nvic.o
LOAD ./gecko_sdk_3.2.3/platform/service/iostream/src/sl_iostream.o
LOAD ./gecko_sdk_3.2.3/platform/service/iostream/src/sl_iostream_retarget_stdio.o
LOAD ./gecko_sdk_3.2.3/platform/service/iostream/src/sl_iostream_stdlib_config.o
LOAD ./gecko_sdk_3.2.3/platform/service/iostream/src/sl_iostream_uart.o
LOAD ./gecko_sdk_3.2.3/platform/service/iostream/src/sl_iostream_usart.o
LOAD ./gecko_sdk_3.2.3/platform/service/sleeptimer/src/sl_sleeptimer.o
LOAD ./gecko_sdk_3.2.3/platform/service/sleeptimer/src/sl_sleeptimer_hal_burtc.o
LOAD ./gecko_sdk_3.2.3/platform/service/sleeptimer/src/sl_sleeptimer_hal_prortc.o
LOAD ./gecko_sdk_3.2.3/platform/service/sleeptimer/src/sl_sleeptimer_hal_rtcc.o
LOAD ./gecko_sdk_3.2.3/platform/service/system/src/sl_system_init.o
LOAD ./gecko_sdk_3.2.3/platform/service/system/src/sl_system_process_action.o
LOAD c:/siliconlabs/simplicitystudio/v5/developer/toolchains/gnu_arm/10.3_2021.10/bin/../lib/gcc/arm-none-eabi/10.3.1/thumb/v8-m.main+fp/hard\libgcc.a
LOAD c:/siliconlabs/simplicitystudio/v5/developer/toolchains/gnu_arm/10.3_2021.10/bin/../lib/gcc/arm-none-eabi/10.3.1/../../../../arm-none-eabi/lib/thumb/v8-m.main+fp/hard\libc_nano.a
LOAD c:/siliconlabs/simplicitystudio/v5/developer/toolchains/gnu_arm/10.3_2021.10/bin/../lib/gcc/arm-none-eabi/10.3.1/../../../../arm-none-eabi/lib/thumb/v8-m.main+fp/hard\libm.a
LOAD c:/siliconlabs/simplicitystudio/v5/developer/toolchains/gnu_arm/10.3_2021.10/bin/../lib/gcc/arm-none-eabi/10.3.1/../../../../arm-none-eabi/lib/thumb/v8-m.main+fp/hard\libnosys.a
END GROUP
START GROUP
LOAD c:/siliconlabs/simplicitystudio/v5/developer/toolchains/gnu_arm/10.3_2021.10/bin/../lib/gcc/arm-none-eabi/10.3.1/thumb/v8-m.main+fp/hard\libgcc.a
LOAD c:/siliconlabs/simplicitystudio/v5/developer/toolchains/gnu_arm/10.3_2021.10/bin/../lib/gcc/arm-none-eabi/10.3.1/../../../../arm-none-eabi/lib/thumb/v8-m.main+fp/hard\libc_nano.a
LOAD c:/siliconlabs/simplicitystudio/v5/developer/toolchains/gnu_arm/10.3_2021.10/bin/../lib/gcc/arm-none-eabi/10.3.1/../../../../arm-none-eabi/lib/thumb/v8-m.main+fp/hard\libnosys.a
END GROUP
START GROUP
LOAD c:/siliconlabs/simplicitystudio/v5/developer/toolchains/gnu_arm/10.3_2021.10/bin/../lib/gcc/arm-none-eabi/10.3.1/thumb/v8-m.main+fp/hard\libgcc.a
LOAD c:/siliconlabs/simplicitystudio/v5/developer/toolchains/gnu_arm/10.3_2021.10/bin/../lib/gcc/arm-none-eabi/10.3.1/../../../../arm-none-eabi/lib/thumb/v8-m.main+fp/hard\libg_nano.a
LOAD c:/siliconlabs/simplicitystudio/v5/developer/toolchains/gnu_arm/10.3_2021.10/bin/../lib/gcc/arm-none-eabi/10.3.1/../../../../arm-none-eabi/lib/thumb/v8-m.main+fp/hard\libc_nano.a
END GROUP
START GROUP
LOAD c:/siliconlabs/simplicitystudio/v5/developer/toolchains/gnu_arm/10.3_2021.10/bin/../lib/gcc/arm-none-eabi/10.3.1/thumb/v8-m.main+fp/hard\libgcc.a
LOAD c:/siliconlabs/simplicitystudio/v5/developer/toolchains/gnu_arm/10.3_2021.10/bin/../lib/gcc/arm-none-eabi/10.3.1/../../../../arm-none-eabi/lib/thumb/v8-m.main+fp/hard\libc_nano.a
END GROUP
LOAD c:/siliconlabs/simplicitystudio/v5/developer/toolchains/gnu_arm/10.3_2021.10/bin/../lib/gcc/arm-none-eabi/10.3.1/thumb/v8-m.main+fp/hard/crtend.o
LOAD c:/siliconlabs/simplicitystudio/v5/developer/toolchains/gnu_arm/10.3_2021.10/bin/../lib/gcc/arm-none-eabi/10.3.1/thumb/v8-m.main+fp/hard/crtn.o

.text           0x00000000     0x4320
                0x00000000                linker_vectors_begin = .
 *(.vectors)
 .vectors       0x00000000      0x140 ./gecko_sdk_3.2.3/platform/Device/SiliconLabs/BGM22/Source/GCC/startup_bgm22.o
                0x00000000                __Vectors
                0x00000140                linker_vectors_end = .
                0x00000140                __Vectors_End = .
                0x00000140                __Vectors_Size = (__Vectors_End - __Vectors)
                0x00000140                linker_code_begin = .
 *(.text*)
 .text          0x00000140       0x40 c:/siliconlabs/simplicitystudio/v5/developer/toolchains/gnu_arm/10.3_2021.10/bin/../lib/gcc/arm-none-eabi/10.3.1/thumb/v8-m.main+fp/hard/crtbegin.o
 .text          0x00000180       0x7c c:/siliconlabs/simplicitystudio/v5/developer/toolchains/gnu_arm/10.3_2021.10/bin/../lib/gcc/arm-none-eabi/10.3.1/../../../../arm-none-eabi/lib/thumb/v8-m.main+fp/hard/crt0.o
                0x00000180                _stack_init
                0x00000188                _start
                0x00000188                _mainCRTStartup
 .text.blink_led
                0x000001fc       0x28 ./app.o
                0x000001fc                blink_led
 .text.app_process_action
                0x00000224       0x44 ./app.o
                0x00000224                app_process_action
 .text.blink_init
                0x00000268       0x1a ./app.o
                0x00000268                blink_init
 .text.button_init
                0x00000282       0x1a ./app.o
                0x00000282                button_init
 .text.app_init
                0x0000029c       0x12 ./app.o
                0x0000029c                app_init
 .text.startup.main
                0x000002ae       0x14 ./main.o
                0x000002ae                main
 .text.sl_board_default_init
                0x000002c2        0x2 ./autogen/sl_board_default_init.o
                0x000002c2                sl_board_default_init
 .text.sl_device_init_clocks
                0x000002c4       0x46 ./autogen/sl_device_init_clocks.o
                0x000002c4                sl_device_init_clocks
 *fill*         0x0000030a        0x2 
 .text.sl_platform_init
                0x0000030c       0x60 ./autogen/sl_event_handler.o
                0x0000030c                sl_platform_init
 .text.sl_driver_init
                0x0000036c        0x4 ./autogen/sl_event_handler.o
                0x0000036c                sl_driver_init
 .text.sl_service_init
                0x00000370       0x12 ./autogen/sl_event_handler.o
                0x00000370                sl_service_init
 .text.sl_stack_init
                0x00000382        0x2 ./autogen/sl_event_handler.o
                0x00000382                sl_stack_init
 .text.sl_internal_app_init
                0x00000384        0x4 ./autogen/sl_event_handler.o
                0x00000384                sl_internal_app_init
 .text.sl_platform_process_action
                0x00000388        0x2 ./autogen/sl_event_handler.o
                0x00000388                sl_platform_process_action
 .text.sl_service_process_action
                0x0000038a        0x2 ./autogen/sl_event_handler.o
                0x0000038a                sl_service_process_action
 .text.sl_stack_process_action
                0x0000038c        0x2 ./autogen/sl_event_handler.o
                0x0000038c                sl_stack_process_action
 .text.sl_internal_app_process_action
                0x0000038e        0x2 ./autogen/sl_event_handler.o
                0x0000038e                sl_internal_app_process_action
 .text.sl_iostream_usart_init_vcom
                0x00000390       0x64 ./autogen/sl_iostream_init_usart_instances.o
                0x00000390                sl_iostream_usart_init_vcom
 .text.sl_iostream_usart_init_instances
                0x000003f4        0x4 ./autogen/sl_iostream_init_usart_instances.o
                0x000003f4                sl_iostream_usart_init_instances
 .text.USART1_RX_IRQHandler
                0x000003f8        0xc ./autogen/sl_iostream_init_usart_instances.o
                0x000003f8                USART1_RX_IRQHandler
 .text.USART1_TX_IRQHandler
                0x00000404        0x4 ./autogen/sl_iostream_init_usart_instances.o
                0x00000404                USART1_TX_IRQHandler
 .text.sl_simple_led_init_instances
                0x00000408        0xc ./autogen/sl_simple_led_instances.o
                0x00000408                sl_simple_led_init_instances
 .text._app_log_time
                0x00000414        0x2 ./gecko_sdk_3.2.3/app/common/util/app_log/app_log.o
                0x00000414                _app_log_time
 .text._app_log_counter
                0x00000416        0x2 ./gecko_sdk_3.2.3/app/common/util/app_log/app_log.o
                0x00000416                _app_log_counter
 .text.app_log_init
                0x00000418       0x38 ./gecko_sdk_3.2.3/app/common/util/app_log/app_log.o
                0x00000418                app_log_init
 .text.sl_board_init
                0x00000450       0x12 ./gecko_sdk_3.2.3/hardware/board/src/sl_board_init.o
                0x00000450                sl_board_init
 .text.sl_board_preinit
                0x00000462        0x8 ./gecko_sdk_3.2.3/hardware/board/src/sl_board_init.o
                0x00000462                sl_board_preinit
 .text.Default_Handler
                0x0000046a        0x2 ./gecko_sdk_3.2.3/platform/Device/SiliconLabs/BGM22/Source/GCC/startup_bgm22.o
                0x0000046a                ULFRCO_IRQHandler
                0x0000046a                SW2_IRQHandler
                0x0000046a                TIMER2_IRQHandler
                0x0000046a                DebugMon_Handler
                0x0000046a                PKE_IRQHandler
                0x0000046a                USART0_TX_IRQHandler
                0x0000046a                PRORTC_IRQHandler
                0x0000046a                IADC_IRQHandler
                0x0000046a                I2C0_IRQHandler
                0x0000046a                LFXO_IRQHandler
                0x0000046a                CRYPTOACC_IRQHandler
                0x0000046a                HardFault_Handler
                0x0000046a                SMU_SECURE_IRQHandler
                0x0000046a                SysTick_Handler
                0x0000046a                EMUEFP_IRQHandler
                0x0000046a                PendSV_Handler
                0x0000046a                NMI_Handler
                0x0000046a                SYNTH_IRQHandler
                0x0000046a                HFXO0_IRQHandler
                0x0000046a                I2C1_IRQHandler
                0x0000046a                PDM_IRQHandler
                0x0000046a                WDOG0_IRQHandler
                0x0000046a                TIMER3_IRQHandler
                0x0000046a                SYSCFG_IRQHandler
                0x0000046a                EMUSE_IRQHandler
                0x0000046a                EMUDG_IRQHandler
                0x0000046a                SMU_PRIVILEGED_IRQHandler
                0x0000046a                MSC_IRQHandler
                0x0000046a                DPLL0_IRQHandler
                0x0000046a                UsageFault_Handler
                0x0000046a                M33CTI1_IRQHandler
                0x0000046a                TIMER4_IRQHandler
                0x0000046a                GPIO_EVEN_IRQHandler
                0x0000046a                LDMA_IRQHandler
                0x0000046a                SW0_IRQHandler
                0x0000046a                TIMER0_IRQHandler
                0x0000046a                LETIMER0_IRQHandler
                0x0000046a                TIMER1_IRQHandler
                0x0000046a                HFRCO0_IRQHandler
                0x0000046a                RFSENSE_IRQHandler
                0x0000046a                BUFC_IRQHandler
                0x0000046a                DCDC_IRQHandler
                0x0000046a                MODEM_IRQHandler
                0x0000046a                Default_Handler
                0x0000046a                RAC_SEQ_IRQHandler
                0x0000046a                FRC_PRI_IRQHandler
                0x0000046a                EMU_IRQHandler
                0x0000046a                SW3_IRQHandler
                0x0000046a                KERNEL0_IRQHandler
                0x0000046a                FRC_IRQHandler
                0x0000046a                KERNEL1_IRQHandler
                0x0000046a                AGC_IRQHandler
                0x0000046a                sl_app_properties
                0x0000046a                BURTC_IRQHandler
                0x0000046a                LFRCO_IRQHandler
                0x0000046a                USART0_RX_IRQHandler
                0x0000046a                MemManage_Handler
                0x0000046a                RDMAILBOX_IRQHandler
                0x0000046a                SVC_Handler
                0x0000046a                SW1_IRQHandler
                0x0000046a                CMU_IRQHandler
                0x0000046a                RAC_RSM_IRQHandler
                0x0000046a                EUART0_TX_IRQHandler
                0x0000046a                EUART0_RX_IRQHandler
                0x0000046a                GPIO_ODD_IRQHandler
                0x0000046a                AES_IRQHandler
                0x0000046a                M33CTI0_IRQHandler
                0x0000046a                ICACHE0_IRQHandler
                0x0000046a                SMU_NS_PRIVILEGED_IRQHandler
                0x0000046a                PROTIMER_IRQHandler
                0x0000046a                BusFault_Handler
                0x0000046a                TRNG_IRQHandler
 .text.Reset_Handler
                0x0000046c       0x2c ./gecko_sdk_3.2.3/platform/Device/SiliconLabs/BGM22/Source/GCC/startup_bgm22.o
                0x0000046c                Reset_Handler
 .text.SystemInit
                0x00000498       0x1c ./gecko_sdk_3.2.3/platform/Device/SiliconLabs/BGM22/Source/system_bgm22.o
                0x00000498                SystemInit
 .text.SystemHFRCODPLLClockGet
                0x000004b4        0xc ./gecko_sdk_3.2.3/platform/Device/SiliconLabs/BGM22/Source/system_bgm22.o
                0x000004b4                SystemHFRCODPLLClockGet
 .text.SystemSYSCLKGet
                0x000004c0       0x34 ./gecko_sdk_3.2.3/platform/Device/SiliconLabs/BGM22/Source/system_bgm22.o
                0x000004c0                SystemSYSCLKGet
 .text.SystemHCLKGet
                0x000004f4       0x24 ./gecko_sdk_3.2.3/platform/Device/SiliconLabs/BGM22/Source/system_bgm22.o
                0x000004f4                SystemHCLKGet
 .text.SystemMaxCoreClockGet
                0x00000518        0x8 ./gecko_sdk_3.2.3/platform/Device/SiliconLabs/BGM22/Source/system_bgm22.o
                0x00000518                SystemMaxCoreClockGet
 .text.SystemHFXOClockGet
                0x00000520        0xc ./gecko_sdk_3.2.3/platform/Device/SiliconLabs/BGM22/Source/system_bgm22.o
                0x00000520                SystemHFXOClockGet
 .text.SystemHFXOClockSet
                0x0000052c       0x20 ./gecko_sdk_3.2.3/platform/Device/SiliconLabs/BGM22/Source/system_bgm22.o
                0x0000052c                SystemHFXOClockSet
 .text.SystemCLKIN0Get
                0x0000054c        0x4 ./gecko_sdk_3.2.3/platform/Device/SiliconLabs/BGM22/Source/system_bgm22.o
                0x0000054c                SystemCLKIN0Get
 .text.SystemFSRCOClockGet
                0x00000550        0x8 ./gecko_sdk_3.2.3/platform/Device/SiliconLabs/BGM22/Source/system_bgm22.o
                0x00000550                SystemFSRCOClockGet
 .text.SystemLFRCOClockGet
                0x00000558        0x6 ./gecko_sdk_3.2.3/platform/Device/SiliconLabs/BGM22/Source/system_bgm22.o
                0x00000558                SystemLFRCOClockGet
 .text.SystemULFRCOClockGet
                0x0000055e        0x6 ./gecko_sdk_3.2.3/platform/Device/SiliconLabs/BGM22/Source/system_bgm22.o
                0x0000055e                SystemULFRCOClockGet
 .text.SystemLFXOClockGet
                0x00000564        0xc ./gecko_sdk_3.2.3/platform/Device/SiliconLabs/BGM22/Source/system_bgm22.o
                0x00000564                SystemLFXOClockGet
 .text._sbrk    0x00000570       0x20 ./gecko_sdk_3.2.3/platform/common/toolchain/src/sl_memory.o
                0x00000570                _sbrk
 .text.sl_led_init
                0x00000590        0x6 ./gecko_sdk_3.2.3/platform/driver/leddrv/src/sl_led.o
                0x00000590                sl_led_init
 *fill*         0x00000596        0x2 
 .text.GPIO_PinOutClear
                0x00000598       0x54 ./gecko_sdk_3.2.3/platform/driver/leddrv/src/sl_simple_led.o
 .text.GPIO_PinOutSet
                0x000005ec       0x54 ./gecko_sdk_3.2.3/platform/driver/leddrv/src/sl_simple_led.o
 .text.sl_simple_led_init
                0x00000640       0x22 ./gecko_sdk_3.2.3/platform/driver/leddrv/src/sl_simple_led.o
                0x00000640                sl_simple_led_init
 .text.sl_simple_led_turn_on
                0x00000662       0x12 ./gecko_sdk_3.2.3/platform/driver/leddrv/src/sl_simple_led.o
                0x00000662                sl_simple_led_turn_on
 .text.sl_simple_led_turn_off
                0x00000674       0x12 ./gecko_sdk_3.2.3/platform/driver/leddrv/src/sl_simple_led.o
                0x00000674                sl_simple_led_turn_off
 *fill*         0x00000686        0x2 
 .text.sl_simple_led_toggle
                0x00000688       0x50 ./gecko_sdk_3.2.3/platform/driver/leddrv/src/sl_simple_led.o
                0x00000688                sl_simple_led_toggle
 .text.sl_simple_led_get_state
                0x000006d8       0x58 ./gecko_sdk_3.2.3/platform/driver/leddrv/src/sl_simple_led.o
                0x000006d8                sl_simple_led_get_state
 .text.assertEFM
                0x00000730        0x2 ./gecko_sdk_3.2.3/platform/emlib/src/em_assert.o
                0x00000730                assertEFM
 .text.EMU_VScaleGet
                0x00000732       0x16 ./gecko_sdk_3.2.3/platform/emlib/src/em_cmu.o
 .text.em01GrpaClkGet
                0x00000748       0x54 ./gecko_sdk_3.2.3/platform/emlib/src/em_cmu.o
 .text.iadcClkGet
                0x0000079c       0x54 ./gecko_sdk_3.2.3/platform/emlib/src/em_cmu.o
 .text.em01GrpbClkGet
                0x000007f0       0x70 ./gecko_sdk_3.2.3/platform/emlib/src/em_cmu.o
 .text.em23GrpaClkGet
                0x00000860       0x54 ./gecko_sdk_3.2.3/platform/emlib/src/em_cmu.o
 .text.wdog0ClkGet
                0x000008b4       0x60 ./gecko_sdk_3.2.3/platform/emlib/src/em_cmu.o
 .text.rtccClkGet
                0x00000914       0x54 ./gecko_sdk_3.2.3/platform/emlib/src/em_cmu.o
 .text.em4GrpaClkGet
                0x00000968       0x54 ./gecko_sdk_3.2.3/platform/emlib/src/em_cmu.o
 .text.euart0ClkGet
                0x000009bc       0x48 ./gecko_sdk_3.2.3/platform/emlib/src/em_cmu.o
 .text.CMU_ClockEnable
                0x00000a04       0x54 ./gecko_sdk_3.2.3/platform/emlib/src/em_cmu.o
                0x00000a04                CMU_ClockEnable
 .text.CMU_ClockDivGet
                0x00000a58       0x84 ./gecko_sdk_3.2.3/platform/emlib/src/em_cmu.o
                0x00000a58                CMU_ClockDivGet
 .text.CMU_ClockFreqGet
                0x00000adc      0x198 ./gecko_sdk_3.2.3/platform/emlib/src/em_cmu.o
                0x00000adc                CMU_ClockFreqGet
 .text.rhclkPrescOptimize
                0x00000c74       0x20 ./gecko_sdk_3.2.3/platform/emlib/src/em_cmu.o
 .text.flashWaitStateControl
                0x00000c94       0x50 ./gecko_sdk_3.2.3/platform/emlib/src/em_cmu.o
 .text.waitStateMax
                0x00000ce4       0x10 ./gecko_sdk_3.2.3/platform/emlib/src/em_cmu.o
 .text.CMU_ClockSelectGet
                0x00000cf4      0x188 ./gecko_sdk_3.2.3/platform/emlib/src/em_cmu.o
                0x00000cf4                CMU_ClockSelectGet
 .text.CMU_HFXOInit
                0x00000e7c      0x1d8 ./gecko_sdk_3.2.3/platform/emlib/src/em_cmu.o
                0x00000e7c                CMU_HFXOInit
 .text.CMU_HFXOCTuneDeltaGet
                0x00001054        0xc ./gecko_sdk_3.2.3/platform/emlib/src/em_cmu.o
                0x00001054                CMU_HFXOCTuneDeltaGet
 .text.CMU_LFXOInit
                0x00001060       0xc4 ./gecko_sdk_3.2.3/platform/emlib/src/em_cmu.o
                0x00001060                CMU_LFXOInit
 .text.CMU_LFXOPrecisionSet
                0x00001124        0xc ./gecko_sdk_3.2.3/platform/emlib/src/em_cmu.o
                0x00001124                CMU_LFXOPrecisionSet
 .text.CMU_UpdateWaitStates
                0x00001130        0xc ./gecko_sdk_3.2.3/platform/emlib/src/em_cmu.o
                0x00001130                CMU_UpdateWaitStates
 .text.CMU_ClockDivSet
                0x0000113c      0x104 ./gecko_sdk_3.2.3/platform/emlib/src/em_cmu.o
                0x0000113c                CMU_ClockDivSet
 .text.pclkDivMax
                0x00001240        0xa ./gecko_sdk_3.2.3/platform/emlib/src/em_cmu.o
 *fill*         0x0000124a        0x2 
 .text.pclkDivOptimize
                0x0000124c       0x24 ./gecko_sdk_3.2.3/platform/emlib/src/em_cmu.o
 .text.CMU_ClockSelectSet
                0x00001270      0x3c4 ./gecko_sdk_3.2.3/platform/emlib/src/em_cmu.o
                0x00001270                CMU_ClockSelectSet
 .text.CORE_EnterCritical
                0x00001634        0x8 ./gecko_sdk_3.2.3/platform/emlib/src/em_core.o
                0x00001634                CORE_EnterCritical
 .text.CORE_ExitCritical
                0x0000163c        0x6 ./gecko_sdk_3.2.3/platform/emlib/src/em_core.o
                0x0000163c                CORE_ExitCritical
 .text.CORE_EnterAtomic
                0x00001642        0xc ./gecko_sdk_3.2.3/platform/emlib/src/em_core.o
                0x00001642                CORE_EnterAtomic
 .text.CORE_ExitAtomic
                0x0000164e        0x6 ./gecko_sdk_3.2.3/platform/emlib/src/em_core.o
                0x0000164e                CORE_ExitAtomic
 .text.EMU_EFPEM01VScale
                0x00001654        0x2 ./gecko_sdk_3.2.3/platform/emlib/src/em_emu.o
                0x00001654                EMU_EFPEM01VScale
 *fill*         0x00001656        0x2 
 .text.EMU_VScaleEM01
                0x00001658       0xb0 ./gecko_sdk_3.2.3/platform/emlib/src/em_emu.o
                0x00001658                EMU_VScaleEM01
 .text.EMU_VScaleEM01ByClock
                0x00001708       0x30 ./gecko_sdk_3.2.3/platform/emlib/src/em_emu.o
                0x00001708                EMU_VScaleEM01ByClock
 .text.EMU_EM4Init
                0x00001738       0x12 ./gecko_sdk_3.2.3/platform/emlib/src/em_emu.o
                0x00001738                EMU_EM4Init
 *fill*         0x0000174a        0x2 
 .text.EMU_DCDCModeSet
                0x0000174c       0x74 ./gecko_sdk_3.2.3/platform/emlib/src/em_emu.o
                0x0000174c                EMU_DCDCModeSet
 .text.EMU_DCDCInit
                0x000017c0       0x74 ./gecko_sdk_3.2.3/platform/emlib/src/em_emu.o
                0x000017c0                EMU_DCDCInit
 .text.GPIO_PinOutSet
                0x00001834       0x54 ./gecko_sdk_3.2.3/platform/emlib/src/em_gpio.o
 .text.GPIO_PinOutClear
                0x00001888       0x54 ./gecko_sdk_3.2.3/platform/emlib/src/em_gpio.o
 .text.GPIO_PinModeSet
                0x000018dc       0xac ./gecko_sdk_3.2.3/platform/emlib/src/em_gpio.o
                0x000018dc                GPIO_PinModeSet
 .text.RTCC_SyncWait
                0x00001988       0x10 ./gecko_sdk_3.2.3/platform/emlib/src/em_rtcc.o
 .text.RTCC_ChannelInit
                0x00001998       0x48 ./gecko_sdk_3.2.3/platform/emlib/src/em_rtcc.o
                0x00001998                RTCC_ChannelInit
 .text.RTCC_Enable
                0x000019e0       0x44 ./gecko_sdk_3.2.3/platform/emlib/src/em_rtcc.o
                0x000019e0                RTCC_Enable
 .text.RTCC_Init
                0x00001a24       0x5c ./gecko_sdk_3.2.3/platform/emlib/src/em_rtcc.o
                0x00001a24                RTCC_Init
 .text.USART_BaudrateAsyncSet
                0x00001a80       0xe0 ./gecko_sdk_3.2.3/platform/emlib/src/em_usart.o
                0x00001a80                USART_BaudrateAsyncSet
 .text.USART_Enable
                0x00001b60       0x44 ./gecko_sdk_3.2.3/platform/emlib/src/em_usart.o
                0x00001b60                USART_Enable
 .text.USART_Reset
                0x00001ba4       0x78 ./gecko_sdk_3.2.3/platform/emlib/src/em_usart.o
                0x00001ba4                USART_Reset
 .text.USART_InitAsync
                0x00001c1c      0x118 ./gecko_sdk_3.2.3/platform/emlib/src/em_usart.o
                0x00001c1c                USART_InitAsync
 .text.USART_Rx
                0x00001d34        0xc ./gecko_sdk_3.2.3/platform/emlib/src/em_usart.o
                0x00001d34                USART_Rx
 .text.USART_Tx
                0x00001d40        0xa ./gecko_sdk_3.2.3/platform/emlib/src/em_usart.o
                0x00001d40                USART_Tx
 *fill*         0x00001d4a        0x2 
 .text.sl_device_init_dcdc
                0x00001d4c       0x20 ./gecko_sdk_3.2.3/platform/service/device_init/src/sl_device_init_dcdc_s2.o
                0x00001d4c                sl_device_init_dcdc
 .text.sl_device_init_emu
                0x00001d6c       0x22 ./gecko_sdk_3.2.3/platform/service/device_init/src/sl_device_init_emu_s2.o
                0x00001d6c                sl_device_init_emu
 *fill*         0x00001d8e        0x2 
 .text.sl_device_init_hfxo
                0x00001d90       0x7c ./gecko_sdk_3.2.3/platform/service/device_init/src/sl_device_init_hfxo_s2.o
                0x00001d90                sl_device_init_hfxo
 .text.sl_device_init_lfxo
                0x00001e0c       0x34 ./gecko_sdk_3.2.3/platform/service/device_init/src/sl_device_init_lfxo_s2.o
                0x00001e0c                sl_device_init_lfxo
 .text.sl_device_init_nvic
                0x00001e40       0x3c ./gecko_sdk_3.2.3/platform/service/device_init/src/sl_device_init_nvic.o
                0x00001e40                sl_device_init_nvic
 .text.sl_iostream_set_default
                0x00001e7c       0x18 ./gecko_sdk_3.2.3/platform/service/iostream/src/sl_iostream.o
                0x00001e7c                sl_iostream_set_default
 .text.sl_iostream_get_default
                0x00001e94       0x18 ./gecko_sdk_3.2.3/platform/service/iostream/src/sl_iostream.o
                0x00001e94                sl_iostream_get_default
 .text.sl_iostream_write
                0x00001eac       0x28 ./gecko_sdk_3.2.3/platform/service/iostream/src/sl_iostream.o
                0x00001eac                sl_iostream_write
 .text.sl_iostream_read
                0x00001ed4       0x32 ./gecko_sdk_3.2.3/platform/service/iostream/src/sl_iostream.o
                0x00001ed4                sl_iostream_read
 .text.sl_iostream_printf
                0x00001f06       0x50 ./gecko_sdk_3.2.3/platform/service/iostream/src/sl_iostream.o
                0x00001f06                sl_iostream_printf
 .text._close   0x00001f56        0x4 ./gecko_sdk_3.2.3/platform/service/iostream/src/sl_iostream_retarget_stdio.o
                0x00001f56                _close
 .text._exit    0x00001f5a        0x2 ./gecko_sdk_3.2.3/platform/service/iostream/src/sl_iostream_retarget_stdio.o
                0x00001f5a                _exit
 .text._fstat   0x00001f5c        0xa ./gecko_sdk_3.2.3/platform/service/iostream/src/sl_iostream_retarget_stdio.o
                0x00001f5c                _fstat
 .text._isatty  0x00001f66        0x4 ./gecko_sdk_3.2.3/platform/service/iostream/src/sl_iostream_retarget_stdio.o
                0x00001f66                _isatty
 .text._lseek   0x00001f6a        0x4 ./gecko_sdk_3.2.3/platform/service/iostream/src/sl_iostream_retarget_stdio.o
                0x00001f6a                _lseek
 .text._read    0x00001f6e       0x1c ./gecko_sdk_3.2.3/platform/service/iostream/src/sl_iostream_retarget_stdio.o
                0x00001f6e                _read
 *fill*         0x00001f8a        0x2 
 .text._write   0x00001f8c       0x1c ./gecko_sdk_3.2.3/platform/service/iostream/src/sl_iostream_retarget_stdio.o
                0x00001f8c                _write
 .text.sl_iostream_stdlib_disable_buffering
                0x00001fa8       0x14 ./gecko_sdk_3.2.3/platform/service/iostream/src/sl_iostream_stdlib_config.o
                0x00001fa8                sl_iostream_stdlib_disable_buffering
 .text.set_auto_cr_lf
                0x00001fbc        0x6 ./gecko_sdk_3.2.3/platform/service/iostream/src/sl_iostream_uart.o
 .text.get_auto_cr_lf
                0x00001fc2        0x6 ./gecko_sdk_3.2.3/platform/service/iostream/src/sl_iostream_uart.o
 .text.uart_read
                0x00001fc8       0x6e ./gecko_sdk_3.2.3/platform/service/iostream/src/sl_iostream_uart.o
 .text.uart_deinit
                0x00002036       0x56 ./gecko_sdk_3.2.3/platform/service/iostream/src/sl_iostream_uart.o
 .text.uart_write
                0x0000208c       0x3e ./gecko_sdk_3.2.3/platform/service/iostream/src/sl_iostream_uart.o
 *fill*         0x000020ca        0x2 
 .text.sli_iostream_uart_context_init
                0x000020cc       0x9c ./gecko_sdk_3.2.3/platform/service/iostream/src/sl_iostream_uart.o
                0x000020cc                sli_iostream_uart_context_init
 .text.sli_uart_is_rx_space_avail
                0x00002168        0xe ./gecko_sdk_3.2.3/platform/service/iostream/src/sl_iostream_uart.o
                0x00002168                sli_uart_is_rx_space_avail
 *fill*         0x00002176        0x2 
 .text.sli_uart_push_rxd_data
                0x00002178       0x3c ./gecko_sdk_3.2.3/platform/service/iostream/src/sl_iostream_uart.o
                0x00002178                sli_uart_push_rxd_data
 .text.usart_enable_rx
                0x000021b4        0xc ./gecko_sdk_3.2.3/platform/service/iostream/src/sl_iostream_usart.o
 .text.usart_deinit
                0x000021c0       0x6c ./gecko_sdk_3.2.3/platform/service/iostream/src/sl_iostream_usart.o
 .text.usart_tx
                0x0000222c        0xc ./gecko_sdk_3.2.3/platform/service/iostream/src/sl_iostream_usart.o
 .text.sl_iostream_usart_init
                0x00002238      0x170 ./gecko_sdk_3.2.3/platform/service/iostream/src/sl_iostream_usart.o
                0x00002238                sl_iostream_usart_init
 .text.sl_iostream_usart_irq_handler
                0x000023a8       0x30 ./gecko_sdk_3.2.3/platform/service/iostream/src/sl_iostream_usart.o
                0x000023a8                sl_iostream_usart_irq_handler
 .text.delay_callback
                0x000023d8        0x6 ./gecko_sdk_3.2.3/platform/service/sleeptimer/src/sl_sleeptimer.o
 *fill*         0x000023de        0x2 
 .text.delta_list_insert_timer
                0x000023e0       0x44 ./gecko_sdk_3.2.3/platform/service/sleeptimer/src/sl_sleeptimer.o
 .text.update_delta_list
                0x00002424       0x38 ./gecko_sdk_3.2.3/platform/service/sleeptimer/src/sl_sleeptimer.o
 .text.set_comparator_for_next_timer
                0x0000245c       0x4c ./gecko_sdk_3.2.3/platform/service/sleeptimer/src/sl_sleeptimer.o
 .text.create_timer
                0x000024a8       0x68 ./gecko_sdk_3.2.3/platform/service/sleeptimer/src/sl_sleeptimer.o
 .text.delta_list_remove_timer
                0x00002510       0x38 ./gecko_sdk_3.2.3/platform/service/sleeptimer/src/sl_sleeptimer.o
 .text.sl_sleeptimer_init
                0x00002548       0x74 ./gecko_sdk_3.2.3/platform/service/sleeptimer/src/sl_sleeptimer.o
                0x00002548                sl_sleeptimer_init
 .text.sl_sleeptimer_is_timer_running
                0x000025bc       0x38 ./gecko_sdk_3.2.3/platform/service/sleeptimer/src/sl_sleeptimer.o
                0x000025bc                sl_sleeptimer_is_timer_running
 .text.sl_sleeptimer_start_timer
                0x000025f4       0x46 ./gecko_sdk_3.2.3/platform/service/sleeptimer/src/sl_sleeptimer.o
                0x000025f4                sl_sleeptimer_start_timer
 *fill*         0x0000263a        0x2 
 .text.sl_sleeptimer_ms_to_tick
                0x0000263c       0x18 ./gecko_sdk_3.2.3/platform/service/sleeptimer/src/sl_sleeptimer.o
                0x0000263c                sl_sleeptimer_ms_to_tick
 .text.sl_sleeptimer_delay_millisecond
                0x00002654       0x38 ./gecko_sdk_3.2.3/platform/service/sleeptimer/src/sl_sleeptimer.o
                0x00002654                sl_sleeptimer_delay_millisecond
 .text.process_timer_irq
                0x0000268c      0x134 ./gecko_sdk_3.2.3/platform/service/sleeptimer/src/sl_sleeptimer.o
                0x0000268c                process_timer_irq
 .text.CMU_PrescToLog2.constprop.0
                0x000027c0        0x4 ./gecko_sdk_3.2.3/platform/service/sleeptimer/src/sl_sleeptimer_hal_rtcc.o
 .text.sleeptimer_hal_init_timer
                0x000027c4       0x88 ./gecko_sdk_3.2.3/platform/service/sleeptimer/src/sl_sleeptimer_hal_rtcc.o
                0x000027c4                sleeptimer_hal_init_timer
 .text.sleeptimer_hal_get_counter
                0x0000284c        0xe ./gecko_sdk_3.2.3/platform/service/sleeptimer/src/sl_sleeptimer_hal_rtcc.o
                0x0000284c                sleeptimer_hal_get_counter
 *fill*         0x0000285a        0x2 
 .text.sleeptimer_hal_set_compare
                0x0000285c       0x58 ./gecko_sdk_3.2.3/platform/service/sleeptimer/src/sl_sleeptimer_hal_rtcc.o
                0x0000285c                sleeptimer_hal_set_compare
 .text.sleeptimer_hal_enable_int
                0x000028b4       0x18 ./gecko_sdk_3.2.3/platform/service/sleeptimer/src/sl_sleeptimer_hal_rtcc.o
                0x000028b4                sleeptimer_hal_enable_int
 .text.sleeptimer_hal_disable_int
                0x000028cc       0x30 ./gecko_sdk_3.2.3/platform/service/sleeptimer/src/sl_sleeptimer_hal_rtcc.o
                0x000028cc                sleeptimer_hal_disable_int
 .text.RTCC_IRQHandler
                0x000028fc       0x34 ./gecko_sdk_3.2.3/platform/service/sleeptimer/src/sl_sleeptimer_hal_rtcc.o
                0x000028fc                RTCC_IRQHandler
 .text.sleeptimer_hal_get_timer_frequency
                0x00002930       0x14 ./gecko_sdk_3.2.3/platform/service/sleeptimer/src/sl_sleeptimer_hal_rtcc.o
                0x00002930                sleeptimer_hal_get_timer_frequency
 .text.sl_system_init
                0x00002944       0x1a ./gecko_sdk_3.2.3/platform/service/system/src/sl_system_init.o
                0x00002944                sl_system_init
 .text.sl_system_process_action
                0x0000295e       0x16 ./gecko_sdk_3.2.3/platform/service/system/src/sl_system_process_action.o
                0x0000295e                sl_system_process_action
 .text          0x00002974       0x30 c:/siliconlabs/simplicitystudio/v5/developer/toolchains/gnu_arm/10.3_2021.10/bin/../lib/gcc/arm-none-eabi/10.3.1/thumb/v8-m.main+fp/hard\libgcc.a(_aeabi_uldivmod.o)
                0x00002974                __aeabi_uldivmod
 .text          0x000029a4      0x2ec c:/siliconlabs/simplicitystudio/v5/developer/toolchains/gnu_arm/10.3_2021.10/bin/../lib/gcc/arm-none-eabi/10.3.1/thumb/v8-m.main+fp/hard\libgcc.a(_udivmoddi4.o)
                0x000029a4                __udivmoddi4
 .text          0x00002c90        0x4 c:/siliconlabs/simplicitystudio/v5/developer/toolchains/gnu_arm/10.3_2021.10/bin/../lib/gcc/arm-none-eabi/10.3.1/thumb/v8-m.main+fp/hard\libgcc.a(_dvmd_tls.o)
                0x00002c90                __aeabi_idiv0
                0x00002c90                __aeabi_ldiv0
 .text.exit     0x00002c94       0x28 c:/siliconlabs/simplicitystudio/v5/developer/toolchains/gnu_arm/10.3_2021.10/bin/../lib/gcc/arm-none-eabi/10.3.1/../../../../arm-none-eabi/lib/thumb/v8-m.main+fp/hard\libc_nano.a(lib_a-exit.o)
                0x00002c94                exit
 .text.__libc_init_array
                0x00002cbc       0x48 c:/siliconlabs/simplicitystudio/v5/developer/toolchains/gnu_arm/10.3_2021.10/bin/../lib/gcc/arm-none-eabi/10.3.1/../../../../arm-none-eabi/lib/thumb/v8-m.main+fp/hard\libc_nano.a(lib_a-init.o)
                0x00002cbc                __libc_init_array
 .text.memset   0x00002d04       0x10 c:/siliconlabs/simplicitystudio/v5/developer/toolchains/gnu_arm/10.3_2021.10/bin/../lib/gcc/arm-none-eabi/10.3.1/../../../../arm-none-eabi/lib/thumb/v8-m.main+fp/hard\libc_nano.a(lib_a-memset.o)
                0x00002d04                memset
 .text.setvbuf  0x00002d14      0x188 c:/siliconlabs/simplicitystudio/v5/developer/toolchains/gnu_arm/10.3_2021.10/bin/../lib/gcc/arm-none-eabi/10.3.1/../../../../arm-none-eabi/lib/thumb/v8-m.main+fp/hard\libc_nano.a(lib_a-setvbuf.o)
                0x00002d14                setvbuf
 .text.vprintf  0x00002e9c       0x30 c:/siliconlabs/simplicitystudio/v5/developer/toolchains/gnu_arm/10.3_2021.10/bin/../lib/gcc/arm-none-eabi/10.3.1/../../../../arm-none-eabi/lib/thumb/v8-m.main+fp/hard\libc_nano.a(lib_a-vprintf.o)
                0x00002e9c                viprintf
                0x00002e9c                vprintf
 .text.__sflush_r
                0x00002ecc      0x108 c:/siliconlabs/simplicitystudio/v5/developer/toolchains/gnu_arm/10.3_2021.10/bin/../lib/gcc/arm-none-eabi/10.3.1/../../../../arm-none-eabi/lib/thumb/v8-m.main+fp/hard\libc_nano.a(lib_a-fflush.o)
                0x00002ecc                __sflush_r
 .text._fflush_r
                0x00002fd4       0x78 c:/siliconlabs/simplicitystudio/v5/developer/toolchains/gnu_arm/10.3_2021.10/bin/../lib/gcc/arm-none-eabi/10.3.1/../../../../arm-none-eabi/lib/thumb/v8-m.main+fp/hard\libc_nano.a(lib_a-fflush.o)
                0x00002fd4                _fflush_r
 .text.std      0x0000304c       0x48 c:/siliconlabs/simplicitystudio/v5/developer/toolchains/gnu_arm/10.3_2021.10/bin/../lib/gcc/arm-none-eabi/10.3.1/../../../../arm-none-eabi/lib/thumb/v8-m.main+fp/hard\libc_nano.a(lib_a-findfp.o)
 .text._cleanup_r
                0x00003094        0xc c:/siliconlabs/simplicitystudio/v5/developer/toolchains/gnu_arm/10.3_2021.10/bin/../lib/gcc/arm-none-eabi/10.3.1/../../../../arm-none-eabi/lib/thumb/v8-m.main+fp/hard\libc_nano.a(lib_a-findfp.o)
                0x00003094                _cleanup_r
 .text.__sfmoreglue
                0x000030a0       0x2c c:/siliconlabs/simplicitystudio/v5/developer/toolchains/gnu_arm/10.3_2021.10/bin/../lib/gcc/arm-none-eabi/10.3.1/../../../../arm-none-eabi/lib/thumb/v8-m.main+fp/hard\libc_nano.a(lib_a-findfp.o)
                0x000030a0                __sfmoreglue
 .text.__sfp_lock_acquire
                0x000030cc        0xc c:/siliconlabs/simplicitystudio/v5/developer/toolchains/gnu_arm/10.3_2021.10/bin/../lib/gcc/arm-none-eabi/10.3.1/../../../../arm-none-eabi/lib/thumb/v8-m.main+fp/hard\libc_nano.a(lib_a-findfp.o)
                0x000030cc                __sfp_lock_acquire
 .text.__sfp_lock_release
                0x000030d8        0xc c:/siliconlabs/simplicitystudio/v5/developer/toolchains/gnu_arm/10.3_2021.10/bin/../lib/gcc/arm-none-eabi/10.3.1/../../../../arm-none-eabi/lib/thumb/v8-m.main+fp/hard\libc_nano.a(lib_a-findfp.o)
                0x000030d8                __sfp_lock_release
 .text.__sinit_lock_acquire
                0x000030e4        0xc c:/siliconlabs/simplicitystudio/v5/developer/toolchains/gnu_arm/10.3_2021.10/bin/../lib/gcc/arm-none-eabi/10.3.1/../../../../arm-none-eabi/lib/thumb/v8-m.main+fp/hard\libc_nano.a(lib_a-findfp.o)
                0x000030e4                __sinit_lock_acquire
 .text.__sinit_lock_release
                0x000030f0        0xc c:/siliconlabs/simplicitystudio/v5/developer/toolchains/gnu_arm/10.3_2021.10/bin/../lib/gcc/arm-none-eabi/10.3.1/../../../../arm-none-eabi/lib/thumb/v8-m.main+fp/hard\libc_nano.a(lib_a-findfp.o)
                0x000030f0                __sinit_lock_release
 .text.__sinit  0x000030fc       0x70 c:/siliconlabs/simplicitystudio/v5/developer/toolchains/gnu_arm/10.3_2021.10/bin/../lib/gcc/arm-none-eabi/10.3.1/../../../../arm-none-eabi/lib/thumb/v8-m.main+fp/hard\libc_nano.a(lib_a-findfp.o)
                0x000030fc                __sinit
 .text.__sfp    0x0000316c       0x8c c:/siliconlabs/simplicitystudio/v5/developer/toolchains/gnu_arm/10.3_2021.10/bin/../lib/gcc/arm-none-eabi/10.3.1/../../../../arm-none-eabi/lib/thumb/v8-m.main+fp/hard\libc_nano.a(lib_a-findfp.o)
                0x0000316c                __sfp
 .text._fwalk_reent
                0x000031f8       0x3e c:/siliconlabs/simplicitystudio/v5/developer/toolchains/gnu_arm/10.3_2021.10/bin/../lib/gcc/arm-none-eabi/10.3.1/../../../../arm-none-eabi/lib/thumb/v8-m.main+fp/hard\libc_nano.a(lib_a-fwalk.o)
                0x000031f8                _fwalk_reent
 .text.__retarget_lock_init_recursive
                0x00003236        0x2 c:/siliconlabs/simplicitystudio/v5/developer/toolchains/gnu_arm/10.3_2021.10/bin/../lib/gcc/arm-none-eabi/10.3.1/../../../../arm-none-eabi/lib/thumb/v8-m.main+fp/hard\libc_nano.a(lib_a-lock.o)
                0x00003236                __retarget_lock_init_recursive
 .text.__retarget_lock_acquire_recursive
                0x00003238        0x2 c:/siliconlabs/simplicitystudio/v5/developer/toolchains/gnu_arm/10.3_2021.10/bin/../lib/gcc/arm-none-eabi/10.3.1/../../../../arm-none-eabi/lib/thumb/v8-m.main+fp/hard\libc_nano.a(lib_a-lock.o)
                0x00003238                __retarget_lock_acquire_recursive
 .text.__retarget_lock_release_recursive
                0x0000323a        0x2 c:/siliconlabs/simplicitystudio/v5/developer/toolchains/gnu_arm/10.3_2021.10/bin/../lib/gcc/arm-none-eabi/10.3.1/../../../../arm-none-eabi/lib/thumb/v8-m.main+fp/hard\libc_nano.a(lib_a-lock.o)
                0x0000323a                __retarget_lock_release_recursive
 .text.__swhatbuf_r
                0x0000323c       0x4a c:/siliconlabs/simplicitystudio/v5/developer/toolchains/gnu_arm/10.3_2021.10/bin/../lib/gcc/arm-none-eabi/10.3.1/../../../../arm-none-eabi/lib/thumb/v8-m.main+fp/hard\libc_nano.a(lib_a-makebuf.o)
                0x0000323c                __swhatbuf_r
 *fill*         0x00003286        0x2 
 .text.__smakebuf_r
                0x00003288       0x80 c:/siliconlabs/simplicitystudio/v5/developer/toolchains/gnu_arm/10.3_2021.10/bin/../lib/gcc/arm-none-eabi/10.3.1/../../../../arm-none-eabi/lib/thumb/v8-m.main+fp/hard\libc_nano.a(lib_a-makebuf.o)
                0x00003288                __smakebuf_r
 .text.malloc   0x00003308       0x10 c:/siliconlabs/simplicitystudio/v5/developer/toolchains/gnu_arm/10.3_2021.10/bin/../lib/gcc/arm-none-eabi/10.3.1/../../../../arm-none-eabi/lib/thumb/v8-m.main+fp/hard\libc_nano.a(lib_a-malloc.o)
                0x00003308                malloc
 .text._free_r  0x00003318       0x98 c:/siliconlabs/simplicitystudio/v5/developer/toolchains/gnu_arm/10.3_2021.10/bin/../lib/gcc/arm-none-eabi/10.3.1/../../../../arm-none-eabi/lib/thumb/v8-m.main+fp/hard\libc_nano.a(lib_a-nano-freer.o)
                0x00003318                _free_r
 .text.sbrk_aligned
                0x000033b0       0x40 c:/siliconlabs/simplicitystudio/v5/developer/toolchains/gnu_arm/10.3_2021.10/bin/../lib/gcc/arm-none-eabi/10.3.1/../../../../arm-none-eabi/lib/thumb/v8-m.main+fp/hard\libc_nano.a(lib_a-nano-mallocr.o)
 .text._malloc_r
                0x000033f0       0xe8 c:/siliconlabs/simplicitystudio/v5/developer/toolchains/gnu_arm/10.3_2021.10/bin/../lib/gcc/arm-none-eabi/10.3.1/../../../../arm-none-eabi/lib/thumb/v8-m.main+fp/hard\libc_nano.a(lib_a-nano-mallocr.o)
                0x000033f0                _malloc_r
 .text.__sfputc_r
                0x000034d8       0x2e c:/siliconlabs/simplicitystudio/v5/developer/toolchains/gnu_arm/10.3_2021.10/bin/../lib/gcc/arm-none-eabi/10.3.1/../../../../arm-none-eabi/lib/thumb/v8-m.main+fp/hard\libc_nano.a(lib_a-nano-vfprintf.o)
 .text.__sfputs_r
                0x00003506       0x24 c:/siliconlabs/simplicitystudio/v5/developer/toolchains/gnu_arm/10.3_2021.10/bin/../lib/gcc/arm-none-eabi/10.3.1/../../../../arm-none-eabi/lib/thumb/v8-m.main+fp/hard\libc_nano.a(lib_a-nano-vfprintf.o)
                0x00003506                __sfputs_r
 *fill*         0x0000352a        0x2 
 .text._vfprintf_r
                0x0000352c      0x260 c:/siliconlabs/simplicitystudio/v5/developer/toolchains/gnu_arm/10.3_2021.10/bin/../lib/gcc/arm-none-eabi/10.3.1/../../../../arm-none-eabi/lib/thumb/v8-m.main+fp/hard\libc_nano.a(lib_a-nano-vfprintf.o)
                0x0000352c                _vfprintf_r
                0x0000352c                _vfiprintf_r
 .text._printf_common
                0x0000378c       0xe0 c:/siliconlabs/simplicitystudio/v5/developer/toolchains/gnu_arm/10.3_2021.10/bin/../lib/gcc/arm-none-eabi/10.3.1/../../../../arm-none-eabi/lib/thumb/v8-m.main+fp/hard\libc_nano.a(lib_a-nano-vfprintf_i.o)
                0x0000378c                _printf_common
 .text._printf_i
                0x0000386c      0x24c c:/siliconlabs/simplicitystudio/v5/developer/toolchains/gnu_arm/10.3_2021.10/bin/../lib/gcc/arm-none-eabi/10.3.1/../../../../arm-none-eabi/lib/thumb/v8-m.main+fp/hard\libc_nano.a(lib_a-nano-vfprintf_i.o)
                0x0000386c                _printf_i
 .text._sbrk_r  0x00003ab8       0x20 c:/siliconlabs/simplicitystudio/v5/developer/toolchains/gnu_arm/10.3_2021.10/bin/../lib/gcc/arm-none-eabi/10.3.1/../../../../arm-none-eabi/lib/thumb/v8-m.main+fp/hard\libc_nano.a(lib_a-sbrkr.o)
                0x00003ab8                _sbrk_r
 .text.__sread  0x00003ad8       0x22 c:/siliconlabs/simplicitystudio/v5/developer/toolchains/gnu_arm/10.3_2021.10/bin/../lib/gcc/arm-none-eabi/10.3.1/../../../../arm-none-eabi/lib/thumb/v8-m.main+fp/hard\libc_nano.a(lib_a-stdio.o)
                0x00003ad8                __sread
 .text.__swrite
                0x00003afa       0x38 c:/siliconlabs/simplicitystudio/v5/developer/toolchains/gnu_arm/10.3_2021.10/bin/../lib/gcc/arm-none-eabi/10.3.1/../../../../arm-none-eabi/lib/thumb/v8-m.main+fp/hard\libc_nano.a(lib_a-stdio.o)
                0x00003afa                __swrite
 .text.__sseek  0x00003b32       0x24 c:/siliconlabs/simplicitystudio/v5/developer/toolchains/gnu_arm/10.3_2021.10/bin/../lib/gcc/arm-none-eabi/10.3.1/../../../../arm-none-eabi/lib/thumb/v8-m.main+fp/hard\libc_nano.a(lib_a-stdio.o)
                0x00003b32                __sseek
 .text.__sclose
                0x00003b56        0x8 c:/siliconlabs/simplicitystudio/v5/developer/toolchains/gnu_arm/10.3_2021.10/bin/../lib/gcc/arm-none-eabi/10.3.1/../../../../arm-none-eabi/lib/thumb/v8-m.main+fp/hard\libc_nano.a(lib_a-stdio.o)
                0x00003b56                __sclose
 *fill*         0x00003b5e        0x2 
 .text.__swbuf_r
                0x00003b60       0xa4 c:/siliconlabs/simplicitystudio/v5/developer/toolchains/gnu_arm/10.3_2021.10/bin/../lib/gcc/arm-none-eabi/10.3.1/../../../../arm-none-eabi/lib/thumb/v8-m.main+fp/hard\libc_nano.a(lib_a-wbuf.o)
                0x00003b60                __swbuf_r
 .text._write_r
                0x00003c04       0x24 c:/siliconlabs/simplicitystudio/v5/developer/toolchains/gnu_arm/10.3_2021.10/bin/../lib/gcc/arm-none-eabi/10.3.1/../../../../arm-none-eabi/lib/thumb/v8-m.main+fp/hard\libc_nano.a(lib_a-writer.o)
                0x00003c04                _write_r
 .text.__swsetup_r
                0x00003c28       0xdc c:/siliconlabs/simplicitystudio/v5/developer/toolchains/gnu_arm/10.3_2021.10/bin/../lib/gcc/arm-none-eabi/10.3.1/../../../../arm-none-eabi/lib/thumb/v8-m.main+fp/hard\libc_nano.a(lib_a-wsetup.o)
                0x00003c28                __swsetup_r
 .text._close_r
                0x00003d04       0x20 c:/siliconlabs/simplicitystudio/v5/developer/toolchains/gnu_arm/10.3_2021.10/bin/../lib/gcc/arm-none-eabi/10.3.1/../../../../arm-none-eabi/lib/thumb/v8-m.main+fp/hard\libc_nano.a(lib_a-closer.o)
                0x00003d04                _close_r
 .text._fstat_r
                0x00003d24       0x24 c:/siliconlabs/simplicitystudio/v5/developer/toolchains/gnu_arm/10.3_2021.10/bin/../lib/gcc/arm-none-eabi/10.3.1/../../../../arm-none-eabi/lib/thumb/v8-m.main+fp/hard\libc_nano.a(lib_a-fstatr.o)
                0x00003d24                _fstat_r
 .text._isatty_r
                0x00003d48       0x20 c:/siliconlabs/simplicitystudio/v5/developer/toolchains/gnu_arm/10.3_2021.10/bin/../lib/gcc/arm-none-eabi/10.3.1/../../../../arm-none-eabi/lib/thumb/v8-m.main+fp/hard\libc_nano.a(lib_a-isattyr.o)
                0x00003d48                _isatty_r
 .text._lseek_r
                0x00003d68       0x24 c:/siliconlabs/simplicitystudio/v5/developer/toolchains/gnu_arm/10.3_2021.10/bin/../lib/gcc/arm-none-eabi/10.3.1/../../../../arm-none-eabi/lib/thumb/v8-m.main+fp/hard\libc_nano.a(lib_a-lseekr.o)
                0x00003d68                _lseek_r
 .text.memchr   0x00003d8c       0x1c c:/siliconlabs/simplicitystudio/v5/developer/toolchains/gnu_arm/10.3_2021.10/bin/../lib/gcc/arm-none-eabi/10.3.1/../../../../arm-none-eabi/lib/thumb/v8-m.main+fp/hard\libc_nano.a(lib_a-memchr-stub.o)
                0x00003d8c                memchr
 .text.__malloc_lock
                0x00003da8        0xc c:/siliconlabs/simplicitystudio/v5/developer/toolchains/gnu_arm/10.3_2021.10/bin/../lib/gcc/arm-none-eabi/10.3.1/../../../../arm-none-eabi/lib/thumb/v8-m.main+fp/hard\libc_nano.a(lib_a-mlock.o)
                0x00003da8                __malloc_lock
 .text.__malloc_unlock
                0x00003db4        0xc c:/siliconlabs/simplicitystudio/v5/developer/toolchains/gnu_arm/10.3_2021.10/bin/../lib/gcc/arm-none-eabi/10.3.1/../../../../arm-none-eabi/lib/thumb/v8-m.main+fp/hard\libc_nano.a(lib_a-mlock.o)
                0x00003db4                __malloc_unlock
 .text._read_r  0x00003dc0       0x24 c:/siliconlabs/simplicitystudio/v5/developer/toolchains/gnu_arm/10.3_2021.10/bin/../lib/gcc/arm-none-eabi/10.3.1/../../../../arm-none-eabi/lib/thumb/v8-m.main+fp/hard\libc_nano.a(lib_a-readr.o)
                0x00003dc0                _read_r
                0x00003de4                linker_code_end = .
 *(.init)
 .init          0x00003de4        0x4 c:/siliconlabs/simplicitystudio/v5/developer/toolchains/gnu_arm/10.3_2021.10/bin/../lib/gcc/arm-none-eabi/10.3.1/thumb/v8-m.main+fp/hard/crti.o
                0x00003de4                _init
 .init          0x00003de8        0x8 c:/siliconlabs/simplicitystudio/v5/developer/toolchains/gnu_arm/10.3_2021.10/bin/../lib/gcc/arm-none-eabi/10.3.1/thumb/v8-m.main+fp/hard/crtn.o
 *(.fini)
 .fini          0x00003df0        0x4 c:/siliconlabs/simplicitystudio/v5/developer/toolchains/gnu_arm/10.3_2021.10/bin/../lib/gcc/arm-none-eabi/10.3.1/thumb/v8-m.main+fp/hard/crti.o
                0x00003df0                _fini
 .fini          0x00003df4        0x8 c:/siliconlabs/simplicitystudio/v5/developer/toolchains/gnu_arm/10.3_2021.10/bin/../lib/gcc/arm-none-eabi/10.3.1/thumb/v8-m.main+fp/hard/crtn.o
 *crtbegin.o(.ctors)
 *crtbegin?.o(.ctors)
 *(EXCLUDE_FILE(*crtend.o *crtend?.o) .ctors)
 *(SORT_BY_NAME(.ctors.*))
 *(.ctors)
 *crtbegin.o(.dtors)
 *crtbegin?.o(.dtors)
 *(EXCLUDE_FILE(*crtend.o *crtend?.o) .dtors)
 *(SORT_BY_NAME(.dtors.*))
 *(.dtors)
 *(.rodata*)
 .rodata.app_process_action.str1.1
                0x00003dfc        0x4 ./app.o
 .rodata.sl_iostream_usart_init_vcom.str1.1
                0x00003e00       0x2e ./autogen/sl_iostream_init_usart_instances.o
 *fill*         0x00003e2e        0x2 
 .rodata        0x00003e30       0x3c ./autogen/sl_iostream_init_usart_instances.o
 .rodata.sl_led_led0
                0x00003e6c       0x18 ./autogen/sl_simple_led_instances.o
                0x00003e6c                sl_led_led0
 .rodata.GPIO_PinOutClear.str1.1
                0x00003e84       0x64 ./gecko_sdk_3.2.3/platform/driver/leddrv/src/sl_simple_led.o
 .rodata.HFRCODPLLDevinfoGet.str1.1
                0x00003ee8       0x63 ./gecko_sdk_3.2.3/platform/emlib/src/em_cmu.o
 .rodata.CSWTCH.56
                0x00003f4b        0x4 ./gecko_sdk_3.2.3/platform/emlib/src/em_cmu.o
 .rodata.CSWTCH.58
                0x00003f4f        0x6 ./gecko_sdk_3.2.3/platform/emlib/src/em_cmu.o
 .rodata.EMU_VScaleEM01.str1.1
                0x00003f55       0x63 ./gecko_sdk_3.2.3/platform/emlib/src/em_emu.o
 .rodata.GPIO_PinOutSet.str1.1
                0x00003fb8       0x64 ./gecko_sdk_3.2.3/platform/emlib/src/em_gpio.o
 .rodata.GPIO_ExtIntConfig.str1.1
                0x00003fb8       0x64 ./gecko_sdk_3.2.3/platform/emlib/src/em_gpio.o
 .rodata.RTCC_ChannelInit.str1.1
                0x0000401c       0x64 ./gecko_sdk_3.2.3/platform/emlib/src/em_rtcc.o
 .rodata.USART_BaudrateAsyncSet.str1.1
                0x00004080       0x65 ./gecko_sdk_3.2.3/platform/emlib/src/em_usart.o
 .rodata        0x000040e5        0x8 ./gecko_sdk_3.2.3/platform/service/device_init/src/sl_device_init_dcdc_s2.o
 .rodata        0x000040ed       0x13 ./gecko_sdk_3.2.3/platform/service/device_init/src/sl_device_init_hfxo_s2.o
 .rodata        0x00004100        0xb ./gecko_sdk_3.2.3/platform/service/device_init/src/sl_device_init_lfxo_s2.o
 .rodata._write.str1.1
                0x0000410b       0x82 ./gecko_sdk_3.2.3/platform/service/iostream/src/sl_iostream_retarget_stdio.o
 .rodata.sli_uart_push_rxd_data.str1.1
                0x0000418d       0x78 ./gecko_sdk_3.2.3/platform/service/iostream/src/sl_iostream_uart.o
 .rodata.process_timer_irq.str1.1
                0x00004205       0x77 ./gecko_sdk_3.2.3/platform/service/sleeptimer/src/sl_sleeptimer.o
 .rodata        0x0000427c        0xb ./gecko_sdk_3.2.3/platform/service/sleeptimer/src/sl_sleeptimer_hal_rtcc.o
 *fill*         0x00004287        0x1 
 .rodata._global_impure_ptr
                0x00004288        0x4 c:/siliconlabs/simplicitystudio/v5/developer/toolchains/gnu_arm/10.3_2021.10/bin/../lib/gcc/arm-none-eabi/10.3.1/../../../../arm-none-eabi/lib/thumb/v8-m.main+fp/hard\libc_nano.a(lib_a-impure.o)
                0x00004288                _global_impure_ptr
 .rodata.__sf_fake_stderr
                0x0000428c       0x20 c:/siliconlabs/simplicitystudio/v5/developer/toolchains/gnu_arm/10.3_2021.10/bin/../lib/gcc/arm-none-eabi/10.3.1/../../../../arm-none-eabi/lib/thumb/v8-m.main+fp/hard\libc_nano.a(lib_a-findfp.o)
                0x0000428c                __sf_fake_stderr
 .rodata.__sf_fake_stdin
                0x000042ac       0x20 c:/siliconlabs/simplicitystudio/v5/developer/toolchains/gnu_arm/10.3_2021.10/bin/../lib/gcc/arm-none-eabi/10.3.1/../../../../arm-none-eabi/lib/thumb/v8-m.main+fp/hard\libc_nano.a(lib_a-findfp.o)
                0x000042ac                __sf_fake_stdin
 .rodata.__sf_fake_stdout
                0x000042cc       0x20 c:/siliconlabs/simplicitystudio/v5/developer/toolchains/gnu_arm/10.3_2021.10/bin/../lib/gcc/arm-none-eabi/10.3.1/../../../../arm-none-eabi/lib/thumb/v8-m.main+fp/hard\libc_nano.a(lib_a-findfp.o)
                0x000042cc                __sf_fake_stdout
 .rodata._vfprintf_r.str1.1
                0x000042ec       0x11 c:/siliconlabs/simplicitystudio/v5/developer/toolchains/gnu_arm/10.3_2021.10/bin/../lib/gcc/arm-none-eabi/10.3.1/../../../../arm-none-eabi/lib/thumb/v8-m.main+fp/hard\libc_nano.a(lib_a-nano-vfprintf.o)
 .rodata._printf_i.str1.1
                0x000042fd       0x22 c:/siliconlabs/simplicitystudio/v5/developer/toolchains/gnu_arm/10.3_2021.10/bin/../lib/gcc/arm-none-eabi/10.3.1/../../../../arm-none-eabi/lib/thumb/v8-m.main+fp/hard\libc_nano.a(lib_a-nano-vfprintf_i.o)
 *(.eh_frame*)
 *fill*         0x0000431f        0x1 
 .eh_frame      0x00004320        0x0 c:/siliconlabs/simplicitystudio/v5/developer/toolchains/gnu_arm/10.3_2021.10/bin/../lib/gcc/arm-none-eabi/10.3.1/thumb/v8-m.main+fp/hard/crtbegin.o

.glue_7         0x00004320        0x0
 .glue_7        0x00004320        0x0 linker stubs

.glue_7t        0x00004320        0x0
 .glue_7t       0x00004320        0x0 linker stubs

.vfp11_veneer   0x00004320        0x0
 .vfp11_veneer  0x00004320        0x0 linker stubs

.v4_bx          0x00004320        0x0
 .v4_bx         0x00004320        0x0 linker stubs

.iplt           0x00004320        0x0
 .iplt          0x00004320        0x0 c:/siliconlabs/simplicitystudio/v5/developer/toolchains/gnu_arm/10.3_2021.10/bin/../lib/gcc/arm-none-eabi/10.3.1/thumb/v8-m.main+fp/hard/crtbegin.o

.ARM.extab
 *(.ARM.extab* .gnu.linkonce.armextab.*)
                0x00004320                __exidx_start = .

.ARM.exidx      0x00004320        0x8
 *(.ARM.exidx* .gnu.linkonce.armexidx.*)
 .ARM.exidx     0x00004320        0x8 c:/siliconlabs/simplicitystudio/v5/developer/toolchains/gnu_arm/10.3_2021.10/bin/../lib/gcc/arm-none-eabi/10.3.1/../../../../arm-none-eabi/lib/thumb/v8-m.main+fp/hard/crt0.o
                                 0x10 (size before relaxing)
 .ARM.exidx     0x00004328        0x0 c:/siliconlabs/simplicitystudio/v5/developer/toolchains/gnu_arm/10.3_2021.10/bin/../lib/gcc/arm-none-eabi/10.3.1/thumb/v8-m.main+fp/hard\libgcc.a(_udivmoddi4.o)
                                  0x8 (size before relaxing)
                0x00004328                __exidx_end = .
                0x00004328                __etext = .

.rel.dyn        0x00004328        0x0
 .rel.iplt      0x00004328        0x0 c:/siliconlabs/simplicitystudio/v5/developer/toolchains/gnu_arm/10.3_2021.10/bin/../lib/gcc/arm-none-eabi/10.3.1/thumb/v8-m.main+fp/hard/crtbegin.o
                0x20000000                . = ORIGIN (RAM)

.stack          0x20000000     0x1000
                0x20000000                __StackLimit = .
 *(.stack*)
 .stack         0x20000000        0x0 ./gecko_sdk_3.2.3/platform/Device/SiliconLabs/BGM22/Source/GCC/startup_bgm22.o
 .stack         0x20000000     0x1000 ./gecko_sdk_3.2.3/platform/common/toolchain/src/sl_memory.o
                0x20001000                . = ALIGN (0x4)
                0x20001000                __StackTop = .
                0x20001000                PROVIDE (__stack = __StackTop)

.noinit
 *(.noinit*)

.data           0x20001000       0x8c load address 0x00004328
                0x20001000                . = ALIGN (0x4)
                0x20001000                __data_start__ = .
 *(vtable)
 *(.data*)
 .data.simple_led0_context
                0x20001000        0x3 ./autogen/sl_simple_led_instances.o
                0x20001000                simple_led0_context
 .data.level_filter_enabled
                0x20001003        0x1 ./gecko_sdk_3.2.3/app/common/util/app_log/app_log.o
 .data.level_filter_threshold
                0x20001004        0x1 ./gecko_sdk_3.2.3/app/common/util/app_log/app_log.o
 .data.level_mask
                0x20001005        0x1 ./gecko_sdk_3.2.3/app/common/util/app_log/app_log.o
 *fill*         0x20001006        0x2 
 .data.SystemCoreClock
                0x20001008        0x4 ./gecko_sdk_3.2.3/platform/Device/SiliconLabs/BGM22/Source/system_bgm22.o
                0x20001008                SystemCoreClock
 .data.SystemHFRCODPLLClock
                0x2000100c        0x4 ./gecko_sdk_3.2.3/platform/Device/SiliconLabs/BGM22/Source/system_bgm22.o
 .data.SystemHFXOClock
                0x20001010        0x4 ./gecko_sdk_3.2.3/platform/Device/SiliconLabs/BGM22/Source/system_bgm22.o
 .data.SystemLFXOClock
                0x20001014        0x4 ./gecko_sdk_3.2.3/platform/Device/SiliconLabs/BGM22/Source/system_bgm22.o
 .data.heap_end.0
                0x20001018        0x4 ./gecko_sdk_3.2.3/platform/common/toolchain/src/sl_memory.o
 .data.lfxo_precision
                0x2000101c        0x2 ./gecko_sdk_3.2.3/platform/emlib/src/em_cmu.o
 .data.cc_disabled
                0x2000101e        0x1 ./gecko_sdk_3.2.3/platform/service/sleeptimer/src/sl_sleeptimer_hal_rtcc.o
 *fill*         0x2000101f        0x1 
 .data._impure_ptr
                0x20001020        0x4 c:/siliconlabs/simplicitystudio/v5/developer/toolchains/gnu_arm/10.3_2021.10/bin/../lib/gcc/arm-none-eabi/10.3.1/../../../../arm-none-eabi/lib/thumb/v8-m.main+fp/hard\libc_nano.a(lib_a-impure.o)
                0x20001020                _impure_ptr
 .data.impure_data
                0x20001024       0x60 c:/siliconlabs/simplicitystudio/v5/developer/toolchains/gnu_arm/10.3_2021.10/bin/../lib/gcc/arm-none-eabi/10.3.1/../../../../arm-none-eabi/lib/thumb/v8-m.main+fp/hard\libc_nano.a(lib_a-impure.o)
                0x20001084                . = ALIGN (0x4)
                [!provide]                PROVIDE (__ram_func_section_start = .)
 *(.ram)
                [!provide]                PROVIDE (__ram_func_section_end = .)
                0x20001084                . = ALIGN (0x4)
                0x20001084                PROVIDE (__preinit_array_start = .)
 *(.preinit_array)
                0x20001084                PROVIDE (__preinit_array_end = .)
                0x20001084                . = ALIGN (0x4)
                0x20001084                PROVIDE (__init_array_start = .)
 *(SORT_BY_NAME(.init_array.*))
 *(.init_array)
 .init_array    0x20001084        0x4 c:/siliconlabs/simplicitystudio/v5/developer/toolchains/gnu_arm/10.3_2021.10/bin/../lib/gcc/arm-none-eabi/10.3.1/thumb/v8-m.main+fp/hard/crtbegin.o
                0x20001088                PROVIDE (__init_array_end = .)
                0x20001088                . = ALIGN (0x4)
                [!provide]                PROVIDE (__fini_array_start = .)
 *(SORT_BY_NAME(.fini_array.*))
 *(.fini_array)
 .fini_array    0x20001088        0x4 c:/siliconlabs/simplicitystudio/v5/developer/toolchains/gnu_arm/10.3_2021.10/bin/../lib/gcc/arm-none-eabi/10.3.1/thumb/v8-m.main+fp/hard/crtbegin.o
                [!provide]                PROVIDE (__fini_array_end = .)
                0x2000108c                . = ALIGN (0x4)
                0x2000108c                __data_end__ = .

.igot.plt       0x2000108c        0x0 load address 0x000043b4
 .igot.plt      0x2000108c        0x0 c:/siliconlabs/simplicitystudio/v5/developer/toolchains/gnu_arm/10.3_2021.10/bin/../lib/gcc/arm-none-eabi/10.3.1/thumb/v8-m.main+fp/hard/crtbegin.o

.bss            0x2000108c       0xc0 load address 0x000043b4
                0x2000108c                . = ALIGN (0x4)
                0x2000108c                __bss_start__ = .
 *(.bss*)
 .bss           0x2000108c       0x1c c:/siliconlabs/simplicitystudio/v5/developer/toolchains/gnu_arm/10.3_2021.10/bin/../lib/gcc/arm-none-eabi/10.3.1/thumb/v8-m.main+fp/hard/crtbegin.o
 .bss.context_vcom
                0x200010a8       0x34 ./autogen/sl_iostream_init_usart_instances.o
 .bss.rx_buffer_vcom
                0x200010dc       0x20 ./autogen/sl_iostream_init_usart_instances.o
 .bss.sl_iostream_vcom
                0x200010fc       0x18 ./autogen/sl_iostream_init_usart_instances.o
 .bss.app_log_iostream
                0x20001114        0x4 ./gecko_sdk_3.2.3/app/common/util/app_log/app_log.o
                0x20001114                app_log_iostream
 .bss.level_mask_enabled
                0x20001118        0x1 ./gecko_sdk_3.2.3/app/common/util/app_log/app_log.o
 .bss.ctuneDelta
                0x20001119        0x1 ./gecko_sdk_3.2.3/platform/emlib/src/em_cmu.o
 .bss.vScaleEM01Config
                0x2000111a        0x1 ./gecko_sdk_3.2.3/platform/emlib/src/em_emu.o
 *fill*         0x2000111b        0x1 
 .bss.sli_iostream_default
                0x2000111c        0x4 ./gecko_sdk_3.2.3/platform/service/iostream/src/sl_iostream.o
 .bss.is_sleeptimer_initialized
                0x20001120        0x1 ./gecko_sdk_3.2.3/platform/service/sleeptimer/src/sl_sleeptimer.o
 *fill*         0x20001121        0x3 
 .bss.last_delta_update_count
                0x20001124        0x4 ./gecko_sdk_3.2.3/platform/service/sleeptimer/src/sl_sleeptimer.o
 .bss.max_millisecond_conversion
                0x20001128        0x4 ./gecko_sdk_3.2.3/platform/service/sleeptimer/src/sl_sleeptimer.o
 .bss.next_timer_to_expire_is_power_manager
                0x2000112c        0x1 ./gecko_sdk_3.2.3/platform/service/sleeptimer/src/sl_sleeptimer.o
 *fill*         0x2000112d        0x1 
 .bss.overflow_counter
                0x2000112e        0x2 ./gecko_sdk_3.2.3/platform/service/sleeptimer/src/sl_sleeptimer.o
 .bss.sleep_on_isr_exit
                0x20001130        0x1 ./gecko_sdk_3.2.3/platform/service/sleeptimer/src/sl_sleeptimer.o
 *fill*         0x20001131        0x3 
 .bss.timer_frequency
                0x20001134        0x4 ./gecko_sdk_3.2.3/platform/service/sleeptimer/src/sl_sleeptimer.o
 .bss.timer_head
                0x20001138        0x4 ./gecko_sdk_3.2.3/platform/service/sleeptimer/src/sl_sleeptimer.o
 .bss.__lock___malloc_recursive_mutex
                0x2000113c        0x1 c:/siliconlabs/simplicitystudio/v5/developer/toolchains/gnu_arm/10.3_2021.10/bin/../lib/gcc/arm-none-eabi/10.3.1/../../../../arm-none-eabi/lib/thumb/v8-m.main+fp/hard\libc_nano.a(lib_a-lock.o)
                0x2000113c                __lock___malloc_recursive_mutex
 .bss.__lock___sfp_recursive_mutex
                0x2000113d        0x1 c:/siliconlabs/simplicitystudio/v5/developer/toolchains/gnu_arm/10.3_2021.10/bin/../lib/gcc/arm-none-eabi/10.3.1/../../../../arm-none-eabi/lib/thumb/v8-m.main+fp/hard\libc_nano.a(lib_a-lock.o)
                0x2000113d                __lock___sfp_recursive_mutex
 .bss.__lock___sinit_recursive_mutex
                0x2000113e        0x1 c:/siliconlabs/simplicitystudio/v5/developer/toolchains/gnu_arm/10.3_2021.10/bin/../lib/gcc/arm-none-eabi/10.3.1/../../../../arm-none-eabi/lib/thumb/v8-m.main+fp/hard\libc_nano.a(lib_a-lock.o)
                0x2000113e                __lock___sinit_recursive_mutex
 *fill*         0x2000113f        0x1 
 .bss.__malloc_free_list
                0x20001140        0x4 c:/siliconlabs/simplicitystudio/v5/developer/toolchains/gnu_arm/10.3_2021.10/bin/../lib/gcc/arm-none-eabi/10.3.1/../../../../arm-none-eabi/lib/thumb/v8-m.main+fp/hard\libc_nano.a(lib_a-nano-mallocr.o)
                0x20001140                __malloc_free_list
 .bss.__malloc_sbrk_start
                0x20001144        0x4 c:/siliconlabs/simplicitystudio/v5/developer/toolchains/gnu_arm/10.3_2021.10/bin/../lib/gcc/arm-none-eabi/10.3.1/../../../../arm-none-eabi/lib/thumb/v8-m.main+fp/hard\libc_nano.a(lib_a-nano-mallocr.o)
                0x20001144                __malloc_sbrk_start
 .bss.errno     0x20001148        0x4 c:/siliconlabs/simplicitystudio/v5/developer/toolchains/gnu_arm/10.3_2021.10/bin/../lib/gcc/arm-none-eabi/10.3.1/../../../../arm-none-eabi/lib/thumb/v8-m.main+fp/hard\libc_nano.a(lib_a-reent.o)
                0x20001148                errno
 *(COMMON)
                0x2000114c                . = ALIGN (0x4)
                0x2000114c                __bss_end__ = .

.heap           0x20001150     0x6eb0
                0x20001150                __HeapBase = .
                0x20001150                __end__ = .
                0x20001150                end = __end__
                0x20001150                _end = __end__
 *(.heap*)
 .heap          0x20001150      0x800 ./gecko_sdk_3.2.3/platform/common/toolchain/src/sl_memory.o
                0x20008000                . = (ORIGIN (RAM) + LENGTH (RAM))
 *fill*         0x20001950     0x66b0 
                0x20008000                __HeapLimit = .
                0x00006eb0                __heap_size = (__HeapLimit - __HeapBase)
                0x0007e000                __main_flash_end__ = 0x7e000

.internal_storage
                0x00004328        0x0
 *(.internal_storage*)

.nvm            0x00004328        0x0
 *(.simee*)
                0x0007e000                linker_nvm_end = __main_flash_end__
                0x0007e000                linker_nvm_begin = (linker_nvm_end - SIZEOF (.nvm))
                0x00000000                linker_nvm_size = SIZEOF (.nvm)
                0x0007e000                linker_storage_end = linker_nvm_begin
                0x0007e000                linker_storage_begin = (linker_storage_end - SIZEOF (.internal_storage))
                0x00000000                linker_storage_size = SIZEOF (.internal_storage)
                0x0007e000                __nvm3Base = linker_nvm_begin
OUTPUT(empty_2.axf elf32-littlearm)
LOAD linker stubs

.ARM.attributes
                0x00000000       0x36
 .ARM.attributes
                0x00000000       0x22 c:/siliconlabs/simplicitystudio/v5/developer/toolchains/gnu_arm/10.3_2021.10/bin/../lib/gcc/arm-none-eabi/10.3.1/thumb/v8-m.main+fp/hard/crti.o
 .ARM.attributes
                0x00000022       0x38 c:/siliconlabs/simplicitystudio/v5/developer/toolchains/gnu_arm/10.3_2021.10/bin/../lib/gcc/arm-none-eabi/10.3.1/thumb/v8-m.main+fp/hard/crtbegin.o
 .ARM.attributes
                0x0000005a       0x20 c:/siliconlabs/simplicitystudio/v5/developer/toolchains/gnu_arm/10.3_2021.10/bin/../lib/gcc/arm-none-eabi/10.3.1/../../../../arm-none-eabi/lib/thumb/v8-m.main+fp/hard/crt0.o
 .ARM.attributes
                0x0000007a       0x3a ./app.o
 .ARM.attributes
                0x000000b4       0x3a ./main.o
 .ARM.attributes
                0x000000ee       0x3a ./autogen/sl_board_default_init.o
 .ARM.attributes
                0x00000128       0x3a ./autogen/sl_device_init_clocks.o
 .ARM.attributes
                0x00000162       0x3a ./autogen/sl_event_handler.o
 .ARM.attributes
                0x0000019c       0x3a ./autogen/sl_iostream_init_usart_instances.o
 .ARM.attributes
                0x000001d6       0x3a ./autogen/sl_simple_led_instances.o
 .ARM.attributes
                0x00000210       0x3a ./gecko_sdk_3.2.3/app/common/util/app_log/app_log.o
 .ARM.attributes
                0x0000024a       0x3a ./gecko_sdk_3.2.3/hardware/board/src/sl_board_init.o
 .ARM.attributes
                0x00000284       0x3a ./gecko_sdk_3.2.3/platform/Device/SiliconLabs/BGM22/Source/GCC/startup_bgm22.o
 .ARM.attributes
                0x000002be       0x3a ./gecko_sdk_3.2.3/platform/Device/SiliconLabs/BGM22/Source/system_bgm22.o
 .ARM.attributes
                0x000002f8       0x3a ./gecko_sdk_3.2.3/platform/common/toolchain/src/sl_memory.o
 .ARM.attributes
                0x00000332       0x3a ./gecko_sdk_3.2.3/platform/driver/leddrv/src/sl_led.o
 .ARM.attributes
                0x0000036c       0x3a ./gecko_sdk_3.2.3/platform/driver/leddrv/src/sl_simple_led.o
 .ARM.attributes
                0x000003a6       0x3a ./gecko_sdk_3.2.3/platform/emlib/src/em_assert.o
 .ARM.attributes
                0x000003e0       0x3a ./gecko_sdk_3.2.3/platform/emlib/src/em_cmu.o
 .ARM.attributes
                0x0000041a       0x3a ./gecko_sdk_3.2.3/platform/emlib/src/em_core.o
 .ARM.attributes
                0x00000454       0x3a ./gecko_sdk_3.2.3/platform/emlib/src/em_emu.o
 .ARM.attributes
                0x0000048e       0x3a ./gecko_sdk_3.2.3/platform/emlib/src/em_gpio.o
 .ARM.attributes
                0x000004c8       0x3a ./gecko_sdk_3.2.3/platform/emlib/src/em_rtcc.o
 .ARM.attributes
                0x00000502       0x3a ./gecko_sdk_3.2.3/platform/emlib/src/em_usart.o
 .ARM.attributes
                0x0000053c       0x3a ./gecko_sdk_3.2.3/platform/service/device_init/src/sl_device_init_dcdc_s2.o
 .ARM.attributes
                0x00000576       0x3a ./gecko_sdk_3.2.3/platform/service/device_init/src/sl_device_init_emu_s2.o
 .ARM.attributes
                0x000005b0       0x3a ./gecko_sdk_3.2.3/platform/service/device_init/src/sl_device_init_hfxo_s2.o
 .ARM.attributes
                0x000005ea       0x3a ./gecko_sdk_3.2.3/platform/service/device_init/src/sl_device_init_lfxo_s2.o
 .ARM.attributes
                0x00000624       0x3a ./gecko_sdk_3.2.3/platform/service/device_init/src/sl_device_init_nvic.o
 .ARM.attributes
                0x0000065e       0x3a ./gecko_sdk_3.2.3/platform/service/iostream/src/sl_iostream.o
 .ARM.attributes
                0x00000698       0x3a ./gecko_sdk_3.2.3/platform/service/iostream/src/sl_iostream_retarget_stdio.o
 .ARM.attributes
                0x000006d2       0x3a ./gecko_sdk_3.2.3/platform/service/iostream/src/sl_iostream_stdlib_config.o
 .ARM.attributes
                0x0000070c       0x3a ./gecko_sdk_3.2.3/platform/service/iostream/src/sl_iostream_uart.o
 .ARM.attributes
                0x00000746       0x3a ./gecko_sdk_3.2.3/platform/service/iostream/src/sl_iostream_usart.o
 .ARM.attributes
                0x00000780       0x3a ./gecko_sdk_3.2.3/platform/service/sleeptimer/src/sl_sleeptimer.o
 .ARM.attributes
                0x000007ba       0x3a ./gecko_sdk_3.2.3/platform/service/sleeptimer/src/sl_sleeptimer_hal_rtcc.o
 .ARM.attributes
                0x000007f4       0x3a ./gecko_sdk_3.2.3/platform/service/system/src/sl_system_init.o
 .ARM.attributes
                0x0000082e       0x3a ./gecko_sdk_3.2.3/platform/service/system/src/sl_system_process_action.o
 .ARM.attributes
                0x00000868       0x22 c:/siliconlabs/simplicitystudio/v5/developer/toolchains/gnu_arm/10.3_2021.10/bin/../lib/gcc/arm-none-eabi/10.3.1/thumb/v8-m.main+fp/hard\libgcc.a(_aeabi_uldivmod.o)
 .ARM.attributes
                0x0000088a       0x38 c:/siliconlabs/simplicitystudio/v5/developer/toolchains/gnu_arm/10.3_2021.10/bin/../lib/gcc/arm-none-eabi/10.3.1/thumb/v8-m.main+fp/hard\libgcc.a(_udivmoddi4.o)
 .ARM.attributes
                0x000008c2       0x22 c:/siliconlabs/simplicitystudio/v5/developer/toolchains/gnu_arm/10.3_2021.10/bin/../lib/gcc/arm-none-eabi/10.3.1/thumb/v8-m.main+fp/hard\libgcc.a(_dvmd_tls.o)
 .ARM.attributes
                0x000008e4       0x38 c:/siliconlabs/simplicitystudio/v5/developer/toolchains/gnu_arm/10.3_2021.10/bin/../lib/gcc/arm-none-eabi/10.3.1/../../../../arm-none-eabi/lib/thumb/v8-m.main+fp/hard\libc_nano.a(lib_a-exit.o)
 .ARM.attributes
                0x0000091c       0x38 c:/siliconlabs/simplicitystudio/v5/developer/toolchains/gnu_arm/10.3_2021.10/bin/../lib/gcc/arm-none-eabi/10.3.1/../../../../arm-none-eabi/lib/thumb/v8-m.main+fp/hard\libc_nano.a(lib_a-impure.o)
 .ARM.attributes
                0x00000954       0x38 c:/siliconlabs/simplicitystudio/v5/developer/toolchains/gnu_arm/10.3_2021.10/bin/../lib/gcc/arm-none-eabi/10.3.1/../../../../arm-none-eabi/lib/thumb/v8-m.main+fp/hard\libc_nano.a(lib_a-init.o)
 .ARM.attributes
                0x0000098c       0x38 c:/siliconlabs/simplicitystudio/v5/developer/toolchains/gnu_arm/10.3_2021.10/bin/../lib/gcc/arm-none-eabi/10.3.1/../../../../arm-none-eabi/lib/thumb/v8-m.main+fp/hard\libc_nano.a(lib_a-memset.o)
 .ARM.attributes
                0x000009c4       0x38 c:/siliconlabs/simplicitystudio/v5/developer/toolchains/gnu_arm/10.3_2021.10/bin/../lib/gcc/arm-none-eabi/10.3.1/../../../../arm-none-eabi/lib/thumb/v8-m.main+fp/hard\libc_nano.a(lib_a-setvbuf.o)
 .ARM.attributes
                0x000009fc       0x38 c:/siliconlabs/simplicitystudio/v5/developer/toolchains/gnu_arm/10.3_2021.10/bin/../lib/gcc/arm-none-eabi/10.3.1/../../../../arm-none-eabi/lib/thumb/v8-m.main+fp/hard\libc_nano.a(lib_a-vprintf.o)
 .ARM.attributes
                0x00000a34       0x38 c:/siliconlabs/simplicitystudio/v5/developer/toolchains/gnu_arm/10.3_2021.10/bin/../lib/gcc/arm-none-eabi/10.3.1/../../../../arm-none-eabi/lib/thumb/v8-m.main+fp/hard\libc_nano.a(lib_a-fflush.o)
 .ARM.attributes
                0x00000a6c       0x38 c:/siliconlabs/simplicitystudio/v5/developer/toolchains/gnu_arm/10.3_2021.10/bin/../lib/gcc/arm-none-eabi/10.3.1/../../../../arm-none-eabi/lib/thumb/v8-m.main+fp/hard\libc_nano.a(lib_a-findfp.o)
 .ARM.attributes
                0x00000aa4       0x38 c:/siliconlabs/simplicitystudio/v5/developer/toolchains/gnu_arm/10.3_2021.10/bin/../lib/gcc/arm-none-eabi/10.3.1/../../../../arm-none-eabi/lib/thumb/v8-m.main+fp/hard\libc_nano.a(lib_a-fwalk.o)
 .ARM.attributes
                0x00000adc       0x38 c:/siliconlabs/simplicitystudio/v5/developer/toolchains/gnu_arm/10.3_2021.10/bin/../lib/gcc/arm-none-eabi/10.3.1/../../../../arm-none-eabi/lib/thumb/v8-m.main+fp/hard\libc_nano.a(lib_a-lock.o)
 .ARM.attributes
                0x00000b14       0x38 c:/siliconlabs/simplicitystudio/v5/developer/toolchains/gnu_arm/10.3_2021.10/bin/../lib/gcc/arm-none-eabi/10.3.1/../../../../arm-none-eabi/lib/thumb/v8-m.main+fp/hard\libc_nano.a(lib_a-makebuf.o)
 .ARM.attributes
                0x00000b4c       0x38 c:/siliconlabs/simplicitystudio/v5/developer/toolchains/gnu_arm/10.3_2021.10/bin/../lib/gcc/arm-none-eabi/10.3.1/../../../../arm-none-eabi/lib/thumb/v8-m.main+fp/hard\libc_nano.a(lib_a-malloc.o)
 .ARM.attributes
                0x00000b84       0x38 c:/siliconlabs/simplicitystudio/v5/developer/toolchains/gnu_arm/10.3_2021.10/bin/../lib/gcc/arm-none-eabi/10.3.1/../../../../arm-none-eabi/lib/thumb/v8-m.main+fp/hard\libc_nano.a(lib_a-nano-freer.o)
 .ARM.attributes
                0x00000bbc       0x38 c:/siliconlabs/simplicitystudio/v5/developer/toolchains/gnu_arm/10.3_2021.10/bin/../lib/gcc/arm-none-eabi/10.3.1/../../../../arm-none-eabi/lib/thumb/v8-m.main+fp/hard\libc_nano.a(lib_a-nano-mallocr.o)
 .ARM.attributes
                0x00000bf4       0x38 c:/siliconlabs/simplicitystudio/v5/developer/toolchains/gnu_arm/10.3_2021.10/bin/../lib/gcc/arm-none-eabi/10.3.1/../../../../arm-none-eabi/lib/thumb/v8-m.main+fp/hard\libc_nano.a(lib_a-nano-vfprintf.o)
 .ARM.attributes
                0x00000c2c       0x38 c:/siliconlabs/simplicitystudio/v5/developer/toolchains/gnu_arm/10.3_2021.10/bin/../lib/gcc/arm-none-eabi/10.3.1/../../../../arm-none-eabi/lib/thumb/v8-m.main+fp/hard\libc_nano.a(lib_a-nano-vfprintf_i.o)
 .ARM.attributes
                0x00000c64       0x38 c:/siliconlabs/simplicitystudio/v5/developer/toolchains/gnu_arm/10.3_2021.10/bin/../lib/gcc/arm-none-eabi/10.3.1/../../../../arm-none-eabi/lib/thumb/v8-m.main+fp/hard\libc_nano.a(lib_a-sbrkr.o)
 .ARM.attributes
                0x00000c9c       0x38 c:/siliconlabs/simplicitystudio/v5/developer/toolchains/gnu_arm/10.3_2021.10/bin/../lib/gcc/arm-none-eabi/10.3.1/../../../../arm-none-eabi/lib/thumb/v8-m.main+fp/hard\libc_nano.a(lib_a-stdio.o)
 .ARM.attributes
                0x00000cd4       0x38 c:/siliconlabs/simplicitystudio/v5/developer/toolchains/gnu_arm/10.3_2021.10/bin/../lib/gcc/arm-none-eabi/10.3.1/../../../../arm-none-eabi/lib/thumb/v8-m.main+fp/hard\libc_nano.a(lib_a-wbuf.o)
 .ARM.attributes
                0x00000d0c       0x38 c:/siliconlabs/simplicitystudio/v5/developer/toolchains/gnu_arm/10.3_2021.10/bin/../lib/gcc/arm-none-eabi/10.3.1/../../../../arm-none-eabi/lib/thumb/v8-m.main+fp/hard\libc_nano.a(lib_a-writer.o)
 .ARM.attributes
                0x00000d44       0x38 c:/siliconlabs/simplicitystudio/v5/developer/toolchains/gnu_arm/10.3_2021.10/bin/../lib/gcc/arm-none-eabi/10.3.1/../../../../arm-none-eabi/lib/thumb/v8-m.main+fp/hard\libc_nano.a(lib_a-wsetup.o)
 .ARM.attributes
                0x00000d7c       0x38 c:/siliconlabs/simplicitystudio/v5/developer/toolchains/gnu_arm/10.3_2021.10/bin/../lib/gcc/arm-none-eabi/10.3.1/../../../../arm-none-eabi/lib/thumb/v8-m.main+fp/hard\libc_nano.a(lib_a-closer.o)
 .ARM.attributes
                0x00000db4       0x38 c:/siliconlabs/simplicitystudio/v5/developer/toolchains/gnu_arm/10.3_2021.10/bin/../lib/gcc/arm-none-eabi/10.3.1/../../../../arm-none-eabi/lib/thumb/v8-m.main+fp/hard\libc_nano.a(lib_a-fstatr.o)
 .ARM.attributes
                0x00000dec       0x38 c:/siliconlabs/simplicitystudio/v5/developer/toolchains/gnu_arm/10.3_2021.10/bin/../lib/gcc/arm-none-eabi/10.3.1/../../../../arm-none-eabi/lib/thumb/v8-m.main+fp/hard\libc_nano.a(lib_a-isattyr.o)
 .ARM.attributes
                0x00000e24       0x38 c:/siliconlabs/simplicitystudio/v5/developer/toolchains/gnu_arm/10.3_2021.10/bin/../lib/gcc/arm-none-eabi/10.3.1/../../../../arm-none-eabi/lib/thumb/v8-m.main+fp/hard\libc_nano.a(lib_a-lseekr.o)
 .ARM.attributes
                0x00000e5c       0x38 c:/siliconlabs/simplicitystudio/v5/developer/toolchains/gnu_arm/10.3_2021.10/bin/../lib/gcc/arm-none-eabi/10.3.1/../../../../arm-none-eabi/lib/thumb/v8-m.main+fp/hard\libc_nano.a(lib_a-memchr-stub.o)
 .ARM.attributes
                0x00000e94       0x38 c:/siliconlabs/simplicitystudio/v5/developer/toolchains/gnu_arm/10.3_2021.10/bin/../lib/gcc/arm-none-eabi/10.3.1/../../../../arm-none-eabi/lib/thumb/v8-m.main+fp/hard\libc_nano.a(lib_a-mlock.o)
 .ARM.attributes
                0x00000ecc       0x38 c:/siliconlabs/simplicitystudio/v5/developer/toolchains/gnu_arm/10.3_2021.10/bin/../lib/gcc/arm-none-eabi/10.3.1/../../../../arm-none-eabi/lib/thumb/v8-m.main+fp/hard\libc_nano.a(lib_a-readr.o)
 .ARM.attributes
                0x00000f04       0x38 c:/siliconlabs/simplicitystudio/v5/developer/toolchains/gnu_arm/10.3_2021.10/bin/../lib/gcc/arm-none-eabi/10.3.1/../../../../arm-none-eabi/lib/thumb/v8-m.main+fp/hard\libc_nano.a(lib_a-reent.o)
 .ARM.attributes
                0x00000f3c       0x22 c:/siliconlabs/simplicitystudio/v5/developer/toolchains/gnu_arm/10.3_2021.10/bin/../lib/gcc/arm-none-eabi/10.3.1/thumb/v8-m.main+fp/hard/crtn.o

.comment        0x00000000       0x49
 .comment       0x00000000       0x49 ./app.o
                                 0x4a (size before relaxing)
 .comment       0x00000049       0x4a ./main.o
 .comment       0x00000049       0x4a ./autogen/sl_board_default_init.o
 .comment       0x00000049       0x4a ./autogen/sl_device_init_clocks.o
 .comment       0x00000049       0x4a ./autogen/sl_event_handler.o
 .comment       0x00000049       0x4a ./autogen/sl_iostream_init_usart_instances.o
 .comment       0x00000049       0x4a ./autogen/sl_simple_led_instances.o
 .comment       0x00000049       0x4a ./gecko_sdk_3.2.3/app/common/util/app_log/app_log.o
 .comment       0x00000049       0x4a ./gecko_sdk_3.2.3/hardware/board/src/sl_board_init.o
 .comment       0x00000049       0x4a ./gecko_sdk_3.2.3/platform/Device/SiliconLabs/BGM22/Source/GCC/startup_bgm22.o
 .comment       0x00000049       0x4a ./gecko_sdk_3.2.3/platform/Device/SiliconLabs/BGM22/Source/system_bgm22.o
 .comment       0x00000049       0x4a ./gecko_sdk_3.2.3/platform/common/toolchain/src/sl_memory.o
 .comment       0x00000049       0x4a ./gecko_sdk_3.2.3/platform/driver/leddrv/src/sl_led.o
 .comment       0x00000049       0x4a ./gecko_sdk_3.2.3/platform/driver/leddrv/src/sl_simple_led.o
 .comment       0x00000049       0x4a ./gecko_sdk_3.2.3/platform/emlib/src/em_assert.o
 .comment       0x00000049       0x4a ./gecko_sdk_3.2.3/platform/emlib/src/em_cmu.o
 .comment       0x00000049       0x4a ./gecko_sdk_3.2.3/platform/emlib/src/em_core.o
 .comment       0x00000049       0x4a ./gecko_sdk_3.2.3/platform/emlib/src/em_emu.o
 .comment       0x00000049       0x4a ./gecko_sdk_3.2.3/platform/emlib/src/em_gpio.o
 .comment       0x00000049       0x4a ./gecko_sdk_3.2.3/platform/emlib/src/em_rtcc.o
 .comment       0x00000049       0x4a ./gecko_sdk_3.2.3/platform/emlib/src/em_usart.o
 .comment       0x00000049       0x4a ./gecko_sdk_3.2.3/platform/service/device_init/src/sl_device_init_dcdc_s2.o
 .comment       0x00000049       0x4a ./gecko_sdk_3.2.3/platform/service/device_init/src/sl_device_init_emu_s2.o
 .comment       0x00000049       0x4a ./gecko_sdk_3.2.3/platform/service/device_init/src/sl_device_init_hfxo_s2.o
 .comment       0x00000049       0x4a ./gecko_sdk_3.2.3/platform/service/device_init/src/sl_device_init_lfxo_s2.o
 .comment       0x00000049       0x4a ./gecko_sdk_3.2.3/platform/service/device_init/src/sl_device_init_nvic.o
 .comment       0x00000049       0x4a ./gecko_sdk_3.2.3/platform/service/iostream/src/sl_iostream.o
 .comment       0x00000049       0x4a ./gecko_sdk_3.2.3/platform/service/iostream/src/sl_iostream_retarget_stdio.o
 .comment       0x00000049       0x4a ./gecko_sdk_3.2.3/platform/service/iostream/src/sl_iostream_stdlib_config.o
 .comment       0x00000049       0x4a ./gecko_sdk_3.2.3/platform/service/iostream/src/sl_iostream_uart.o
 .comment       0x00000049       0x4a ./gecko_sdk_3.2.3/platform/service/iostream/src/sl_iostream_usart.o
 .comment       0x00000049       0x4a ./gecko_sdk_3.2.3/platform/service/sleeptimer/src/sl_sleeptimer.o
 .comment       0x00000049       0x4a ./gecko_sdk_3.2.3/platform/service/sleeptimer/src/sl_sleeptimer_hal_rtcc.o
 .comment       0x00000049       0x4a ./gecko_sdk_3.2.3/platform/service/system/src/sl_system_init.o
 .comment       0x00000049       0x4a ./gecko_sdk_3.2.3/platform/service/system/src/sl_system_process_action.o

.debug_info     0x00000000    0x25981
 .debug_info    0x00000000     0x18b3 ./app.o
 .debug_info    0x000018b3       0xad ./main.o
 .debug_info    0x00001960       0x86 ./autogen/sl_board_default_init.o
 .debug_info    0x000019e6      0x383 ./autogen/sl_device_init_clocks.o
 .debug_info    0x00001d69     0x131c ./autogen/sl_event_handler.o
 .debug_info    0x00003085     0x143a ./autogen/sl_iostream_init_usart_instances.o
 .debug_info    0x000044bf      0x27e ./autogen/sl_simple_led_instances.o
 .debug_info    0x0000473d      0x5b6 ./gecko_sdk_3.2.3/app/common/util/app_log/app_log.o
 .debug_info    0x00004cf3      0x279 ./gecko_sdk_3.2.3/hardware/board/src/sl_board_init.o
 .debug_info    0x00004f6c      0x21b ./gecko_sdk_3.2.3/platform/Device/SiliconLabs/BGM22/Source/GCC/startup_bgm22.o
 .debug_info    0x00005187     0x136c ./gecko_sdk_3.2.3/platform/Device/SiliconLabs/BGM22/Source/system_bgm22.o
 .debug_info    0x000064f3      0x205 ./gecko_sdk_3.2.3/platform/common/toolchain/src/sl_memory.o
 .debug_info    0x000066f8      0x25e ./gecko_sdk_3.2.3/platform/driver/leddrv/src/sl_led.o
 .debug_info    0x00006956     0x1827 ./gecko_sdk_3.2.3/platform/driver/leddrv/src/sl_simple_led.o
 .debug_info    0x0000817d       0x86 ./gecko_sdk_3.2.3/platform/emlib/src/em_assert.o
 .debug_info    0x00008203     0x72e3 ./gecko_sdk_3.2.3/platform/emlib/src/em_cmu.o
 .debug_info    0x0000f4e6     0x13dc ./gecko_sdk_3.2.3/platform/emlib/src/em_core.o
 .debug_info    0x000108c2     0x39e7 ./gecko_sdk_3.2.3/platform/emlib/src/em_emu.o
 .debug_info    0x000142a9     0x204c ./gecko_sdk_3.2.3/platform/emlib/src/em_gpio.o
 .debug_info    0x000162f5     0x1f14 ./gecko_sdk_3.2.3/platform/emlib/src/em_rtcc.o
 .debug_info    0x00018209     0x4010 ./gecko_sdk_3.2.3/platform/emlib/src/em_usart.o
 .debug_info    0x0001c219      0x2a9 ./gecko_sdk_3.2.3/platform/service/device_init/src/sl_device_init_dcdc_s2.o
 .debug_info    0x0001c4c2      0x9a7 ./gecko_sdk_3.2.3/platform/service/device_init/src/sl_device_init_emu_s2.o
 .debug_info    0x0001ce69      0x82c ./gecko_sdk_3.2.3/platform/service/device_init/src/sl_device_init_hfxo_s2.o
 .debug_info    0x0001d695      0x269 ./gecko_sdk_3.2.3/platform/service/device_init/src/sl_device_init_lfxo_s2.o
 .debug_info    0x0001d8fe      0x88e ./gecko_sdk_3.2.3/platform/service/device_init/src/sl_device_init_nvic.o
 .debug_info    0x0001e18c      0x561 ./gecko_sdk_3.2.3/platform/service/iostream/src/sl_iostream.o
 .debug_info    0x0001e6ed      0x5b7 ./gecko_sdk_3.2.3/platform/service/iostream/src/sl_iostream_retarget_stdio.o
 .debug_info    0x0001eca4      0xa21 ./gecko_sdk_3.2.3/platform/service/iostream/src/sl_iostream_stdlib_config.o
 .debug_info    0x0001f6c5      0xf25 ./gecko_sdk_3.2.3/platform/service/iostream/src/sl_iostream_uart.o
 .debug_info    0x000205ea     0x28b3 ./gecko_sdk_3.2.3/platform/service/iostream/src/sl_iostream_usart.o
 .debug_info    0x00022e9d     0x1525 ./gecko_sdk_3.2.3/platform/service/sleeptimer/src/sl_sleeptimer.o
 .debug_info    0x000243c2     0x1462 ./gecko_sdk_3.2.3/platform/service/sleeptimer/src/sl_sleeptimer_hal_rtcc.o
 .debug_info    0x00025824       0xba ./gecko_sdk_3.2.3/platform/service/system/src/sl_system_init.o
 .debug_info    0x000258de       0xa3 ./gecko_sdk_3.2.3/platform/service/system/src/sl_system_process_action.o

.debug_abbrev   0x00000000     0x47a6
 .debug_abbrev  0x00000000      0x2b1 ./app.o
 .debug_abbrev  0x000002b1       0x5e ./main.o
 .debug_abbrev  0x0000030f       0x46 ./autogen/sl_board_default_init.o
 .debug_abbrev  0x00000355       0xd8 ./autogen/sl_device_init_clocks.o
 .debug_abbrev  0x0000042d      0x1ce ./autogen/sl_event_handler.o
 .debug_abbrev  0x000005fb      0x22b ./autogen/sl_iostream_init_usart_instances.o
 .debug_abbrev  0x00000826      0x138 ./autogen/sl_simple_led_instances.o
 .debug_abbrev  0x0000095e      0x282 ./gecko_sdk_3.2.3/app/common/util/app_log/app_log.o
 .debug_abbrev  0x00000be0       0xe6 ./gecko_sdk_3.2.3/hardware/board/src/sl_board_init.o
 .debug_abbrev  0x00000cc6      0x145 ./gecko_sdk_3.2.3/platform/Device/SiliconLabs/BGM22/Source/GCC/startup_bgm22.o
 .debug_abbrev  0x00000e0b      0x271 ./gecko_sdk_3.2.3/platform/Device/SiliconLabs/BGM22/Source/system_bgm22.o
 .debug_abbrev  0x0000107c      0x11e ./gecko_sdk_3.2.3/platform/common/toolchain/src/sl_memory.o
 .debug_abbrev  0x0000119a       0xfd ./gecko_sdk_3.2.3/platform/driver/leddrv/src/sl_led.o
 .debug_abbrev  0x00001297      0x2eb ./gecko_sdk_3.2.3/platform/driver/leddrv/src/sl_simple_led.o
 .debug_abbrev  0x00001582       0x6c ./gecko_sdk_3.2.3/platform/emlib/src/em_assert.o
 .debug_abbrev  0x000015ee      0x502 ./gecko_sdk_3.2.3/platform/emlib/src/em_cmu.o
 .debug_abbrev  0x00001af0      0x313 ./gecko_sdk_3.2.3/platform/emlib/src/em_core.o
 .debug_abbrev  0x00001e03      0x4bf ./gecko_sdk_3.2.3/platform/emlib/src/em_emu.o
 .debug_abbrev  0x000022c2      0x318 ./gecko_sdk_3.2.3/platform/emlib/src/em_gpio.o
 .debug_abbrev  0x000025da      0x260 ./gecko_sdk_3.2.3/platform/emlib/src/em_rtcc.o
 .debug_abbrev  0x0000283a      0x321 ./gecko_sdk_3.2.3/platform/emlib/src/em_usart.o
 .debug_abbrev  0x00002b5b       0xe0 ./gecko_sdk_3.2.3/platform/service/device_init/src/sl_device_init_dcdc_s2.o
 .debug_abbrev  0x00002c3b      0x13a ./gecko_sdk_3.2.3/platform/service/device_init/src/sl_device_init_emu_s2.o
 .debug_abbrev  0x00002d75      0x16f ./gecko_sdk_3.2.3/platform/service/device_init/src/sl_device_init_hfxo_s2.o
 .debug_abbrev  0x00002ee4       0xed ./gecko_sdk_3.2.3/platform/service/device_init/src/sl_device_init_lfxo_s2.o
 .debug_abbrev  0x00002fd1      0x144 ./gecko_sdk_3.2.3/platform/service/device_init/src/sl_device_init_nvic.o
 .debug_abbrev  0x00003115      0x237 ./gecko_sdk_3.2.3/platform/service/iostream/src/sl_iostream.o
 .debug_abbrev  0x0000334c      0x198 ./gecko_sdk_3.2.3/platform/service/iostream/src/sl_iostream_retarget_stdio.o
 .debug_abbrev  0x000034e4      0x1cc ./gecko_sdk_3.2.3/platform/service/iostream/src/sl_iostream_stdlib_config.o
 .debug_abbrev  0x000036b0      0x4c8 ./gecko_sdk_3.2.3/platform/service/iostream/src/sl_iostream_uart.o
 .debug_abbrev  0x00003b78      0x382 ./gecko_sdk_3.2.3/platform/service/iostream/src/sl_iostream_usart.o
 .debug_abbrev  0x00003efa      0x3e0 ./gecko_sdk_3.2.3/platform/service/sleeptimer/src/sl_sleeptimer.o
 .debug_abbrev  0x000042da      0x40e ./gecko_sdk_3.2.3/platform/service/sleeptimer/src/sl_sleeptimer_hal_rtcc.o
 .debug_abbrev  0x000046e8       0x5f ./gecko_sdk_3.2.3/platform/service/system/src/sl_system_init.o
 .debug_abbrev  0x00004747       0x5f ./gecko_sdk_3.2.3/platform/service/system/src/sl_system_process_action.o

.debug_loc      0x00000000     0x919e
 .debug_loc     0x00000000      0x1f8 ./app.o
 .debug_loc     0x000001f8       0x20 ./main.o
 .debug_loc     0x00000218       0x20 ./autogen/sl_device_init_clocks.o
 .debug_loc     0x00000238       0x75 ./autogen/sl_event_handler.o
 .debug_loc     0x000002ad       0x68 ./autogen/sl_iostream_init_usart_instances.o
 .debug_loc     0x00000315      0x29f ./gecko_sdk_3.2.3/app/common/util/app_log/app_log.o
 .debug_loc     0x000005b4       0x2c ./gecko_sdk_3.2.3/hardware/board/src/sl_board_init.o
 .debug_loc     0x000005e0       0x9c ./gecko_sdk_3.2.3/platform/Device/SiliconLabs/BGM22/Source/GCC/startup_bgm22.o
 .debug_loc     0x0000067c       0xc5 ./gecko_sdk_3.2.3/platform/Device/SiliconLabs/BGM22/Source/system_bgm22.o
 .debug_loc     0x00000741       0x9c ./gecko_sdk_3.2.3/platform/common/toolchain/src/sl_memory.o
 .debug_loc     0x000007dd       0xb9 ./gecko_sdk_3.2.3/platform/driver/leddrv/src/sl_led.o
 .debug_loc     0x00000896      0x3e8 ./gecko_sdk_3.2.3/platform/driver/leddrv/src/sl_simple_led.o
 .debug_loc     0x00000c7e       0x2a ./gecko_sdk_3.2.3/platform/emlib/src/em_assert.o
 .debug_loc     0x00000ca8     0x30d9 ./gecko_sdk_3.2.3/platform/emlib/src/em_cmu.o
 .debug_loc     0x00003d81      0x8ae ./gecko_sdk_3.2.3/platform/emlib/src/em_core.o
 .debug_loc     0x0000462f      0x7d0 ./gecko_sdk_3.2.3/platform/emlib/src/em_emu.o
 .debug_loc     0x00004dff      0x8f1 ./gecko_sdk_3.2.3/platform/emlib/src/em_gpio.o
 .debug_loc     0x000056f0      0x16e ./gecko_sdk_3.2.3/platform/emlib/src/em_rtcc.o
 .debug_loc     0x0000585e      0xa2e ./gecko_sdk_3.2.3/platform/emlib/src/em_usart.o
 .debug_loc     0x0000628c       0x2c ./gecko_sdk_3.2.3/platform/service/device_init/src/sl_device_init_dcdc_s2.o
 .debug_loc     0x000062b8       0x2c ./gecko_sdk_3.2.3/platform/service/device_init/src/sl_device_init_emu_s2.o
 .debug_loc     0x000062e4       0xba ./gecko_sdk_3.2.3/platform/service/device_init/src/sl_device_init_hfxo_s2.o
 .debug_loc     0x0000639e       0x2c ./gecko_sdk_3.2.3/platform/service/device_init/src/sl_device_init_lfxo_s2.o
 .debug_loc     0x000063ca       0x6f ./gecko_sdk_3.2.3/platform/service/device_init/src/sl_device_init_nvic.o
 .debug_loc     0x00006439      0x58d ./gecko_sdk_3.2.3/platform/service/iostream/src/sl_iostream.o