Archive member included to satisfy reference by file (symbol)

c:/siliconlabs/simplicitystudio/v5/developer/toolchains/gnu_arm/10.3_2021.10/bin/../lib/gcc/arm-none-eabi/10.3.1/thumb/v8-m.main+fp/hard\libgcc.a(_aeabi_ldivmod.o)
                              ./gecko_sdk_3.2.3/platform/emlib/src/em_usart.o (__aeabi_ldivmod)
c:/siliconlabs/simplicitystudio/v5/developer/toolchains/gnu_arm/10.3_2021.10/bin/../lib/gcc/arm-none-eabi/10.3.1/thumb/v8-m.main+fp/hard\libgcc.a(_aeabi_uldivmod.o)
                              ./gecko_sdk_3.2.3/platform/emlib/src/em_usart.o (__aeabi_uldivmod)
c:/siliconlabs/simplicitystudio/v5/developer/toolchains/gnu_arm/10.3_2021.10/bin/../lib/gcc/arm-none-eabi/10.3.1/thumb/v8-m.main+fp/hard\libgcc.a(_udivmoddi4.o)
                              c:/siliconlabs/simplicitystudio/v5/developer/toolchains/gnu_arm/10.3_2021.10/bin/../lib/gcc/arm-none-eabi/10.3.1/thumb/v8-m.main+fp/hard\libgcc.a(_aeabi_ldivmod.o) (__udivmoddi4)
c:/siliconlabs/simplicitystudio/v5/developer/toolchains/gnu_arm/10.3_2021.10/bin/../lib/gcc/arm-none-eabi/10.3.1/thumb/v8-m.main+fp/hard\libgcc.a(_dvmd_tls.o)
                              c:/siliconlabs/simplicitystudio/v5/developer/toolchains/gnu_arm/10.3_2021.10/bin/../lib/gcc/arm-none-eabi/10.3.1/thumb/v8-m.main+fp/hard\libgcc.a(_aeabi_ldivmod.o) (__aeabi_ldiv0)
c:/siliconlabs/simplicitystudio/v5/developer/toolchains/gnu_arm/10.3_2021.10/bin/../lib/gcc/arm-none-eabi/10.3.1/../../../../arm-none-eabi/lib/thumb/v8-m.main+fp/hard\libc_nano.a(lib_a-exit.o)
                              c:/siliconlabs/simplicitystudio/v5/developer/toolchains/gnu_arm/10.3_2021.10/bin/../lib/gcc/arm-none-eabi/10.3.1/../../../../arm-none-eabi/lib/thumb/v8-m.main+fp/hard/crt0.o (exit)
c:/siliconlabs/simplicitystudio/v5/developer/toolchains/gnu_arm/10.3_2021.10/bin/../lib/gcc/arm-none-eabi/10.3.1/../../../../arm-none-eabi/lib/thumb/v8-m.main+fp/hard\libc_nano.a(lib_a-impure.o)
                              c:/siliconlabs/simplicitystudio/v5/developer/toolchains/gnu_arm/10.3_2021.10/bin/../lib/gcc/arm-none-eabi/10.3.1/../../../../arm-none-eabi/lib/thumb/v8-m.main+fp/hard\libc_nano.a(lib_a-exit.o) (_global_impure_ptr)
c:/siliconlabs/simplicitystudio/v5/developer/toolchains/gnu_arm/10.3_2021.10/bin/../lib/gcc/arm-none-eabi/10.3.1/../../../../arm-none-eabi/lib/thumb/v8-m.main+fp/hard\libc_nano.a(lib_a-init.o)
                              c:/siliconlabs/simplicitystudio/v5/developer/toolchains/gnu_arm/10.3_2021.10/bin/../lib/gcc/arm-none-eabi/10.3.1/../../../../arm-none-eabi/lib/thumb/v8-m.main+fp/hard/crt0.o (__libc_init_array)
c:/siliconlabs/simplicitystudio/v5/developer/toolchains/gnu_arm/10.3_2021.10/bin/../lib/gcc/arm-none-eabi/10.3.1/../../../../arm-none-eabi/lib/thumb/v8-m.main+fp/hard\libc_nano.a(lib_a-memset.o)
                              c:/siliconlabs/simplicitystudio/v5/developer/toolchains/gnu_arm/10.3_2021.10/bin/../lib/gcc/arm-none-eabi/10.3.1/../../../../arm-none-eabi/lib/thumb/v8-m.main+fp/hard/crt0.o (memset)
c:/siliconlabs/simplicitystudio/v5/developer/toolchains/gnu_arm/10.3_2021.10/bin/../lib/gcc/arm-none-eabi/10.3.1/../../../../arm-none-eabi/lib/thumb/v8-m.main+fp/hard\libnosys.a(_exit.o)
                              c:/siliconlabs/simplicitystudio/v5/developer/toolchains/gnu_arm/10.3_2021.10/bin/../lib/gcc/arm-none-eabi/10.3.1/../../../../arm-none-eabi/lib/thumb/v8-m.main+fp/hard\libc_nano.a(lib_a-exit.o) (_exit)

Discarded input sections

 .text          0x00000000        0x0 c:/siliconlabs/simplicitystudio/v5/developer/toolchains/gnu_arm/10.3_2021.10/bin/../lib/gcc/arm-none-eabi/10.3.1/thumb/v8-m.main+fp/hard/crti.o
 .data          0x00000000        0x0 c:/siliconlabs/simplicitystudio/v5/developer/toolchains/gnu_arm/10.3_2021.10/bin/../lib/gcc/arm-none-eabi/10.3.1/thumb/v8-m.main+fp/hard/crti.o
 .bss           0x00000000        0x0 c:/siliconlabs/simplicitystudio/v5/developer/toolchains/gnu_arm/10.3_2021.10/bin/../lib/gcc/arm-none-eabi/10.3.1/thumb/v8-m.main+fp/hard/crti.o
 .data          0x00000000        0x4 c:/siliconlabs/simplicitystudio/v5/developer/toolchains/gnu_arm/10.3_2021.10/bin/../lib/gcc/arm-none-eabi/10.3.1/thumb/v8-m.main+fp/hard/crtbegin.o
 .rodata        0x00000000       0x24 c:/siliconlabs/simplicitystudio/v5/developer/toolchains/gnu_arm/10.3_2021.10/bin/../lib/gcc/arm-none-eabi/10.3.1/thumb/v8-m.main+fp/hard/crtbegin.o
 .data          0x00000000        0x0 c:/siliconlabs/simplicitystudio/v5/developer/toolchains/gnu_arm/10.3_2021.10/bin/../lib/gcc/arm-none-eabi/10.3.1/../../../../arm-none-eabi/lib/thumb/v8-m.main+fp/hard/crt0.o
 .bss           0x00000000        0x0 c:/siliconlabs/simplicitystudio/v5/developer/toolchains/gnu_arm/10.3_2021.10/bin/../lib/gcc/arm-none-eabi/10.3.1/../../../../arm-none-eabi/lib/thumb/v8-m.main+fp/hard/crt0.o
 .ARM.extab     0x00000000        0x0 c:/siliconlabs/simplicitystudio/v5/developer/toolchains/gnu_arm/10.3_2021.10/bin/../lib/gcc/arm-none-eabi/10.3.1/../../../../arm-none-eabi/lib/thumb/v8-m.main+fp/hard/crt0.o
[...]
Memory Configuration

Name             Origin             Length             Attributes
FLASH            0x00000000         0x0007e000         xr
RAM              0x20000000         0x00008000         xrw
*default*        0x00000000         0xffffffff

Linker script and memory map

LOAD c:/siliconlabs/simplicitystudio/v5/developer/toolchains/gnu_arm/10.3_2021.10/bin/../lib/gcc/arm-none-eabi/10.3.1/thumb/v8-m.main+fp/hard/crti.o
LOAD c:/siliconlabs/simplicitystudio/v5/developer/toolchains/gnu_arm/10.3_2021.10/bin/../lib/gcc/arm-none-eabi/10.3.1/thumb/v8-m.main+fp/hard/crtbegin.o
LOAD c:/siliconlabs/simplicitystudio/v5/developer/toolchains/gnu_arm/10.3_2021.10/bin/../lib/gcc/arm-none-eabi/10.3.1/../../../../arm-none-eabi/lib/thumb/v8-m.main+fp/hard/crt0.o
START GROUP
LOAD ./app.o
LOAD ./main.o
LOAD ./st7735.o
LOAD ./st7735_spi.o
LOAD ./autogen/sl_board_default_init.o
LOAD ./autogen/sl_device_init_clocks.o
LOAD ./autogen/sl_event_handler.o
LOAD ./autogen/sl_simple_button_instances.o
LOAD ./autogen/sl_spidrv_init.o
LOAD ./gecko_sdk_3.2.3/hardware/board/src/sl_board_control_gpio.o
LOAD ./gecko_sdk_3.2.3/hardware/board/src/sl_board_init.o
LOAD ./gecko_sdk_3.2.3/platform/Device/SiliconLabs/BGM22/Source/GCC/startup_bgm22.o
LOAD ./gecko_sdk_3.2.3/platform/Device/SiliconLabs/BGM22/Source/system_bgm22.o
LOAD ./gecko_sdk_3.2.3/platform/common/src/sl_slist.o
LOAD ./gecko_sdk_3.2.3/platform/common/toolchain/src/sl_memory.o
LOAD ./gecko_sdk_3.2.3/platform/driver/button/src/sl_button.o
LOAD ./gecko_sdk_3.2.3/platform/driver/button/src/sl_simple_button.o
LOAD ./gecko_sdk_3.2.3/platform/emdrv/dmadrv/src/dmadrv.o
LOAD ./gecko_sdk_3.2.3/platform/emdrv/gpiointerrupt/src/gpiointerrupt.o
LOAD ./gecko_sdk_3.2.3/platform/emdrv/spidrv/src/spidrv.o
LOAD ./gecko_sdk_3.2.3/platform/emlib/src/em_assert.o
LOAD ./gecko_sdk_3.2.3/platform/emlib/src/em_burtc.o
LOAD ./gecko_sdk_3.2.3/platform/emlib/src/em_cmu.o
LOAD ./gecko_sdk_3.2.3/platform/emlib/src/em_core.o
LOAD ./gecko_sdk_3.2.3/platform/emlib/src/em_emu.o
LOAD ./gecko_sdk_3.2.3/platform/emlib/src/em_gpio.o
LOAD ./gecko_sdk_3.2.3/platform/emlib/src/em_ldma.o
LOAD ./gecko_sdk_3.2.3/platform/emlib/src/em_rtcc.o
LOAD ./gecko_sdk_3.2.3/platform/emlib/src/em_system.o
LOAD ./gecko_sdk_3.2.3/platform/emlib/src/em_usart.o
LOAD ./gecko_sdk_3.2.3/platform/service/device_init/src/sl_device_init_dcdc_s2.o
LOAD ./gecko_sdk_3.2.3/platform/service/device_init/src/sl_device_init_emu_s2.o
LOAD ./gecko_sdk_3.2.3/platform/service/device_init/src/sl_device_init_hfxo_s2.o
LOAD ./gecko_sdk_3.2.3/platform/service/device_init/src/sl_device_init_lfxo_s2.o
LOAD ./gecko_sdk_3.2.3/platform/service/device_init/src/sl_device_init_nvic.o
LOAD ./gecko_sdk_3.2.3/platform/service/sleeptimer/src/sl_sleeptimer.o
LOAD ./gecko_sdk_3.2.3/platform/service/sleeptimer/src/sl_sleeptimer_hal_burtc.o
LOAD ./gecko_sdk_3.2.3/platform/service/sleeptimer/src/sl_sleeptimer_hal_prortc.o
LOAD ./gecko_sdk_3.2.3/platform/service/sleeptimer/src/sl_sleeptimer_hal_rtcc.o
LOAD ./gecko_sdk_3.2.3/platform/service/system/src/sl_system_init.o
LOAD ./gecko_sdk_3.2.3/platform/service/system/src/sl_system_process_action.o
LOAD c:/siliconlabs/simplicitystudio/v5/developer/toolchains/gnu_arm/10.3_2021.10/bin/../lib/gcc/arm-none-eabi/10.3.1/thumb/v8-m.main+fp/hard\libgcc.a
LOAD c:/siliconlabs/simplicitystudio/v5/developer/toolchains/gnu_arm/10.3_2021.10/bin/../lib/gcc/arm-none-eabi/10.3.1/../../../../arm-none-eabi/lib/thumb/v8-m.main+fp/hard\libc_nano.a
LOAD c:/siliconlabs/simplicitystudio/v5/developer/toolchains/gnu_arm/10.3_2021.10/bin/../lib/gcc/arm-none-eabi/10.3.1/../../../../arm-none-eabi/lib/thumb/v8-m.main+fp/hard\libm.a
LOAD c:/siliconlabs/simplicitystudio/v5/developer/toolchains/gnu_arm/10.3_2021.10/bin/../lib/gcc/arm-none-eabi/10.3.1/../../../../arm-none-eabi/lib/thumb/v8-m.main+fp/hard\libnosys.a
END GROUP
START GROUP
LOAD c:/siliconlabs/simplicitystudio/v5/developer/toolchains/gnu_arm/10.3_2021.10/bin/../lib/gcc/arm-none-eabi/10.3.1/thumb/v8-m.main+fp/hard\libgcc.a
LOAD c:/siliconlabs/simplicitystudio/v5/developer/toolchains/gnu_arm/10.3_2021.10/bin/../lib/gcc/arm-none-eabi/10.3.1/../../../../arm-none-eabi/lib/thumb/v8-m.main+fp/hard\libc_nano.a
LOAD c:/siliconlabs/simplicitystudio/v5/developer/toolchains/gnu_arm/10.3_2021.10/bin/../lib/gcc/arm-none-eabi/10.3.1/../../../../arm-none-eabi/lib/thumb/v8-m.main+fp/hard\libnosys.a
END GROUP
START GROUP
LOAD c:/siliconlabs/simplicitystudio/v5/developer/toolchains/gnu_arm/10.3_2021.10/bin/../lib/gcc/arm-none-eabi/10.3.1/thumb/v8-m.main+fp/hard\libgcc.a
LOAD c:/siliconlabs/simplicitystudio/v5/developer/toolchains/gnu_arm/10.3_2021.10/bin/../lib/gcc/arm-none-eabi/10.3.1/../../../../arm-none-eabi/lib/thumb/v8-m.main+fp/hard\libg_nano.a
LOAD c:/siliconlabs/simplicitystudio/v5/developer/toolchains/gnu_arm/10.3_2021.10/bin/../lib/gcc/arm-none-eabi/10.3.1/../../../../arm-none-eabi/lib/thumb/v8-m.main+fp/hard\libc_nano.a
END GROUP
START GROUP
LOAD c:/siliconlabs/simplicitystudio/v5/developer/toolchains/gnu_arm/10.3_2021.10/bin/../lib/gcc/arm-none-eabi/10.3.1/thumb/v8-m.main+fp/hard\libgcc.a
LOAD c:/siliconlabs/simplicitystudio/v5/developer/toolchains/gnu_arm/10.3_2021.10/bin/../lib/gcc/arm-none-eabi/10.3.1/../../../../arm-none-eabi/lib/thumb/v8-m.main+fp/hard\libc_nano.a
END GROUP
LOAD c:/siliconlabs/simplicitystudio/v5/developer/toolchains/gnu_arm/10.3_2021.10/bin/../lib/gcc/arm-none-eabi/10.3.1/thumb/v8-m.main+fp/hard/crtend.o
LOAD c:/siliconlabs/simplicitystudio/v5/developer/toolchains/gnu_arm/10.3_2021.10/bin/../lib/gcc/arm-none-eabi/10.3.1/thumb/v8-m.main+fp/hard/crtn.o

.text           0x00000000     0x3ca4
                0x00000000                linker_vectors_begin = .
 *(.vectors)
 .vectors       0x00000000      0x140 ./gecko_sdk_3.2.3/platform/Device/SiliconLabs/BGM22/Source/GCC/startup_bgm22.o
                0x00000000                __Vectors
                0x00000140                linker_vectors_end = .
                0x00000140                __Vectors_End = .
                0x00000140                __Vectors_Size = (__Vectors_End - __Vectors)
                0x00000140                linker_code_begin = .
 *(.text*)
 .text          0x00000140       0x40 c:/siliconlabs/simplicitystudio/v5/developer/toolchains/gnu_arm/10.3_2021.10/bin/../lib/gcc/arm-none-eabi/10.3.1/thumb/v8-m.main+fp/hard/crtbegin.o
 .text          0x00000180       0x7c c:/siliconlabs/simplicitystudio/v5/developer/toolchains/gnu_arm/10.3_2021.10/bin/../lib/gcc/arm-none-eabi/10.3.1/../../../../arm-none-eabi/lib/thumb/v8-m.main+fp/hard/crt0.o
                0x00000180                _stack_init
                0x00000188                _start
                0x00000188                _mainCRTStartup
 .text.app_init
                0x000001fc       0x28 ./app.o
                0x000001fc                app_init
 .text.app_process_action
                0x00000224       0x84 ./app.o
                0x00000224                app_process_action
 .text.startup.main
                0x000002a8       0x14 ./main.o
                0x000002a8                main
 .text.st7735_set_window
                0x000002bc       0x60 ./st7735.o
                0x000002bc                st7735_set_window
 .text.st7735_clear
                0x0000031c       0x28 ./st7735.o
                0x0000031c                st7735_clear
 .text.st7735_draw_z
                0x00000344       0x18 ./st7735.o
                0x00000344                st7735_draw_z
 .text.st7735_draw_pixel
                0x0000035c       0x1a ./st7735.o
                0x0000035c                st7735_draw_pixel
 .text.st7735_init
                0x00000376      0x2ae ./st7735.o
                0x00000376                st7735_init
 .text.draw_character
                0x00000624       0x98 ./st7735.o
                0x00000624                draw_character
 .text.draw_string
                0x000006bc       0x22 ./st7735.o
                0x000006bc                draw_string
 .text.st7735_spi_init
                0x000006de       0x26 ./st7735_spi.o
                0x000006de                st7735_spi_init
 .text.st7735_send_command
                0x00000704       0x30 ./st7735_spi.o
                0x00000704                st7735_send_command
 .text.st7735_send_data
                0x00000734       0x2c ./st7735_spi.o
                0x00000734                st7735_send_data
 .text.sl_board_default_init
                0x00000760        0x2 ./autogen/sl_board_default_init.o
                0x00000760                sl_board_default_init
 .text.sl_device_init_clocks
                0x00000762       0x46 ./autogen/sl_device_init_clocks.o
                0x00000762                sl_device_init_clocks
 .text.sl_platform_init
                0x000007a8       0x60 ./autogen/sl_event_handler.o
                0x000007a8                sl_platform_init
 .text.sl_driver_init
                0x00000808       0x12 ./autogen/sl_event_handler.o
                0x00000808                sl_driver_init
 .text.sl_service_init
                0x0000081a        0x4 ./autogen/sl_event_handler.o
                0x0000081a                sl_service_init
 .text.sl_stack_init
                0x0000081e        0x2 ./autogen/sl_event_handler.o
                0x0000081e                sl_stack_init
 .text.sl_internal_app_init
                0x00000820        0x2 ./autogen/sl_event_handler.o
                0x00000820                sl_internal_app_init
 .text.sl_platform_process_action
                0x00000822        0x2 ./autogen/sl_event_handler.o
                0x00000822                sl_platform_process_action
 .text.sl_service_process_action
                0x00000824        0x2 ./autogen/sl_event_handler.o
                0x00000824                sl_service_process_action
 .text.sl_stack_process_action
                0x00000826        0x2 ./autogen/sl_event_handler.o
                0x00000826                sl_stack_process_action
 .text.sl_internal_app_process_action
                0x00000828        0x2 ./autogen/sl_event_handler.o
                0x00000828                sl_internal_app_process_action
 *fill*         0x0000082a        0x2 
 .text.sl_simple_button_init_instances
                0x0000082c        0xc ./autogen/sl_simple_button_instances.o
                0x0000082c                sl_simple_button_init_instances
 .text.sl_spidrv_init_instances
                0x00000838       0x14 ./autogen/sl_spidrv_init.o
                0x00000838                sl_spidrv_init_instances
 .text.sl_board_init
                0x0000084c       0x12 ./gecko_sdk_3.2.3/hardware/board/src/sl_board_init.o
                0x0000084c                sl_board_init
 .text.sl_board_preinit
                0x0000085e        0x8 ./gecko_sdk_3.2.3/hardware/board/src/sl_board_init.o
                0x0000085e                sl_board_preinit
 .text.Default_Handler
                0x00000866        0x2 ./gecko_sdk_3.2.3/platform/Device/SiliconLabs/BGM22/Source/GCC/startup_bgm22.o
                0x00000866                ULFRCO_IRQHandler
                0x00000866                SW2_IRQHandler
                0x00000866                TIMER2_IRQHandler
                0x00000866                DebugMon_Handler
                0x00000866                PKE_IRQHandler
                0x00000866                USART0_TX_IRQHandler
                0x00000866                PRORTC_IRQHandler
                0x00000866                IADC_IRQHandler
                0x00000866                I2C0_IRQHandler
                0x00000866                LFXO_IRQHandler
                0x00000866                CRYPTOACC_IRQHandler
                0x00000866                HardFault_Handler
                0x00000866                SMU_SECURE_IRQHandler
                0x00000866                SysTick_Handler
                0x00000866                USART1_RX_IRQHandler
                0x00000866                EMUEFP_IRQHandler
                0x00000866                PendSV_Handler
                0x00000866                NMI_Handler
                0x00000866                SYNTH_IRQHandler
                0x00000866                HFXO0_IRQHandler
                0x00000866                I2C1_IRQHandler
                0x00000866                PDM_IRQHandler
                0x00000866                WDOG0_IRQHandler
                0x00000866                TIMER3_IRQHandler
                0x00000866                SYSCFG_IRQHandler
                0x00000866                EMUSE_IRQHandler
                0x00000866                EMUDG_IRQHandler
                0x00000866                USART1_TX_IRQHandler
                0x00000866                SMU_PRIVILEGED_IRQHandler
                0x00000866                MSC_IRQHandler
                0x00000866                DPLL0_IRQHandler
                0x00000866                UsageFault_Handler
                0x00000866                M33CTI1_IRQHandler
                0x00000866                TIMER4_IRQHandler
                0x00000866                SW0_IRQHandler
                0x00000866                TIMER0_IRQHandler
                0x00000866                LETIMER0_IRQHandler
                0x00000866                TIMER1_IRQHandler
                0x00000866                HFRCO0_IRQHandler
                0x00000866                RFSENSE_IRQHandler
                0x00000866                BUFC_IRQHandler
                0x00000866                DCDC_IRQHandler
                0x00000866                MODEM_IRQHandler
                0x00000866                Default_Handler
                0x00000866                RAC_SEQ_IRQHandler
                0x00000866                FRC_PRI_IRQHandler
                0x00000866                EMU_IRQHandler
                0x00000866                SW3_IRQHandler
                0x00000866                KERNEL0_IRQHandler
                0x00000866                FRC_IRQHandler
                0x00000866                KERNEL1_IRQHandler
                0x00000866                AGC_IRQHandler
                0x00000866                sl_app_properties
                0x00000866                BURTC_IRQHandler
                0x00000866                LFRCO_IRQHandler
                0x00000866                USART0_RX_IRQHandler
                0x00000866                MemManage_Handler
                0x00000866                RDMAILBOX_IRQHandler
                0x00000866                SVC_Handler
                0x00000866                SW1_IRQHandler
                0x00000866                CMU_IRQHandler
                0x00000866                RAC_RSM_IRQHandler
                0x00000866                EUART0_TX_IRQHandler
                0x00000866                EUART0_RX_IRQHandler
                0x00000866                AES_IRQHandler
                0x00000866                M33CTI0_IRQHandler
                0x00000866                ICACHE0_IRQHandler
                0x00000866                SMU_NS_PRIVILEGED_IRQHandler
                0x00000866                PROTIMER_IRQHandler
                0x00000866                BusFault_Handler
                0x00000866                TRNG_IRQHandler
 .text.Reset_Handler
                0x00000868       0x2c ./gecko_sdk_3.2.3/platform/Device/SiliconLabs/BGM22/Source/GCC/startup_bgm22.o
                0x00000868                Reset_Handler
 .text.SystemInit
                0x00000894       0x1c ./gecko_sdk_3.2.3/platform/Device/SiliconLabs/BGM22/Source/system_bgm22.o
                0x00000894                SystemInit
 .text.SystemHFRCODPLLClockGet
                0x000008b0        0xc ./gecko_sdk_3.2.3/platform/Device/SiliconLabs/BGM22/Source/system_bgm22.o
                0x000008b0                SystemHFRCODPLLClockGet
 .text.SystemSYSCLKGet
                0x000008bc       0x34 ./gecko_sdk_3.2.3/platform/Device/SiliconLabs/BGM22/Source/system_bgm22.o
                0x000008bc                SystemSYSCLKGet
 .text.SystemHCLKGet
                0x000008f0       0x24 ./gecko_sdk_3.2.3/platform/Device/SiliconLabs/BGM22/Source/system_bgm22.o
                0x000008f0                SystemHCLKGet
 .text.SystemMaxCoreClockGet
                0x00000914        0x8 ./gecko_sdk_3.2.3/platform/Device/SiliconLabs/BGM22/Source/system_bgm22.o
                0x00000914                SystemMaxCoreClockGet
 .text.SystemHFXOClockGet
                0x0000091c        0xc ./gecko_sdk_3.2.3/platform/Device/SiliconLabs/BGM22/Source/system_bgm22.o
                0x0000091c                SystemHFXOClockGet
 .text.SystemHFXOClockSet
                0x00000928       0x20 ./gecko_sdk_3.2.3/platform/Device/SiliconLabs/BGM22/Source/system_bgm22.o
                0x00000928                SystemHFXOClockSet
 .text.SystemCLKIN0Get
                0x00000948        0x4 ./gecko_sdk_3.2.3/platform/Device/SiliconLabs/BGM22/Source/system_bgm22.o
                0x00000948                SystemCLKIN0Get
 .text.SystemFSRCOClockGet
                0x0000094c        0x8 ./gecko_sdk_3.2.3/platform/Device/SiliconLabs/BGM22/Source/system_bgm22.o
                0x0000094c                SystemFSRCOClockGet
 .text.SystemLFRCOClockGet
                0x00000954        0x6 ./gecko_sdk_3.2.3/platform/Device/SiliconLabs/BGM22/Source/system_bgm22.o
                0x00000954                SystemLFRCOClockGet
 .text.SystemULFRCOClockGet
                0x0000095a        0x6 ./gecko_sdk_3.2.3/platform/Device/SiliconLabs/BGM22/Source/system_bgm22.o
                0x0000095a                SystemULFRCOClockGet
 .text.SystemLFXOClockGet
                0x00000960        0xc ./gecko_sdk_3.2.3/platform/Device/SiliconLabs/BGM22/Source/system_bgm22.o
                0x00000960                SystemLFXOClockGet
 .text.sl_button_init
                0x0000096c        0xc ./gecko_sdk_3.2.3/platform/driver/button/src/sl_button.o
                0x0000096c                sl_button_init
 .text.sl_button_on_change
                0x00000978        0x2 ./gecko_sdk_3.2.3/platform/driver/button/src/sl_button.o
                0x00000978                sl_button_on_change
 *fill*         0x0000097a        0x2 
 .text.GPIO_PinInGet
                0x0000097c       0x4c ./gecko_sdk_3.2.3/platform/driver/button/src/sl_simple_button.o
 .text.sli_simple_button_on_change
                0x000009c8       0x50 ./gecko_sdk_3.2.3/platform/driver/button/src/sl_simple_button.o
 .text.sl_simple_button_init
                0x00000a18       0x54 ./gecko_sdk_3.2.3/platform/driver/button/src/sl_simple_button.o
                0x00000a18                sl_simple_button_init
 .text.sl_simple_button_get_state
                0x00000a6c        0x4 ./gecko_sdk_3.2.3/platform/driver/button/src/sl_simple_button.o
                0x00000a6c                sl_simple_button_get_state
 .text.sl_simple_button_poll_step
                0x00000a70       0x54 ./gecko_sdk_3.2.3/platform/driver/button/src/sl_simple_button.o
                0x00000a70                sl_simple_button_poll_step
 .text.sl_simple_button_enable
                0x00000ac4       0x10 ./gecko_sdk_3.2.3/platform/driver/button/src/sl_simple_button.o
                0x00000ac4                sl_simple_button_enable
 .text.sl_simple_button_disable
                0x00000ad4       0x30 ./gecko_sdk_3.2.3/platform/driver/button/src/sl_simple_button.o
                0x00000ad4                sl_simple_button_disable
 .text.StartTransfer
                0x00000b04      0x17c ./gecko_sdk_3.2.3/platform/emdrv/dmadrv/src/dmadrv.o
 .text.DMADRV_AllocateChannel
                0x00000c80       0x60 ./gecko_sdk_3.2.3/platform/emdrv/dmadrv/src/dmadrv.o
                0x00000c80                DMADRV_AllocateChannel
 .text.DMADRV_Init
                0x00000ce0       0x68 ./gecko_sdk_3.2.3/platform/emdrv/dmadrv/src/dmadrv.o
                0x00000ce0                DMADRV_Init
 .text.DMADRV_MemoryPeripheral
                0x00000d48       0x34 ./gecko_sdk_3.2.3/platform/emdrv/dmadrv/src/dmadrv.o
                0x00000d48                DMADRV_MemoryPeripheral
 .text.DMADRV_PeripheralMemory
                0x00000d7c       0x34 ./gecko_sdk_3.2.3/platform/emdrv/dmadrv/src/dmadrv.o
                0x00000d7c                DMADRV_PeripheralMemory
 .text.LDMA_IRQHandler
                0x00000db0       0x74 ./gecko_sdk_3.2.3/platform/emdrv/dmadrv/src/dmadrv.o
                0x00000db0                LDMA_IRQHandler
 .text.GPIOINT_IRQDispatcher
                0x00000e24       0x2c ./gecko_sdk_3.2.3/platform/emdrv/gpiointerrupt/src/gpiointerrupt.o
 .text.GPIOINT_Init
                0x00000e50       0x30 ./gecko_sdk_3.2.3/platform/emdrv/gpiointerrupt/src/gpiointerrupt.o
                0x00000e50                GPIOINT_Init
 .text.GPIOINT_CallbackRegister
                0x00000e80       0x1c ./gecko_sdk_3.2.3/platform/emdrv/gpiointerrupt/src/gpiointerrupt.o
                0x00000e80                GPIOINT_CallbackRegister
 .text.GPIO_EVEN_IRQHandler
                0x00000e9c       0x24 ./gecko_sdk_3.2.3/platform/emdrv/gpiointerrupt/src/gpiointerrupt.o
                0x00000e9c                GPIO_EVEN_IRQHandler
 .text.GPIO_ODD_IRQHandler
                0x00000ec0       0x24 ./gecko_sdk_3.2.3/platform/emdrv/gpiointerrupt/src/gpiointerrupt.o
                0x00000ec0                GPIO_ODD_IRQHandler
 .text.BlockingComplete
                0x00000ee4        0xa ./gecko_sdk_3.2.3/platform/emdrv/spidrv/src/spidrv.o
 *fill*         0x00000eee        0x2 
 .text.RxDMAComplete
                0x00000ef0       0x50 ./gecko_sdk_3.2.3/platform/emdrv/spidrv/src/spidrv.o
 .text.TransferApiPrologue
                0x00000f40       0x48 ./gecko_sdk_3.2.3/platform/emdrv/spidrv/src/spidrv.o
 .text.StartTransmitDMA
                0x00000f88       0x90 ./gecko_sdk_3.2.3/platform/emdrv/spidrv/src/spidrv.o
 .text.WaitForTransferCompletion
                0x00001018       0x24 ./gecko_sdk_3.2.3/platform/emdrv/spidrv/src/spidrv.o
 .text.SPIDRV_Init
                0x0000103c      0x26c ./gecko_sdk_3.2.3/platform/emdrv/spidrv/src/spidrv.o
                0x0000103c                SPIDRV_Init
 .text.SPIDRV_MTransmitB
                0x000012a8       0x38 ./gecko_sdk_3.2.3/platform/emdrv/spidrv/src/spidrv.o
                0x000012a8                SPIDRV_MTransmitB
 .text.assertEFM
                0x000012e0        0x2 ./gecko_sdk_3.2.3/platform/emlib/src/em_assert.o
                0x000012e0                assertEFM
 .text.EMU_VScaleGet
                0x000012e2       0x16 ./gecko_sdk_3.2.3/platform/emlib/src/em_cmu.o
 .text.em01GrpaClkGet
                0x000012f8       0x54 ./gecko_sdk_3.2.3/platform/emlib/src/em_cmu.o
 .text.iadcClkGet
                0x0000134c       0x54 ./gecko_sdk_3.2.3/platform/emlib/src/em_cmu.o
 .text.em01GrpbClkGet
                0x000013a0       0x70 ./gecko_sdk_3.2.3/platform/emlib/src/em_cmu.o
 .text.em23GrpaClkGet
                0x00001410       0x54 ./gecko_sdk_3.2.3/platform/emlib/src/em_cmu.o
 .text.wdog0ClkGet
                0x00001464       0x60 ./gecko_sdk_3.2.3/platform/emlib/src/em_cmu.o
 .text.rtccClkGet
                0x000014c4       0x54 ./gecko_sdk_3.2.3/platform/emlib/src/em_cmu.o
 .text.em4GrpaClkGet
                0x00001518       0x54 ./gecko_sdk_3.2.3/platform/emlib/src/em_cmu.o
 .text.euart0ClkGet
                0x0000156c       0x48 ./gecko_sdk_3.2.3/platform/emlib/src/em_cmu.o
 .text.CMU_ClockEnable
                0x000015b4       0x54 ./gecko_sdk_3.2.3/platform/emlib/src/em_cmu.o
                0x000015b4                CMU_ClockEnable
 .text.CMU_ClockDivGet
                0x00001608       0x84 ./gecko_sdk_3.2.3/platform/emlib/src/em_cmu.o
                0x00001608                CMU_ClockDivGet
 .text.CMU_ClockFreqGet
                0x0000168c      0x198 ./gecko_sdk_3.2.3/platform/emlib/src/em_cmu.o
                0x0000168c                CMU_ClockFreqGet
 .text.rhclkPrescOptimize
                0x00001824       0x20 ./gecko_sdk_3.2.3/platform/emlib/src/em_cmu.o
 .text.flashWaitStateControl
                0x00001844       0x50 ./gecko_sdk_3.2.3/platform/emlib/src/em_cmu.o
 .text.waitStateMax
                0x00001894       0x10 ./gecko_sdk_3.2.3/platform/emlib/src/em_cmu.o
 .text.CMU_ClockSelectGet
                0x000018a4      0x188 ./gecko_sdk_3.2.3/platform/emlib/src/em_cmu.o
                0x000018a4                CMU_ClockSelectGet
 .text.CMU_HFXOInit
                0x00001a2c      0x1d8 ./gecko_sdk_3.2.3/platform/emlib/src/em_cmu.o
                0x00001a2c                CMU_HFXOInit
 .text.CMU_HFXOCTuneDeltaGet
                0x00001c04        0xc ./gecko_sdk_3.2.3/platform/emlib/src/em_cmu.o
                0x00001c04                CMU_HFXOCTuneDeltaGet
 .text.CMU_LFXOInit
                0x00001c10       0xc4 ./gecko_sdk_3.2.3/platform/emlib/src/em_cmu.o
                0x00001c10                CMU_LFXOInit
 .text.CMU_LFXOPrecisionSet
                0x00001cd4        0xc ./gecko_sdk_3.2.3/platform/emlib/src/em_cmu.o
                0x00001cd4                CMU_LFXOPrecisionSet
 .text.CMU_UpdateWaitStates
                0x00001ce0        0xc ./gecko_sdk_3.2.3/platform/emlib/src/em_cmu.o
                0x00001ce0                CMU_UpdateWaitStates
 .text.CMU_ClockDivSet
                0x00001cec      0x104 ./gecko_sdk_3.2.3/platform/emlib/src/em_cmu.o
                0x00001cec                CMU_ClockDivSet
 .text.pclkDivMax
                0x00001df0        0xa ./gecko_sdk_3.2.3/platform/emlib/src/em_cmu.o
 *fill*         0x00001dfa        0x2 
 .text.pclkDivOptimize
                0x00001dfc       0x24 ./gecko_sdk_3.2.3/platform/emlib/src/em_cmu.o
 .text.CMU_ClockSelectSet
                0x00001e20      0x3c4 ./gecko_sdk_3.2.3/platform/emlib/src/em_cmu.o
                0x00001e20                CMU_ClockSelectSet
 .text.__NVIC_GetPriority
                0x000021e4       0x24 ./gecko_sdk_3.2.3/platform/emlib/src/em_core.o
 .text.CORE_EnterCritical
                0x00002208        0x8 ./gecko_sdk_3.2.3/platform/emlib/src/em_core.o
                0x00002208                CORE_EnterCritical
 .text.CORE_ExitCritical
                0x00002210        0x6 ./gecko_sdk_3.2.3/platform/emlib/src/em_core.o
                0x00002210                CORE_ExitCritical
 .text.CORE_EnterAtomic
                0x00002216        0xc ./gecko_sdk_3.2.3/platform/emlib/src/em_core.o
                0x00002216                CORE_EnterAtomic
 .text.CORE_ExitAtomic
                0x00002222        0x6 ./gecko_sdk_3.2.3/platform/emlib/src/em_core.o
                0x00002222                CORE_ExitAtomic
 .text.CORE_NvicIRQDisabled
                0x00002228       0x34 ./gecko_sdk_3.2.3/platform/emlib/src/em_core.o
                0x00002228                CORE_NvicIRQDisabled
 .text.CORE_IrqIsBlocked
                0x0000225c       0x6c ./gecko_sdk_3.2.3/platform/emlib/src/em_core.o
                0x0000225c                CORE_IrqIsBlocked
 .text.EMU_EFPEM01VScale
                0x000022c8        0x2 ./gecko_sdk_3.2.3/platform/emlib/src/em_emu.o
                0x000022c8                EMU_EFPEM01VScale
 *fill*         0x000022ca        0x2 
 .text.EMU_VScaleEM01
                0x000022cc       0xb0 ./gecko_sdk_3.2.3/platform/emlib/src/em_emu.o
                0x000022cc                EMU_VScaleEM01
 .text.EMU_VScaleEM01ByClock
                0x0000237c       0x30 ./gecko_sdk_3.2.3/platform/emlib/src/em_emu.o
                0x0000237c                EMU_VScaleEM01ByClock
 .text.EMU_EM4Init
                0x000023ac       0x12 ./gecko_sdk_3.2.3/platform/emlib/src/em_emu.o
                0x000023ac                EMU_EM4Init
 *fill*         0x000023be        0x2 
 .text.EMU_DCDCModeSet
                0x000023c0       0x74 ./gecko_sdk_3.2.3/platform/emlib/src/em_emu.o
                0x000023c0                EMU_DCDCModeSet
 .text.EMU_DCDCInit
                0x00002434       0x74 ./gecko_sdk_3.2.3/platform/emlib/src/em_emu.o
                0x00002434                EMU_DCDCInit
 .text.BUS_RegBitWrite
                0x000024a8       0x30 ./gecko_sdk_3.2.3/platform/emlib/src/em_gpio.o
 .text.GPIO_PinOutSet
                0x000024d8       0x54 ./gecko_sdk_3.2.3/platform/emlib/src/em_gpio.o
 .text.GPIO_PinOutClear
                0x0000252c       0x54 ./gecko_sdk_3.2.3/platform/emlib/src/em_gpio.o
 .text.BUS_RegMaskedWrite
                0x00002580       0x22 ./gecko_sdk_3.2.3/platform/emlib/src/em_gpio.o
 *fill*         0x000025a2        0x2 
 .text.GPIO_ExtIntConfig
                0x000025a4       0xf4 ./gecko_sdk_3.2.3/platform/emlib/src/em_gpio.o
                0x000025a4                GPIO_ExtIntConfig
 .text.GPIO_PinModeSet
                0x00002698       0xac ./gecko_sdk_3.2.3/platform/emlib/src/em_gpio.o
                0x00002698                GPIO_PinModeSet
 .text.LDMA_Init
                0x00002744       0x94 ./gecko_sdk_3.2.3/platform/emlib/src/em_ldma.o
                0x00002744                LDMA_Init
 .text.LDMA_StartTransfer
                0x000027d8      0x100 ./gecko_sdk_3.2.3/platform/emlib/src/em_ldma.o
                0x000027d8                LDMA_StartTransfer
 .text.RTCC_SyncWait
                0x000028d8       0x10 ./gecko_sdk_3.2.3/platform/emlib/src/em_rtcc.o
 .text.RTCC_ChannelInit
                0x000028e8       0x48 ./gecko_sdk_3.2.3/platform/emlib/src/em_rtcc.o
                0x000028e8                RTCC_ChannelInit
 .text.RTCC_Enable
                0x00002930       0x44 ./gecko_sdk_3.2.3/platform/emlib/src/em_rtcc.o
                0x00002930                RTCC_Enable
 .text.RTCC_Init
                0x00002974       0x5c ./gecko_sdk_3.2.3/platform/emlib/src/em_rtcc.o
                0x00002974                RTCC_Init
 .text.USART_BaudrateSyncSet
                0x000029d0       0x48 ./gecko_sdk_3.2.3/platform/emlib/src/em_usart.o
                0x000029d0                USART_BaudrateSyncSet
 .text.USART_Reset
                0x00002a18       0x78 ./gecko_sdk_3.2.3/platform/emlib/src/em_usart.o
                0x00002a18                USART_Reset
 .text.USART_InitSync
                0x00002a90       0xd0 ./gecko_sdk_3.2.3/platform/emlib/src/em_usart.o
                0x00002a90                USART_InitSync
 .text.sl_device_init_dcdc
                0x00002b60       0x20 ./gecko_sdk_3.2.3/platform/service/device_init/src/sl_device_init_dcdc_s2.o
                0x00002b60                sl_device_init_dcdc
 .text.sl_device_init_emu
                0x00002b80       0x22 ./gecko_sdk_3.2.3/platform/service/device_init/src/sl_device_init_emu_s2.o
                0x00002b80                sl_device_init_emu
 *fill*         0x00002ba2        0x2 
 .text.sl_device_init_hfxo
                0x00002ba4       0x7c ./gecko_sdk_3.2.3/platform/service/device_init/src/sl_device_init_hfxo_s2.o
                0x00002ba4                sl_device_init_hfxo
 .text.sl_device_init_lfxo
                0x00002c20       0x34 ./gecko_sdk_3.2.3/platform/service/device_init/src/sl_device_init_lfxo_s2.o
                0x00002c20                sl_device_init_lfxo
 .text.sl_device_init_nvic
                0x00002c54       0x3c ./gecko_sdk_3.2.3/platform/service/device_init/src/sl_device_init_nvic.o
                0x00002c54                sl_device_init_nvic
 .text.delay_callback
                0x00002c90        0x6 ./gecko_sdk_3.2.3/platform/service/sleeptimer/src/sl_sleeptimer.o
 *fill*         0x00002c96        0x2 
 .text.delta_list_insert_timer
                0x00002c98       0x44 ./gecko_sdk_3.2.3/platform/service/sleeptimer/src/sl_sleeptimer.o
 .text.update_delta_list
                0x00002cdc       0x38 ./gecko_sdk_3.2.3/platform/service/sleeptimer/src/sl_sleeptimer.o
 .text.set_comparator_for_next_timer
                0x00002d14       0x4c ./gecko_sdk_3.2.3/platform/service/sleeptimer/src/sl_sleeptimer.o
 .text.create_timer
                0x00002d60       0x68 ./gecko_sdk_3.2.3/platform/service/sleeptimer/src/sl_sleeptimer.o
 .text.delta_list_remove_timer
                0x00002dc8       0x38 ./gecko_sdk_3.2.3/platform/service/sleeptimer/src/sl_sleeptimer.o
 .text.sl_sleeptimer_init
                0x00002e00       0x74 ./gecko_sdk_3.2.3/platform/service/sleeptimer/src/sl_sleeptimer.o
                0x00002e00                sl_sleeptimer_init
 .text.sl_sleeptimer_stop_timer
                0x00002e74       0x50 ./gecko_sdk_3.2.3/platform/service/sleeptimer/src/sl_sleeptimer.o
                0x00002e74                sl_sleeptimer_stop_timer
 .text.sl_sleeptimer_is_timer_running
                0x00002ec4       0x38 ./gecko_sdk_3.2.3/platform/service/sleeptimer/src/sl_sleeptimer.o
                0x00002ec4                sl_sleeptimer_is_timer_running
 .text.sl_sleeptimer_start_timer
                0x00002efc       0x46 ./gecko_sdk_3.2.3/platform/service/sleeptimer/src/sl_sleeptimer.o
                0x00002efc                sl_sleeptimer_start_timer
 *fill*         0x00002f42        0x2 
 .text.sl_sleeptimer_ms_to_tick
                0x00002f44       0x18 ./gecko_sdk_3.2.3/platform/service/sleeptimer/src/sl_sleeptimer.o
                0x00002f44                sl_sleeptimer_ms_to_tick
 .text.sl_sleeptimer_delay_millisecond
                0x00002f5c       0x38 ./gecko_sdk_3.2.3/platform/service/sleeptimer/src/sl_sleeptimer.o
                0x00002f5c                sl_sleeptimer_delay_millisecond
 .text.process_timer_irq
                0x00002f94      0x134 ./gecko_sdk_3.2.3/platform/service/sleeptimer/src/sl_sleeptimer.o
                0x00002f94                process_timer_irq
 .text.CMU_PrescToLog2.constprop.0
                0x000030c8        0x4 ./gecko_sdk_3.2.3/platform/service/sleeptimer/src/sl_sleeptimer_hal_rtcc.o
 .text.sleeptimer_hal_init_timer
                0x000030cc       0x88 ./gecko_sdk_3.2.3/platform/service/sleeptimer/src/sl_sleeptimer_hal_rtcc.o
                0x000030cc                sleeptimer_hal_init_timer
 .text.sleeptimer_hal_get_counter
                0x00003154        0xe ./gecko_sdk_3.2.3/platform/service/sleeptimer/src/sl_sleeptimer_hal_rtcc.o
                0x00003154                sleeptimer_hal_get_counter
 *fill*         0x00003162        0x2 
 .text.sleeptimer_hal_set_compare
                0x00003164       0x58 ./gecko_sdk_3.2.3/platform/service/sleeptimer/src/sl_sleeptimer_hal_rtcc.o
                0x00003164                sleeptimer_hal_set_compare
 .text.sleeptimer_hal_enable_int
                0x000031bc       0x18 ./gecko_sdk_3.2.3/platform/service/sleeptimer/src/sl_sleeptimer_hal_rtcc.o
                0x000031bc                sleeptimer_hal_enable_int
 .text.sleeptimer_hal_disable_int
                0x000031d4       0x30 ./gecko_sdk_3.2.3/platform/service/sleeptimer/src/sl_sleeptimer_hal_rtcc.o
                0x000031d4                sleeptimer_hal_disable_int
 .text.RTCC_IRQHandler
                0x00003204       0x34 ./gecko_sdk_3.2.3/platform/service/sleeptimer/src/sl_sleeptimer_hal_rtcc.o
                0x00003204                RTCC_IRQHandler
 .text.sleeptimer_hal_get_timer_frequency
                0x00003238       0x14 ./gecko_sdk_3.2.3/platform/service/sleeptimer/src/sl_sleeptimer_hal_rtcc.o
                0x00003238                sleeptimer_hal_get_timer_frequency
 .text.sl_system_init
                0x0000324c       0x1a ./gecko_sdk_3.2.3/platform/service/system/src/sl_system_init.o
                0x0000324c                sl_system_init
 .text.sl_system_process_action
                0x00003266       0x16 ./gecko_sdk_3.2.3/platform/service/system/src/sl_system_process_action.o
                0x00003266                sl_system_process_action
 .text          0x0000327c       0x30 c:/siliconlabs/simplicitystudio/v5/developer/toolchains/gnu_arm/10.3_2021.10/bin/../lib/gcc/arm-none-eabi/10.3.1/thumb/v8-m.main+fp/hard\libgcc.a(_aeabi_uldivmod.o)
                0x0000327c                __aeabi_uldivmod
 .text          0x000032ac      0x2ec c:/siliconlabs/simplicitystudio/v5/developer/toolchains/gnu_arm/10.3_2021.10/bin/../lib/gcc/arm-none-eabi/10.3.1/thumb/v8-m.main+fp/hard\libgcc.a(_udivmoddi4.o)
                0x000032ac                __udivmoddi4
 .text          0x00003598        0x4 c:/siliconlabs/simplicitystudio/v5/developer/toolchains/gnu_arm/10.3_2021.10/bin/../lib/gcc/arm-none-eabi/10.3.1/thumb/v8-m.main+fp/hard\libgcc.a(_dvmd_tls.o)
                0x00003598                __aeabi_idiv0
                0x00003598                __aeabi_ldiv0
 .text.exit     0x0000359c       0x28 c:/siliconlabs/simplicitystudio/v5/developer/toolchains/gnu_arm/10.3_2021.10/bin/../lib/gcc/arm-none-eabi/10.3.1/../../../../arm-none-eabi/lib/thumb/v8-m.main+fp/hard\libc_nano.a(lib_a-exit.o)
                0x0000359c                exit
 .text.__libc_init_array
                0x000035c4       0x48 c:/siliconlabs/simplicitystudio/v5/developer/toolchains/gnu_arm/10.3_2021.10/bin/../lib/gcc/arm-none-eabi/10.3.1/../../../../arm-none-eabi/lib/thumb/v8-m.main+fp/hard\libc_nano.a(lib_a-init.o)
                0x000035c4                __libc_init_array
 .text.memset   0x0000360c       0x10 c:/siliconlabs/simplicitystudio/v5/developer/toolchains/gnu_arm/10.3_2021.10/bin/../lib/gcc/arm-none-eabi/10.3.1/../../../../arm-none-eabi/lib/thumb/v8-m.main+fp/hard\libc_nano.a(lib_a-memset.o)
                0x0000360c                memset
 .text._exit    0x0000361c        0x4 c:/siliconlabs/simplicitystudio/v5/developer/toolchains/gnu_arm/10.3_2021.10/bin/../lib/gcc/arm-none-eabi/10.3.1/../../../../arm-none-eabi/lib/thumb/v8-m.main+fp/hard\libnosys.a(_exit.o)
                0x0000361c                _exit
                0x00003620                linker_code_end = .
 *(.init)
 .init          0x00003620        0x4 c:/siliconlabs/simplicitystudio/v5/developer/toolchains/gnu_arm/10.3_2021.10/bin/../lib/gcc/arm-none-eabi/10.3.1/thumb/v8-m.main+fp/hard/crti.o
                0x00003620                _init
 .init          0x00003624        0x8 c:/siliconlabs/simplicitystudio/v5/developer/toolchains/gnu_arm/10.3_2021.10/bin/../lib/gcc/arm-none-eabi/10.3.1/thumb/v8-m.main+fp/hard/crtn.o
 *(.fini)
 .fini          0x0000362c        0x4 c:/siliconlabs/simplicitystudio/v5/developer/toolchains/gnu_arm/10.3_2021.10/bin/../lib/gcc/arm-none-eabi/10.3.1/thumb/v8-m.main+fp/hard/crti.o
                0x0000362c                _fini
 .fini          0x00003630        0x8 c:/siliconlabs/simplicitystudio/v5/developer/toolchains/gnu_arm/10.3_2021.10/bin/../lib/gcc/arm-none-eabi/10.3.1/thumb/v8-m.main+fp/hard/crtn.o
 *crtbegin.o(.ctors)
 *crtbegin?.o(.ctors)
 *(EXCLUDE_FILE(*crtend.o *crtend?.o) .ctors)
 *(SORT_BY_NAME(.ctors.*))
 *(.ctors)
 *crtbegin.o(.dtors)
 *crtbegin?.o(.dtors)
 *(EXCLUDE_FILE(*crtend.o *crtend?.o) .dtors)
 *(SORT_BY_NAME(.dtors.*))
 *(.dtors)
 *(.rodata*)
 .rodata.app_init.str1.1
                0x00003638        0xe ./app.o
 .rodata.app_process_action.str1.1
                0x00003646       0x45 ./app.o
 .rodata.A      0x0000368b      0x140 ./st7735.o
                0x0000368b                A
 .rodata.simple_button_count
                0x000037cb        0x1 ./autogen/sl_simple_button_instances.o
                0x000037cb                simple_button_count
 .rodata.sl_button_btn0
                0x000037cc       0x18 ./autogen/sl_simple_button_instances.o
                0x000037cc                sl_button_btn0
 .rodata.GPIO_PinInGet.str1.1
                0x000037e4       0x64 ./gecko_sdk_3.2.3/platform/driver/button/src/sl_simple_button.o
 .rodata        0x00003848        0x4 ./gecko_sdk_3.2.3/platform/emdrv/dmadrv/src/dmadrv.o
 .rodata.RxDMAComplete.str1.1
                0x0000384c       0x6a ./gecko_sdk_3.2.3/platform/emdrv/spidrv/src/spidrv.o
 *fill*         0x000038b6        0x2 
 .rodata        0x000038b8       0x18 ./gecko_sdk_3.2.3/platform/emdrv/spidrv/src/spidrv.o
 .rodata.HFRCODPLLDevinfoGet.str1.1
                0x000038d0       0x63 ./gecko_sdk_3.2.3/platform/emlib/src/em_cmu.o
 .rodata.CSWTCH.56
                0x00003933        0x4 ./gecko_sdk_3.2.3/platform/emlib/src/em_cmu.o
 .rodata.CSWTCH.58
                0x00003937        0x6 ./gecko_sdk_3.2.3/platform/emlib/src/em_cmu.o
 .rodata.CORE_NvicMaskSetIRQ.str1.1
                0x0000393d       0x64 ./gecko_sdk_3.2.3/platform/emlib/src/em_core.o
 .rodata.EMU_VScaleEM01.str1.1
                0x000039a1       0x63 ./gecko_sdk_3.2.3/platform/emlib/src/em_emu.o
 .rodata.BUS_RegBitWrite.str1.1
                0x00003a04       0x63 ./gecko_sdk_3.2.3/platform/emlib/src/em_gpio.o
 .rodata.GPIO_PinOutSet.str1.1
                0x00003a67       0x64 ./gecko_sdk_3.2.3/platform/emlib/src/em_gpio.o
 .rodata.GPIO_ExtIntConfig.str1.1
                0x00003a67       0x64 ./gecko_sdk_3.2.3/platform/emlib/src/em_gpio.o
 .rodata.LDMA_EnableChannelRequest.str1.1
                0x00003acb       0x64 ./gecko_sdk_3.2.3/platform/emlib/src/em_ldma.o
                                 0xc7 (size before relaxing)
 .rodata.RTCC_ChannelInit.str1.1
                0x00003b2f       0x64 ./gecko_sdk_3.2.3/platform/emlib/src/em_rtcc.o
 .rodata.USART_BaudrateAsyncSet.str1.1
                0x00003b93       0x65 ./gecko_sdk_3.2.3/platform/emlib/src/em_usart.o
 .rodata        0x00003bf8        0x8 ./gecko_sdk_3.2.3/platform/service/device_init/src/sl_device_init_dcdc_s2.o
 .rodata        0x00003c00       0x13 ./gecko_sdk_3.2.3/platform/service/device_init/src/sl_device_init_hfxo_s2.o
 .rodata        0x00003c13        0xb ./gecko_sdk_3.2.3/platform/service/device_init/src/sl_device_init_lfxo_s2.o
 .rodata.process_timer_irq.str1.1
                0x00003c1e       0x77 ./gecko_sdk_3.2.3/platform/service/sleeptimer/src/sl_sleeptimer.o
 .rodata        0x00003c95        0xb ./gecko_sdk_3.2.3/platform/service/sleeptimer/src/sl_sleeptimer_hal_rtcc.o
 .rodata._global_impure_ptr
                0x00003ca0        0x4 c:/siliconlabs/simplicitystudio/v5/developer/toolchains/gnu_arm/10.3_2021.10/bin/../lib/gcc/arm-none-eabi/10.3.1/../../../../arm-none-eabi/lib/thumb/v8-m.main+fp/hard\libc_nano.a(lib_a-impure.o)
                0x00003ca0                _global_impure_ptr
 *(.eh_frame*)
 .eh_frame      0x00003ca4        0x0 c:/siliconlabs/simplicitystudio/v5/developer/toolchains/gnu_arm/10.3_2021.10/bin/../lib/gcc/arm-none-eabi/10.3.1/thumb/v8-m.main+fp/hard/crtbegin.o

.glue_7         0x00003ca4        0x0
 .glue_7        0x00003ca4        0x0 linker stubs

.glue_7t        0x00003ca4        0x0
 .glue_7t       0x00003ca4        0x0 linker stubs

.vfp11_veneer   0x00003ca4        0x0
 .vfp11_veneer  0x00003ca4        0x0 linker stubs

.v4_bx          0x00003ca4        0x0
 .v4_bx         0x00003ca4        0x0 linker stubs

.iplt           0x00003ca4        0x0
 .iplt          0x00003ca4        0x0 c:/siliconlabs/simplicitystudio/v5/developer/toolchains/gnu_arm/10.3_2021.10/bin/../lib/gcc/arm-none-eabi/10.3.1/thumb/v8-m.main+fp/hard/crtbegin.o

.ARM.extab
 *(.ARM.extab* .gnu.linkonce.armextab.*)
                0x00003ca4                __exidx_start = .

.ARM.exidx      0x00003ca4        0x8
 *(.ARM.exidx* .gnu.linkonce.armexidx.*)
 .ARM.exidx     0x00003ca4        0x8 c:/siliconlabs/simplicitystudio/v5/developer/toolchains/gnu_arm/10.3_2021.10/bin/../lib/gcc/arm-none-eabi/10.3.1/../../../../arm-none-eabi/lib/thumb/v8-m.main+fp/hard/crt0.o
                                 0x10 (size before relaxing)
 .ARM.exidx     0x00003cac        0x0 c:/siliconlabs/simplicitystudio/v5/developer/toolchains/gnu_arm/10.3_2021.10/bin/../lib/gcc/arm-none-eabi/10.3.1/thumb/v8-m.main+fp/hard\libgcc.a(_udivmoddi4.o)
                                  0x8 (size before relaxing)
                0x00003cac                __exidx_end = .
                0x00003cac                __etext = .

.rel.dyn        0x00003cac        0x0
 .rel.iplt      0x00003cac        0x0 c:/siliconlabs/simplicitystudio/v5/developer/toolchains/gnu_arm/10.3_2021.10/bin/../lib/gcc/arm-none-eabi/10.3.1/thumb/v8-m.main+fp/hard/crtbegin.o
                0x20000000                . = ORIGIN (RAM)

.stack          0x20000000     0x1000
                0x20000000                __StackLimit = .
 *(.stack*)
 .stack         0x20000000        0x0 ./gecko_sdk_3.2.3/platform/Device/SiliconLabs/BGM22/Source/GCC/startup_bgm22.o
 .stack         0x20000000     0x1000 ./gecko_sdk_3.2.3/platform/common/toolchain/src/sl_memory.o
                0x20001000                . = ALIGN (0x4)
                0x20001000                __StackTop = .
                0x20001000                PROVIDE (__stack = __StackTop)

.noinit
 *(.noinit*)

.data           0x20001000       0xac load address 0x00003cac
                0x20001000                . = ALIGN (0x4)
                0x20001000                __data_start__ = .
 *(vtable)
 *(.data*)
 .data.simple_btn0_context
                0x20001000        0x8 ./autogen/sl_simple_button_instances.o
                0x20001000                simple_btn0_context
 .data.sl_simple_button_array
                0x20001008        0x4 ./autogen/sl_simple_button_instances.o
                0x20001008                sl_simple_button_array
 .data.sl_spidrv_init_mikroe
                0x2000100c       0x20 ./autogen/sl_spidrv_init.o
                0x2000100c                sl_spidrv_init_mikroe
 .data.sl_spidrv_mikroe_handle
                0x2000102c        0x4 ./autogen/sl_spidrv_init.o
                0x2000102c                sl_spidrv_mikroe_handle
 .data.SystemCoreClock
                0x20001030        0x4 ./gecko_sdk_3.2.3/platform/Device/SiliconLabs/BGM22/Source/system_bgm22.o
                0x20001030                SystemCoreClock
 .data.SystemHFRCODPLLClock
                0x20001034        0x4 ./gecko_sdk_3.2.3/platform/Device/SiliconLabs/BGM22/Source/system_bgm22.o
 .data.SystemHFXOClock
                0x20001038        0x4 ./gecko_sdk_3.2.3/platform/Device/SiliconLabs/BGM22/Source/system_bgm22.o
 .data.SystemLFXOClock
                0x2000103c        0x4 ./gecko_sdk_3.2.3/platform/Device/SiliconLabs/BGM22/Source/system_bgm22.o
 .data.lfxo_precision
                0x20001040        0x2 ./gecko_sdk_3.2.3/platform/emlib/src/em_cmu.o
 .data.cc_disabled
                0x20001042        0x1 ./gecko_sdk_3.2.3/platform/service/sleeptimer/src/sl_sleeptimer_hal_rtcc.o
 *fill*         0x20001043        0x1 
 .data.impure_data
                0x20001044       0x60 c:/siliconlabs/simplicitystudio/v5/developer/toolchains/gnu_arm/10.3_2021.10/bin/../lib/gcc/arm-none-eabi/10.3.1/../../../../arm-none-eabi/lib/thumb/v8-m.main+fp/hard\libc_nano.a(lib_a-impure.o)
                0x200010a4                . = ALIGN (0x4)
                [!provide]                PROVIDE (__ram_func_section_start = .)
 *(.ram)
                [!provide]                PROVIDE (__ram_func_section_end = .)
                0x200010a4                . = ALIGN (0x4)
                0x200010a4                PROVIDE (__preinit_array_start = .)
 *(.preinit_array)
                0x200010a4                PROVIDE (__preinit_array_end = .)
                0x200010a4                . = ALIGN (0x4)
                0x200010a4                PROVIDE (__init_array_start = .)
 *(SORT_BY_NAME(.init_array.*))
 *(.init_array)
 .init_array    0x200010a4        0x4 c:/siliconlabs/simplicitystudio/v5/developer/toolchains/gnu_arm/10.3_2021.10/bin/../lib/gcc/arm-none-eabi/10.3.1/thumb/v8-m.main+fp/hard/crtbegin.o
                0x200010a8                PROVIDE (__init_array_end = .)
                0x200010a8                . = ALIGN (0x4)
                [!provide]                PROVIDE (__fini_array_start = .)
 *(SORT_BY_NAME(.fini_array.*))
 *(.fini_array)
 .fini_array    0x200010a8        0x4 c:/siliconlabs/simplicitystudio/v5/developer/toolchains/gnu_arm/10.3_2021.10/bin/../lib/gcc/arm-none-eabi/10.3.1/thumb/v8-m.main+fp/hard/crtbegin.o
                [!provide]                PROVIDE (__fini_array_end = .)
                0x200010ac                . = ALIGN (0x4)
                0x200010ac                __data_end__ = .

.igot.plt       0x200010ac        0x0 load address 0x00003d58
 .igot.plt      0x200010ac        0x0 c:/siliconlabs/simplicitystudio/v5/developer/toolchains/gnu_arm/10.3_2021.10/bin/../lib/gcc/arm-none-eabi/10.3.1/thumb/v8-m.main+fp/hard/crtbegin.o

.bss            0x200010ac      0x2b4 load address 0x00003d58
                0x200010ac                . = ALIGN (0x4)
                0x200010ac                __bss_start__ = .
 *(.bss*)
 .bss           0x200010ac       0x1c c:/siliconlabs/simplicitystudio/v5/developer/toolchains/gnu_arm/10.3_2021.10/bin/../lib/gcc/arm-none-eabi/10.3.1/thumb/v8-m.main+fp/hard/crtbegin.o
 .bss.sl_spidrv_mikroe_handle_data
                0x200010c8       0x78 ./autogen/sl_spidrv_init.o
                0x200010c8                sl_spidrv_mikroe_handle_data
 .bss.chTable   0x20001140       0x80 ./gecko_sdk_3.2.3/platform/emdrv/dmadrv/src/dmadrv.o
 .bss.dmaXfer   0x200011c0      0x100 ./gecko_sdk_3.2.3/platform/emdrv/dmadrv/src/dmadrv.o
 .bss.initialized
                0x200012c0        0x1 ./gecko_sdk_3.2.3/platform/emdrv/dmadrv/src/dmadrv.o
 *fill*         0x200012c1        0x3 
 .bss.gpioCallbacks
                0x200012c4       0x80 ./gecko_sdk_3.2.3/platform/emdrv/gpiointerrupt/src/gpiointerrupt.o
 .bss.spidrvIsInitialized
                0x20001344        0x1 ./gecko_sdk_3.2.3/platform/emdrv/spidrv/src/spidrv.o
 .bss.ctuneDelta
                0x20001345        0x1 ./gecko_sdk_3.2.3/platform/emlib/src/em_cmu.o
 .bss.vScaleEM01Config
                0x20001346        0x1 ./gecko_sdk_3.2.3/platform/emlib/src/em_emu.o
 .bss.is_sleeptimer_initialized
                0x20001347        0x1 ./gecko_sdk_3.2.3/platform/service/sleeptimer/src/sl_sleeptimer.o
 .bss.last_delta_update_count
                0x20001348        0x4 ./gecko_sdk_3.2.3/platform/service/sleeptimer/src/sl_sleeptimer.o
 .bss.max_millisecond_conversion
                0x2000134c        0x4 ./gecko_sdk_3.2.3/platform/service/sleeptimer/src/sl_sleeptimer.o
 .bss.next_timer_to_expire_is_power_manager
                0x20001350        0x1 ./gecko_sdk_3.2.3/platform/service/sleeptimer/src/sl_sleeptimer.o
 *fill*         0x20001351        0x1 
 .bss.overflow_counter
                0x20001352        0x2 ./gecko_sdk_3.2.3/platform/service/sleeptimer/src/sl_sleeptimer.o
 .bss.sleep_on_isr_exit
                0x20001354        0x1 ./gecko_sdk_3.2.3/platform/service/sleeptimer/src/sl_sleeptimer.o
 *fill*         0x20001355        0x3 
 .bss.timer_frequency
                0x20001358        0x4 ./gecko_sdk_3.2.3/platform/service/sleeptimer/src/sl_sleeptimer.o
 .bss.timer_head
                0x2000135c        0x4 ./gecko_sdk_3.2.3/platform/service/sleeptimer/src/sl_sleeptimer.o
 *(COMMON)
                0x20001360                . = ALIGN (0x4)
                0x20001360                __bss_end__ = .

.heap           0x20001360     0x6ca0
                0x20001360                __HeapBase = .
                0x20001360                __end__ = .
                0x20001360                end = __end__
                0x20001360                _end = __end__
 *(.heap*)
 .heap          0x20001360      0x800 ./gecko_sdk_3.2.3/platform/common/toolchain/src/sl_memory.o
                0x20008000                . = (ORIGIN (RAM) + LENGTH (RAM))
 *fill*         0x20001b60     0x64a0 
                0x20008000                __HeapLimit = .
                0x00006ca0                __heap_size = (__HeapLimit - __HeapBase)
                0x0007e000                __main_flash_end__ = 0x7e000

.internal_storage
                0x00003cac        0x0
 *(.internal_storage*)

.nvm            0x00003cac        0x0
 *(.simee*)
                0x0007e000                linker_nvm_end = __main_flash_end__
                0x0007e000                linker_nvm_begin = (linker_nvm_end - SIZEOF (.nvm))
                0x00000000                linker_nvm_size = SIZEOF (.nvm)
                0x0007e000                linker_storage_end = linker_nvm_begin
                0x0007e000                linker_storage_begin = (linker_storage_end - SIZEOF (.internal_storage))
                0x00000000                linker_storage_size = SIZEOF (.internal_storage)
                0x0007e000                __nvm3Base = linker_nvm_begin
OUTPUT(empty_SPI.axf elf32-littlearm)
LOAD linker stubs

.ARM.attributes
                0x00000000       0x36
 .ARM.attributes
                0x00000000       0x22 c:/siliconlabs/simplicitystudio/v5/developer/toolchains/gnu_arm/10.3_2021.10/bin/../lib/gcc/arm-none-eabi/10.3.1/thumb/v8-m.main+fp/hard/crti.o
 .ARM.attributes
                0x00000022       0x38 c:/siliconlabs/simplicitystudio/v5/developer/toolchains/gnu_arm/10.3_2021.10/bin/../lib/gcc/arm-none-eabi/10.3.1/thumb/v8-m.main+fp/hard/crtbegin.o
 .ARM.attributes
                0x0000005a       0x20 c:/siliconlabs/simplicitystudio/v5/developer/toolchains/gnu_arm/10.3_2021.10/bin/../lib/gcc/arm-none-eabi/10.3.1/../../../../arm-none-eabi/lib/thumb/v8-m.main+fp/hard/crt0.o
 .ARM.attributes
                0x0000007a       0x3a ./app.o
 .ARM.attributes
                0x000000b4       0x3a ./main.o
 .ARM.attributes
                0x000000ee       0x3a ./st7735.o
 .ARM.attributes
                0x00000128       0x3a ./st7735_spi.o
 .ARM.attributes
                0x00000162       0x3a ./autogen/sl_board_default_init.o
 .ARM.attributes
                0x0000019c       0x3a ./autogen/sl_device_init_clocks.o
 .ARM.attributes
                0x000001d6       0x3a ./autogen/sl_event_handler.o
 .ARM.attributes
                0x00000210       0x3a ./autogen/sl_simple_button_instances.o
 .ARM.attributes
                0x0000024a       0x3a ./autogen/sl_spidrv_init.o
 .ARM.attributes
                0x00000284       0x3a ./gecko_sdk_3.2.3/hardware/board/src/sl_board_init.o
 .ARM.attributes
                0x000002be       0x3a ./gecko_sdk_3.2.3/platform/Device/SiliconLabs/BGM22/Source/GCC/startup_bgm22.o
 .ARM.attributes
                0x000002f8       0x3a ./gecko_sdk_3.2.3/platform/Device/SiliconLabs/BGM22/Source/system_bgm22.o
 .ARM.attributes
                0x00000332       0x3a ./gecko_sdk_3.2.3/platform/common/toolchain/src/sl_memory.o
 .ARM.attributes
                0x0000036c       0x3a ./gecko_sdk_3.2.3/platform/driver/button/src/sl_button.o
 .ARM.attributes
                0x000003a6       0x3a ./gecko_sdk_3.2.3/platform/driver/button/src/sl_simple_button.o
 .ARM.attributes
                0x000003e0       0x3a ./gecko_sdk_3.2.3/platform/emdrv/dmadrv/src/dmadrv.o
 .ARM.attributes
                0x0000041a       0x3a ./gecko_sdk_3.2.3/platform/emdrv/gpiointerrupt/src/gpiointerrupt.o
 .ARM.attributes
                0x00000454       0x3a ./gecko_sdk_3.2.3/platform/emdrv/spidrv/src/spidrv.o
 .ARM.attributes
                0x0000048e       0x3a ./gecko_sdk_3.2.3/platform/emlib/src/em_assert.o
 .ARM.attributes
                0x000004c8       0x3a ./gecko_sdk_3.2.3/platform/emlib/src/em_cmu.o
 .ARM.attributes
                0x00000502       0x3a ./gecko_sdk_3.2.3/platform/emlib/src/em_core.o
 .ARM.attributes
                0x0000053c       0x3a ./gecko_sdk_3.2.3/platform/emlib/src/em_emu.o
 .ARM.attributes
                0x00000576       0x3a ./gecko_sdk_3.2.3/platform/emlib/src/em_gpio.o
 .ARM.attributes
                0x000005b0       0x3a ./gecko_sdk_3.2.3/platform/emlib/src/em_ldma.o
 .ARM.attributes
                0x000005ea       0x3a ./gecko_sdk_3.2.3/platform/emlib/src/em_rtcc.o
 .ARM.attributes
                0x00000624       0x3a ./gecko_sdk_3.2.3/platform/emlib/src/em_usart.o
 .ARM.attributes
                0x0000065e       0x3a ./gecko_sdk_3.2.3/platform/service/device_init/src/sl_device_init_dcdc_s2.o
 .ARM.attributes
                0x00000698       0x3a ./gecko_sdk_3.2.3/platform/service/device_init/src/sl_device_init_emu_s2.o
 .ARM.attributes
                0x000006d2       0x3a ./gecko_sdk_3.2.3/platform/service/device_init/src/sl_device_init_hfxo_s2.o
 .ARM.attributes
                0x0000070c       0x3a ./gecko_sdk_3.2.3/platform/service/device_init/src/sl_device_init_lfxo_s2.o
 .ARM.attributes
                0x00000746       0x3a ./gecko_sdk_3.2.3/platform/service/device_init/src/sl_device_init_nvic.o
 .ARM.attributes
                0x00000780       0x3a ./gecko_sdk_3.2.3/platform/service/sleeptimer/src/sl_sleeptimer.o
 .ARM.attributes
                0x000007ba       0x3a ./gecko_sdk_3.2.3/platform/service/sleeptimer/src/sl_sleeptimer_hal_rtcc.o
 .ARM.attributes
                0x000007f4       0x3a ./gecko_sdk_3.2.3/platform/service/system/src/sl_system_init.o
 .ARM.attributes
                0x0000082e       0x3a ./gecko_sdk_3.2.3/platform/service/system/src/sl_system_process_action.o
 .ARM.attributes
                0x00000868       0x22 c:/siliconlabs/simplicitystudio/v5/developer/toolchains/gnu_arm/10.3_2021.10/bin/../lib/gcc/arm-none-eabi/10.3.1/thumb/v8-m.main+fp/hard\libgcc.a(_aeabi_uldivmod.o)
 .ARM.attributes
                0x0000088a       0x38 c:/siliconlabs/simplicitystudio/v5/developer/toolchains/gnu_arm/10.3_2021.10/bin/../lib/gcc/arm-none-eabi/10.3.1/thumb/v8-m.main+fp/hard\libgcc.a(_udivmoddi4.o)
 .ARM.attributes
                0x000008c2       0x22 c:/siliconlabs/simplicitystudio/v5/developer/toolchains/gnu_arm/10.3_2021.10/bin/../lib/gcc/arm-none-eabi/10.3.1/thumb/v8-m.main+fp/hard\libgcc.a(_dvmd_tls.o)
 .ARM.attributes
                0x000008e4       0x38 c:/siliconlabs/simplicitystudio/v5/developer/toolchains/gnu_arm/10.3_2021.10/bin/../lib/gcc/arm-none-eabi/10.3.1/../../../../arm-none-eabi/lib/thumb/v8-m.main+fp/hard\libc_nano.a(lib_a-exit.o)
 .ARM.attributes
                0x0000091c       0x38 c:/siliconlabs/simplicitystudio/v5/developer/toolchains/gnu_arm/10.3_2021.10/bin/../lib/gcc/arm-none-eabi/10.3.1/../../../../arm-none-eabi/lib/thumb/v8-m.main+fp/hard\libc_nano.a(lib_a-impure.o)
 .ARM.attributes
                0x00000954       0x38 c:/siliconlabs/simplicitystudio/v5/developer/toolchains/gnu_arm/10.3_2021.10/bin/../lib/gcc/arm-none-eabi/10.3.1/../../../../arm-none-eabi/lib/thumb/v8-m.main+fp/hard\libc_nano.a(lib_a-init.o)
 .ARM.attributes
                0x0000098c       0x38 c:/siliconlabs/simplicitystudio/v5/developer/toolchains/gnu_arm/10.3_2021.10/bin/../lib/gcc/arm-none-eabi/10.3.1/../../../../arm-none-eabi/lib/thumb/v8-m.main+fp/hard\libc_nano.a(lib_a-memset.o)
 .ARM.attributes
                0x000009c4       0x38 c:/siliconlabs/simplicitystudio/v5/developer/toolchains/gnu_arm/10.3_2021.10/bin/../lib/gcc/arm-none-eabi/10.3.1/../../../../arm-none-eabi/lib/thumb/v8-m.main+fp/hard\libnosys.a(_exit.o)
 .ARM.attributes
                0x000009fc       0x22 c:/siliconlabs/simplicitystudio/v5/developer/toolchains/gnu_arm/10.3_2021.10/bin/../lib/gcc/arm-none-eabi/10.3.1/thumb/v8-m.main+fp/hard/crtn.o

.comment        0x00000000       0x49
 .comment       0x00000000       0x49 ./app.o
                                 0x4a (size before relaxing)
 .comment       0x00000049       0x4a ./main.o
 .comment       0x00000049       0x4a ./st7735.o
 .comment       0x00000049       0x4a ./st7735_spi.o
 .comment       0x00000049       0x4a ./autogen/sl_board_default_init.o
 .comment       0x00000049       0x4a ./autogen/sl_device_init_clocks.o
 .comment       0x00000049       0x4a ./autogen/sl_event_handler.o
 .comment       0x00000049       0x4a ./autogen/sl_simple_button_instances.o
 .comment       0x00000049       0x4a ./autogen/sl_spidrv_init.o
 .comment       0x00000049       0x4a ./gecko_sdk_3.2.3/hardware/board/src/sl_board_init.o
 .comment       0x00000049       0x4a ./gecko_sdk_3.2.3/platform/Device/SiliconLabs/BGM22/Source/GCC/startup_bgm22.o
 .comment       0x00000049       0x4a ./gecko_sdk_3.2.3/platform/Device/SiliconLabs/BGM22/Source/system_bgm22.o
 .comment       0x00000049       0x4a ./gecko_sdk_3.2.3/platform/common/toolchain/src/sl_memory.o
 .comment       0x00000049       0x4a ./gecko_sdk_3.2.3/platform/driver/button/src/sl_button.o
 .comment       0x00000049       0x4a ./gecko_sdk_3.2.3/platform/driver/button/src/sl_simple_button.o
 .comment       0x00000049       0x4a ./gecko_sdk_3.2.3/platform/emdrv/dmadrv/src/dmadrv.o
 .comment       0x00000049       0x4a ./gecko_sdk_3.2.3/platform/emdrv/gpiointerrupt/src/gpiointerrupt.o
 .comment       0x00000049       0x4a ./gecko_sdk_3.2.3/platform/emdrv/spidrv/src/spidrv.o
 .comment       0x00000049       0x4a ./gecko_sdk_3.2.3/platform/emlib/src/em_assert.o
 .comment       0x00000049       0x4a ./gecko_sdk_3.2.3/platform/emlib/src/em_cmu.o
 .comment       0x00000049       0x4a ./gecko_sdk_3.2.3/platform/emlib/src/em_core.o
 .comment       0x00000049       0x4a ./gecko_sdk_3.2.3/platform/emlib/src/em_emu.o
 .comment       0x00000049       0x4a ./gecko_sdk_3.2.3/platform/emlib/src/em_gpio.o
 .comment       0x00000049       0x4a ./gecko_sdk_3.2.3/platform/emlib/src/em_ldma.o
 .comment       0x00000049       0x4a ./gecko_sdk_3.2.3/platform/emlib/src/em_rtcc.o
 .comment       0x00000049       0x4a ./gecko_sdk_3.2.3/platform/emlib/src/em_usart.o
 .comment       0x00000049       0x4a ./gecko_sdk_3.2.3/platform/service/device_init/src/sl_device_init_dcdc_s2.o
 .comment       0x00000049       0x4a ./gecko_sdk_3.2.3/platform/service/device_init/src/sl_device_init_emu_s2.o
 .comment       0x00000049       0x4a ./gecko_sdk_3.2.3/platform/service/device_init/src/sl_device_init_hfxo_s2.o
 .comment       0x00000049       0x4a ./gecko_sdk_3.2.3/platform/service/device_init/src/sl_device_init_lfxo_s2.o
 .comment       0x00000049       0x4a ./gecko_sdk_3.2.3/platform/service/device_init/src/sl_device_init_nvic.o
 .comment       0x00000049       0x4a ./gecko_sdk_3.2.3/platform/service/sleeptimer/src/sl_sleeptimer.o
 .comment       0x00000049       0x4a ./gecko_sdk_3.2.3/platform/service/sleeptimer/src/sl_sleeptimer_hal_rtcc.o
 .comment       0x00000049       0x4a ./gecko_sdk_3.2.3/platform/service/system/src/sl_system_init.o
 .comment       0x00000049       0x4a ./gecko_sdk_3.2.3/platform/service/system/src/sl_system_process_action.o

.debug_info     0x00000000    0x2c205
 .debug_info    0x00000000      0x250 ./app.o
 .debug_info    0x00000250       0xad ./main.o
 .debug_info    0x000002fd      0xe3b ./st7735.o
 .debug_info    0x00001138     0x238c ./st7735_spi.o
 .debug_info    0x000034c4       0x86 ./autogen/sl_board_default_init.o
 .debug_info    0x0000354a      0x383 ./autogen/sl_device_init_clocks.o
 .debug_info    0x000038cd     0x12a7 ./autogen/sl_event_handler.o
 .debug_info    0x00004b74      0x309 ./autogen/sl_simple_button_instances.o
 .debug_info    0x00004e7d     0x106b ./autogen/sl_spidrv_init.o
 .debug_info    0x00005ee8      0x279 ./gecko_sdk_3.2.3/hardware/board/src/sl_board_init.o
 .debug_info    0x00006161      0x21b ./gecko_sdk_3.2.3/platform/Device/SiliconLabs/BGM22/Source/GCC/startup_bgm22.o
 .debug_info    0x0000637c     0x136c ./gecko_sdk_3.2.3/platform/Device/SiliconLabs/BGM22/Source/system_bgm22.o
 .debug_info    0x000076e8      0x205 ./gecko_sdk_3.2.3/platform/common/toolchain/src/sl_memory.o
 .debug_info    0x000078ed      0x287 ./gecko_sdk_3.2.3/platform/driver/button/src/sl_button.o
 .debug_info    0x00007b74     0x19c6 ./gecko_sdk_3.2.3/platform/driver/button/src/sl_simple_button.o
 .debug_info    0x0000953a     0x2000 ./gecko_sdk_3.2.3/platform/emdrv/dmadrv/src/dmadrv.o
 .debug_info    0x0000b53a     0x19b4 ./gecko_sdk_3.2.3/platform/emdrv/gpiointerrupt/src/gpiointerrupt.o
 .debug_info    0x0000ceee     0x4943 ./gecko_sdk_3.2.3/platform/emdrv/spidrv/src/spidrv.o
 .debug_info    0x00011831       0x86 ./gecko_sdk_3.2.3/platform/emlib/src/em_assert.o
 .debug_info    0x000118b7     0x72e3 ./gecko_sdk_3.2.3/platform/emlib/src/em_cmu.o
 .debug_info    0x00018b9a     0x13dc ./gecko_sdk_3.2.3/platform/emlib/src/em_core.o
 .debug_info    0x00019f76     0x39e7 ./gecko_sdk_3.2.3/platform/emlib/src/em_emu.o
 .debug_info    0x0001d95d     0x204c ./gecko_sdk_3.2.3/platform/emlib/src/em_gpio.o
 .debug_info    0x0001f9a9     0x1ee1 ./gecko_sdk_3.2.3/platform/emlib/src/em_ldma.o
 .debug_info    0x0002188a     0x1f14 ./gecko_sdk_3.2.3/platform/emlib/src/em_rtcc.o
 .debug_info    0x0002379e     0x4010 ./gecko_sdk_3.2.3/platform/emlib/src/em_usart.o
 .debug_info    0x000277ae      0x2a9 ./gecko_sdk_3.2.3/platform/service/device_init/src/sl_device_init_dcdc_s2.o
 .debug_info    0x00027a57      0x9a7 ./gecko_sdk_3.2.3/platform/service/device_init/src/sl_device_init_emu_s2.o
 .debug_info    0x000283fe      0x82c ./gecko_sdk_3.2.3/platform/service/device_init/src/sl_device_init_hfxo_s2.o
 .debug_info    0x00028c2a      0x269 ./gecko_sdk_3.2.3/platform/service/device_init/src/sl_device_init_lfxo_s2.o
 .debug_info    0x00028e93      0x88e ./gecko_sdk_3.2.3/platform/service/device_init/src/sl_device_init_nvic.o
 .debug_info    0x00029721     0x1525 ./gecko_sdk_3.2.3/platform/service/sleeptimer/src/sl_sleeptimer.o
 .debug_info    0x0002ac46     0x1462 ./gecko_sdk_3.2.3/platform/service/sleeptimer/src/sl_sleeptimer_hal_rtcc.o
 .debug_info    0x0002c0a8       0xba ./gecko_sdk_3.2.3/platform/service/system/src/sl_system_init.o
 .debug_info    0x0002c162       0xa3 ./gecko_sdk_3.2.3/platform/service/system/src/sl_system_process_action.o

.debug_abbrev   0x00000000     0x48a1
 .debug_abbrev  0x00000000       0x8e ./app.o
 .debug_abbrev  0x0000008e       0x5e ./main.o
 .debug_abbrev  0x000000ec      0x1f3 ./st7735.o
 .debug_abbrev  0x000002df      0x29c ./st7735_spi.o
 .debug_abbrev  0x0000057b       0x46 ./autogen/sl_board_default_init.o
 .debug_abbrev  0x000005c1       0xd8 ./autogen/sl_device_init_clocks.o
 .debug_abbrev  0x00000699      0x1bc ./autogen/sl_event_handler.o
 .debug_abbrev  0x00000855      0x138 ./autogen/sl_simple_button_instances.o
 .debug_abbrev  0x0000098d      0x1bd ./autogen/sl_spidrv_init.o
 .debug_abbrev  0x00000b4a       0xe6 ./gecko_sdk_3.2.3/hardware/board/src/sl_board_init.o
 .debug_abbrev  0x00000c30      0x145 ./gecko_sdk_3.2.3/platform/Device/SiliconLabs/BGM22/Source/GCC/startup_bgm22.o
 .debug_abbrev  0x00000d75      0x271 ./gecko_sdk_3.2.3/platform/Device/SiliconLabs/BGM22/Source/system_bgm22.o
 .debug_abbrev  0x00000fe6      0x11e ./gecko_sdk_3.2.3/platform/common/toolchain/src/sl_memory.o
 .debug_abbrev  0x00001104      0x12a ./gecko_sdk_3.2.3/platform/driver/button/src/sl_button.o
 .debug_abbrev  0x0000122e      0x363 ./gecko_sdk_3.2.3/platform/driver/button/src/sl_simple_button.o
 .debug_abbrev  0x00001591      0x39d ./gecko_sdk_3.2.3/platform/emdrv/dmadrv/src/dmadrv.o
 .debug_abbrev  0x0000192e      0x2da ./gecko_sdk_3.2.3/platform/emdrv/gpiointerrupt/src/gpiointerrupt.o
 .debug_abbrev  0x00001c08      0x49b ./gecko_sdk_3.2.3/platform/emdrv/spidrv/src/spidrv.o
 .debug_abbrev  0x000020a3       0x6c ./gecko_sdk_3.2.3/platform/emlib/src/em_assert.o
 .debug_abbrev  0x0000210f      0x502 ./gecko_sdk_3.2.3/platform/emlib/src/em_cmu.o
 .debug_abbrev  0x00002611      0x313 ./gecko_sdk_3.2.3/platform/emlib/src/em_core.o
 .debug_abbrev  0x00002924      0x4bf ./gecko_sdk_3.2.3/platform/emlib/src/em_emu.o
 .debug_abbrev  0x00002de3      0x318 ./gecko_sdk_3.2.3/platform/emlib/src/em_gpio.o
 .debug_abbrev  0x000030fb      0x3bf ./gecko_sdk_3.2.3/platform/emlib/src/em_ldma.o
 .debug_abbrev  0x000034ba      0x260 ./gecko_sdk_3.2.3/platform/emlib/src/em_rtcc.o
 .debug_abbrev  0x0000371a      0x321 ./gecko_sdk_3.2.3/platform/emlib/src/em_usart.o
 .debug_abbrev  0x00003a3b       0xe0 ./gecko_sdk_3.2.3/platform/service/device_init/src/sl_device_init_dcdc_s2.o
 .debug_abbrev  0x00003b1b      0x13a ./gecko_sdk_3.2.3/platform/service/device_init/src/sl_device_init_emu_s2.o
 .debug_abbrev  0x00003c55      0x16f ./gecko_sdk_3.2.3/platform/service/device_init/src/sl_device_init_hfxo_s2.o
 .debug_abbrev  0x00003dc4       0xed ./gecko_sdk_3.2.3/platform/service/device_init/src/sl_device_init_lfxo_s2.o
 .debug_abbrev  0x00003eb1      0x144 ./gecko_sdk_3.2.3/platform/service/device_init/src/sl_device_init_nvic.o
 .debug_abbrev  0x00003ff5      0x3e0 ./gecko_sdk_3.2.3/platform/service/sleeptimer/src/sl_sleeptimer.o
 .debug_abbrev  0x000043d5      0x40e ./gecko_sdk_3.2.3/platform/service/sleeptimer/src/sl_sleeptimer_hal_rtcc.o
 .debug_abbrev  0x000047e3       0x5f ./gecko_sdk_3.2.3/platform/service/system/src/sl_system_init.o
 .debug_abbrev  0x00004842       0x5f ./gecko_sdk_3.2.3/platform/service/system/src/sl_system_process_action.o

.debug_loc      0x00000000     0xbecf
 .debug_loc     0x00000000       0x58 ./app.o
 .debug_loc     0x00000058       0x20 ./main.o
 .debug_loc     0x00000078      0x4f7 ./st7735.o
 .debug_loc     0x0000056f      0x175 ./st7735_spi.o
 .debug_loc     0x000006e4       0x20 ./autogen/sl_device_init_clocks.o
 .debug_loc     0x00000704       0x75 ./autogen/sl_event_handler.o
 .debug_loc     0x00000779       0x2c ./gecko_sdk_3.2.3/hardware/board/src/sl_board_init.o
 .debug_loc     0x000007a5       0x9c ./gecko_sdk_3.2.3/platform/Device/SiliconLabs/BGM22/Source/GCC/startup_bgm22.o
 .debug_loc     0x00000841       0xc5 ./gecko_sdk_3.2.3/platform/Device/SiliconLabs/BGM22/Source/system_bgm22.o
 .debug_loc     0x00000906       0x9c ./gecko_sdk_3.2.3/platform/common/toolchain/src/sl_memory.o
 .debug_loc     0x000009a2      0x11a ./gecko_sdk_3.2.3/platform/driver/button/src/sl_button.o
 .debug_loc     0x00000abc      0x40b ./gecko_sdk_3.2.3/platform/driver/button/src/sl_simple_button.o
 .debug_loc     0x00000ec7     0x119f ./gecko_sdk_3.2.3/platform/emdrv/dmadrv/src/dmadrv.o
 .debug_loc     0x00002066      0x291 ./gecko_sdk_3.2.3/platform/emdrv/gpiointerrupt/src/gpiointerrupt.o
 .debug_loc     0x000022f7     0x2492 ./gecko_sdk_3.2.3/platform/emdrv/spidrv/src/spidrv.o
 .debug_loc     0x00004789       0x2a ./gecko_sdk_3.2.3/platform/emlib/src/em_assert.o
 .debug_loc     0x000047b3     0x30d9 ./gecko_sdk_3.2.3/platform/emlib/src/em_cmu.o
 .debug_loc     0x0000788c      0x8ae ./gecko_sdk_3.2.3/platform/emlib/src/em_core.o
 .debug_loc     0x0000813a      0x7d0 ./gecko_sdk_3.2.3/platform/emlib/src/em_emu.o
 .debug_loc     0x0000890a      0x8f1 ./gecko_sdk_3.2.3/platform/emlib/src/em_gpio.o
 .debug_loc     0x000091fb      0x5eb ./gecko_sdk_3.2.3/platform/emlib/src/em_ldma.o
 .debug_loc     0x000097e6      0x16e ./gecko_sdk_3.2.3/platform/emlib/src/em_rtcc.o
 .debug_loc     0x00009954      0xa2e ./gecko_sdk_3.2.3/platform/emlib/src/em_usart.o
 .debug_loc     0x0000a382       0x2c ./gecko_sdk_3.2.3/platform/service/device_init/src/sl_device_init_dcdc_s2.o
 .debug_loc     0x0000a3ae       0x2c ./gecko_sdk_3.2.3/platform/service/device_init/src/sl_device_init_emu_s2.o
 .debug_loc     0x0000a3da       0xba ./gecko_sdk_3.2.3/platform/service/device_init/src/sl_device_init_hfxo_s2.o
 .debug_loc     0x0000a494       0x2c ./gecko_sdk_3.2.3/platform/service/device_init/src/sl_device_init_lfxo_s2.o
 .debug_loc     0x0000a4c0       0x6f ./gecko_sdk_3.2.3/platform/service/device_init/src/sl_device_init_nvic.o
 .debug_loc     0x0000a52f     0x14af ./gecko_sdk_3.2.3/platform/service/sleeptimer/src/sl_sleeptimer.o
 .debug_loc     0x0000b9de      0x499 ./gecko_sdk_3.2.3/platform/service/sleeptimer/src/sl_sleeptimer_hal_rtcc.o
 .debug_loc     0x0000be77       0x2c ./gecko_sdk_3.2.3/platform/service/system/src/sl_system_init.o
 .debug_loc     0x0000bea3       0x2c ./gecko_sdk_3.2.3/platform/service/system/src/sl_system_process_action.o

.debug_aranges  0x00000000      0xc58
 .debug_aranges
                0x00000000       0x28 ./app.o
 .debug_aranges
                0x00000028       0x20 ./main.o
 .debug_aranges
                0x00000048       0x50 ./st7735.o
 .debug_aranges
                0x00000098       0x30 ./st7735_spi.o
 .debug_aranges
                0x000000c8       0x20 ./autogen/sl_board_default_init.o
 .debug_aranges
                0x000000e8       0x20 ./autogen/sl_device_init_clocks.o
 .debug_aranges
                0x00000108       0x38 ./autogen/sl_event_handler.o
 .debug_aranges
                0x00000140       0x28 ./autogen/sl_simple_button_instances.o
 .debug_aranges
                0x00000168       0x20 ./autogen/sl_spidrv_init.o
 .debug_aranges
                0x00000188       0x28 ./gecko_sdk_3.2.3/hardware/board/src/sl_board_init.o
 .debug_aranges
                0x000001b0       0x28 ./gecko_sdk_3.2.3/platform/Device/SiliconLabs/BGM22/Source/GCC/startup_bgm22.o
 .debug_aranges
                0x000001d8       0x88 ./gecko_sdk_3.2.3/platform/Device/SiliconLabs/BGM22/Source/system_bgm22.o
 .debug_aranges
                0x00000260       0x30 ./gecko_sdk_3.2.3/platform/common/toolchain/src/sl_memory.o
 .debug_aranges
                0x00000290       0x48 ./gecko_sdk_3.2.3/platform/driver/button/src/sl_button.o
 .debug_aranges
                0x000002d8       0x50 ./gecko_sdk_3.2.3/platform/driver/button/src/sl_simple_button.o
 .debug_aranges
                0x00000328       0xa8 ./gecko_sdk_3.2.3/platform/emdrv/dmadrv/src/dmadrv.o
 .debug_aranges
                0x000003d0       0x40 ./gecko_sdk_3.2.3/platform/emdrv/gpiointerrupt/src/gpiointerrupt.o
 .debug_aranges
                0x00000410      0x110 ./gecko_sdk_3.2.3/platform/emdrv/spidrv/src/spidrv.o
 .debug_aranges
                0x00000520       0x20 ./gecko_sdk_3.2.3/platform/emlib/src/em_assert.o
 .debug_aranges
                0x00000540      0x150 ./gecko_sdk_3.2.3/platform/emlib/src/em_cmu.o
 .debug_aranges
                0x00000690       0xe8 ./gecko_sdk_3.2.3/platform/emlib/src/em_core.o
 .debug_aranges
                0x00000778       0xf8 ./gecko_sdk_3.2.3/platform/emlib/src/em_emu.o
 .debug_aranges
                0x00000870       0x60 ./gecko_sdk_3.2.3/platform/emlib/src/em_gpio.o
 .debug_aranges
                0x000008d0       0x50 ./gecko_sdk_3.2.3/platform/emlib/src/em_ldma.o
 .debug_aranges
                0x00000920       0x48 ./gecko_sdk_3.2.3/platform/emlib/src/em_rtcc.o
 .debug_aranges
                0x00000968       0xb8 ./gecko_sdk_3.2.3/platform/emlib/src/em_usart.o
 .debug_aranges
                0x00000a20       0x20 ./gecko_sdk_3.2.3/platform/service/device_init/src/sl_device_init_dcdc_s2.o
 .debug_aranges
                0x00000a40       0x20 ./gecko_sdk_3.2.3/platform/service/device_init/src/sl_device_init_emu_s2.o
 .debug_aranges
                0x00000a60       0x20 ./gecko_sdk_3.2.3/platform/service/device_init/src/sl_device_init_hfxo_s2.o
 .debug_aranges
                0x00000a80       0x20 ./gecko_sdk_3.2.3/platform/service/device_init/src/sl_device_init_lfxo_s2.o
 .debug_aranges
                0x00000aa0       0x20 ./gecko_sdk_3.2.3/platform/service/device_init/src/sl_device_init_nvic.o
 .debug_aranges
                0x00000ac0       0xf0 ./gecko_sdk_3.2.3/platform/service/sleeptimer/src/sl_sleeptimer.o
 .debug_aranges
                0x00000bb0       0x68 ./gecko_sdk_3.2.3/platform/service/sleeptimer/src/sl_sleeptimer_hal_rtcc.o
 .debug_aranges
                0x00000c18       0x20 ./gecko_sdk_3.2.3/platform/service/system/src/sl_system_init.o
 .debug_aranges
                0x00000c38       0x20 ./gecko_sdk_3.2.3/platform/service/system/src/sl_system_process_action.o

.debug_ranges   0x00000000     0x1328
 .debug_ranges  0x00000000       0x18 ./app.o
 .debug_ranges  0x00000018       0x10 ./main.o
 .debug_ranges  0x00000028       0x70 ./st7735.o
 .debug_ranges  0x00000098       0x50 ./st7735_spi.o
 .debug_ranges  0x000000e8       0x10 ./autogen/sl_board_default_init.o
 .debug_ranges  0x000000f8       0x10 ./autogen/sl_device_init_clocks.o
 .debug_ranges  0x00000108       0x28 ./autogen/sl_event_handler.o
 .debug_ranges  0x00000130       0x18 ./autogen/sl_simple_button_instances.o
 .debug_ranges  0x00000148       0x10 ./autogen/sl_spidrv_init.o
 .debug_ranges  0x00000158       0x18 ./gecko_sdk_3.2.3/hardware/board/src/sl_board_init.o
 .debug_ranges  0x00000170       0x18 ./gecko_sdk_3.2.3/platform/Device/SiliconLabs/BGM22/Source/GCC/startup_bgm22.o
 .debug_ranges  0x00000188       0x78 ./gecko_sdk_3.2.3/platform/Device/SiliconLabs/BGM22/Source/system_bgm22.o
 .debug_ranges  0x00000200       0x20 ./gecko_sdk_3.2.3/platform/common/toolchain/src/sl_memory.o
 .debug_ranges  0x00000220       0x38 ./gecko_sdk_3.2.3/platform/driver/button/src/sl_button.o
 .debug_ranges  0x00000258       0x98 ./gecko_sdk_3.2.3/platform/driver/button/src/sl_simple_button.o
 .debug_ranges  0x000002f0       0x98 ./gecko_sdk_3.2.3/platform/emdrv/dmadrv/src/dmadrv.o
 .debug_ranges  0x00000388      0x110 ./gecko_sdk_3.2.3/platform/emdrv/gpiointerrupt/src/gpiointerrupt.o
 .debug_ranges  0x00000498      0x290 ./gecko_sdk_3.2.3/platform/emdrv/spidrv/src/spidrv.o
 .debug_ranges  0x00000728       0x10 ./gecko_sdk_3.2.3/platform/emlib/src/em_assert.o
 .debug_ranges  0x00000738      0x200 ./gecko_sdk_3.2.3/platform/emlib/src/em_cmu.o
 .debug_ranges  0x00000938      0x188 ./gecko_sdk_3.2.3/platform/emlib/src/em_core.o
 .debug_ranges  0x00000ac0      0x270 ./gecko_sdk_3.2.3/platform/emlib/src/em_emu.o
 .debug_ranges  0x00000d30       0x68 ./gecko_sdk_3.2.3/platform/emlib/src/em_gpio.o
 .debug_ranges  0x00000d98       0x88 ./gecko_sdk_3.2.3/platform/emlib/src/em_ldma.o
 .debug_ranges  0x00000e20       0x68 ./gecko_sdk_3.2.3/platform/emlib/src/em_rtcc.o
 .debug_ranges  0x00000e88      0x108 ./gecko_sdk_3.2.3/platform/emlib/src/em_usart.o
 .debug_ranges  0x00000f90       0x10 ./gecko_sdk_3.2.3/platform/service/device_init/src/sl_device_init_dcdc_s2.o
 .debug_ranges  0x00000fa0       0x10 ./gecko_sdk_3.2.3/platform/service/device_init/src/sl_device_init_emu_s2.o
 .debug_ranges  0x00000fb0       0x10 ./gecko_sdk_3.2.3/platform/service/device_init/src/sl_device_init_hfxo_s2.o
 .debug_ranges  0x00000fc0       0x10 ./gecko_sdk_3.2.3/platform/service/device_init/src/sl_device_init_lfxo_s2.o
 .debug_ranges  0x00000fd0       0x48 ./gecko_sdk_3.2.3/platform/service/device_init/src/sl_device_init_nvic.o
 .debug_ranges  0x00001018      0x198 ./gecko_sdk_3.2.3/platform/service/sleeptimer/src/sl_sleeptimer.o
 .debug_ranges  0x000011b0      0x158 ./gecko_sdk_3.2.3/platform/service/sleeptimer/src/sl_sleeptimer_hal_rtcc.o
 .debug_ranges  0x00001308       0x10 ./gecko_sdk_3.2.3/platform/service/system/src/sl_system_init.o
 .debug_ranges  0x00001318       0x10 ./gecko_sdk_3.2.3/platform/service/system/src/sl_system_process_action.o

.debug_line     0x00000000     0xd81a
 .debug_line    0x00000000       0x80 ./app.o
 .debug_line    0x00000080       0xfa ./main.o
 .debug_line    0x0000017a      0x432 ./st7735.o
 .debug_line    0x000005ac      0x585 ./st7735_spi.o
 .debug_line    0x00000b31       0x55 ./autogen/sl_board_default_init.o
 .debug_line    0x00000b86      0x225 ./autogen/sl_device_init_clocks.o
 .debug_line    0x00000dab      0x597 ./autogen/sl_event_handler.o
 .debug_line    0x00001342      0x2bb ./autogen/sl_simple_button_instances.o
 .debug_line    0x000015fd      0x41e ./autogen/sl_spidrv_init.o
 .debug_line    0x00001a1b      0x125 ./gecko_sdk_3.2.3/hardware/board/src/sl_board_init.o
 .debug_line    0x00001b40      0x279 ./gecko_sdk_3.2.3/platform/Device/SiliconLabs/BGM22/Source/GCC/startup_bgm22.o
 .debug_line    0x00001db9      0x494 ./gecko_sdk_3.2.3/platform/Device/SiliconLabs/BGM22/Source/system_bgm22.o
 .debug_line    0x0000224d      0x304 ./gecko_sdk_3.2.3/platform/common/toolchain/src/sl_memory.o
 .debug_line    0x00002551      0x342 ./gecko_sdk_3.2.3/platform/driver/button/src/sl_button.o
 .debug_line    0x00002893      0x67c ./gecko_sdk_3.2.3/platform/driver/button/src/sl_simple_button.o
 .debug_line    0x00002f0f      0xb2b ./gecko_sdk_3.2.3/platform/emdrv/dmadrv/src/dmadrv.o
 .debug_line    0x00003a3a      0x5cc ./gecko_sdk_3.2.3/platform/emdrv/gpiointerrupt/src/gpiointerrupt.o
 .debug_line    0x00004006     0x1690 ./gecko_sdk_3.2.3/platform/emdrv/spidrv/src/spidrv.o
 .debug_line    0x00005696       0xb8 ./gecko_sdk_3.2.3/platform/emlib/src/em_assert.o
 .debug_line    0x0000574e     0x222d ./gecko_sdk_3.2.3/platform/emlib/src/em_cmu.o
 .debug_line    0x0000797b      0xa27 ./gecko_sdk_3.2.3/platform/emlib/src/em_core.o
 .debug_line    0x000083a2      0xd23 ./gecko_sdk_3.2.3/platform/emlib/src/em_emu.o
 .debug_line    0x000090c5      0x6f8 ./gecko_sdk_3.2.3/platform/emlib/src/em_gpio.o
 .debug_line    0x000097bd      0x760 ./gecko_sdk_3.2.3/platform/emlib/src/em_ldma.o
 .debug_line    0x00009f1d      0x539 ./gecko_sdk_3.2.3/platform/emlib/src/em_rtcc.o
 .debug_line    0x0000a456      0xca3 ./gecko_sdk_3.2.3/platform/emlib/src/em_usart.o
 .debug_line    0x0000b0f9      0x285 ./gecko_sdk_3.2.3/platform/service/device_init/src/sl_device_init_dcdc_s2.o
 .debug_line    0x0000b37e      0x31e ./gecko_sdk_3.2.3/platform/service/device_init/src/sl_device_init_emu_s2.o
 .debug_line    0x0000b69c      0x377 ./gecko_sdk_3.2.3/platform/service/device_init/src/sl_device_init_hfxo_s2.o
 .debug_line    0x0000ba13      0x296 ./gecko_sdk_3.2.3/platform/service/device_init/src/sl_device_init_lfxo_s2.o
 .debug_line    0x0000bca9      0x36a ./gecko_sdk_3.2.3/platform/service/device_init/src/sl_device_init_nvic.o
 .debug_line    0x0000c013      0xe27 ./gecko_sdk_3.2.3/platform/service/sleeptimer/src/sl_sleeptimer.o
 .debug_line    0x0000ce3a      0x7d9 ./gecko_sdk_3.2.3/platform/service/sleeptimer/src/sl_sleeptimer_hal_rtcc.o
 .debug_line    0x0000d613       0xff ./gecko_sdk_3.2.3/platform/service/system/src/sl_system_init.o
 .debug_line    0x0000d712      0x108 ./gecko_sdk_3.2.3/platform/service/system/src/sl_system_process_action.o

.debug_str      0x00000000     0xaa8b
 .debug_str     0x00000000      0x1b8 ./app.o
                                0x208 (size before relaxing)
 .debug_str     0x000001b8       0x37 ./main.o
                                0x182 (size before relaxing)
 .debug_str     0x000001ef      0x104 ./st7735.o
                                0x30d (size before relaxing)
 .debug_str     0x000002f3     0x1e4b ./st7735_spi.o
                               0x2202 (size before relaxing)
 .debug_str     0x0000213e       0x39 ./autogen/sl_board_default_init.o
                                0x1ec (size before relaxing)
 .debug_str     0x00002177      0x1d1 ./autogen/sl_device_init_clocks.o
                                0x740 (size before relaxing)
 .debug_str     0x00002348      0xaba ./autogen/sl_event_handler.o
                                0xed4 (size before relaxing)
 .debug_str     0x00002e02      0x110 ./autogen/sl_simple_button_instances.o
                                0x399 (size before relaxing)
 .debug_str     0x00002f12       0x82 ./autogen/sl_spidrv_init.o
                               0x15e8 (size before relaxing)
 .debug_str     0x00002f94       0x6a ./gecko_sdk_3.2.3/hardware/board/src/sl_board_init.o
                                0x5fe (size before relaxing)
 .debug_str     0x00002ffe      0x11d ./gecko_sdk_3.2.3/platform/Device/SiliconLabs/BGM22/Source/GCC/startup_bgm22.o
                                0x2fc (size before relaxing)
 .debug_str     0x0000311b      0x2dc ./gecko_sdk_3.2.3/platform/Device/SiliconLabs/BGM22/Source/system_bgm22.o
                                0xdf4 (size before relaxing)
 .debug_str     0x000033f7      0x117 ./gecko_sdk_3.2.3/platform/common/toolchain/src/sl_memory.o
                                0x2e9 (size before relaxing)
 .debug_str     0x0000350e       0xb9 ./gecko_sdk_3.2.3/platform/driver/button/src/sl_button.o
                                0x311 (size before relaxing)
 .debug_str     0x000035c7      0x1ea ./gecko_sdk_3.2.3/platform/driver/button/src/sl_simple_button.o
                               0x1501 (size before relaxing)
 .debug_str     0x000037b1      0xd25 ./gecko_sdk_3.2.3/platform/emdrv/dmadrv/src/dmadrv.o
                               0x16e7 (size before relaxing)
 .debug_str     0x000044d6      0x506 ./gecko_sdk_3.2.3/platform/emdrv/gpiointerrupt/src/gpiointerrupt.o
                               0x1278 (size before relaxing)
 .debug_str     0x000049dc      0x6ef ./gecko_sdk_3.2.3/platform/emdrv/spidrv/src/spidrv.o
                               0x2e0f (size before relaxing)
 .debug_str     0x000050cb       0x70 ./gecko_sdk_3.2.3/platform/emlib/src/em_assert.o
                                0x1ae (size before relaxing)
 .debug_str     0x0000513b     0x1959 ./gecko_sdk_3.2.3/platform/emlib/src/em_cmu.o
                               0x3852 (size before relaxing)
 .debug_str     0x00006a94      0x327 ./gecko_sdk_3.2.3/platform/emlib/src/em_core.o
                                0xace (size before relaxing)
 .debug_str     0x00006dbb      0x9c4 ./gecko_sdk_3.2.3/platform/emlib/src/em_emu.o
                               0x22c7 (size before relaxing)
 .debug_str     0x0000777f       0xff ./gecko_sdk_3.2.3/platform/emlib/src/em_gpio.o
                               0x134f (size before relaxing)
 .debug_str     0x0000787e       0xe7 ./gecko_sdk_3.2.3/platform/emlib/src/em_ldma.o
                               0x1312 (size before relaxing)
 .debug_str     0x00007965     0x204e ./gecko_sdk_3.2.3/platform/emlib/src/em_rtcc.o
                               0x24dd (size before relaxing)
 .debug_str     0x000099b3      0x598 ./gecko_sdk_3.2.3/platform/emlib/src/em_usart.o
                               0x3871 (size before relaxing)
 .debug_str     0x00009f4b       0x81 ./gecko_sdk_3.2.3/platform/service/device_init/src/sl_device_init_dcdc_s2.o
                                0x62a (size before relaxing)
 .debug_str     0x00009fcc       0x89 ./gecko_sdk_3.2.3/platform/service/device_init/src/sl_device_init_emu_s2.o
                                0x841 (size before relaxing)
 .debug_str     0x0000a055       0x81 ./gecko_sdk_3.2.3/platform/service/device_init/src/sl_device_init_hfxo_s2.o
                                0xb37 (size before relaxing)
 .debug_str     0x0000a0d6       0x81 ./gecko_sdk_3.2.3/platform/service/device_init/src/sl_device_init_lfxo_s2.o
                                0x490 (size before relaxing)
 .debug_str     0x0000a157       0x7e ./gecko_sdk_3.2.3/platform/service/device_init/src/sl_device_init_nvic.o
                                0x7d5 (size before relaxing)
 .debug_str     0x0000a1d5      0x605 ./gecko_sdk_3.2.3/platform/service/sleeptimer/src/sl_sleeptimer.o
                                0xa4e (size before relaxing)
 .debug_str     0x0000a7da      0x1bf ./gecko_sdk_3.2.3/platform/service/sleeptimer/src/sl_sleeptimer_hal_rtcc.o
                               0x129b (size before relaxing)
 .debug_str     0x0000a999       0x74 ./gecko_sdk_3.2.3/platform/service/system/src/sl_system_init.o
                                0x205 (size before relaxing)
 .debug_str     0x0000aa0d       0x7e ./gecko_sdk_3.2.3/platform/service/system/src/sl_system_process_action.o
                                0x232 (size before relaxing)

.debug_frame    0x00000000     0x20b0
 .debug_frame   0x00000000       0x50 ./app.o
 .debug_frame   0x00000050       0x28 ./main.o
 .debug_frame   0x00000078       0xec ./st7735.o
 .debug_frame   0x00000164       0x5c ./st7735_spi.o
 .debug_frame   0x000001c0       0x20 ./autogen/sl_board_default_init.o
 .debug_frame   0x000001e0       0x28 ./autogen/sl_device_init_clocks.o
 .debug_frame   0x00000208       0xb8 ./autogen/sl_event_handler.o
 .debug_frame   0x000002c0       0x30 ./autogen/sl_simple_button_instances.o
 .debug_frame   0x000002f0       0x20 ./autogen/sl_spidrv_init.o
 .debug_frame   0x00000310       0x3c ./gecko_sdk_3.2.3/hardware/board/src/sl_board_init.o
 .debug_frame   0x0000034c       0x38 ./gecko_sdk_3.2.3/platform/Device/SiliconLabs/BGM22/Source/GCC/startup_bgm22.o
 .debug_frame   0x00000384       0xf8 ./gecko_sdk_3.2.3/platform/Device/SiliconLabs/BGM22/Source/system_bgm22.o
 .debug_frame   0x0000047c       0x40 ./gecko_sdk_3.2.3/platform/common/toolchain/src/sl_memory.o
 .debug_frame   0x000004bc       0x70 ./gecko_sdk_3.2.3/platform/driver/button/src/sl_button.o
 .debug_frame   0x0000052c       0xc4 ./gecko_sdk_3.2.3/platform/driver/button/src/sl_simple_button.o
 .debug_frame   0x000005f0      0x210 ./gecko_sdk_3.2.3/platform/emdrv/dmadrv/src/dmadrv.o
 .debug_frame   0x00000800       0x88 ./gecko_sdk_3.2.3/platform/emdrv/gpiointerrupt/src/gpiointerrupt.o
 .debug_frame   0x00000888      0x404 ./gecko_sdk_3.2.3/platform/emdrv/spidrv/src/spidrv.o
 .debug_frame   0x00000c8c       0x20 ./gecko_sdk_3.2.3/platform/emlib/src/em_assert.o
 .debug_frame   0x00000cac      0x444 ./gecko_sdk_3.2.3/platform/emlib/src/em_cmu.o
 .debug_frame   0x000010f0      0x244 ./gecko_sdk_3.2.3/platform/emlib/src/em_core.o
 .debug_frame   0x00001334      0x2dc ./gecko_sdk_3.2.3/platform/emlib/src/em_emu.o
 .debug_frame   0x00001610      0x140 ./gecko_sdk_3.2.3/platform/emlib/src/em_gpio.o
 .debug_frame   0x00001750       0xe0 ./gecko_sdk_3.2.3/platform/emlib/src/em_ldma.o
 .debug_frame   0x00001830       0x9c ./gecko_sdk_3.2.3/platform/emlib/src/em_rtcc.o
 .debug_frame   0x000018cc      0x1ec ./gecko_sdk_3.2.3/platform/emlib/src/em_usart.o
 .debug_frame   0x00001ab8       0x28 ./gecko_sdk_3.2.3/platform/service/device_init/src/sl_device_init_dcdc_s2.o
 .debug_frame   0x00001ae0       0x2c ./gecko_sdk_3.2.3/platform/service/device_init/src/sl_device_init_emu_s2.o
 .debug_frame   0x00001b0c       0x34 ./gecko_sdk_3.2.3/platform/service/device_init/src/sl_device_init_hfxo_s2.o
 .debug_frame   0x00001b40       0x28 ./gecko_sdk_3.2.3/platform/service/device_init/src/sl_device_init_lfxo_s2.o
 .debug_frame   0x00001b68       0x28 ./gecko_sdk_3.2.3/platform/service/device_init/src/sl_device_init_nvic.o
 .debug_frame   0x00001b90      0x300 ./gecko_sdk_3.2.3/platform/service/sleeptimer/src/sl_sleeptimer.o
 .debug_frame   0x00001e90       0xd0 ./gecko_sdk_3.2.3/platform/service/sleeptimer/src/sl_sleeptimer_hal_rtcc.o
 .debug_frame   0x00001f60       0x2c ./gecko_sdk_3.2.3/platform/service/system/src/sl_system_init.o
 .debug_frame   0x00001f8c       0x2c ./gecko_sdk_3.2.3/platform/service/system/src/sl_system_process_action.o
 .debug_frame   0x00001fb8       0x2c c:/siliconlabs/simplicitystudio/v5/developer/toolchains/gnu_arm/10.3_2021.10/bin/../lib/gcc/arm-none-eabi/10.3.1/thumb/v8-m.main+fp/hard\libgcc.a(_aeabi_uldivmod.o)
 .debug_frame   0x00001fe4       0x38 c:/siliconlabs/simplicitystudio/v5/developer/toolchains/gnu_arm/10.3_2021.10/bin/../lib/gcc/arm-none-eabi/10.3.1/thumb/v8-m.main+fp/hard\libgcc.a(_udivmoddi4.o)
 .debug_frame   0x0000201c       0x28 c:/siliconlabs/simplicitystudio/v5/developer/toolchains/gnu_arm/10.3_2021.10/bin/../lib/gcc/arm-none-eabi/10.3.1/../../../../arm-none-eabi/lib/thumb/v8-m.main+fp/hard\libc_nano.a(lib_a-exit.o)
 .debug_frame   0x00002044       0x2c c:/siliconlabs/simplicitystudio/v5/developer/toolchains/gnu_arm/10.3_2021.10/bin/../lib/gcc/arm-none-eabi/10.3.1/../../../../arm-none-eabi/lib/thumb/v8-m.main+fp/hard\libc_nano.a(lib_a-init.o)
 .debug_frame   0x00002070       0x20 c:/siliconlabs/simplicitystudio/v5/developer/toolchains/gnu_arm/10.3_2021.10/bin/../lib/gcc/arm-none-eabi/10.3.1/../../../../arm-none-eabi/lib/thumb/v8-m.main+fp/hard\libc_nano.a(lib_a-memset.o)
 .debug_frame   0x00002090       0x20 c:/siliconlabs/simplicitystudio/v5/developer/toolchains/gnu_arm/10.3_2021.10/bin/../lib/gcc/arm-none-eabi/10.3.1/../../../../arm-none-eabi/lib/thumb/v8-m.main+fp/hard\libnosys.a(_exit.o)
