Archive member included to satisfy reference by file (symbol)

c:/siliconlabs/simplicitystudio/v5/developer/toolchains/gnu_arm/10.3_2021.10/bin/../lib/gcc/arm-none-eabi/10.3.1/thumb/v8-m.main+fp/hard\libgcc.a(_aeabi_ldivmod.o)
                              ./gecko_sdk_4.3.1/platform/emlib/src/em_usart.o (__aeabi_ldivmod)
c:/siliconlabs/simplicitystudio/v5/developer/toolchains/gnu_arm/10.3_2021.10/bin/../lib/gcc/arm-none-eabi/10.3.1/thumb/v8-m.main+fp/hard\libgcc.a(_aeabi_uldivmod.o)
                              ./gecko_sdk_4.3.1/platform/emlib/src/em_usart.o (__aeabi_uldivmod)
c:/siliconlabs/simplicitystudio/v5/developer/toolchains/gnu_arm/10.3_2021.10/bin/../lib/gcc/arm-none-eabi/10.3.1/thumb/v8-m.main+fp/hard\libgcc.a(_udivmoddi4.o)
                              c:/siliconlabs/simplicitystudio/v5/developer/toolchains/gnu_arm/10.3_2021.10/bin/../lib/gcc/arm-none-eabi/10.3.1/thumb/v8-m.main+fp/hard\libgcc.a(_aeabi_ldivmod.o) (__udivmoddi4)
c:/siliconlabs/simplicitystudio/v5/developer/toolchains/gnu_arm/10.3_2021.10/bin/../lib/gcc/arm-none-eabi/10.3.1/thumb/v8-m.main+fp/hard\libgcc.a(_dvmd_tls.o)
                              c:/siliconlabs/simplicitystudio/v5/developer/toolchains/gnu_arm/10.3_2021.10/bin/../lib/gcc/arm-none-eabi/10.3.1/thumb/v8-m.main+fp/hard\libgcc.a(_aeabi_ldivmod.o) (__aeabi_ldiv0)
c:/siliconlabs/simplicitystudio/v5/developer/toolchains/gnu_arm/10.3_2021.10/bin/../lib/gcc/arm-none-eabi/10.3.1/../../../../arm-none-eabi/lib/thumb/v8-m.main+fp/hard\libc_nano.a(lib_a-ctype_.o)
                              ./gecko_sdk_4.3.1/platform/common/src/sl_string.o (_ctype_)
c:/siliconlabs/simplicitystudio/v5/developer/toolchains/gnu_arm/10.3_2021.10/bin/../lib/gcc/arm-none-eabi/10.3.1/../../../../arm-none-eabi/lib/thumb/v8-m.main+fp/hard\libc_nano.a(lib_a-exit.o)
                              c:/siliconlabs/simplicitystudio/v5/developer/toolchains/gnu_arm/10.3_2021.10/bin/../lib/gcc/arm-none-eabi/10.3.1/../../../../arm-none-eabi/lib/thumb/v8-m.main+fp/hard/crt0.o (exit)
c:/siliconlabs/simplicitystudio/v5/developer/toolchains/gnu_arm/10.3_2021.10/bin/../lib/gcc/arm-none-eabi/10.3.1/../../../../arm-none-eabi/lib/thumb/v8-m.main+fp/hard\libc_nano.a(lib_a-impure.o)
                              c:/siliconlabs/simplicitystudio/v5/developer/toolchains/gnu_arm/10.3_2021.10/bin/../lib/gcc/arm-none-eabi/10.3.1/../../../../arm-none-eabi/lib/thumb/v8-m.main+fp/hard\libc_nano.a(lib_a-exit.o) (_global_impure_ptr)
c:/siliconlabs/simplicitystudio/v5/developer/toolchains/gnu_arm/10.3_2021.10/bin/../lib/gcc/arm-none-eabi/10.3.1/../../../../arm-none-eabi/lib/thumb/v8-m.main+fp/hard\libc_nano.a(lib_a-init.o)
                              c:/siliconlabs/simplicitystudio/v5/developer/toolchains/gnu_arm/10.3_2021.10/bin/../lib/gcc/arm-none-eabi/10.3.1/../../../../arm-none-eabi/lib/thumb/v8-m.main+fp/hard/crt0.o (__libc_init_array)
c:/siliconlabs/simplicitystudio/v5/developer/toolchains/gnu_arm/10.3_2021.10/bin/../lib/gcc/arm-none-eabi/10.3.1/../../../../arm-none-eabi/lib/thumb/v8-m.main+fp/hard\libc_nano.a(lib_a-memcpy-stub.o)
                              ./gecko_sdk_4.3.1/platform/service/iostream/src/sl_iostream_uart.o (memcpy)
c:/siliconlabs/simplicitystudio/v5/developer/toolchains/gnu_arm/10.3_2021.10/bin/../lib/gcc/arm-none-eabi/10.3.1/../../../../arm-none-eabi/lib/thumb/v8-m.main+fp/hard\libc_nano.a(lib_a-memset.o)
                              c:/siliconlabs/simplicitystudio/v5/developer/toolchains/gnu_arm/10.3_2021.10/bin/../lib/gcc/arm-none-eabi/10.3.1/../../../../arm-none-eabi/lib/thumb/v8-m.main+fp/hard/crt0.o (memset)
c:/siliconlabs/simplicitystudio/v5/developer/toolchains/gnu_arm/10.3_2021.10/bin/../lib/gcc/arm-none-eabi/10.3.1/../../../../arm-none-eabi/lib/thumb/v8-m.main+fp/hard\libc_nano.a(lib_a-setvbuf.o)
                              ./gecko_sdk_4.3.1/platform/service/iostream/src/sl_iostream_stdlib_config.o (setvbuf)
c:/siliconlabs/simplicitystudio/v5/developer/toolchains/gnu_arm/10.3_2021.10/bin/../lib/gcc/arm-none-eabi/10.3.1/../../../../arm-none-eabi/lib/thumb/v8-m.main+fp/hard\libc_nano.a(lib_a-strcmp.o)
                              ./autogen/sl_iostream_handles.o (strcmp)
c:/siliconlabs/simplicitystudio/v5/developer/toolchains/gnu_arm/10.3_2021.10/bin/../lib/gcc/arm-none-eabi/10.3.1/../../../../arm-none-eabi/lib/thumb/v8-m.main+fp/hard\libc_nano.a(lib_a-vprintf.o)
                              ./gecko_sdk_4.3.1/platform/service/iostream/src/sl_iostream.o (vprintf)
c:/siliconlabs/simplicitystudio/v5/developer/toolchains/gnu_arm/10.3_2021.10/bin/../lib/gcc/arm-none-eabi/10.3.1/../../../../arm-none-eabi/lib/thumb/v8-m.main+fp/hard\libc_nano.a(lib_a-fflush.o)
                              c:/siliconlabs/simplicitystudio/v5/developer/toolchains/gnu_arm/10.3_2021.10/bin/../lib/gcc/arm-none-eabi/10.3.1/../../../../arm-none-eabi/lib/thumb/v8-m.main+fp/hard\libc_nano.a(lib_a-setvbuf.o) (_fflush_r)
[...]
Memory Configuration

Name             Origin             Length             Attributes
FLASH            0x00000000         0x0007e000         xr
RAM              0x20000000         0x00008000         xrw
*default*        0x00000000         0xffffffff

Linker script and memory map

LOAD c:/siliconlabs/simplicitystudio/v5/developer/toolchains/gnu_arm/10.3_2021.10/bin/../lib/gcc/arm-none-eabi/10.3.1/thumb/v8-m.main+fp/hard/crti.o
LOAD c:/siliconlabs/simplicitystudio/v5/developer/toolchains/gnu_arm/10.3_2021.10/bin/../lib/gcc/arm-none-eabi/10.3.1/thumb/v8-m.main+fp/hard/crtbegin.o
LOAD c:/siliconlabs/simplicitystudio/v5/developer/toolchains/gnu_arm/10.3_2021.10/bin/../lib/gcc/arm-none-eabi/10.3.1/../../../../arm-none-eabi/lib/thumb/v8-m.main+fp/hard/crt0.o
START GROUP
LOAD ./app.o
LOAD ./main.o
LOAD ./autogen/sl_board_default_init.o
LOAD ./autogen/sl_device_init_clocks.o
LOAD ./autogen/sl_event_handler.o
LOAD ./autogen/sl_iostream_handles.o
LOAD ./autogen/sl_iostream_init_usart_instances.o
LOAD ./gecko_sdk_4.3.1/app/common/util/app_log/app_log.o
LOAD ./gecko_sdk_4.3.1/hardware/board/src/sl_board_control_gpio.o
LOAD ./gecko_sdk_4.3.1/hardware/board/src/sl_board_init.o
LOAD ./gecko_sdk_4.3.1/hardware/driver/configuration_over_swo/src/sl_cos.o
LOAD ./gecko_sdk_4.3.1/platform/Device/SiliconLabs/BGM22/Source/startup_bgm22.o
LOAD ./gecko_sdk_4.3.1/platform/Device/SiliconLabs/BGM22/Source/system_bgm22.o
LOAD ./gecko_sdk_4.3.1/platform/common/src/sl_assert.o
LOAD ./gecko_sdk_4.3.1/platform/common/src/sl_string.o
LOAD ./gecko_sdk_4.3.1/platform/common/toolchain/src/sl_memory.o
LOAD ./gecko_sdk_4.3.1/platform/driver/debug/src/sl_debug_swo.o
LOAD ./gecko_sdk_4.3.1/platform/emdrv/dmadrv/src/dmadrv.o
LOAD ./gecko_sdk_4.3.1/platform/emlib/src/em_cmu.o
LOAD ./gecko_sdk_4.3.1/platform/emlib/src/em_core.o
LOAD ./gecko_sdk_4.3.1/platform/emlib/src/em_emu.o
LOAD ./gecko_sdk_4.3.1/platform/emlib/src/em_gpio.o
LOAD ./gecko_sdk_4.3.1/platform/emlib/src/em_ldma.o
LOAD ./gecko_sdk_4.3.1/platform/emlib/src/em_msc.o
LOAD ./gecko_sdk_4.3.1/platform/emlib/src/em_system.o
LOAD ./gecko_sdk_4.3.1/platform/emlib/src/em_usart.o
LOAD ./gecko_sdk_4.3.1/platform/service/device_init/src/sl_device_init_dcdc_s2.o
LOAD ./gecko_sdk_4.3.1/platform/service/device_init/src/sl_device_init_emu_s2.o
LOAD ./gecko_sdk_4.3.1/platform/service/device_init/src/sl_device_init_hfxo_s2.o
LOAD ./gecko_sdk_4.3.1/platform/service/device_init/src/sl_device_init_lfxo_s2.o
LOAD ./gecko_sdk_4.3.1/platform/service/device_init/src/sl_device_init_nvic.o
LOAD ./gecko_sdk_4.3.1/platform/service/iostream/src/sl_iostream.o
LOAD ./gecko_sdk_4.3.1/platform/service/iostream/src/sl_iostream_retarget_stdio.o
LOAD ./gecko_sdk_4.3.1/platform/service/iostream/src/sl_iostream_stdlib_config.o
LOAD ./gecko_sdk_4.3.1/platform/service/iostream/src/sl_iostream_uart.o
LOAD ./gecko_sdk_4.3.1/platform/service/iostream/src/sl_iostream_usart.o
LOAD ./gecko_sdk_4.3.1/platform/service/system/src/sl_system_init.o
LOAD ./gecko_sdk_4.3.1/platform/service/system/src/sl_system_process_action.o
LOAD c:/siliconlabs/simplicitystudio/v5/developer/toolchains/gnu_arm/10.3_2021.10/bin/../lib/gcc/arm-none-eabi/10.3.1/thumb/v8-m.main+fp/hard\libgcc.a
LOAD c:/siliconlabs/simplicitystudio/v5/developer/toolchains/gnu_arm/10.3_2021.10/bin/../lib/gcc/arm-none-eabi/10.3.1/../../../../arm-none-eabi/lib/thumb/v8-m.main+fp/hard\libc_nano.a
LOAD c:/siliconlabs/simplicitystudio/v5/developer/toolchains/gnu_arm/10.3_2021.10/bin/../lib/gcc/arm-none-eabi/10.3.1/../../../../arm-none-eabi/lib/thumb/v8-m.main+fp/hard\libm.a
LOAD c:/siliconlabs/simplicitystudio/v5/developer/toolchains/gnu_arm/10.3_2021.10/bin/../lib/gcc/arm-none-eabi/10.3.1/../../../../arm-none-eabi/lib/thumb/v8-m.main+fp/hard\libnosys.a
END GROUP
START GROUP
LOAD c:/siliconlabs/simplicitystudio/v5/developer/toolchains/gnu_arm/10.3_2021.10/bin/../lib/gcc/arm-none-eabi/10.3.1/thumb/v8-m.main+fp/hard\libgcc.a
LOAD c:/siliconlabs/simplicitystudio/v5/developer/toolchains/gnu_arm/10.3_2021.10/bin/../lib/gcc/arm-none-eabi/10.3.1/../../../../arm-none-eabi/lib/thumb/v8-m.main+fp/hard\libc_nano.a
LOAD c:/siliconlabs/simplicitystudio/v5/developer/toolchains/gnu_arm/10.3_2021.10/bin/../lib/gcc/arm-none-eabi/10.3.1/../../../../arm-none-eabi/lib/thumb/v8-m.main+fp/hard\libnosys.a
END GROUP
START GROUP
LOAD c:/siliconlabs/simplicitystudio/v5/developer/toolchains/gnu_arm/10.3_2021.10/bin/../lib/gcc/arm-none-eabi/10.3.1/thumb/v8-m.main+fp/hard\libgcc.a
LOAD c:/siliconlabs/simplicitystudio/v5/developer/toolchains/gnu_arm/10.3_2021.10/bin/../lib/gcc/arm-none-eabi/10.3.1/../../../../arm-none-eabi/lib/thumb/v8-m.main+fp/hard\libg_nano.a
LOAD c:/siliconlabs/simplicitystudio/v5/developer/toolchains/gnu_arm/10.3_2021.10/bin/../lib/gcc/arm-none-eabi/10.3.1/../../../../arm-none-eabi/lib/thumb/v8-m.main+fp/hard\libc_nano.a
END GROUP
START GROUP
LOAD c:/siliconlabs/simplicitystudio/v5/developer/toolchains/gnu_arm/10.3_2021.10/bin/../lib/gcc/arm-none-eabi/10.3.1/thumb/v8-m.main+fp/hard\libgcc.a
LOAD c:/siliconlabs/simplicitystudio/v5/developer/toolchains/gnu_arm/10.3_2021.10/bin/../lib/gcc/arm-none-eabi/10.3.1/../../../../arm-none-eabi/lib/thumb/v8-m.main+fp/hard\libc_nano.a
END GROUP
LOAD c:/siliconlabs/simplicitystudio/v5/developer/toolchains/gnu_arm/10.3_2021.10/bin/../lib/gcc/arm-none-eabi/10.3.1/thumb/v8-m.main+fp/hard/crtend.o
LOAD c:/siliconlabs/simplicitystudio/v5/developer/toolchains/gnu_arm/10.3_2021.10/bin/../lib/gcc/arm-none-eabi/10.3.1/thumb/v8-m.main+fp/hard/crtn.o

.text           0x00000000     0x40f8
                0x00000000                linker_vectors_begin = .
 *(.vectors)
 .vectors       0x00000000      0x140 ./gecko_sdk_4.3.1/platform/Device/SiliconLabs/BGM22/Source/startup_bgm22.o
                0x00000000                __Vectors
                0x00000140                linker_vectors_end = .
                0x00000140                __Vectors_End = .
                0x00000140                __Vectors_Size = (__Vectors_End - __Vectors)
                0x00000140                linker_code_begin = .
 *(SORT_BY_ALIGNMENT(.text*))
 .text          0x00000140       0x40 c:/siliconlabs/simplicitystudio/v5/developer/toolchains/gnu_arm/10.3_2021.10/bin/../lib/gcc/arm-none-eabi/10.3.1/thumb/v8-m.main+fp/hard/crtbegin.o
 .text          0x00000180       0x7c c:/siliconlabs/simplicitystudio/v5/developer/toolchains/gnu_arm/10.3_2021.10/bin/../lib/gcc/arm-none-eabi/10.3.1/../../../../arm-none-eabi/lib/thumb/v8-m.main+fp/hard/crt0.o
                0x00000180                _stack_init
                0x00000188                _start
                0x00000188                _mainCRTStartup
 .text.app_init
                0x000001fc       0x20 ./app.o
                0x000001fc                app_init
 .text.sl_device_init_clocks
                0x0000021c       0x9c ./autogen/sl_device_init_clocks.o
                0x0000021c                sl_device_init_clocks
 .text.sl_platform_init
                0x000002b8       0x58 ./autogen/sl_event_handler.o
                0x000002b8                sl_platform_init
 .text.sl_iostream_usart_init_vcom
                0x00000310       0xb8 ./autogen/sl_iostream_init_usart_instances.o
                0x00000310                sl_iostream_usart_init_vcom
 .text.sl_iostream_usart_init_instances
                0x000003c8       0x1c ./autogen/sl_iostream_init_usart_instances.o
                0x000003c8                sl_iostream_usart_init_instances
 .text.USART1_RX_IRQHandler
                0x000003e4        0xc ./autogen/sl_iostream_init_usart_instances.o
                0x000003e4                USART1_RX_IRQHandler
 .text.app_log_init
                0x000003f0       0x38 ./gecko_sdk_4.3.1/app/common/util/app_log/app_log.o
                0x000003f0                app_log_init
 .text.Reset_Handler
                0x00000428       0x60 ./gecko_sdk_4.3.1/platform/Device/SiliconLabs/BGM22/Source/startup_bgm22.o
                0x00000428                Reset_Handler
 .text.SystemInit
                0x00000488       0x64 ./gecko_sdk_4.3.1/platform/Device/SiliconLabs/BGM22/Source/system_bgm22.o
                0x00000488                SystemInit
 .text.SystemHFRCODPLLClockGet
                0x000004ec        0xc ./gecko_sdk_4.3.1/platform/Device/SiliconLabs/BGM22/Source/system_bgm22.o
                0x000004ec                SystemHFRCODPLLClockGet
 .text.SystemSYSCLKGet
                0x000004f8       0x34 ./gecko_sdk_4.3.1/platform/Device/SiliconLabs/BGM22/Source/system_bgm22.o
                0x000004f8                SystemSYSCLKGet
 .text.SystemHCLKGet
                0x0000052c       0x24 ./gecko_sdk_4.3.1/platform/Device/SiliconLabs/BGM22/Source/system_bgm22.o
                0x0000052c                SystemHCLKGet
 .text.SystemMaxCoreClockGet
                0x00000550        0x8 ./gecko_sdk_4.3.1/platform/Device/SiliconLabs/BGM22/Source/system_bgm22.o
                0x00000550                SystemMaxCoreClockGet
 .text.SystemHFXOClockGet
                0x00000558        0xc ./gecko_sdk_4.3.1/platform/Device/SiliconLabs/BGM22/Source/system_bgm22.o
                0x00000558                SystemHFXOClockGet
 .text.SystemHFXOClockSet
                0x00000564       0x20 ./gecko_sdk_4.3.1/platform/Device/SiliconLabs/BGM22/Source/system_bgm22.o
                0x00000564                SystemHFXOClockSet
 .text.SystemFSRCOClockGet
                0x00000584        0x8 ./gecko_sdk_4.3.1/platform/Device/SiliconLabs/BGM22/Source/system_bgm22.o
                0x00000584                SystemFSRCOClockGet
 .text.SystemLFXOClockGet
                0x0000058c        0xc ./gecko_sdk_4.3.1/platform/Device/SiliconLabs/BGM22/Source/system_bgm22.o
                0x0000058c                SystemLFXOClockGet
 .text._sbrk    0x00000598       0x20 ./gecko_sdk_4.3.1/platform/common/toolchain/src/sl_memory.o
                0x00000598                _sbrk
 .text.sl_debug_swo_init
                0x000005b8       0xc0 ./gecko_sdk_4.3.1/platform/driver/debug/src/sl_debug_swo.o
                0x000005b8                sl_debug_swo_init
 .text.sl_debug_swo_write_u8
                0x00000678       0x44 ./gecko_sdk_4.3.1/platform/driver/debug/src/sl_debug_swo.o
                0x00000678                sl_debug_swo_write_u8
 .text.StartTransfer
                0x000006bc      0x17c ./gecko_sdk_4.3.1/platform/emdrv/dmadrv/src/dmadrv.o
 .text.DMADRV_AllocateChannel
                0x00000838       0x60 ./gecko_sdk_4.3.1/platform/emdrv/dmadrv/src/dmadrv.o
                0x00000838                DMADRV_AllocateChannel
 .text.DMADRV_DeInit
                0x00000898       0x44 ./gecko_sdk_4.3.1/platform/emdrv/dmadrv/src/dmadrv.o
                0x00000898                DMADRV_DeInit
 .text.DMADRV_FreeChannel
                0x000008dc       0x4c ./gecko_sdk_4.3.1/platform/emdrv/dmadrv/src/dmadrv.o
                0x000008dc                DMADRV_FreeChannel
 .text.DMADRV_Init
                0x00000928       0x68 ./gecko_sdk_4.3.1/platform/emdrv/dmadrv/src/dmadrv.o
                0x00000928                DMADRV_Init
 .text.DMADRV_PauseTransfer
                0x00000990       0x40 ./gecko_sdk_4.3.1/platform/emdrv/dmadrv/src/dmadrv.o
                0x00000990                DMADRV_PauseTransfer
 .text.DMADRV_ResumeTransfer
                0x000009d0       0x40 ./gecko_sdk_4.3.1/platform/emdrv/dmadrv/src/dmadrv.o
                0x000009d0                DMADRV_ResumeTransfer
 .text.DMADRV_StopTransfer
                0x00000a10       0x40 ./gecko_sdk_4.3.1/platform/emdrv/dmadrv/src/dmadrv.o
                0x00000a10                DMADRV_StopTransfer
 .text.DMADRV_TransferCompletePending
                0x00000a50       0x50 ./gecko_sdk_4.3.1/platform/emdrv/dmadrv/src/dmadrv.o
                0x00000a50                DMADRV_TransferCompletePending
 .text.DMADRV_TransferDone
                0x00000aa0       0x44 ./gecko_sdk_4.3.1/platform/emdrv/dmadrv/src/dmadrv.o
                0x00000aa0                DMADRV_TransferDone
 .text.LDMA_IRQHandler
                0x00000ae4       0x74 ./gecko_sdk_4.3.1/platform/emdrv/dmadrv/src/dmadrv.o
                0x00000ae4                LDMA_IRQHandler
 .text.EMU_VScaleGet
                0x00000b58       0x18 ./gecko_sdk_4.3.1/platform/emlib/src/em_cmu.o
 .text.em01GrpaClkGet
                0x00000b70       0x48 ./gecko_sdk_4.3.1/platform/emlib/src/em_cmu.o
 .text.iadcClkGet
                0x00000bb8       0x54 ./gecko_sdk_4.3.1/platform/emlib/src/em_cmu.o
 .text.em01GrpbClkGet
                0x00000c0c       0x74 ./gecko_sdk_4.3.1/platform/emlib/src/em_cmu.o
 .text.em23GrpaClkGet
                0x00000c80       0x48 ./gecko_sdk_4.3.1/platform/emlib/src/em_cmu.o
 .text.wdog0ClkGet
                0x00000cc8       0x64 ./gecko_sdk_4.3.1/platform/emlib/src/em_cmu.o
 .text.rtccClkGet
                0x00000d2c       0x54 ./gecko_sdk_4.3.1/platform/emlib/src/em_cmu.o
 .text.em4GrpaClkGet
                0x00000d80       0x48 ./gecko_sdk_4.3.1/platform/emlib/src/em_cmu.o
 .text.euart0ClkGet
                0x00000dc8       0x48 ./gecko_sdk_4.3.1/platform/emlib/src/em_cmu.o
 .text.CMU_ClockDivGet
                0x00000e10       0x84 ./gecko_sdk_4.3.1/platform/emlib/src/em_cmu.o
                0x00000e10                CMU_ClockDivGet
 .text.flashWaitStateControl
                0x00000e94       0x4c ./gecko_sdk_4.3.1/platform/emlib/src/em_cmu.o
 .text.CMU_ClockEnable
                0x00000ee0       0x54 ./gecko_sdk_4.3.1/platform/emlib/src/em_cmu.o
                0x00000ee0                CMU_ClockEnable
 .text.CMU_ClockFreqGet
                0x00000f34      0x194 ./gecko_sdk_4.3.1/platform/emlib/src/em_cmu.o
                0x00000f34                CMU_ClockFreqGet
 .text.rhclkPrescOptimize
                0x000010c8       0x20 ./gecko_sdk_4.3.1/platform/emlib/src/em_cmu.o
 .text.CMU_ClockSelectGet
                0x000010e8      0x168 ./gecko_sdk_4.3.1/platform/emlib/src/em_cmu.o
                0x000010e8                CMU_ClockSelectGet
 .text.sli_em_cmu_HFXOSetForceEnable
                0x00001250       0x18 ./gecko_sdk_4.3.1/platform/emlib/src/em_cmu.o
                0x00001250                sli_em_cmu_HFXOSetForceEnable
 .text.CMU_HFXOInit
                0x00001268      0x1e4 ./gecko_sdk_4.3.1/platform/emlib/src/em_cmu.o
                0x00001268                CMU_HFXOInit
 .text.CMU_HFXOCTuneDeltaGet
                0x0000144c        0xc ./gecko_sdk_4.3.1/platform/emlib/src/em_cmu.o
                0x0000144c                CMU_HFXOCTuneDeltaGet
 .text.CMU_LFXOInit
                0x00001458       0xc4 ./gecko_sdk_4.3.1/platform/emlib/src/em_cmu.o
                0x00001458                CMU_LFXOInit
 .text.CMU_LFXOPrecisionSet
                0x0000151c        0xc ./gecko_sdk_4.3.1/platform/emlib/src/em_cmu.o
                0x0000151c                CMU_LFXOPrecisionSet
 .text.CMU_HFXOPrecisionSet
                0x00001528        0xc ./gecko_sdk_4.3.1/platform/emlib/src/em_cmu.o
                0x00001528                CMU_HFXOPrecisionSet
 .text.CMU_ClockDivSet
                0x00001534      0x104 ./gecko_sdk_4.3.1/platform/emlib/src/em_cmu.o
                0x00001534                CMU_ClockDivSet
 .text.sli_em_cmu_SYSCLKInitPreClockSelect
                0x00001638       0x20 ./gecko_sdk_4.3.1/platform/emlib/src/em_cmu.o
                0x00001638                sli_em_cmu_SYSCLKInitPreClockSelect
 .text.pclkDivOptimize
                0x00001658       0x24 ./gecko_sdk_4.3.1/platform/emlib/src/em_cmu.o
 .text.EMU_EM4Init
                0x0000167c       0x14 ./gecko_sdk_4.3.1/platform/emlib/src/em_emu.o
                0x0000167c                EMU_EM4Init
 .text.EMU_VScaleEM01
                0x00001690       0xb0 ./gecko_sdk_4.3.1/platform/emlib/src/em_emu.o
                0x00001690                EMU_VScaleEM01
 .text.EMU_VScaleEM01ByClock
                0x00001740       0x30 ./gecko_sdk_4.3.1/platform/emlib/src/em_emu.o
                0x00001740                EMU_VScaleEM01ByClock
 .text.EMU_DCDCModeSet
                0x00001770       0xb8 ./gecko_sdk_4.3.1/platform/emlib/src/em_emu.o
                0x00001770                EMU_DCDCModeSet
 .text.EMU_DCDCInit
                0x00001828       0x7c ./gecko_sdk_4.3.1/platform/emlib/src/em_emu.o
                0x00001828                EMU_DCDCInit
 .text.GPIO_PinOutSet
                0x000018a4       0x54 ./gecko_sdk_4.3.1/platform/emlib/src/em_gpio.o
 .text.GPIO_PinOutClear
                0x000018f8       0x54 ./gecko_sdk_4.3.1/platform/emlib/src/em_gpio.o
 .text.GPIO_PinModeSet
                0x0000194c       0xa0 ./gecko_sdk_4.3.1/platform/emlib/src/em_gpio.o
                0x0000194c                GPIO_PinModeSet
 .text.LDMA_DeInit
                0x000019ec       0x3c ./gecko_sdk_4.3.1/platform/emlib/src/em_ldma.o
                0x000019ec                LDMA_DeInit
 .text.LDMA_EnableChannelRequest
                0x00001a28       0x44 ./gecko_sdk_4.3.1/platform/emlib/src/em_ldma.o
                0x00001a28                LDMA_EnableChannelRequest
 .text.LDMA_Init
                0x00001a6c       0x94 ./gecko_sdk_4.3.1/platform/emlib/src/em_ldma.o
                0x00001a6c                LDMA_Init
 .text.LDMA_StartTransfer
                0x00001b00      0x100 ./gecko_sdk_4.3.1/platform/emlib/src/em_ldma.o
                0x00001b00                LDMA_StartTransfer
 .text.LDMA_StopTransfer
                0x00001c00       0x38 ./gecko_sdk_4.3.1/platform/emlib/src/em_ldma.o
                0x00001c00                LDMA_StopTransfer
 .text.LDMA_TransferDone
                0x00001c38       0x44 ./gecko_sdk_4.3.1/platform/emlib/src/em_ldma.o
                0x00001c38                LDMA_TransferDone
 .text.SYSTEM_GetProdRev
                0x00001c7c       0x10 ./gecko_sdk_4.3.1/platform/emlib/src/em_system.o
                0x00001c7c                SYSTEM_GetProdRev
 .text.USART_BaudrateAsyncSet
                0x00001c8c       0xe0 ./gecko_sdk_4.3.1/platform/emlib/src/em_usart.o
                0x00001c8c                USART_BaudrateAsyncSet
 .text.USART_Enable
                0x00001d6c       0x44 ./gecko_sdk_4.3.1/platform/emlib/src/em_usart.o
                0x00001d6c                USART_Enable
 .text.USART_Reset
                0x00001db0       0x78 ./gecko_sdk_4.3.1/platform/emlib/src/em_usart.o
                0x00001db0                USART_Reset
 .text.USART_InitAsync
                0x00001e28      0x124 ./gecko_sdk_4.3.1/platform/emlib/src/em_usart.o
                0x00001e28                USART_InitAsync
 .text.sl_device_init_dcdc
                0x00001f4c       0x20 ./gecko_sdk_4.3.1/platform/service/device_init/src/sl_device_init_dcdc_s2.o
                0x00001f4c                sl_device_init_dcdc
 .text.sl_device_init_emu
                0x00001f6c       0x24 ./gecko_sdk_4.3.1/platform/service/device_init/src/sl_device_init_emu_s2.o
                0x00001f6c                sl_device_init_emu
 .text.sl_device_init_hfxo
                0x00001f90       0x74 ./gecko_sdk_4.3.1/platform/service/device_init/src/sl_device_init_hfxo_s2.o
                0x00001f90                sl_device_init_hfxo
 .text.sl_device_init_lfxo
                0x00002004       0x2c ./gecko_sdk_4.3.1/platform/service/device_init/src/sl_device_init_lfxo_s2.o
                0x00002004                sl_device_init_lfxo
 .text.sl_device_init_nvic
                0x00002030       0x3c ./gecko_sdk_4.3.1/platform/service/device_init/src/sl_device_init_nvic.o
                0x00002030                sl_device_init_nvic
 .text.sl_iostream_set_default
                0x0000206c       0x18 ./gecko_sdk_4.3.1/platform/service/iostream/src/sl_iostream.o
                0x0000206c                sl_iostream_set_default
 .text.sl_iostream_get_default
                0x00002084       0x18 ./gecko_sdk_4.3.1/platform/service/iostream/src/sl_iostream.o
                0x00002084                sl_iostream_get_default
 .text._write   0x0000209c       0x1c ./gecko_sdk_4.3.1/platform/service/iostream/src/sl_iostream_retarget_stdio.o
                0x0000209c                _write
 .text.sl_iostream_stdlib_disable_buffering
                0x000020b8       0x14 ./gecko_sdk_4.3.1/platform/service/iostream/src/sl_iostream_stdlib_config.o
                0x000020b8                sl_iostream_stdlib_disable_buffering
 .text.get_write_ptr
                0x000020cc       0x40 ./gecko_sdk_4.3.1/platform/service/iostream/src/sl_iostream_uart.o
 .text.dma_irq_handler
                0x0000210c       0x74 ./gecko_sdk_4.3.1/platform/service/iostream/src/sl_iostream_uart.o
 .text.uart_read
                0x00002180      0x1f0 ./gecko_sdk_4.3.1/platform/service/iostream/src/sl_iostream_uart.o
 .text.uart_deinit
                0x00002370       0x98 ./gecko_sdk_4.3.1/platform/service/iostream/src/sl_iostream_uart.o
 .text.uart_write
                0x00002408       0xc0 ./gecko_sdk_4.3.1/platform/service/iostream/src/sl_iostream_uart.o
 .text.sli_iostream_uart_context_init
                0x000024c8       0xf8 ./gecko_sdk_4.3.1/platform/service/iostream/src/sl_iostream_uart.o
                0x000024c8                sli_iostream_uart_context_init
 .text.sl_iostream_usart_init
                0x000025c0      0x178 ./gecko_sdk_4.3.1/platform/service/iostream/src/sl_iostream_usart.o
                0x000025c0                sl_iostream_usart_init
 .text.exit     0x00002738       0x28 c:/siliconlabs/simplicitystudio/v5/developer/toolchains/gnu_arm/10.3_2021.10/bin/../lib/gcc/arm-none-eabi/10.3.1/../../../../arm-none-eabi/lib/thumb/v8-m.main+fp/hard\libc_nano.a(lib_a-exit.o)
                0x00002738                exit
 .text.__libc_init_array
                0x00002760       0x48 c:/siliconlabs/simplicitystudio/v5/developer/toolchains/gnu_arm/10.3_2021.10/bin/../lib/gcc/arm-none-eabi/10.3.1/../../../../arm-none-eabi/lib/thumb/v8-m.main+fp/hard\libc_nano.a(lib_a-init.o)
                0x00002760                __libc_init_array
 .text.setvbuf  0x000027a8      0x188 c:/siliconlabs/simplicitystudio/v5/developer/toolchains/gnu_arm/10.3_2021.10/bin/../lib/gcc/arm-none-eabi/10.3.1/../../../../arm-none-eabi/lib/thumb/v8-m.main+fp/hard\libc_nano.a(lib_a-setvbuf.o)
                0x000027a8                setvbuf
 .text.vprintf  0x00002930       0x30 c:/siliconlabs/simplicitystudio/v5/developer/toolchains/gnu_arm/10.3_2021.10/bin/../lib/gcc/arm-none-eabi/10.3.1/../../../../arm-none-eabi/lib/thumb/v8-m.main+fp/hard\libc_nano.a(lib_a-vprintf.o)
                0x00002930                viprintf
                0x00002930                vprintf
 .text.__sflush_r
                0x00002960      0x108 c:/siliconlabs/simplicitystudio/v5/developer/toolchains/gnu_arm/10.3_2021.10/bin/../lib/gcc/arm-none-eabi/10.3.1/../../../../arm-none-eabi/lib/thumb/v8-m.main+fp/hard\libc_nano.a(lib_a-fflush.o)
                0x00002960                __sflush_r
 .text._fflush_r
                0x00002a68       0x78 c:/siliconlabs/simplicitystudio/v5/developer/toolchains/gnu_arm/10.3_2021.10/bin/../lib/gcc/arm-none-eabi/10.3.1/../../../../arm-none-eabi/lib/thumb/v8-m.main+fp/hard\libc_nano.a(lib_a-fflush.o)
                0x00002a68                _fflush_r
 .text.std      0x00002ae0       0x48 c:/siliconlabs/simplicitystudio/v5/developer/toolchains/gnu_arm/10.3_2021.10/bin/../lib/gcc/arm-none-eabi/10.3.1/../../../../arm-none-eabi/lib/thumb/v8-m.main+fp/hard\libc_nano.a(lib_a-findfp.o)
 .text._cleanup_r
                0x00002b28        0xc c:/siliconlabs/simplicitystudio/v5/developer/toolchains/gnu_arm/10.3_2021.10/bin/../lib/gcc/arm-none-eabi/10.3.1/../../../../arm-none-eabi/lib/thumb/v8-m.main+fp/hard\libc_nano.a(lib_a-findfp.o)
                0x00002b28                _cleanup_r
 .text.__sfp_lock_acquire
                0x00002b34        0xc c:/siliconlabs/simplicitystudio/v5/developer/toolchains/gnu_arm/10.3_2021.10/bin/../lib/gcc/arm-none-eabi/10.3.1/../../../../arm-none-eabi/lib/thumb/v8-m.main+fp/hard\libc_nano.a(lib_a-findfp.o)
                0x00002b34                __sfp_lock_acquire
 .text.__sfp_lock_release
                0x00002b40        0xc c:/siliconlabs/simplicitystudio/v5/developer/toolchains/gnu_arm/10.3_2021.10/bin/../lib/gcc/arm-none-eabi/10.3.1/../../../../arm-none-eabi/lib/thumb/v8-m.main+fp/hard\libc_nano.a(lib_a-findfp.o)
                0x00002b40                __sfp_lock_release
 .text.__sinit_lock_acquire
                0x00002b4c        0xc c:/siliconlabs/simplicitystudio/v5/developer/toolchains/gnu_arm/10.3_2021.10/bin/../lib/gcc/arm-none-eabi/10.3.1/../../../../arm-none-eabi/lib/thumb/v8-m.main+fp/hard\libc_nano.a(lib_a-findfp.o)
                0x00002b4c                __sinit_lock_acquire
 .text.__sinit_lock_release
                0x00002b58        0xc c:/siliconlabs/simplicitystudio/v5/developer/toolchains/gnu_arm/10.3_2021.10/bin/../lib/gcc/arm-none-eabi/10.3.1/../../../../arm-none-eabi/lib/thumb/v8-m.main+fp/hard\libc_nano.a(lib_a-findfp.o)
                0x00002b58                __sinit_lock_release
 .text.__sinit  0x00002b64       0x70 c:/siliconlabs/simplicitystudio/v5/developer/toolchains/gnu_arm/10.3_2021.10/bin/../lib/gcc/arm-none-eabi/10.3.1/../../../../arm-none-eabi/lib/thumb/v8-m.main+fp/hard\libc_nano.a(lib_a-findfp.o)
                0x00002b64                __sinit
 .text.__sfp    0x00002bd4       0x8c c:/siliconlabs/simplicitystudio/v5/developer/toolchains/gnu_arm/10.3_2021.10/bin/../lib/gcc/arm-none-eabi/10.3.1/../../../../arm-none-eabi/lib/thumb/v8-m.main+fp/hard\libc_nano.a(lib_a-findfp.o)
                0x00002bd4                __sfp
 .text.__smakebuf_r
                0x00002c60       0x80 c:/siliconlabs/simplicitystudio/v5/developer/toolchains/gnu_arm/10.3_2021.10/bin/../lib/gcc/arm-none-eabi/10.3.1/../../../../arm-none-eabi/lib/thumb/v8-m.main+fp/hard\libc_nano.a(lib_a-makebuf.o)
                0x00002c60                __smakebuf_r
 .text.malloc   0x00002ce0       0x10 c:/siliconlabs/simplicitystudio/v5/developer/toolchains/gnu_arm/10.3_2021.10/bin/../lib/gcc/arm-none-eabi/10.3.1/../../../../arm-none-eabi/lib/thumb/v8-m.main+fp/hard\libc_nano.a(lib_a-malloc.o)
                0x00002ce0                malloc
 .text._free_r  0x00002cf0       0x98 c:/siliconlabs/simplicitystudio/v5/developer/toolchains/gnu_arm/10.3_2021.10/bin/../lib/gcc/arm-none-eabi/10.3.1/../../../../arm-none-eabi/lib/thumb/v8-m.main+fp/hard\libc_nano.a(lib_a-nano-freer.o)
                0x00002cf0                _free_r
 .text.sbrk_aligned
                0x00002d88       0x40 c:/siliconlabs/simplicitystudio/v5/developer/toolchains/gnu_arm/10.3_2021.10/bin/../lib/gcc/arm-none-eabi/10.3.1/../../../../arm-none-eabi/lib/thumb/v8-m.main+fp/hard\libc_nano.a(lib_a-nano-mallocr.o)
 .text._malloc_r
                0x00002dc8       0xe8 c:/siliconlabs/simplicitystudio/v5/developer/toolchains/gnu_arm/10.3_2021.10/bin/../lib/gcc/arm-none-eabi/10.3.1/../../../../arm-none-eabi/lib/thumb/v8-m.main+fp/hard\libc_nano.a(lib_a-nano-mallocr.o)
                0x00002dc8                _malloc_r
 .text._vfprintf_r
                0x00002eb0      0x260 c:/siliconlabs/simplicitystudio/v5/developer/toolchains/gnu_arm/10.3_2021.10/bin/../lib/gcc/arm-none-eabi/10.3.1/../../../../arm-none-eabi/lib/thumb/v8-m.main+fp/hard\libc_nano.a(lib_a-nano-vfprintf.o)
                0x00002eb0                _vfprintf_r
                0x00002eb0                _vfiprintf_r
 .text._printf_i
                0x00003110      0x24c c:/siliconlabs/simplicitystudio/v5/developer/toolchains/gnu_arm/10.3_2021.10/bin/../lib/gcc/arm-none-eabi/10.3.1/../../../../arm-none-eabi/lib/thumb/v8-m.main+fp/hard\libc_nano.a(lib_a-nano-vfprintf_i.o)
                0x00003110                _printf_i
 .text._sbrk_r  0x0000335c       0x20 c:/siliconlabs/simplicitystudio/v5/developer/toolchains/gnu_arm/10.3_2021.10/bin/../lib/gcc/arm-none-eabi/10.3.1/../../../../arm-none-eabi/lib/thumb/v8-m.main+fp/hard\libc_nano.a(lib_a-sbrkr.o)
                0x0000335c                _sbrk_r
 .text.__swbuf_r
                0x0000337c       0xa4 c:/siliconlabs/simplicitystudio/v5/developer/toolchains/gnu_arm/10.3_2021.10/bin/../lib/gcc/arm-none-eabi/10.3.1/../../../../arm-none-eabi/lib/thumb/v8-m.main+fp/hard\libc_nano.a(lib_a-wbuf.o)
                0x0000337c                __swbuf_r
 .text._write_r
                0x00003420       0x24 c:/siliconlabs/simplicitystudio/v5/developer/toolchains/gnu_arm/10.3_2021.10/bin/../lib/gcc/arm-none-eabi/10.3.1/../../../../arm-none-eabi/lib/thumb/v8-m.main+fp/hard\libc_nano.a(lib_a-writer.o)
                0x00003420                _write_r
 .text.__swsetup_r
                0x00003444       0xdc c:/siliconlabs/simplicitystudio/v5/developer/toolchains/gnu_arm/10.3_2021.10/bin/../lib/gcc/arm-none-eabi/10.3.1/../../../../arm-none-eabi/lib/thumb/v8-m.main+fp/hard\libc_nano.a(lib_a-wsetup.o)
                0x00003444                __swsetup_r
 .text._close_r
                0x00003520       0x20 c:/siliconlabs/simplicitystudio/v5/developer/toolchains/gnu_arm/10.3_2021.10/bin/../lib/gcc/arm-none-eabi/10.3.1/../../../../arm-none-eabi/lib/thumb/v8-m.main+fp/hard\libc_nano.a(lib_a-closer.o)
                0x00003520                _close_r
 .text._fstat_r
                0x00003540       0x24 c:/siliconlabs/simplicitystudio/v5/developer/toolchains/gnu_arm/10.3_2021.10/bin/../lib/gcc/arm-none-eabi/10.3.1/../../../../arm-none-eabi/lib/thumb/v8-m.main+fp/hard\libc_nano.a(lib_a-fstatr.o)
                0x00003540                _fstat_r
 .text._isatty_r
                0x00003564       0x20 c:/siliconlabs/simplicitystudio/v5/developer/toolchains/gnu_arm/10.3_2021.10/bin/../lib/gcc/arm-none-eabi/10.3.1/../../../../arm-none-eabi/lib/thumb/v8-m.main+fp/hard\libc_nano.a(lib_a-isattyr.o)
                0x00003564                _isatty_r
 .text._lseek_r
                0x00003584       0x24 c:/siliconlabs/simplicitystudio/v5/developer/toolchains/gnu_arm/10.3_2021.10/bin/../lib/gcc/arm-none-eabi/10.3.1/../../../../arm-none-eabi/lib/thumb/v8-m.main+fp/hard\libc_nano.a(lib_a-lseekr.o)
                0x00003584                _lseek_r
 .text.__malloc_lock
                0x000035a8        0xc c:/siliconlabs/simplicitystudio/v5/developer/toolchains/gnu_arm/10.3_2021.10/bin/../lib/gcc/arm-none-eabi/10.3.1/../../../../arm-none-eabi/lib/thumb/v8-m.main+fp/hard\libc_nano.a(lib_a-mlock.o)
                0x000035a8                __malloc_lock
 .text.__malloc_unlock
                0x000035b4        0xc c:/siliconlabs/simplicitystudio/v5/developer/toolchains/gnu_arm/10.3_2021.10/bin/../lib/gcc/arm-none-eabi/10.3.1/../../../../arm-none-eabi/lib/thumb/v8-m.main+fp/hard\libc_nano.a(lib_a-mlock.o)
                0x000035b4                __malloc_unlock
 .text._read_r  0x000035c0       0x24 c:/siliconlabs/simplicitystudio/v5/developer/toolchains/gnu_arm/10.3_2021.10/bin/../lib/gcc/arm-none-eabi/10.3.1/../../../../arm-none-eabi/lib/thumb/v8-m.main+fp/hard\libc_nano.a(lib_a-readr.o)
                0x000035c0                _read_r
 .text.app_process_action
                0x000035e4        0x2 ./app.o
                0x000035e4                app_process_action
 .text.startup.main
                0x000035e6       0x14 ./main.o
                0x000035e6                main
 .text.sl_board_default_init
                0x000035fa        0x2 ./autogen/sl_board_default_init.o
                0x000035fa                sl_board_default_init
 .text.sl_driver_init
                0x000035fc        0xe ./autogen/sl_event_handler.o
                0x000035fc                sl_driver_init
 .text.sl_service_init
                0x0000360a       0x12 ./autogen/sl_event_handler.o
                0x0000360a                sl_service_init
 .text.sl_stack_init
                0x0000361c        0x2 ./autogen/sl_event_handler.o
                0x0000361c                sl_stack_init
 .text.sl_internal_app_init
                0x0000361e        0x4 ./autogen/sl_event_handler.o
                0x0000361e                sl_internal_app_init
 .text.sl_platform_process_action
                0x00003622        0x2 ./autogen/sl_event_handler.o
                0x00003622                sl_platform_process_action
 .text.sl_service_process_action
                0x00003624        0x2 ./autogen/sl_event_handler.o
                0x00003624                sl_service_process_action
 .text.sl_stack_process_action
                0x00003626        0x2 ./autogen/sl_event_handler.o
                0x00003626                sl_stack_process_action
 .text.sl_internal_app_process_action
                0x00003628        0x2 ./autogen/sl_event_handler.o
                0x00003628                sl_internal_app_process_action
 .text.USART1_TX_IRQHandler
                0x0000362a        0x4 ./autogen/sl_iostream_init_usart_instances.o
                0x0000362a                USART1_TX_IRQHandler
 .text._app_log_time
                0x0000362e        0x2 ./gecko_sdk_4.3.1/app/common/util/app_log/app_log.o
                0x0000362e                _app_log_time
 .text._app_log_counter
                0x00003630        0x2 ./gecko_sdk_4.3.1/app/common/util/app_log/app_log.o
                0x00003630                _app_log_counter
 .text.sl_board_configure_vcom
                0x00003632        0x4 ./gecko_sdk_4.3.1/hardware/board/src/sl_board_control_gpio.o
                0x00003632                sl_board_configure_vcom
 .text.sl_board_init
                0x00003636       0x12 ./gecko_sdk_4.3.1/hardware/board/src/sl_board_init.o
                0x00003636                sl_board_init
 .text.sl_board_preinit
                0x00003648        0x8 ./gecko_sdk_4.3.1/hardware/board/src/sl_board_init.o
                0x00003648                sl_board_preinit
 .text.sli_cos_swo_itm_8_write.constprop.0.isra.0
                0x00003650       0x60 ./gecko_sdk_4.3.1/hardware/driver/configuration_over_swo/src/sl_cos.o
 .text.sl_cos_send_config
                0x000036b0       0x12 ./gecko_sdk_4.3.1/hardware/driver/configuration_over_swo/src/sl_cos.o
                0x000036b0                sl_cos_send_config
 .text.sl_cos_config_vcom
                0x000036c2       0x1e ./gecko_sdk_4.3.1/hardware/driver/configuration_over_swo/src/sl_cos.o
                0x000036c2                sl_cos_config_vcom
 .text.Default_Handler
                0x000036e0        0x2 ./gecko_sdk_4.3.1/platform/Device/SiliconLabs/BGM22/Source/startup_bgm22.o
                0x000036e0                ULFRCO_IRQHandler
                0x000036e0                SW2_IRQHandler
                0x000036e0                TIMER2_IRQHandler
                0x000036e0                DebugMon_Handler
                0x000036e0                PKE_IRQHandler
                0x000036e0                USART0_TX_IRQHandler
                0x000036e0                PRORTC_IRQHandler
                0x000036e0                IADC_IRQHandler
                0x000036e0                I2C0_IRQHandler
                0x000036e0                LFXO_IRQHandler
                0x000036e0                CRYPTOACC_IRQHandler
                0x000036e0                HardFault_Handler
                0x000036e0                SMU_SECURE_IRQHandler
                0x000036e0                SysTick_Handler
                0x000036e0                EMUEFP_IRQHandler
                0x000036e0                PendSV_Handler
                0x000036e0                NMI_Handler
                0x000036e0                SYNTH_IRQHandler
                0x000036e0                HFXO0_IRQHandler
                0x000036e0                I2C1_IRQHandler
                0x000036e0                PDM_IRQHandler
                0x000036e0                WDOG0_IRQHandler
                0x000036e0                TIMER3_IRQHandler
                0x000036e0                SYSCFG_IRQHandler
                0x000036e0                EMUSE_IRQHandler
                0x000036e0                EMUDG_IRQHandler
                0x000036e0                MSC_IRQHandler
                0x000036e0                DPLL0_IRQHandler
                0x000036e0                UsageFault_Handler
                0x000036e0                M33CTI1_IRQHandler
                0x000036e0                TIMER4_IRQHandler
                0x000036e0                GPIO_EVEN_IRQHandler
                0x000036e0                SW0_IRQHandler
                0x000036e0                TIMER0_IRQHandler
                0x000036e0                LETIMER0_IRQHandler
                0x000036e0                TIMER1_IRQHandler
                0x000036e0                HFRCO0_IRQHandler
                0x000036e0                RFSENSE_IRQHandler
                0x000036e0                SecureFault_Handler
                0x000036e0                BUFC_IRQHandler
                0x000036e0                DCDC_IRQHandler
                0x000036e0                MODEM_IRQHandler
                0x000036e0                Default_Handler
                0x000036e0                RAC_SEQ_IRQHandler
                0x000036e0                FRC_PRI_IRQHandler
                0x000036e0                EMU_IRQHandler
                0x000036e0                SW3_IRQHandler
                0x000036e0                KERNEL0_IRQHandler
                0x000036e0                FRC_IRQHandler
                0x000036e0                KERNEL1_IRQHandler
                0x000036e0                AGC_IRQHandler
                0x000036e0                sl_app_properties
                0x000036e0                BURTC_IRQHandler
                0x000036e0                LFRCO_IRQHandler
                0x000036e0                USART0_RX_IRQHandler
                0x000036e0                MemManage_Handler
                0x000036e0                RDMAILBOX_IRQHandler
                0x000036e0                SVC_Handler
                0x000036e0                RTCC_IRQHandler
                0x000036e0                SMU_S_PRIVILEGED_IRQHandler
                0x000036e0                SW1_IRQHandler
                0x000036e0                CMU_IRQHandler
                0x000036e0                RAC_RSM_IRQHandler
                0x000036e0                EUART0_TX_IRQHandler
                0x000036e0                EUART0_RX_IRQHandler
                0x000036e0                GPIO_ODD_IRQHandler
                0x000036e0                AES_IRQHandler
                0x000036e0                M33CTI0_IRQHandler
                0x000036e0                ICACHE0_IRQHandler
                0x000036e0                SMU_NS_PRIVILEGED_IRQHandler
                0x000036e0                PROTIMER_IRQHandler
                0x000036e0                BusFault_Handler
                0x000036e0                TRNG_IRQHandler
 .text.SystemCLKIN0Get
                0x000036e2        0x4 ./gecko_sdk_4.3.1/platform/Device/SiliconLabs/BGM22/Source/system_bgm22.o
                0x000036e2                SystemCLKIN0Get
 .text.SystemLFRCOClockGet
                0x000036e6        0x6 ./gecko_sdk_4.3.1/platform/Device/SiliconLabs/BGM22/Source/system_bgm22.o
                0x000036e6                SystemLFRCOClockGet
 .text.SystemULFRCOClockGet
                0x000036ec        0x6 ./gecko_sdk_4.3.1/platform/Device/SiliconLabs/BGM22/Source/system_bgm22.o
                0x000036ec                SystemULFRCOClockGet
 .text.assertEFM
                0x000036f2        0x2 ./gecko_sdk_4.3.1/platform/common/src/sl_assert.o
                0x000036f2                assertEFM
 .text.sl_debug_swo_enable_itm
                0x000036f4       0x18 ./gecko_sdk_4.3.1/platform/driver/debug/src/sl_debug_swo.o
                0x000036f4                sl_debug_swo_enable_itm
 .text.sl_debug_swo_disable_itm
                0x0000370c       0x1a ./gecko_sdk_4.3.1/platform/driver/debug/src/sl_debug_swo.o
                0x0000370c                sl_debug_swo_disable_itm
 .text.DMADRV_PeripheralMemory
                0x00003726       0x34 ./gecko_sdk_4.3.1/platform/emdrv/dmadrv/src/dmadrv.o
                0x00003726                DMADRV_PeripheralMemory
 .text.waitStateMax
                0x0000375a       0x10 ./gecko_sdk_4.3.1/platform/emlib/src/em_cmu.o
 .text.CMU_UpdateWaitStates
                0x0000376a        0xc ./gecko_sdk_4.3.1/platform/emlib/src/em_cmu.o
                0x0000376a                CMU_UpdateWaitStates
 .text.pclkDivMax
                0x00003776        0xa ./gecko_sdk_4.3.1/platform/emlib/src/em_cmu.o
 .text.sli_em_cmu_SYSCLKInitPostClockSelect
                0x00003780       0x2a ./gecko_sdk_4.3.1/platform/emlib/src/em_cmu.o
                0x00003780                sli_em_cmu_SYSCLKInitPostClockSelect
 .text.CORE_EnterCritical
                0x000037aa        0x8 ./gecko_sdk_4.3.1/platform/emlib/src/em_core.o
                0x000037aa                CORE_EnterCritical
 .text.CORE_ExitCritical
                0x000037b2        0x6 ./gecko_sdk_4.3.1/platform/emlib/src/em_core.o
                0x000037b2                CORE_ExitCritical
 .text.CORE_EnterAtomic
                0x000037b8        0xc ./gecko_sdk_4.3.1/platform/emlib/src/em_core.o
                0x000037b8                CORE_EnterAtomic
 .text.CORE_ExitAtomic
                0x000037c4        0x6 ./gecko_sdk_4.3.1/platform/emlib/src/em_core.o
                0x000037c4                CORE_ExitAtomic
 .text.EMU_EFPEM01VScale
                0x000037ca        0x2 ./gecko_sdk_4.3.1/platform/emlib/src/em_emu.o
                0x000037ca                EMU_EFPEM01VScale
 .text.EMU_DCDCUpdatedHook
                0x000037cc        0x2 ./gecko_sdk_4.3.1/platform/emlib/src/em_emu.o
                0x000037cc                EMU_DCDCUpdatedHook
 .text.BUS_RegMaskedWrite
                0x000037ce       0x22 ./gecko_sdk_4.3.1/platform/emlib/src/em_gpio.o
 .text.GPIO_DbgLocationSet
                0x000037f0        0x2 ./gecko_sdk_4.3.1/platform/emlib/src/em_gpio.o
                0x000037f0                GPIO_DbgLocationSet
 .text.USART_Tx
                0x000037f2        0xa ./gecko_sdk_4.3.1/platform/emlib/src/em_usart.o
                0x000037f2                USART_Tx
 .text.sl_iostream_write
                0x000037fc       0x28 ./gecko_sdk_4.3.1/platform/service/iostream/src/sl_iostream.o
                0x000037fc                sl_iostream_write
 .text.sl_iostream_read
                0x00003824       0x32 ./gecko_sdk_4.3.1/platform/service/iostream/src/sl_iostream.o
                0x00003824                sl_iostream_read
 .text.sl_iostream_vprintf
                0x00003856       0x42 ./gecko_sdk_4.3.1/platform/service/iostream/src/sl_iostream.o
                0x00003856                sl_iostream_vprintf
 .text.sl_iostream_printf
                0x00003898       0x1a ./gecko_sdk_4.3.1/platform/service/iostream/src/sl_iostream.o
                0x00003898                sl_iostream_printf
 .text._close   0x000038b2        0x4 ./gecko_sdk_4.3.1/platform/service/iostream/src/sl_iostream_retarget_stdio.o
                0x000038b2                _close
 .text._exit    0x000038b6        0x2 ./gecko_sdk_4.3.1/platform/service/iostream/src/sl_iostream_retarget_stdio.o
                0x000038b6                _exit
 .text._fstat   0x000038b8        0xa ./gecko_sdk_4.3.1/platform/service/iostream/src/sl_iostream_retarget_stdio.o
                0x000038b8                _fstat
 .text._isatty  0x000038c2        0x4 ./gecko_sdk_4.3.1/platform/service/iostream/src/sl_iostream_retarget_stdio.o
                0x000038c2                _isatty
 .text._lseek   0x000038c6        0x4 ./gecko_sdk_4.3.1/platform/service/iostream/src/sl_iostream_retarget_stdio.o
                0x000038c6                _lseek
 .text._read    0x000038ca       0x1c ./gecko_sdk_4.3.1/platform/service/iostream/src/sl_iostream_retarget_stdio.o
                0x000038ca                _read
 .text.set_auto_cr_lf
                0x000038e6        0x6 ./gecko_sdk_4.3.1/platform/service/iostream/src/sl_iostream_uart.o
 .text.get_auto_cr_lf
                0x000038ec        0x6 ./gecko_sdk_4.3.1/platform/service/iostream/src/sl_iostream_uart.o
 .text.usart_set_next_byte_detect
                0x000038f2        0xc ./gecko_sdk_4.3.1/platform/service/iostream/src/sl_iostream_usart.o
 .text.usart_deinit
                0x000038fe       0x78 ./gecko_sdk_4.3.1/platform/service/iostream/src/sl_iostream_usart.o
 .text.usart_tx
                0x00003976        0xc ./gecko_sdk_4.3.1/platform/service/iostream/src/sl_iostream_usart.o
 .text.sl_iostream_usart_irq_handler
                0x00003982       0x70 ./gecko_sdk_4.3.1/platform/service/iostream/src/sl_iostream_usart.o
                0x00003982                sl_iostream_usart_irq_handler
 .text.sl_system_init
                0x000039f2       0x1a ./gecko_sdk_4.3.1/platform/service/system/src/sl_system_init.o
                0x000039f2                sl_system_init
 .text.sl_system_process_action
                0x00003a0c       0x16 ./gecko_sdk_4.3.1/platform/service/system/src/sl_system_process_action.o
                0x00003a0c                sl_system_process_action
 .text.memcpy   0x00003a22       0x1a c:/siliconlabs/simplicitystudio/v5/developer/toolchains/gnu_arm/10.3_2021.10/bin/../lib/gcc/arm-none-eabi/10.3.1/../../../../arm-none-eabi/lib/thumb/v8-m.main+fp/hard\libc_nano.a(lib_a-memcpy-stub.o)
                0x00003a22                memcpy
 .text.memset   0x00003a3c       0x10 c:/siliconlabs/simplicitystudio/v5/developer/toolchains/gnu_arm/10.3_2021.10/bin/../lib/gcc/arm-none-eabi/10.3.1/../../../../arm-none-eabi/lib/thumb/v8-m.main+fp/hard\libc_nano.a(lib_a-memset.o)
                0x00003a3c                memset
 .text.__sfmoreglue
                0x00003a4c       0x2c c:/siliconlabs/simplicitystudio/v5/developer/toolchains/gnu_arm/10.3_2021.10/bin/../lib/gcc/arm-none-eabi/10.3.1/../../../../arm-none-eabi/lib/thumb/v8-m.main+fp/hard\libc_nano.a(lib_a-findfp.o)
                0x00003a4c                __sfmoreglue
 .text._fwalk_reent
                0x00003a78       0x3e c:/siliconlabs/simplicitystudio/v5/developer/toolchains/gnu_arm/10.3_2021.10/bin/../lib/gcc/arm-none-eabi/10.3.1/../../../../arm-none-eabi/lib/thumb/v8-m.main+fp/hard\libc_nano.a(lib_a-fwalk.o)
                0x00003a78                _fwalk_reent
 .text.__retarget_lock_init_recursive
                0x00003ab6        0x2 c:/siliconlabs/simplicitystudio/v5/developer/toolchains/gnu_arm/10.3_2021.10/bin/../lib/gcc/arm-none-eabi/10.3.1/../../../../arm-none-eabi/lib/thumb/v8-m.main+fp/hard\libc_nano.a(lib_a-lock.o)
                0x00003ab6                __retarget_lock_init_recursive
 .text.__retarget_lock_acquire_recursive
                0x00003ab8        0x2 c:/siliconlabs/simplicitystudio/v5/developer/toolchains/gnu_arm/10.3_2021.10/bin/../lib/gcc/arm-none-eabi/10.3.1/../../../../arm-none-eabi/lib/thumb/v8-m.main+fp/hard\libc_nano.a(lib_a-lock.o)
                0x00003ab8                __retarget_lock_acquire_recursive
 .text.__retarget_lock_release_recursive
                0x00003aba        0x2 c:/siliconlabs/simplicitystudio/v5/developer/toolchains/gnu_arm/10.3_2021.10/bin/../lib/gcc/arm-none-eabi/10.3.1/../../../../arm-none-eabi/lib/thumb/v8-m.main+fp/hard\libc_nano.a(lib_a-lock.o)
                0x00003aba                __retarget_lock_release_recursive
 .text.__swhatbuf_r
                0x00003abc       0x4a c:/siliconlabs/simplicitystudio/v5/developer/toolchains/gnu_arm/10.3_2021.10/bin/../lib/gcc/arm-none-eabi/10.3.1/../../../../arm-none-eabi/lib/thumb/v8-m.main+fp/hard\libc_nano.a(lib_a-makebuf.o)
                0x00003abc                __swhatbuf_r
 .text.__sfputc_r
                0x00003b06       0x2e c:/siliconlabs/simplicitystudio/v5/developer/toolchains/gnu_arm/10.3_2021.10/bin/../lib/gcc/arm-none-eabi/10.3.1/../../../../arm-none-eabi/lib/thumb/v8-m.main+fp/hard\libc_nano.a(lib_a-nano-vfprintf.o)
 .text.__sfputs_r
                0x00003b34       0x24 c:/siliconlabs/simplicitystudio/v5/developer/toolchains/gnu_arm/10.3_2021.10/bin/../lib/gcc/arm-none-eabi/10.3.1/../../../../arm-none-eabi/lib/thumb/v8-m.main+fp/hard\libc_nano.a(lib_a-nano-vfprintf.o)
                0x00003b34                __sfputs_r
 .text._printf_common
                0x00003b58       0xe0 c:/siliconlabs/simplicitystudio/v5/developer/toolchains/gnu_arm/10.3_2021.10/bin/../lib/gcc/arm-none-eabi/10.3.1/../../../../arm-none-eabi/lib/thumb/v8-m.main+fp/hard\libc_nano.a(lib_a-nano-vfprintf_i.o)
                0x00003b58                _printf_common
 .text.__sread  0x00003c38       0x22 c:/siliconlabs/simplicitystudio/v5/developer/toolchains/gnu_arm/10.3_2021.10/bin/../lib/gcc/arm-none-eabi/10.3.1/../../../../arm-none-eabi/lib/thumb/v8-m.main+fp/hard\libc_nano.a(lib_a-stdio.o)
                0x00003c38                __sread
 .text.__swrite
                0x00003c5a       0x38 c:/siliconlabs/simplicitystudio/v5/developer/toolchains/gnu_arm/10.3_2021.10/bin/../lib/gcc/arm-none-eabi/10.3.1/../../../../arm-none-eabi/lib/thumb/v8-m.main+fp/hard\libc_nano.a(lib_a-stdio.o)
                0x00003c5a                __swrite
 .text.__sseek  0x00003c92       0x24 c:/siliconlabs/simplicitystudio/v5/developer/toolchains/gnu_arm/10.3_2021.10/bin/../lib/gcc/arm-none-eabi/10.3.1/../../../../arm-none-eabi/lib/thumb/v8-m.main+fp/hard\libc_nano.a(lib_a-stdio.o)
                0x00003c92                __sseek
 .text.__sclose
                0x00003cb6        0x8 c:/siliconlabs/simplicitystudio/v5/developer/toolchains/gnu_arm/10.3_2021.10/bin/../lib/gcc/arm-none-eabi/10.3.1/../../../../arm-none-eabi/lib/thumb/v8-m.main+fp/hard\libc_nano.a(lib_a-stdio.o)
                0x00003cb6                __sclose
 .text.memchr   0x00003cbe       0x1c c:/siliconlabs/simplicitystudio/v5/developer/toolchains/gnu_arm/10.3_2021.10/bin/../lib/gcc/arm-none-eabi/10.3.1/../../../../arm-none-eabi/lib/thumb/v8-m.main+fp/hard\libc_nano.a(lib_a-memchr-stub.o)
                0x00003cbe                memchr
                0x00003cda                linker_code_end = .
 *(.init)
 *fill*         0x00003cda        0x2 
 .init          0x00003cdc        0x4 c:/siliconlabs/simplicitystudio/v5/developer/toolchains/gnu_arm/10.3_2021.10/bin/../lib/gcc/arm-none-eabi/10.3.1/thumb/v8-m.main+fp/hard/crti.o
                0x00003cdc                _init
 .init          0x00003ce0        0x8 c:/siliconlabs/simplicitystudio/v5/developer/toolchains/gnu_arm/10.3_2021.10/bin/../lib/gcc/arm-none-eabi/10.3.1/thumb/v8-m.main+fp/hard/crtn.o
 *(.fini)
 .fini          0x00003ce8        0x4 c:/siliconlabs/simplicitystudio/v5/developer/toolchains/gnu_arm/10.3_2021.10/bin/../lib/gcc/arm-none-eabi/10.3.1/thumb/v8-m.main+fp/hard/crti.o
                0x00003ce8                _fini
 .fini          0x00003cec        0x8 c:/siliconlabs/simplicitystudio/v5/developer/toolchains/gnu_arm/10.3_2021.10/bin/../lib/gcc/arm-none-eabi/10.3.1/thumb/v8-m.main+fp/hard/crtn.o
 *crtbegin.o(.ctors)
 *crtbegin?.o(.ctors)
 *(EXCLUDE_FILE(*crtend.o *crtend?.o) .ctors)
 *(SORT_BY_NAME(.ctors.*))
 *(.ctors)
 *crtbegin.o(.dtors)
 *crtbegin?.o(.dtors)
 *(EXCLUDE_FILE(*crtend.o *crtend?.o) .dtors)
 *(SORT_BY_NAME(.dtors.*))
 *(.dtors)
 *(.rodata*)
 .rodata.app_init.str1.1
                0x00003cf4        0x5 ./app.o
 .rodata.sl_iostream_usart_init_vcom.str1.1
                0x00003cf9       0x2e ./autogen/sl_iostream_init_usart_instances.o
 *fill*         0x00003d27        0x1 
 .rodata        0x00003d28       0x1c ./autogen/sl_iostream_init_usart_instances.o
 .rodata        0x00003d44        0x4 ./gecko_sdk_4.3.1/platform/emdrv/dmadrv/src/dmadrv.o
 .rodata.HFRCODPLLDevinfoGet.str1.1
                0x00003d48       0x4a ./gecko_sdk_4.3.1/platform/emlib/src/em_cmu.o
 .rodata.EMU_VScaleEM01.str1.1
                0x00003d92       0x4a ./gecko_sdk_4.3.1/platform/emlib/src/em_emu.o
 .rodata.GPIO_PinOutSet.str1.1
                0x00003ddc       0x4b ./gecko_sdk_4.3.1/platform/emlib/src/em_gpio.o
 .rodata.GPIO_ExtIntConfig.str1.1
                0x00003e27       0x4b ./gecko_sdk_4.3.1/platform/emlib/src/em_gpio.o
 .rodata.LDMA_EnableChannelRequest.str1.1
                0x00003e72       0x95 ./gecko_sdk_4.3.1/platform/emlib/src/em_ldma.o
 .rodata.USART_BaudrateAsyncSet.str1.1
                0x00003f07       0x4c ./gecko_sdk_4.3.1/platform/emlib/src/em_usart.o
 .rodata        0x00003f53        0x8 ./gecko_sdk_4.3.1/platform/service/device_init/src/sl_device_init_dcdc_s2.o
 *fill*         0x00003f5b        0x1 
 .rodata        0x00003f5c       0x28 ./gecko_sdk_4.3.1/platform/service/device_init/src/sl_device_init_hfxo_s2.o
 .rodata        0x00003f84       0x14 ./gecko_sdk_4.3.1/platform/service/device_init/src/sl_device_init_lfxo_s2.o
 .rodata._write.str1.1
                0x00003f98       0x69 ./gecko_sdk_4.3.1/platform/service/iostream/src/sl_iostream_retarget_stdio.o
 .rodata.get_write_ptr.str1.1
                0x00004001       0x5f ./gecko_sdk_4.3.1/platform/service/iostream/src/sl_iostream_uart.o
 .rodata._global_impure_ptr
                0x00004060        0x4 c:/siliconlabs/simplicitystudio/v5/developer/toolchains/gnu_arm/10.3_2021.10/bin/../lib/gcc/arm-none-eabi/10.3.1/../../../../arm-none-eabi/lib/thumb/v8-m.main+fp/hard\libc_nano.a(lib_a-impure.o)
                0x00004060                _global_impure_ptr
 .rodata.__sf_fake_stderr
                0x00004064       0x20 c:/siliconlabs/simplicitystudio/v5/developer/toolchains/gnu_arm/10.3_2021.10/bin/../lib/gcc/arm-none-eabi/10.3.1/../../../../arm-none-eabi/lib/thumb/v8-m.main+fp/hard\libc_nano.a(lib_a-findfp.o)
                0x00004064                __sf_fake_stderr
 .rodata.__sf_fake_stdin
                0x00004084       0x20 c:/siliconlabs/simplicitystudio/v5/developer/toolchains/gnu_arm/10.3_2021.10/bin/../lib/gcc/arm-none-eabi/10.3.1/../../../../arm-none-eabi/lib/thumb/v8-m.main+fp/hard\libc_nano.a(lib_a-findfp.o)
                0x00004084                __sf_fake_stdin
 .rodata.__sf_fake_stdout
                0x000040a4       0x20 c:/siliconlabs/simplicitystudio/v5/developer/toolchains/gnu_arm/10.3_2021.10/bin/../lib/gcc/arm-none-eabi/10.3.1/../../../../arm-none-eabi/lib/thumb/v8-m.main+fp/hard\libc_nano.a(lib_a-findfp.o)
                0x000040a4                __sf_fake_stdout
 .rodata._vfprintf_r.str1.1
                0x000040c4       0x11 c:/siliconlabs/simplicitystudio/v5/developer/toolchains/gnu_arm/10.3_2021.10/bin/../lib/gcc/arm-none-eabi/10.3.1/../../../../arm-none-eabi/lib/thumb/v8-m.main+fp/hard\libc_nano.a(lib_a-nano-vfprintf.o)
 .rodata._printf_i.str1.1
                0x000040d5       0x22 c:/siliconlabs/simplicitystudio/v5/developer/toolchains/gnu_arm/10.3_2021.10/bin/../lib/gcc/arm-none-eabi/10.3.1/../../../../arm-none-eabi/lib/thumb/v8-m.main+fp/hard\libc_nano.a(lib_a-nano-vfprintf_i.o)
 *(.eh_frame*)
 *fill*         0x000040f7        0x1 
 .eh_frame      0x000040f8        0x0 c:/siliconlabs/simplicitystudio/v5/developer/toolchains/gnu_arm/10.3_2021.10/bin/../lib/gcc/arm-none-eabi/10.3.1/thumb/v8-m.main+fp/hard/crtbegin.o

.glue_7         0x000040f8        0x0
 .glue_7        0x000040f8        0x0 linker stubs

.glue_7t        0x000040f8        0x0
 .glue_7t       0x000040f8        0x0 linker stubs

.vfp11_veneer   0x000040f8        0x0
 .vfp11_veneer  0x000040f8        0x0 linker stubs

.v4_bx          0x000040f8        0x0
 .v4_bx         0x000040f8        0x0 linker stubs

.iplt           0x000040f8        0x0
 .iplt          0x000040f8        0x0 c:/siliconlabs/simplicitystudio/v5/developer/toolchains/gnu_arm/10.3_2021.10/bin/../lib/gcc/arm-none-eabi/10.3.1/thumb/v8-m.main+fp/hard/crtbegin.o

.ARM.extab
 *(.ARM.extab* .gnu.linkonce.armextab.*)
                0x000040f8                __exidx_start = .

.ARM.exidx      0x000040f8        0x8
 *(.ARM.exidx* .gnu.linkonce.armexidx.*)
 .ARM.exidx     0x000040f8        0x8 c:/siliconlabs/simplicitystudio/v5/developer/toolchains/gnu_arm/10.3_2021.10/bin/../lib/gcc/arm-none-eabi/10.3.1/../../../../arm-none-eabi/lib/thumb/v8-m.main+fp/hard/crt0.o
                                 0x10 (size before relaxing)
                0x00004100                __exidx_end = .

.rel.dyn        0x00004100        0x0
 .rel.iplt      0x00004100        0x0 c:/siliconlabs/simplicitystudio/v5/developer/toolchains/gnu_arm/10.3_2021.10/bin/../lib/gcc/arm-none-eabi/10.3.1/thumb/v8-m.main+fp/hard/crtbegin.o

.copy.table     0x00004100        0xc
                0x00004100                . = ALIGN (0x4)
                0x00004100                __copy_table_start__ = .
                0x00004100        0x4 LONG 0x410c __etext
                0x00004104        0x4 LONG 0x20001000 __data_start__
                0x00004108        0x4 LONG 0x22 ((__data_end__ - __data_start__) / 0x4)
                0x0000410c                __copy_table_end__ = .

.zero.table     0x0000410c        0x0
                0x0000410c                . = ALIGN (0x4)
                0x0000410c                __zero_table_start__ = .
                0x0000410c                __zero_table_end__ = .
                0x0000410c                __etext = .
                0x20000000                . = ORIGIN (RAM)

.stack          0x20000000     0x1000
                0x20000000                __StackLimit = .
 *(.stack*)
 .stack         0x20000000     0x1000 ./gecko_sdk_4.3.1/platform/common/toolchain/src/sl_memory.o
                0x20001000                . = ALIGN (0x4)
                0x20001000                __StackTop = .
                0x20001000                PROVIDE (__stack = __StackTop)

.noinit
 *(.noinit*)

.data           0x20001000       0x88 load address 0x0000410c
                0x20001000                . = ALIGN (0x4)
                0x20001000                __data_start__ = .
 *(vtable)
 *(SORT_BY_ALIGNMENT(.data*))
 .data.SystemCoreClock
                0x20001000        0x4 ./gecko_sdk_4.3.1/platform/Device/SiliconLabs/BGM22/Source/system_bgm22.o
                0x20001000                SystemCoreClock
 .data.SystemHFRCODPLLClock
                0x20001004        0x4 ./gecko_sdk_4.3.1/platform/Device/SiliconLabs/BGM22/Source/system_bgm22.o
 .data.SystemHFXOClock
                0x20001008        0x4 ./gecko_sdk_4.3.1/platform/Device/SiliconLabs/BGM22/Source/system_bgm22.o
 .data.SystemLFXOClock
                0x2000100c        0x4 ./gecko_sdk_4.3.1/platform/Device/SiliconLabs/BGM22/Source/system_bgm22.o
 .data.heap_end.0
                0x20001010        0x4 ./gecko_sdk_4.3.1/platform/common/toolchain/src/sl_memory.o
 .data._impure_ptr
                0x20001014        0x4 c:/siliconlabs/simplicitystudio/v5/developer/toolchains/gnu_arm/10.3_2021.10/bin/../lib/gcc/arm-none-eabi/10.3.1/../../../../arm-none-eabi/lib/thumb/v8-m.main+fp/hard\libc_nano.a(lib_a-impure.o)
                0x20001014                _impure_ptr
 .data.impure_data
                0x20001018       0x60 c:/siliconlabs/simplicitystudio/v5/developer/toolchains/gnu_arm/10.3_2021.10/bin/../lib/gcc/arm-none-eabi/10.3.1/../../../../arm-none-eabi/lib/thumb/v8-m.main+fp/hard\libc_nano.a(lib_a-impure.o)
 .data.hfxo_precision
                0x20001078        0x2 ./gecko_sdk_4.3.1/platform/emlib/src/em_cmu.o
 .data.lfxo_precision
                0x2000107a        0x2 ./gecko_sdk_4.3.1/platform/emlib/src/em_cmu.o
 .data.level_filter_enabled
                0x2000107c        0x1 ./gecko_sdk_4.3.1/app/common/util/app_log/app_log.o
 .data.level_filter_threshold
                0x2000107d        0x1 ./gecko_sdk_4.3.1/app/common/util/app_log/app_log.o
 .data.level_mask
                0x2000107e        0x1 ./gecko_sdk_4.3.1/app/common/util/app_log/app_log.o
                0x20001080                . = ALIGN (0x4)
 *fill*         0x2000107f        0x1 
                [!provide]                PROVIDE (__ram_func_section_start = .)
 *(.ram)
                [!provide]                PROVIDE (__ram_func_section_end = .)
                0x20001080                . = ALIGN (0x4)
                0x20001080                PROVIDE (__preinit_array_start = .)
 *(.preinit_array)
                0x20001080                PROVIDE (__preinit_array_end = .)
                0x20001080                . = ALIGN (0x4)
                0x20001080                PROVIDE (__init_array_start = .)
 *(SORT_BY_NAME(.init_array.*))
 *(.init_array)
 .init_array    0x20001080        0x4 c:/siliconlabs/simplicitystudio/v5/developer/toolchains/gnu_arm/10.3_2021.10/bin/../lib/gcc/arm-none-eabi/10.3.1/thumb/v8-m.main+fp/hard/crtbegin.o
                0x20001084                PROVIDE (__init_array_end = .)
                0x20001084                . = ALIGN (0x4)
                [!provide]                PROVIDE (__fini_array_start = .)
 *(SORT_BY_NAME(.fini_array.*))
 *(.fini_array)
 .fini_array    0x20001084        0x4 c:/siliconlabs/simplicitystudio/v5/developer/toolchains/gnu_arm/10.3_2021.10/bin/../lib/gcc/arm-none-eabi/10.3.1/thumb/v8-m.main+fp/hard/crtbegin.o
                [!provide]                PROVIDE (__fini_array_end = .)
                0x20001088                . = ALIGN (0x4)
                0x20001088                __data_end__ = .

.igot.plt       0x20001088        0x0 load address 0x00004194
 .igot.plt      0x20001088        0x0 c:/siliconlabs/simplicitystudio/v5/developer/toolchains/gnu_arm/10.3_2021.10/bin/../lib/gcc/arm-none-eabi/10.3.1/thumb/v8-m.main+fp/hard/crtbegin.o

.bss            0x20001088      0x23c load address 0x00004194
                0x20001088                . = ALIGN (0x4)
                0x20001088                __bss_start__ = .
 *(SORT_BY_ALIGNMENT(.bss*))
 .bss           0x20001088       0x1c c:/siliconlabs/simplicitystudio/v5/developer/toolchains/gnu_arm/10.3_2021.10/bin/../lib/gcc/arm-none-eabi/10.3.1/thumb/v8-m.main+fp/hard/crtbegin.o
 .bss.context_vcom
                0x200010a4       0x4c ./autogen/sl_iostream_init_usart_instances.o
 .bss.sl_iostream_vcom
                0x200010f0       0x18 ./autogen/sl_iostream_init_usart_instances.o
 .bss.app_log_iostream
                0x20001108        0x4 ./gecko_sdk_4.3.1/app/common/util/app_log/app_log.o
                0x20001108                app_log_iostream
 .bss.chTable   0x2000110c       0x80 ./gecko_sdk_4.3.1/platform/emdrv/dmadrv/src/dmadrv.o
 .bss.dmaXfer   0x2000118c      0x100 ./gecko_sdk_4.3.1/platform/emdrv/dmadrv/src/dmadrv.o
 .bss.sli_iostream_default
                0x2000128c        0x4 ./gecko_sdk_4.3.1/platform/service/iostream/src/sl_iostream.o
 .bss.__malloc_free_list
                0x20001290        0x4 c:/siliconlabs/simplicitystudio/v5/developer/toolchains/gnu_arm/10.3_2021.10/bin/../lib/gcc/arm-none-eabi/10.3.1/../../../../arm-none-eabi/lib/thumb/v8-m.main+fp/hard\libc_nano.a(lib_a-nano-mallocr.o)
                0x20001290                __malloc_free_list
 .bss.__malloc_sbrk_start
                0x20001294        0x4 c:/siliconlabs/simplicitystudio/v5/developer/toolchains/gnu_arm/10.3_2021.10/bin/../lib/gcc/arm-none-eabi/10.3.1/../../../../arm-none-eabi/lib/thumb/v8-m.main+fp/hard\libc_nano.a(lib_a-nano-mallocr.o)
                0x20001294                __malloc_sbrk_start
 .bss.errno     0x20001298        0x4 c:/siliconlabs/simplicitystudio/v5/developer/toolchains/gnu_arm/10.3_2021.10/bin/../lib/gcc/arm-none-eabi/10.3.1/../../../../arm-none-eabi/lib/thumb/v8-m.main+fp/hard\libc_nano.a(lib_a-reent.o)
                0x20001298                errno
 .bss.rx_buffer_vcom
                0x2000129c       0x20 ./autogen/sl_iostream_init_usart_instances.o
 .bss.level_mask_enabled
                0x200012bc        0x1 ./gecko_sdk_4.3.1/app/common/util/app_log/app_log.o
 .bss.initialized
                0x200012bd        0x1 ./gecko_sdk_4.3.1/platform/emdrv/dmadrv/src/dmadrv.o
 .bss.ctuneDelta
                0x200012be        0x1 ./gecko_sdk_4.3.1/platform/emlib/src/em_cmu.o
 .bss.vScaleEM01Config
                0x200012bf        0x1 ./gecko_sdk_4.3.1/platform/emlib/src/em_emu.o
 .bss.__lock___malloc_recursive_mutex
                0x200012c0        0x1 c:/siliconlabs/simplicitystudio/v5/developer/toolchains/gnu_arm/10.3_2021.10/bin/../lib/gcc/arm-none-eabi/10.3.1/../../../../arm-none-eabi/lib/thumb/v8-m.main+fp/hard\libc_nano.a(lib_a-lock.o)
                0x200012c0                __lock___malloc_recursive_mutex
 .bss.__lock___sfp_recursive_mutex
                0x200012c1        0x1 c:/siliconlabs/simplicitystudio/v5/developer/toolchains/gnu_arm/10.3_2021.10/bin/../lib/gcc/arm-none-eabi/10.3.1/../../../../arm-none-eabi/lib/thumb/v8-m.main+fp/hard\libc_nano.a(lib_a-lock.o)
                0x200012c1                __lock___sfp_recursive_mutex
 .bss.__lock___sinit_recursive_mutex
                0x200012c2        0x1 c:/siliconlabs/simplicitystudio/v5/developer/toolchains/gnu_arm/10.3_2021.10/bin/../lib/gcc/arm-none-eabi/10.3.1/../../../../arm-none-eabi/lib/thumb/v8-m.main+fp/hard\libc_nano.a(lib_a-lock.o)
                0x200012c2                __lock___sinit_recursive_mutex
 *(COMMON)
                0x200012c4                . = ALIGN (0x4)
 *fill*         0x200012c3        0x1 
                0x200012c4                __bss_end__ = .

.heap           0x200012c8      0x800
                0x200012c8                __HeapBase = .
                0x200012c8                __end__ = .
                0x200012c8                end = __end__
                0x200012c8                _end = __end__
 *(.heap*)
 .heap          0x200012c8      0x800 ./gecko_sdk_4.3.1/platform/common/toolchain/src/sl_memory.o
                0x20008000                __HeapLimit = (ORIGIN (RAM) + LENGTH (RAM))
                0x00006d38                __heap_size = (__HeapLimit - __HeapBase)
                0x20008000                __ram_end__ = 0x20008000
                0x0007e000                __main_flash_end__ = 0x7e000

.internal_storage
                0x0000410c        0x0
 *(.internal_storage*)

.nvm            0x0000410c        0x0
 *(.simee*)
                0x0007e000                linker_nvm_end = __main_flash_end__
                0x0007e000                linker_nvm_begin = (linker_nvm_end - SIZEOF (.nvm))
                0x00000000                linker_nvm_size = SIZEOF (.nvm)
                0x0007e000                linker_storage_end = linker_nvm_begin
                0x0007e000                __nvm3Base = linker_nvm_begin
                0x0007e000                linker_storage_begin = (linker_storage_end - SIZEOF (.internal_storage))
                0x00000000                linker_storage_size = SIZEOF (.internal_storage)
                0x00000001                ASSERT ((linker_storage_begin >= (__etext + SIZEOF (.data))), FLASH memory overflowed !)
OUTPUT(empty_3.axf elf32-littlearm)
LOAD linker stubs

.ARM.attributes
                0x00000000       0x36
 .ARM.attributes
                0x00000000       0x22 c:/siliconlabs/simplicitystudio/v5/developer/toolchains/gnu_arm/10.3_2021.10/bin/../lib/gcc/arm-none-eabi/10.3.1/thumb/v8-m.main+fp/hard/crti.o
 .ARM.attributes
                0x00000022       0x38 c:/siliconlabs/simplicitystudio/v5/developer/toolchains/gnu_arm/10.3_2021.10/bin/../lib/gcc/arm-none-eabi/10.3.1/thumb/v8-m.main+fp/hard/crtbegin.o
 .ARM.attributes
                0x0000005a       0x20 c:/siliconlabs/simplicitystudio/v5/developer/toolchains/gnu_arm/10.3_2021.10/bin/../lib/gcc/arm-none-eabi/10.3.1/../../../../arm-none-eabi/lib/thumb/v8-m.main+fp/hard/crt0.o
 .ARM.attributes
                0x0000007a       0x3a ./app.o
 .ARM.attributes
                0x000000b4       0x3a ./main.o
 .ARM.attributes
                0x000000ee       0x3a ./autogen/sl_board_default_init.o
 .ARM.attributes
                0x00000128       0x3a ./autogen/sl_device_init_clocks.o
 .ARM.attributes
                0x00000162       0x3a ./autogen/sl_event_handler.o
 .ARM.attributes
                0x0000019c       0x3a ./autogen/sl_iostream_init_usart_instances.o
 .ARM.attributes
                0x000001d6       0x3a ./gecko_sdk_4.3.1/app/common/util/app_log/app_log.o
 .ARM.attributes
                0x00000210       0x3a ./gecko_sdk_4.3.1/hardware/board/src/sl_board_control_gpio.o
 .ARM.attributes
                0x0000024a       0x3a ./gecko_sdk_4.3.1/hardware/board/src/sl_board_init.o
 .ARM.attributes
                0x00000284       0x3a ./gecko_sdk_4.3.1/hardware/driver/configuration_over_swo/src/sl_cos.o
 .ARM.attributes
                0x000002be       0x3a ./gecko_sdk_4.3.1/platform/Device/SiliconLabs/BGM22/Source/startup_bgm22.o
 .ARM.attributes
                0x000002f8       0x3a ./gecko_sdk_4.3.1/platform/Device/SiliconLabs/BGM22/Source/system_bgm22.o
 .ARM.attributes
                0x00000332       0x3a ./gecko_sdk_4.3.1/platform/common/src/sl_assert.o
 .ARM.attributes
                0x0000036c       0x3a ./gecko_sdk_4.3.1/platform/common/toolchain/src/sl_memory.o
 .ARM.attributes
                0x000003a6       0x3a ./gecko_sdk_4.3.1/platform/driver/debug/src/sl_debug_swo.o
 .ARM.attributes
                0x000003e0       0x3a ./gecko_sdk_4.3.1/platform/emdrv/dmadrv/src/dmadrv.o
 .ARM.attributes
                0x0000041a       0x3a ./gecko_sdk_4.3.1/platform/emlib/src/em_cmu.o
 .ARM.attributes
                0x00000454       0x3a ./gecko_sdk_4.3.1/platform/emlib/src/em_core.o
 .ARM.attributes
                0x0000048e       0x3a ./gecko_sdk_4.3.1/platform/emlib/src/em_emu.o
 .ARM.attributes
                0x000004c8       0x3a ./gecko_sdk_4.3.1/platform/emlib/src/em_gpio.o
 .ARM.attributes
                0x00000502       0x3a ./gecko_sdk_4.3.1/platform/emlib/src/em_ldma.o
 .ARM.attributes
                0x0000053c       0x3a ./gecko_sdk_4.3.1/platform/emlib/src/em_system.o
 .ARM.attributes
                0x00000576       0x3a ./gecko_sdk_4.3.1/platform/emlib/src/em_usart.o
 .ARM.attributes
                0x000005b0       0x3a ./gecko_sdk_4.3.1/platform/service/device_init/src/sl_device_init_dcdc_s2.o
 .ARM.attributes
                0x000005ea       0x3a ./gecko_sdk_4.3.1/platform/service/device_init/src/sl_device_init_emu_s2.o
 .ARM.attributes
                0x00000624       0x3a ./gecko_sdk_4.3.1/platform/service/device_init/src/sl_device_init_hfxo_s2.o
 .ARM.attributes
                0x0000065e       0x3a ./gecko_sdk_4.3.1/platform/service/device_init/src/sl_device_init_lfxo_s2.o
 .ARM.attributes
                0x00000698       0x3a ./gecko_sdk_4.3.1/platform/service/device_init/src/sl_device_init_nvic.o
 .ARM.attributes
                0x000006d2       0x3a ./gecko_sdk_4.3.1/platform/service/iostream/src/sl_iostream.o
 .ARM.attributes
                0x0000070c       0x3a ./gecko_sdk_4.3.1/platform/service/iostream/src/sl_iostream_retarget_stdio.o
 .ARM.attributes
                0x00000746       0x3a ./gecko_sdk_4.3.1/platform/service/iostream/src/sl_iostream_stdlib_config.o
 .ARM.attributes
                0x00000780       0x3a ./gecko_sdk_4.3.1/platform/service/iostream/src/sl_iostream_uart.o
 .ARM.attributes
                0x000007ba       0x3a ./gecko_sdk_4.3.1/platform/service/iostream/src/sl_iostream_usart.o
 .ARM.attributes
                0x000007f4       0x3a ./gecko_sdk_4.3.1/platform/service/system/src/sl_system_init.o
 .ARM.attributes
                0x0000082e       0x3a ./gecko_sdk_4.3.1/platform/service/system/src/sl_system_process_action.o
 .ARM.attributes
                0x00000868       0x38 c:/siliconlabs/simplicitystudio/v5/developer/toolchains/gnu_arm/10.3_2021.10/bin/../lib/gcc/arm-none-eabi/10.3.1/../../../../arm-none-eabi/lib/thumb/v8-m.main+fp/hard\libc_nano.a(lib_a-exit.o)
 .ARM.attributes
                0x000008a0       0x38 c:/siliconlabs/simplicitystudio/v5/developer/toolchains/gnu_arm/10.3_2021.10/bin/../lib/gcc/arm-none-eabi/10.3.1/../../../../arm-none-eabi/lib/thumb/v8-m.main+fp/hard\libc_nano.a(lib_a-impure.o)
 .ARM.attributes
                0x000008d8       0x38 c:/siliconlabs/simplicitystudio/v5/developer/toolchains/gnu_arm/10.3_2021.10/bin/../lib/gcc/arm-none-eabi/10.3.1/../../../../arm-none-eabi/lib/thumb/v8-m.main+fp/hard\libc_nano.a(lib_a-init.o)
 .ARM.attributes
                0x00000910       0x38 c:/siliconlabs/simplicitystudio/v5/developer/toolchains/gnu_arm/10.3_2021.10/bin/../lib/gcc/arm-none-eabi/10.3.1/../../../../arm-none-eabi/lib/thumb/v8-m.main+fp/hard\libc_nano.a(lib_a-memcpy-stub.o)
 .ARM.attributes
                0x00000948       0x38 c:/siliconlabs/simplicitystudio/v5/developer/toolchains/gnu_arm/10.3_2021.10/bin/../lib/gcc/arm-none-eabi/10.3.1/../../../../arm-none-eabi/lib/thumb/v8-m.main+fp/hard\libc_nano.a(lib_a-memset.o)
 .ARM.attributes
                0x00000980       0x38 c:/siliconlabs/simplicitystudio/v5/developer/toolchains/gnu_arm/10.3_2021.10/bin/../lib/gcc/arm-none-eabi/10.3.1/../../../../arm-none-eabi/lib/thumb/v8-m.main+fp/hard\libc_nano.a(lib_a-setvbuf.o)
 .ARM.attributes
                0x000009b8       0x38 c:/siliconlabs/simplicitystudio/v5/developer/toolchains/gnu_arm/10.3_2021.10/bin/../lib/gcc/arm-none-eabi/10.3.1/../../../../arm-none-eabi/lib/thumb/v8-m.main+fp/hard\libc_nano.a(lib_a-vprintf.o)
 .ARM.attributes
                0x000009f0       0x38 c:/siliconlabs/simplicitystudio/v5/developer/toolchains/gnu_arm/10.3_2021.10/bin/../lib/gcc/arm-none-eabi/10.3.1/../../../../arm-none-eabi/lib/thumb/v8-m.main+fp/hard\libc_nano.a(lib_a-fflush.o)
 .ARM.attributes
                0x00000a28       0x38 c:/siliconlabs/simplicitystudio/v5/developer/toolchains/gnu_arm/10.3_2021.10/bin/../lib/gcc/arm-none-eabi/10.3.1/../../../../arm-none-eabi/lib/thumb/v8-m.main+fp/hard\libc_nano.a(lib_a-findfp.o)
 .ARM.attributes
                0x00000a60       0x38 c:/siliconlabs/simplicitystudio/v5/developer/toolchains/gnu_arm/10.3_2021.10/bin/../lib/gcc/arm-none-eabi/10.3.1/../../../../arm-none-eabi/lib/thumb/v8-m.main+fp/hard\libc_nano.a(lib_a-fwalk.o)
 .ARM.attributes
                0x00000a98       0x38 c:/siliconlabs/simplicitystudio/v5/developer/toolchains/gnu_arm/10.3_2021.10/bin/../lib/gcc/arm-none-eabi/10.3.1/../../../../arm-none-eabi/lib/thumb/v8-m.main+fp/hard\libc_nano.a(lib_a-lock.o)
 .ARM.attributes
                0x00000ad0       0x38 c:/siliconlabs/simplicitystudio/v5/developer/toolchains/gnu_arm/10.3_2021.10/bin/../lib/gcc/arm-none-eabi/10.3.1/../../../../arm-none-eabi/lib/thumb/v8-m.main+fp/hard\libc_nano.a(lib_a-makebuf.o)
 .ARM.attributes
                0x00000b08       0x38 c:/siliconlabs/simplicitystudio/v5/developer/toolchains/gnu_arm/10.3_2021.10/bin/../lib/gcc/arm-none-eabi/10.3.1/../../../../arm-none-eabi/lib/thumb/v8-m.main+fp/hard\libc_nano.a(lib_a-malloc.o)
 .ARM.attributes
                0x00000b40       0x38 c:/siliconlabs/simplicitystudio/v5/developer/toolchains/gnu_arm/10.3_2021.10/bin/../lib/gcc/arm-none-eabi/10.3.1/../../../../arm-none-eabi/lib/thumb/v8-m.main+fp/hard\libc_nano.a(lib_a-nano-freer.o)
 .ARM.attributes
                0x00000b78       0x38 c:/siliconlabs/simplicitystudio/v5/developer/toolchains/gnu_arm/10.3_2021.10/bin/../lib/gcc/arm-none-eabi/10.3.1/../../../../arm-none-eabi/lib/thumb/v8-m.main+fp/hard\libc_nano.a(lib_a-nano-mallocr.o)
 .ARM.attributes
                0x00000bb0       0x38 c:/siliconlabs/simplicitystudio/v5/developer/toolchains/gnu_arm/10.3_2021.10/bin/../lib/gcc/arm-none-eabi/10.3.1/../../../../arm-none-eabi/lib/thumb/v8-m.main+fp/hard\libc_nano.a(lib_a-nano-vfprintf.o)
 .ARM.attributes
                0x00000be8       0x38 c:/siliconlabs/simplicitystudio/v5/developer/toolchains/gnu_arm/10.3_2021.10/bin/../lib/gcc/arm-none-eabi/10.3.1/../../../../arm-none-eabi/lib/thumb/v8-m.main+fp/hard\libc_nano.a(lib_a-nano-vfprintf_i.o)
 .ARM.attributes
                0x00000c20       0x38 c:/siliconlabs/simplicitystudio/v5/developer/toolchains/gnu_arm/10.3_2021.10/bin/../lib/gcc/arm-none-eabi/10.3.1/../../../../arm-none-eabi/lib/thumb/v8-m.main+fp/hard\libc_nano.a(lib_a-sbrkr.o)
 .ARM.attributes
                0x00000c58       0x38 c:/siliconlabs/simplicitystudio/v5/developer/toolchains/gnu_arm/10.3_2021.10/bin/../lib/gcc/arm-none-eabi/10.3.1/../../../../arm-none-eabi/lib/thumb/v8-m.main+fp/hard\libc_nano.a(lib_a-stdio.o)
 .ARM.attributes
                0x00000c90       0x38 c:/siliconlabs/simplicitystudio/v5/developer/toolchains/gnu_arm/10.3_2021.10/bin/../lib/gcc/arm-none-eabi/10.3.1/../../../../arm-none-eabi/lib/thumb/v8-m.main+fp/hard\libc_nano.a(lib_a-wbuf.o)
 .ARM.attributes
                0x00000cc8       0x38 c:/siliconlabs/simplicitystudio/v5/developer/toolchains/gnu_arm/10.3_2021.10/bin/../lib/gcc/arm-none-eabi/10.3.1/../../../../arm-none-eabi/lib/thumb/v8-m.main+fp/hard\libc_nano.a(lib_a-writer.o)
 .ARM.attributes
                0x00000d00       0x38 c:/siliconlabs/simplicitystudio/v5/developer/toolchains/gnu_arm/10.3_2021.10/bin/../lib/gcc/arm-none-eabi/10.3.1/../../../../arm-none-eabi/lib/thumb/v8-m.main+fp/hard\libc_nano.a(lib_a-wsetup.o)
 .ARM.attributes
                0x00000d38       0x38 c:/siliconlabs/simplicitystudio/v5/developer/toolchains/gnu_arm/10.3_2021.10/bin/../lib/gcc/arm-none-eabi/10.3.1/../../../../arm-none-eabi/lib/thumb/v8-m.main+fp/hard\libc_nano.a(lib_a-closer.o)
 .ARM.attributes
                0x00000d70       0x38 c:/siliconlabs/simplicitystudio/v5/developer/toolchains/gnu_arm/10.3_2021.10/bin/../lib/gcc/arm-none-eabi/10.3.1/../../../../arm-none-eabi/lib/thumb/v8-m.main+fp/hard\libc_nano.a(lib_a-fstatr.o)
 .ARM.attributes
                0x00000da8       0x38 c:/siliconlabs/simplicitystudio/v5/developer/toolchains/gnu_arm/10.3_2021.10/bin/../lib/gcc/arm-none-eabi/10.3.1/../../../../arm-none-eabi/lib/thumb/v8-m.main+fp/hard\libc_nano.a(lib_a-isattyr.o)
 .ARM.attributes
                0x00000de0       0x38 c:/siliconlabs/simplicitystudio/v5/developer/toolchains/gnu_arm/10.3_2021.10/bin/../lib/gcc/arm-none-eabi/10.3.1/../../../../arm-none-eabi/lib/thumb/v8-m.main+fp/hard\libc_nano.a(lib_a-lseekr.o)
 .ARM.attributes
                0x00000e18       0x38 c:/siliconlabs/simplicitystudio/v5/developer/toolchains/gnu_arm/10.3_2021.10/bin/../lib/gcc/arm-none-eabi/10.3.1/../../../../arm-none-eabi/lib/thumb/v8-m.main+fp/hard\libc_nano.a(lib_a-memchr-stub.o)
 .ARM.attributes
                0x00000e50       0x38 c:/siliconlabs/simplicitystudio/v5/developer/toolchains/gnu_arm/10.3_2021.10/bin/../lib/gcc/arm-none-eabi/10.3.1/../../../../arm-none-eabi/lib/thumb/v8-m.main+fp/hard\libc_nano.a(lib_a-mlock.o)
 .ARM.attributes
                0x00000e88       0x38 c:/siliconlabs/simplicitystudio/v5/developer/toolchains/gnu_arm/10.3_2021.10/bin/../lib/gcc/arm-none-eabi/10.3.1/../../../../arm-none-eabi/lib/thumb/v8-m.main+fp/hard\libc_nano.a(lib_a-readr.o)
 .ARM.attributes
                0x00000ec0       0x38 c:/siliconlabs/simplicitystudio/v5/developer/toolchains/gnu_arm/10.3_2021.10/bin/../lib/gcc/arm-none-eabi/10.3.1/../../../../arm-none-eabi/lib/thumb/v8-m.main+fp/hard\libc_nano.a(lib_a-reent.o)
 .ARM.attributes
                0x00000ef8       0x22 c:/siliconlabs/simplicitystudio/v5/developer/toolchains/gnu_arm/10.3_2021.10/bin/../lib/gcc/arm-none-eabi/10.3.1/thumb/v8-m.main+fp/hard/crtn.o

.comment        0x00000000       0x49
 .comment       0x00000000       0x49 ./app.o
                                 0x4a (size before relaxing)
 .comment       0x00000049       0x4a ./main.o
 .comment       0x00000049       0x4a ./autogen/sl_board_default_init.o
 .comment       0x00000049       0x4a ./autogen/sl_device_init_clocks.o
 .comment       0x00000049       0x4a ./autogen/sl_event_handler.o
 .comment       0x00000049       0x4a ./autogen/sl_iostream_init_usart_instances.o
 .comment       0x00000049       0x4a ./gecko_sdk_4.3.1/app/common/util/app_log/app_log.o
 .comment       0x00000049       0x4a ./gecko_sdk_4.3.1/hardware/board/src/sl_board_control_gpio.o
 .comment       0x00000049       0x4a ./gecko_sdk_4.3.1/hardware/board/src/sl_board_init.o
 .comment       0x00000049       0x4a ./gecko_sdk_4.3.1/hardware/driver/configuration_over_swo/src/sl_cos.o
 .comment       0x00000049       0x4a ./gecko_sdk_4.3.1/platform/Device/SiliconLabs/BGM22/Source/startup_bgm22.o
 .comment       0x00000049       0x4a ./gecko_sdk_4.3.1/platform/Device/SiliconLabs/BGM22/Source/system_bgm22.o
 .comment       0x00000049       0x4a ./gecko_sdk_4.3.1/platform/common/src/sl_assert.o
 .comment       0x00000049       0x4a ./gecko_sdk_4.3.1/platform/common/toolchain/src/sl_memory.o
 .comment       0x00000049       0x4a ./gecko_sdk_4.3.1/platform/driver/debug/src/sl_debug_swo.o
 .comment       0x00000049       0x4a ./gecko_sdk_4.3.1/platform/emdrv/dmadrv/src/dmadrv.o
 .comment       0x00000049       0x4a ./gecko_sdk_4.3.1/platform/emlib/src/em_cmu.o
 .comment       0x00000049       0x4a ./gecko_sdk_4.3.1/platform/emlib/src/em_core.o
 .comment       0x00000049       0x4a ./gecko_sdk_4.3.1/platform/emlib/src/em_emu.o
 .comment       0x00000049       0x4a ./gecko_sdk_4.3.1/platform/emlib/src/em_gpio.o
 .comment       0x00000049       0x4a ./gecko_sdk_4.3.1/platform/emlib/src/em_ldma.o
 .comment       0x00000049       0x4a ./gecko_sdk_4.3.1/platform/emlib/src/em_system.o
 .comment       0x00000049       0x4a ./gecko_sdk_4.3.1/platform/emlib/src/em_usart.o
 .comment       0x00000049       0x4a ./gecko_sdk_4.3.1/platform/service/device_init/src/sl_device_init_dcdc_s2.o
 .comment       0x00000049       0x4a ./gecko_sdk_4.3.1/platform/service/device_init/src/sl_device_init_emu_s2.o
 .comment       0x00000049       0x4a ./gecko_sdk_4.3.1/platform/service/device_init/src/sl_device_init_hfxo_s2.o
 .comment       0x00000049       0x4a ./gecko_sdk_4.3.1/platform/service/device_init/src/sl_device_init_lfxo_s2.o
 .comment       0x00000049       0x4a ./gecko_sdk_4.3.1/platform/service/device_init/src/sl_device_init_nvic.o
 .comment       0x00000049       0x4a ./gecko_sdk_4.3.1/platform/service/iostream/src/sl_iostream.o
 .comment       0x00000049       0x4a ./gecko_sdk_4.3.1/platform/service/iostream/src/sl_iostream_retarget_stdio.o
 .comment       0x00000049       0x4a ./gecko_sdk_4.3.1/platform/service/iostream/src/sl_iostream_stdlib_config.o
 .comment       0x00000049       0x4a ./gecko_sdk_4.3.1/platform/service/iostream/src/sl_iostream_uart.o
 .comment       0x00000049       0x4a ./gecko_sdk_4.3.1/platform/service/iostream/src/sl_iostream_usart.o
 .comment       0x00000049       0x4a ./gecko_sdk_4.3.1/platform/service/system/src/sl_system_init.o
 .comment       0x00000049       0x4a ./gecko_sdk_4.3.1/platform/service/system/src/sl_system_process_action.o

.debug_info     0x00000000    0x29569
 .debug_info    0x00000000      0x1dd ./app.o
 .debug_info    0x000001dd       0xad ./main.o
 .debug_info    0x0000028a       0x86 ./autogen/sl_board_default_init.o
 .debug_info    0x00000310     0x11f5 ./autogen/sl_device_init_clocks.o
 .debug_info    0x00001505      0xf5c ./autogen/sl_event_handler.o
 .debug_info    0x00002461     0x177a ./autogen/sl_iostream_init_usart_instances.o
 .debug_info    0x00003bdb      0x5d8 ./gecko_sdk_4.3.1/app/common/util/app_log/app_log.o
 .debug_info    0x000041b3      0x3a4 ./gecko_sdk_4.3.1/hardware/board/src/sl_board_control_gpio.o
 .debug_info    0x00004557      0x284 ./gecko_sdk_4.3.1/hardware/board/src/sl_board_init.o
 .debug_info    0x000047db      0x404 ./gecko_sdk_4.3.1/hardware/driver/configuration_over_swo/src/sl_cos.o
 .debug_info    0x00004bdf      0x327 ./gecko_sdk_4.3.1/platform/Device/SiliconLabs/BGM22/Source/startup_bgm22.o
 .debug_info    0x00004f06     0x1fc0 ./gecko_sdk_4.3.1/platform/Device/SiliconLabs/BGM22/Source/system_bgm22.o
 .debug_info    0x00006ec6       0x86 ./gecko_sdk_4.3.1/platform/common/src/sl_assert.o
 .debug_info    0x00006f4c      0x205 ./gecko_sdk_4.3.1/platform/common/toolchain/src/sl_memory.o
 .debug_info    0x00007151     0x20ce ./gecko_sdk_4.3.1/platform/driver/debug/src/sl_debug_swo.o
 .debug_info    0x0000921f     0x1e5d ./gecko_sdk_4.3.1/platform/emdrv/dmadrv/src/dmadrv.o
 .debug_info    0x0000b07c     0x783f ./gecko_sdk_4.3.1/platform/emlib/src/em_cmu.o
 .debug_info    0x000128bb     0x1398 ./gecko_sdk_4.3.1/platform/emlib/src/em_core.o
 .debug_info    0x00013c53     0x3ada ./gecko_sdk_4.3.1/platform/emlib/src/em_emu.o
 .debug_info    0x0001772d     0x2182 ./gecko_sdk_4.3.1/platform/emlib/src/em_gpio.o
 .debug_info    0x000198af     0x1ee3 ./gecko_sdk_4.3.1/platform/emlib/src/em_ldma.o
 .debug_info    0x0001b792     0x1b6a ./gecko_sdk_4.3.1/platform/emlib/src/em_system.o
 .debug_info    0x0001d2fc     0x403b ./gecko_sdk_4.3.1/platform/emlib/src/em_usart.o
 .debug_info    0x00021337      0x2b5 ./gecko_sdk_4.3.1/platform/service/device_init/src/sl_device_init_dcdc_s2.o
 .debug_info    0x000215ec      0x9a7 ./gecko_sdk_4.3.1/platform/service/device_init/src/sl_device_init_emu_s2.o
 .debug_info    0x00021f93      0x864 ./gecko_sdk_4.3.1/platform/service/device_init/src/sl_device_init_hfxo_s2.o
 .debug_info    0x000227f7      0x271 ./gecko_sdk_4.3.1/platform/service/device_init/src/sl_device_init_lfxo_s2.o
 .debug_info    0x00022a68      0x807 ./gecko_sdk_4.3.1/platform/service/device_init/src/sl_device_init_nvic.o
 .debug_info    0x0002326f      0x5f8 ./gecko_sdk_4.3.1/platform/service/iostream/src/sl_iostream.o
 .debug_info    0x00023867      0x5b7 ./gecko_sdk_4.3.1/platform/service/iostream/src/sl_iostream_retarget_stdio.o
 .debug_info    0x00023e1e      0x895 ./gecko_sdk_4.3.1/platform/service/iostream/src/sl_iostream_stdlib_config.o
 .debug_info    0x000246b3     0x1ca1 ./gecko_sdk_4.3.1/platform/service/iostream/src/sl_iostream_uart.o
 .debug_info    0x00026354     0x30b8 ./gecko_sdk_4.3.1/platform/service/iostream/src/sl_iostream_usart.o
 .debug_info    0x0002940c       0xba ./gecko_sdk_4.3.1/platform/service/system/src/sl_system_init.o
 .debug_info    0x000294c6       0xa3 ./gecko_sdk_4.3.1/platform/service/system/src/sl_system_process_action.o

.debug_abbrev   0x00000000     0x48b7
 .debug_abbrev  0x00000000      0x127 ./app.o
 .debug_abbrev  0x00000127       0x5e ./main.o
 .debug_abbrev  0x00000185       0x46 ./autogen/sl_board_default_init.o
 .debug_abbrev  0x000001cb       0xe1 ./autogen/sl_device_init_clocks.o
 .debug_abbrev  0x000002ac      0x1ae ./autogen/sl_event_handler.o
 .debug_abbrev  0x0000045a      0x26f ./autogen/sl_iostream_init_usart_instances.o
 .debug_abbrev  0x000006c9      0x2b2 ./gecko_sdk_4.3.1/app/common/util/app_log/app_log.o
 .debug_abbrev  0x0000097b      0x16d ./gecko_sdk_4.3.1/hardware/board/src/sl_board_control_gpio.o
 .debug_abbrev  0x00000ae8       0xe8 ./gecko_sdk_4.3.1/hardware/board/src/sl_board_init.o
 .debug_abbrev  0x00000bd0      0x207 ./gecko_sdk_4.3.1/hardware/driver/configuration_over_swo/src/sl_cos.o
 .debug_abbrev  0x00000dd7      0x1c9 ./gecko_sdk_4.3.1/platform/Device/SiliconLabs/BGM22/Source/startup_bgm22.o
 .debug_abbrev  0x00000fa0      0x325 ./gecko_sdk_4.3.1/platform/Device/SiliconLabs/BGM22/Source/system_bgm22.o
 .debug_abbrev  0x000012c5       0x6c ./gecko_sdk_4.3.1/platform/common/src/sl_assert.o
 .debug_abbrev  0x00001331      0x11e ./gecko_sdk_4.3.1/platform/common/toolchain/src/sl_memory.o
 .debug_abbrev  0x0000144f      0x2c2 ./gecko_sdk_4.3.1/platform/driver/debug/src/sl_debug_swo.o
 .debug_abbrev  0x00001711      0x395 ./gecko_sdk_4.3.1/platform/emdrv/dmadrv/src/dmadrv.o
 .debug_abbrev  0x00001aa6      0x58c ./gecko_sdk_4.3.1/platform/emlib/src/em_cmu.o
 .debug_abbrev  0x00002032      0x329 ./gecko_sdk_4.3.1/platform/emlib/src/em_core.o
 .debug_abbrev  0x0000235b      0x4eb ./gecko_sdk_4.3.1/platform/emlib/src/em_emu.o
 .debug_abbrev  0x00002846      0x314 ./gecko_sdk_4.3.1/platform/emlib/src/em_gpio.o
 .debug_abbrev  0x00002b5a      0x3d4 ./gecko_sdk_4.3.1/platform/emlib/src/em_ldma.o
 .debug_abbrev  0x00002f2e      0x2a6 ./gecko_sdk_4.3.1/platform/emlib/src/em_system.o
 .debug_abbrev  0x000031d4      0x336 ./gecko_sdk_4.3.1/platform/emlib/src/em_usart.o
 .debug_abbrev  0x0000350a       0xe0 ./gecko_sdk_4.3.1/platform/service/device_init/src/sl_device_init_dcdc_s2.o
 .debug_abbrev  0x000035ea      0x13a ./gecko_sdk_4.3.1/platform/service/device_init/src/sl_device_init_emu_s2.o
 .debug_abbrev  0x00003724      0x171 ./gecko_sdk_4.3.1/platform/service/device_init/src/sl_device_init_hfxo_s2.o
 .debug_abbrev  0x00003895       0xef ./gecko_sdk_4.3.1/platform/service/device_init/src/sl_device_init_lfxo_s2.o
 .debug_abbrev  0x00003984      0x144 ./gecko_sdk_4.3.1/platform/service/device_init/src/sl_device_init_nvic.o
 .debug_abbrev  0x00003ac8      0x269 ./gecko_sdk_4.3.1/platform/service/iostream/src/sl_iostream.o
 .debug_abbrev  0x00003d31      0x198 ./gecko_sdk_4.3.1/platform/service/iostream/src/sl_iostream_retarget_stdio.o
 .debug_abbrev  0x00003ec9      0x187 ./gecko_sdk_4.3.1/platform/service/iostream/src/sl_iostream_stdlib_config.o
 .debug_abbrev  0x00004050      0x437 ./gecko_sdk_4.3.1/platform/service/iostream/src/sl_iostream_uart.o
 .debug_abbrev  0x00004487      0x372 ./gecko_sdk_4.3.1/platform/service/iostream/src/sl_iostream_usart.o
 .debug_abbrev  0x000047f9       0x5f ./gecko_sdk_4.3.1/platform/service/system/src/sl_system_init.o
 .debug_abbrev  0x00004858       0x5f ./gecko_sdk_4.3.1/platform/service/system/src/sl_system_process_action.o

.debug_loc      0x00000000     0xa086
 .debug_loc     0x00000000       0x2c ./app.o
 .debug_loc     0x0000002c       0x20 ./main.o
 .debug_loc     0x0000004c       0x20 ./autogen/sl_device_init_clocks.o
 .debug_loc     0x0000006c       0xa1 ./autogen/sl_event_handler.o
 .debug_loc     0x0000010d       0xfa ./autogen/sl_iostream_init_usart_instances.o
 .debug_loc     0x00000207      0x29f ./gecko_sdk_4.3.1/app/common/util/app_log/app_log.o
 .debug_loc     0x000004a6      0x20a ./gecko_sdk_4.3.1/hardware/board/src/sl_board_control_gpio.o
 .debug_loc     0x000006b0       0x2c ./gecko_sdk_4.3.1/hardware/board/src/sl_board_init.o
 .debug_loc     0x000006dc      0x291 ./gecko_sdk_4.3.1/hardware/driver/configuration_over_swo/src/sl_cos.o
 .debug_loc     0x0000096d       0x8e ./gecko_sdk_4.3.1/platform/Device/SiliconLabs/BGM22/Source/startup_bgm22.o
 .debug_loc     0x000009fb      0x111 ./gecko_sdk_4.3.1/platform/Device/SiliconLabs/BGM22/Source/system_bgm22.o
 .debug_loc     0x00000b0c       0x2a ./gecko_sdk_4.3.1/platform/common/src/sl_assert.o
 .debug_loc     0x00000b36       0x9c ./gecko_sdk_4.3.1/platform/common/toolchain/src/sl_memory.o
 .debug_loc     0x00000bd2      0x24d ./gecko_sdk_4.3.1/platform/driver/debug/src/sl_debug_swo.o
 .debug_loc     0x00000e1f     0x119f ./gecko_sdk_4.3.1/platform/emdrv/dmadrv/src/dmadrv.o
 .debug_loc     0x00001fbe     0x35b8 ./gecko_sdk_4.3.1/platform/emlib/src/em_cmu.o
 .debug_loc     0x00005576      0x8d6 ./gecko_sdk_4.3.1/platform/emlib/src/em_core.o
 .debug_loc     0x00005e4c      0x951 ./gecko_sdk_4.3.1/platform/emlib/src/em_emu.o
 .debug_loc     0x0000679d      0xb55 ./gecko_sdk_4.3.1/platform/emlib/src/em_gpio.o
 .debug_loc     0x000072f2      0x5eb ./gecko_sdk_4.3.1/platform/emlib/src/em_ldma.o
 .debug_loc     0x000078dd      0x176 ./gecko_sdk_4.3.1/platform/emlib/src/em_system.o
 .debug_loc     0x00007a53      0xa2e ./gecko_sdk_4.3.1/platform/emlib/src/em_usart.o
 .debug_loc     0x00008481       0x2c ./gecko_sdk_4.3.1/platform/service/device_init/src/sl_device_init_dcdc_s2.o
 .debug_loc     0x000084ad       0x2c ./gecko_sdk_4.3.1/platform/service/device_init/src/sl_device_init_emu_s2.o
 .debug_loc     0x000084d9       0xba ./gecko_sdk_4.3.1/platform/service/device_init/src/sl_device_init_hfxo_s2.o
 .debug_loc     0x00008593       0x38 ./gecko_sdk_4.3.1/platform/service/device_init/src/sl_device_init_lfxo_s2.o
 .debug_loc     0x000085cb       0x6f ./gecko_sdk_4.3.1/platform/service/device_init/src/sl_device_init_nvic.o
 .debug_loc     0x0000863a      0x649 ./gecko_sdk_4.3.1/platform/service/iostream/src/sl_iostream.o
 .debug_loc     0x00008c83      0x217 ./gecko_sdk_4.3.1/platform/service/iostream/src/sl_iostream_retarget_stdio.o
 .debug_loc     0x00008e9a      0xd22 ./gecko_sdk_4.3.1/platform/service/iostream/src/sl_iostream_uart.o
 .debug_loc     0x00009bbc      0x472 ./gecko_sdk_4.3.1/platform/service/iostream/src/sl_iostream_usart.o
 .debug_loc     0x0000a02e       0x2c ./gecko_sdk_4.3.1/platform/service/system/src/sl_system_init.o
 .debug_loc     0x0000a05a       0x2c ./gecko_sdk_4.3.1/platform/service/system/src/sl_system_process_action.o

.debug_aranges  0x00000000      0xc08
 .debug_aranges
                0x00000000       0x28 ./app.o
 .debug_aranges
                0x00000028       0x20 ./main.o
 .debug_aranges
                0x00000048       0x20 ./autogen/sl_board_default_init.o
 .debug_aranges
                0x00000068       0x20 ./autogen/sl_device_init_clocks.o
 .debug_aranges
                0x00000088       0x48 ./autogen/sl_event_handler.o
 .debug_aranges
                0x000000d0       0x30 ./autogen/sl_iostream_init_usart_instances.o
 .debug_aranges
                0x00000100       0x88 ./gecko_sdk_4.3.1/app/common/util/app_log/app_log.o
 .debug_aranges
                0x00000188       0x58 ./gecko_sdk_4.3.1/hardware/board/src/sl_board_control_gpio.o
 .debug_aranges
                0x000001e0       0x28 ./gecko_sdk_4.3.1/hardware/board/src/sl_board_init.o
 .debug_aranges
                0x00000208       0x38 ./gecko_sdk_4.3.1/hardware/driver/configuration_over_swo/src/sl_cos.o
 .debug_aranges
                0x00000240       0x28 ./gecko_sdk_4.3.1/platform/Device/SiliconLabs/BGM22/Source/startup_bgm22.o
 .debug_aranges
                0x00000268       0x88 ./gecko_sdk_4.3.1/platform/Device/SiliconLabs/BGM22/Source/system_bgm22.o
 .debug_aranges
                0x000002f0       0x20 ./gecko_sdk_4.3.1/platform/common/src/sl_assert.o
 .debug_aranges
                0x00000310       0x30 ./gecko_sdk_4.3.1/platform/common/toolchain/src/sl_memory.o
 .debug_aranges
                0x00000340       0x48 ./gecko_sdk_4.3.1/platform/driver/debug/src/sl_debug_swo.o
 .debug_aranges
                0x00000388       0xa8 ./gecko_sdk_4.3.1/platform/emdrv/dmadrv/src/dmadrv.o
 .debug_aranges
                0x00000430      0x1b8 ./gecko_sdk_4.3.1/platform/emlib/src/em_cmu.o
 .debug_aranges
                0x000005e8       0xe8 ./gecko_sdk_4.3.1/platform/emlib/src/em_core.o
 .debug_aranges
                0x000006d0      0x100 ./gecko_sdk_4.3.1/platform/emlib/src/em_emu.o
 .debug_aranges
                0x000007d0       0x68 ./gecko_sdk_4.3.1/platform/emlib/src/em_gpio.o
 .debug_aranges
                0x00000838       0x50 ./gecko_sdk_4.3.1/platform/emlib/src/em_ldma.o
 .debug_aranges
                0x00000888       0x78 ./gecko_sdk_4.3.1/platform/emlib/src/em_system.o
 .debug_aranges
                0x00000900       0xb8 ./gecko_sdk_4.3.1/platform/emlib/src/em_usart.o
 .debug_aranges
                0x000009b8       0x20 ./gecko_sdk_4.3.1/platform/service/device_init/src/sl_device_init_dcdc_s2.o
 .debug_aranges
                0x000009d8       0x20 ./gecko_sdk_4.3.1/platform/service/device_init/src/sl_device_init_emu_s2.o
 .debug_aranges