Archive member included to satisfy reference by file (symbol)

c:/siliconlabs/simplicitystudio/v5/developer/toolchains/gnu_arm/10.3_2021.10/bin/../lib/gcc/arm-none-eabi/10.3.1/thumb/v8-m.main+fp/hard\libgcc.a(_aeabi_ldivmod.o)
                              ./gecko_sdk_3.2.3/platform/emlib/src/em_usart.o (__aeabi_ldivmod)
c:/siliconlabs/simplicitystudio/v5/developer/toolchains/gnu_arm/10.3_2021.10/bin/../lib/gcc/arm-none-eabi/10.3.1/thumb/v8-m.main+fp/hard\libgcc.a(_aeabi_uldivmod.o)
                              ./gecko_sdk_3.2.3/platform/emlib/src/em_usart.o (__aeabi_uldivmod)
c:/siliconlabs/simplicitystudio/v5/developer/toolchains/gnu_arm/10.3_2021.10/bin/../lib/gcc/arm-none-eabi/10.3.1/thumb/v8-m.main+fp/hard\libgcc.a(_udivmoddi4.o)
                              c:/siliconlabs/simplicitystudio/v5/developer/toolchains/gnu_arm/10.3_2021.10/bin/../lib/gcc/arm-none-eabi/10.3.1/thumb/v8-m.main+fp/hard\libgcc.a(_aeabi_ldivmod.o) (__udivmoddi4)
c:/siliconlabs/simplicitystudio/v5/developer/toolchains/gnu_arm/10.3_2021.10/bin/../lib/gcc/arm-none-eabi/10.3.1/thumb/v8-m.main+fp/hard\libgcc.a(_dvmd_tls.o)
                              c:/siliconlabs/simplicitystudio/v5/developer/toolchains/gnu_arm/10.3_2021.10/bin/../lib/gcc/arm-none-eabi/10.3.1/thumb/v8-m.main+fp/hard\libgcc.a(_aeabi_ldivmod.o) (__aeabi_ldiv0)
c:/siliconlabs/simplicitystudio/v5/developer/toolchains/gnu_arm/10.3_2021.10/bin/../lib/gcc/arm-none-eabi/10.3.1/../../../../arm-none-eabi/lib/thumb/v8-m.main+fp/hard\libc_nano.a(lib_a-ctype_.o)
                              ./gecko_sdk_3.2.3/platform/common/src/sl_string.o (_ctype_)
c:/siliconlabs/simplicitystudio/v5/developer/toolchains/gnu_arm/10.3_2021.10/bin/../lib/gcc/arm-none-eabi/10.3.1/../../../../arm-none-eabi/lib/thumb/v8-m.main+fp/hard\libc_nano.a(lib_a-exit.o)
                              c:/siliconlabs/simplicitystudio/v5/developer/toolchains/gnu_arm/10.3_2021.10/bin/../lib/gcc/arm-none-eabi/10.3.1/../../../../arm-none-eabi/lib/thumb/v8-m.main+fp/hard/crt0.o (exit)
c:/siliconlabs/simplicitystudio/v5/developer/toolchains/gnu_arm/10.3_2021.10/bin/../lib/gcc/arm-none-eabi/10.3.1/../../../../arm-none-eabi/lib/thumb/v8-m.main+fp/hard\libc_nano.a(lib_a-impure.o)
                              c:/siliconlabs/simplicitystudio/v5/developer/toolchains/gnu_arm/10.3_2021.10/bin/../lib/gcc/arm-none-eabi/10.3.1/../../../../arm-none-eabi/lib/thumb/v8-m.main+fp/hard\libc_nano.a(lib_a-exit.o) (_global_impure_ptr)
c:/siliconlabs/simplicitystudio/v5/developer/toolchains/gnu_arm/10.3_2021.10/bin/../lib/gcc/arm-none-eabi/10.3.1/../../../../arm-none-eabi/lib/thumb/v8-m.main+fp/hard\libc_nano.a(lib_a-init.o)
                              c:/siliconlabs/simplicitystudio/v5/developer/toolchains/gnu_arm/10.3_2021.10/bin/../lib/gcc/arm-none-eabi/10.3.1/../../../../arm-none-eabi/lib/thumb/v8-m.main+fp/hard/crt0.o (__libc_init_array)
c:/siliconlabs/simplicitystudio/v5/developer/toolchains/gnu_arm/10.3_2021.10/bin/../lib/gcc/arm-none-eabi/10.3.1/../../../../arm-none-eabi/lib/thumb/v8-m.main+fp/hard\libc_nano.a(lib_a-memcpy-stub.o)
                              ./gecko_sdk_3.2.3/platform/service/cli/src/sl_cli_input.o (memcpy)
c:/siliconlabs/simplicitystudio/v5/developer/toolchains/gnu_arm/10.3_2021.10/bin/../lib/gcc/arm-none-eabi/10.3.1/../../../../arm-none-eabi/lib/thumb/v8-m.main+fp/hard\libc_nano.a(lib_a-memmove.o)
                              ./gecko_sdk_3.2.3/platform/service/cli/src/sl_cli_input.o (memmove)
c:/siliconlabs/simplicitystudio/v5/developer/toolchains/gnu_arm/10.3_2021.10/bin/../lib/gcc/arm-none-eabi/10.3.1/../../../../arm-none-eabi/lib/thumb/v8-m.main+fp/hard\libc_nano.a(lib_a-memset.o)
                              c:/siliconlabs/simplicitystudio/v5/developer/toolchains/gnu_arm/10.3_2021.10/bin/../lib/gcc/arm-none-eabi/10.3.1/../../../../arm-none-eabi/lib/thumb/v8-m.main+fp/hard/crt0.o (memset)
c:/siliconlabs/simplicitystudio/v5/developer/toolchains/gnu_arm/10.3_2021.10/bin/../lib/gcc/arm-none-eabi/10.3.1/../../../../arm-none-eabi/lib/thumb/v8-m.main+fp/hard\libc_nano.a(lib_a-setvbuf.o)
                              ./gecko_sdk_3.2.3/platform/service/iostream/src/sl_iostream_stdlib_config.o (setvbuf)
c:/siliconlabs/simplicitystudio/v5/developer/toolchains/gnu_arm/10.3_2021.10/bin/../lib/gcc/arm-none-eabi/10.3.1/../../../../arm-none-eabi/lib/thumb/v8-m.main+fp/hard\libc_nano.a(lib_a-strcmp.o)
                              ./gecko_sdk_3.2.3/platform/service/cli/src/sl_cli_command.o (strcmp)
c:/siliconlabs/simplicitystudio/v5/developer/toolchains/gnu_arm/10.3_2021.10/bin/../lib/gcc/arm-none-eabi/10.3.1/../../../../arm-none-eabi/lib/thumb/v8-m.main+fp/hard\libc_nano.a(lib_a-strlen.o)
                              ./gecko_sdk_3.2.3/platform/service/cli/src/sl_cli.o (strlen)
c:/siliconlabs/simplicitystudio/v5/developer/toolchains/gnu_arm/10.3_2021.10/bin/../lib/gcc/arm-none-eabi/10.3.1/../../../../arm-none-eabi/lib/thumb/v8-m.main+fp/hard\libc_nano.a(lib_a-strncmp.o)
[...]
Memory Configuration

Name             Origin             Length             Attributes
FLASH            0x00000000         0x0007e000         xr
RAM              0x20000000         0x00008000         xrw
*default*        0x00000000         0xffffffff

Linker script and memory map

LOAD c:/siliconlabs/simplicitystudio/v5/developer/toolchains/gnu_arm/10.3_2021.10/bin/../lib/gcc/arm-none-eabi/10.3.1/thumb/v8-m.main+fp/hard/crti.o
LOAD c:/siliconlabs/simplicitystudio/v5/developer/toolchains/gnu_arm/10.3_2021.10/bin/../lib/gcc/arm-none-eabi/10.3.1/thumb/v8-m.main+fp/hard/crtbegin.o
LOAD c:/siliconlabs/simplicitystudio/v5/developer/toolchains/gnu_arm/10.3_2021.10/bin/../lib/gcc/arm-none-eabi/10.3.1/../../../../arm-none-eabi/lib/thumb/v8-m.main+fp/hard/crt0.o
START GROUP
LOAD ./app.o
LOAD ./main.o
LOAD ./autogen/sl_board_default_init.o
LOAD ./autogen/sl_cli_command_table.o
LOAD ./autogen/sl_cli_instances.o
LOAD ./autogen/sl_device_init_clocks.o
LOAD ./autogen/sl_event_handler.o
LOAD ./autogen/sl_iostream_handles.o
LOAD ./autogen/sli_cli_hooks.o
LOAD ./gecko_sdk_3.2.3/app/common/util/app_log/app_log.o
LOAD ./gecko_sdk_3.2.3/hardware/board/src/sl_board_control_gpio.o
LOAD ./gecko_sdk_3.2.3/hardware/board/src/sl_board_init.o
LOAD ./gecko_sdk_3.2.3/platform/Device/SiliconLabs/BGM22/Source/GCC/startup_bgm22.o
LOAD ./gecko_sdk_3.2.3/platform/Device/SiliconLabs/BGM22/Source/system_bgm22.o
LOAD ./gecko_sdk_3.2.3/platform/common/src/sl_slist.o
LOAD ./gecko_sdk_3.2.3/platform/common/src/sl_string.o
LOAD ./gecko_sdk_3.2.3/platform/common/toolchain/src/sl_memory.o
LOAD ./gecko_sdk_3.2.3/platform/emlib/src/em_assert.o
LOAD ./gecko_sdk_3.2.3/platform/emlib/src/em_cmu.o
LOAD ./gecko_sdk_3.2.3/platform/emlib/src/em_core.o
LOAD ./gecko_sdk_3.2.3/platform/emlib/src/em_emu.o
LOAD ./gecko_sdk_3.2.3/platform/emlib/src/em_gpio.o
LOAD ./gecko_sdk_3.2.3/platform/emlib/src/em_system.o
LOAD ./gecko_sdk_3.2.3/platform/emlib/src/em_usart.o
LOAD ./gecko_sdk_3.2.3/platform/service/cli/src/sl_cli.o
LOAD ./gecko_sdk_3.2.3/platform/service/cli/src/sl_cli_arguments.o
LOAD ./gecko_sdk_3.2.3/platform/service/cli/src/sl_cli_command.o
LOAD ./gecko_sdk_3.2.3/platform/service/cli/src/sl_cli_input.o
LOAD ./gecko_sdk_3.2.3/platform/service/cli/src/sl_cli_io.o
LOAD ./gecko_sdk_3.2.3/platform/service/cli/src/sl_cli_tokenize.o
LOAD ./gecko_sdk_3.2.3/platform/service/device_init/src/sl_device_init_dcdc_s2.o
LOAD ./gecko_sdk_3.2.3/platform/service/device_init/src/sl_device_init_emu_s2.o
LOAD ./gecko_sdk_3.2.3/platform/service/device_init/src/sl_device_init_hfxo_s2.o
LOAD ./gecko_sdk_3.2.3/platform/service/device_init/src/sl_device_init_lfxo_s2.o
LOAD ./gecko_sdk_3.2.3/platform/service/device_init/src/sl_device_init_nvic.o
LOAD ./gecko_sdk_3.2.3/platform/service/iostream/src/sl_iostream.o
LOAD ./gecko_sdk_3.2.3/platform/service/iostream/src/sl_iostream_retarget_stdio.o
LOAD ./gecko_sdk_3.2.3/platform/service/iostream/src/sl_iostream_stdlib_config.o
LOAD ./gecko_sdk_3.2.3/platform/service/iostream/src/sl_iostream_uart.o
LOAD ./gecko_sdk_3.2.3/platform/service/iostream/src/sl_iostream_usart.o
LOAD ./gecko_sdk_3.2.3/platform/service/system/src/sl_system_init.o
LOAD ./gecko_sdk_3.2.3/platform/service/system/src/sl_system_process_action.o
LOAD c:/siliconlabs/simplicitystudio/v5/developer/toolchains/gnu_arm/10.3_2021.10/bin/../lib/gcc/arm-none-eabi/10.3.1/thumb/v8-m.main+fp/hard\libgcc.a
LOAD c:/siliconlabs/simplicitystudio/v5/developer/toolchains/gnu_arm/10.3_2021.10/bin/../lib/gcc/arm-none-eabi/10.3.1/../../../../arm-none-eabi/lib/thumb/v8-m.main+fp/hard\libc_nano.a
LOAD c:/siliconlabs/simplicitystudio/v5/developer/toolchains/gnu_arm/10.3_2021.10/bin/../lib/gcc/arm-none-eabi/10.3.1/../../../../arm-none-eabi/lib/thumb/v8-m.main+fp/hard\libm.a
LOAD c:/siliconlabs/simplicitystudio/v5/developer/toolchains/gnu_arm/10.3_2021.10/bin/../lib/gcc/arm-none-eabi/10.3.1/../../../../arm-none-eabi/lib/thumb/v8-m.main+fp/hard\libnosys.a
END GROUP
START GROUP
LOAD c:/siliconlabs/simplicitystudio/v5/developer/toolchains/gnu_arm/10.3_2021.10/bin/../lib/gcc/arm-none-eabi/10.3.1/thumb/v8-m.main+fp/hard\libgcc.a
LOAD c:/siliconlabs/simplicitystudio/v5/developer/toolchains/gnu_arm/10.3_2021.10/bin/../lib/gcc/arm-none-eabi/10.3.1/../../../../arm-none-eabi/lib/thumb/v8-m.main+fp/hard\libc_nano.a
LOAD c:/siliconlabs/simplicitystudio/v5/developer/toolchains/gnu_arm/10.3_2021.10/bin/../lib/gcc/arm-none-eabi/10.3.1/../../../../arm-none-eabi/lib/thumb/v8-m.main+fp/hard\libnosys.a
END GROUP
START GROUP
LOAD c:/siliconlabs/simplicitystudio/v5/developer/toolchains/gnu_arm/10.3_2021.10/bin/../lib/gcc/arm-none-eabi/10.3.1/thumb/v8-m.main+fp/hard\libgcc.a
LOAD c:/siliconlabs/simplicitystudio/v5/developer/toolchains/gnu_arm/10.3_2021.10/bin/../lib/gcc/arm-none-eabi/10.3.1/../../../../arm-none-eabi/lib/thumb/v8-m.main+fp/hard\libg_nano.a
LOAD c:/siliconlabs/simplicitystudio/v5/developer/toolchains/gnu_arm/10.3_2021.10/bin/../lib/gcc/arm-none-eabi/10.3.1/../../../../arm-none-eabi/lib/thumb/v8-m.main+fp/hard\libc_nano.a
END GROUP
START GROUP
LOAD c:/siliconlabs/simplicitystudio/v5/developer/toolchains/gnu_arm/10.3_2021.10/bin/../lib/gcc/arm-none-eabi/10.3.1/thumb/v8-m.main+fp/hard\libgcc.a
LOAD c:/siliconlabs/simplicitystudio/v5/developer/toolchains/gnu_arm/10.3_2021.10/bin/../lib/gcc/arm-none-eabi/10.3.1/../../../../arm-none-eabi/lib/thumb/v8-m.main+fp/hard\libc_nano.a
END GROUP
LOAD c:/siliconlabs/simplicitystudio/v5/developer/toolchains/gnu_arm/10.3_2021.10/bin/../lib/gcc/arm-none-eabi/10.3.1/thumb/v8-m.main+fp/hard/crtend.o
LOAD c:/siliconlabs/simplicitystudio/v5/developer/toolchains/gnu_arm/10.3_2021.10/bin/../lib/gcc/arm-none-eabi/10.3.1/thumb/v8-m.main+fp/hard/crtn.o

.text           0x00000000     0x47f8
                0x00000000                linker_vectors_begin = .
 *(.vectors)
 .vectors       0x00000000      0x140 ./gecko_sdk_3.2.3/platform/Device/SiliconLabs/BGM22/Source/GCC/startup_bgm22.o
                0x00000000                __Vectors
                0x00000140                linker_vectors_end = .
                0x00000140                __Vectors_End = .
                0x00000140                __Vectors_Size = (__Vectors_End - __Vectors)
                0x00000140                linker_code_begin = .
 *(.text*)
 .text          0x00000140       0x40 c:/siliconlabs/simplicitystudio/v5/developer/toolchains/gnu_arm/10.3_2021.10/bin/../lib/gcc/arm-none-eabi/10.3.1/thumb/v8-m.main+fp/hard/crtbegin.o
 .text          0x00000180       0x7c c:/siliconlabs/simplicitystudio/v5/developer/toolchains/gnu_arm/10.3_2021.10/bin/../lib/gcc/arm-none-eabi/10.3.1/../../../../arm-none-eabi/lib/thumb/v8-m.main+fp/hard/crt0.o
                0x00000180                _stack_init
                0x00000188                _start
                0x00000188                _mainCRTStartup
 .text.app_init
                0x000001fc        0x2 ./app.o
                0x000001fc                app_init
 .text.app_process_action
                0x000001fe        0x2 ./app.o
                0x000001fe                app_process_action
 .text.startup.main
                0x00000200       0x14 ./main.o
                0x00000200                main
 .text.sl_board_default_init
                0x00000214        0x2 ./autogen/sl_board_default_init.o
                0x00000214                sl_board_default_init
 *fill*         0x00000216        0x2 
 .text.sl_cli_instances_init
                0x00000218       0x40 ./autogen/sl_cli_instances.o
                0x00000218                sl_cli_instances_init
 .text.sl_cli_instances_tick
                0x00000258       0x28 ./autogen/sl_cli_instances.o
                0x00000258                sl_cli_instances_tick
 .text.sl_device_init_clocks
                0x00000280       0x46 ./autogen/sl_device_init_clocks.o
                0x00000280                sl_device_init_clocks
 *fill*         0x000002c6        0x2 
 .text.sl_platform_init
                0x000002c8       0x60 ./autogen/sl_event_handler.o
                0x000002c8                sl_platform_init
 .text.sl_driver_init
                0x00000328        0x2 ./autogen/sl_event_handler.o
                0x00000328                sl_driver_init
 .text.sl_service_init
                0x0000032a        0xe ./autogen/sl_event_handler.o
                0x0000032a                sl_service_init
 .text.sl_stack_init
                0x00000338        0x2 ./autogen/sl_event_handler.o
                0x00000338                sl_stack_init
 .text.sl_internal_app_init
                0x0000033a        0x4 ./autogen/sl_event_handler.o
                0x0000033a                sl_internal_app_init
 .text.sl_platform_process_action
                0x0000033e        0x2 ./autogen/sl_event_handler.o
                0x0000033e                sl_platform_process_action
 .text.sl_service_process_action
                0x00000340        0x4 ./autogen/sl_event_handler.o
                0x00000340                sl_service_process_action
 .text.sl_stack_process_action
                0x00000344        0x2 ./autogen/sl_event_handler.o
                0x00000344                sl_stack_process_action
 .text.sl_internal_app_process_action
                0x00000346        0x2 ./autogen/sl_event_handler.o
                0x00000346                sl_internal_app_process_action
 .text.app_log_init
                0x00000348       0x38 ./gecko_sdk_3.2.3/app/common/util/app_log/app_log.o
                0x00000348                app_log_init
 .text.sl_board_init
                0x00000380       0x12 ./gecko_sdk_3.2.3/hardware/board/src/sl_board_init.o
                0x00000380                sl_board_init
 .text.sl_board_preinit
                0x00000392        0x8 ./gecko_sdk_3.2.3/hardware/board/src/sl_board_init.o
                0x00000392                sl_board_preinit
 .text.Default_Handler
                0x0000039a        0x2 ./gecko_sdk_3.2.3/platform/Device/SiliconLabs/BGM22/Source/GCC/startup_bgm22.o
                0x0000039a                ULFRCO_IRQHandler
                0x0000039a                SW2_IRQHandler
                0x0000039a                TIMER2_IRQHandler
                0x0000039a                DebugMon_Handler
                0x0000039a                PKE_IRQHandler
                0x0000039a                USART0_TX_IRQHandler
                0x0000039a                PRORTC_IRQHandler
                0x0000039a                IADC_IRQHandler
                0x0000039a                I2C0_IRQHandler
                0x0000039a                LFXO_IRQHandler
                0x0000039a                CRYPTOACC_IRQHandler
                0x0000039a                HardFault_Handler
                0x0000039a                SMU_SECURE_IRQHandler
                0x0000039a                SysTick_Handler
                0x0000039a                USART1_RX_IRQHandler
                0x0000039a                EMUEFP_IRQHandler
                0x0000039a                PendSV_Handler
                0x0000039a                NMI_Handler
                0x0000039a                SYNTH_IRQHandler
                0x0000039a                HFXO0_IRQHandler
                0x0000039a                I2C1_IRQHandler
                0x0000039a                PDM_IRQHandler
                0x0000039a                WDOG0_IRQHandler
                0x0000039a                TIMER3_IRQHandler
                0x0000039a                SYSCFG_IRQHandler
                0x0000039a                EMUSE_IRQHandler
                0x0000039a                EMUDG_IRQHandler
                0x0000039a                USART1_TX_IRQHandler
                0x0000039a                SMU_PRIVILEGED_IRQHandler
                0x0000039a                MSC_IRQHandler
                0x0000039a                DPLL0_IRQHandler
                0x0000039a                UsageFault_Handler
                0x0000039a                M33CTI1_IRQHandler
                0x0000039a                TIMER4_IRQHandler
                0x0000039a                GPIO_EVEN_IRQHandler
                0x0000039a                LDMA_IRQHandler
                0x0000039a                SW0_IRQHandler
                0x0000039a                TIMER0_IRQHandler
                0x0000039a                LETIMER0_IRQHandler
                0x0000039a                TIMER1_IRQHandler
                0x0000039a                HFRCO0_IRQHandler
                0x0000039a                RFSENSE_IRQHandler
                0x0000039a                BUFC_IRQHandler
                0x0000039a                DCDC_IRQHandler
                0x0000039a                MODEM_IRQHandler
                0x0000039a                Default_Handler
                0x0000039a                RAC_SEQ_IRQHandler
                0x0000039a                FRC_PRI_IRQHandler
                0x0000039a                EMU_IRQHandler
                0x0000039a                SW3_IRQHandler
                0x0000039a                KERNEL0_IRQHandler
                0x0000039a                FRC_IRQHandler
                0x0000039a                KERNEL1_IRQHandler
                0x0000039a                AGC_IRQHandler
                0x0000039a                sl_app_properties
                0x0000039a                BURTC_IRQHandler
                0x0000039a                LFRCO_IRQHandler
                0x0000039a                USART0_RX_IRQHandler
                0x0000039a                MemManage_Handler
                0x0000039a                RDMAILBOX_IRQHandler
                0x0000039a                SVC_Handler
                0x0000039a                RTCC_IRQHandler
                0x0000039a                SW1_IRQHandler
                0x0000039a                CMU_IRQHandler
                0x0000039a                RAC_RSM_IRQHandler
                0x0000039a                EUART0_TX_IRQHandler
                0x0000039a                EUART0_RX_IRQHandler
                0x0000039a                GPIO_ODD_IRQHandler
                0x0000039a                AES_IRQHandler
                0x0000039a                M33CTI0_IRQHandler
                0x0000039a                ICACHE0_IRQHandler
                0x0000039a                SMU_NS_PRIVILEGED_IRQHandler
                0x0000039a                PROTIMER_IRQHandler
                0x0000039a                BusFault_Handler
                0x0000039a                TRNG_IRQHandler
 .text.Reset_Handler
                0x0000039c       0x2c ./gecko_sdk_3.2.3/platform/Device/SiliconLabs/BGM22/Source/GCC/startup_bgm22.o
                0x0000039c                Reset_Handler
 .text.SystemInit
                0x000003c8       0x1c ./gecko_sdk_3.2.3/platform/Device/SiliconLabs/BGM22/Source/system_bgm22.o
                0x000003c8                SystemInit
 .text.SystemHFRCODPLLClockGet
                0x000003e4        0xc ./gecko_sdk_3.2.3/platform/Device/SiliconLabs/BGM22/Source/system_bgm22.o
                0x000003e4                SystemHFRCODPLLClockGet
 .text.SystemSYSCLKGet
                0x000003f0       0x34 ./gecko_sdk_3.2.3/platform/Device/SiliconLabs/BGM22/Source/system_bgm22.o
                0x000003f0                SystemSYSCLKGet
 .text.SystemHCLKGet
                0x00000424       0x24 ./gecko_sdk_3.2.3/platform/Device/SiliconLabs/BGM22/Source/system_bgm22.o
                0x00000424                SystemHCLKGet
 .text.SystemMaxCoreClockGet
                0x00000448        0x8 ./gecko_sdk_3.2.3/platform/Device/SiliconLabs/BGM22/Source/system_bgm22.o
                0x00000448                SystemMaxCoreClockGet
 .text.SystemHFXOClockGet
                0x00000450        0xc ./gecko_sdk_3.2.3/platform/Device/SiliconLabs/BGM22/Source/system_bgm22.o
                0x00000450                SystemHFXOClockGet
 .text.SystemHFXOClockSet
                0x0000045c       0x20 ./gecko_sdk_3.2.3/platform/Device/SiliconLabs/BGM22/Source/system_bgm22.o
                0x0000045c                SystemHFXOClockSet
 .text.SystemCLKIN0Get
                0x0000047c        0x4 ./gecko_sdk_3.2.3/platform/Device/SiliconLabs/BGM22/Source/system_bgm22.o
                0x0000047c                SystemCLKIN0Get
 .text.SystemFSRCOClockGet
                0x00000480        0x8 ./gecko_sdk_3.2.3/platform/Device/SiliconLabs/BGM22/Source/system_bgm22.o
                0x00000480                SystemFSRCOClockGet
 .text.SystemLFRCOClockGet
                0x00000488        0x6 ./gecko_sdk_3.2.3/platform/Device/SiliconLabs/BGM22/Source/system_bgm22.o
                0x00000488                SystemLFRCOClockGet
 .text.SystemULFRCOClockGet
                0x0000048e        0x6 ./gecko_sdk_3.2.3/platform/Device/SiliconLabs/BGM22/Source/system_bgm22.o
                0x0000048e                SystemULFRCOClockGet
 .text.SystemLFXOClockGet
                0x00000494        0xc ./gecko_sdk_3.2.3/platform/Device/SiliconLabs/BGM22/Source/system_bgm22.o
                0x00000494                SystemLFXOClockGet
 .text.sl_slist_init
                0x000004a0        0x6 ./gecko_sdk_3.2.3/platform/common/src/sl_slist.o
                0x000004a0                sl_slist_init
 *fill*         0x000004a6        0x2 
 .text.sl_slist_push
                0x000004a8       0x20 ./gecko_sdk_3.2.3/platform/common/src/sl_slist.o
                0x000004a8                sl_slist_push
 .text.sl_strcpy_s
                0x000004c8       0x22 ./gecko_sdk_3.2.3/platform/common/src/sl_string.o
                0x000004c8                sl_strcpy_s
 .text.sl_strnlen
                0x000004ea       0x16 ./gecko_sdk_3.2.3/platform/common/src/sl_string.o
                0x000004ea                sl_strnlen
 .text.sl_strlen
                0x00000500        0x8 ./gecko_sdk_3.2.3/platform/common/src/sl_string.o
                0x00000500                sl_strlen
 .text.sl_strcat_s
                0x00000508       0x26 ./gecko_sdk_3.2.3/platform/common/src/sl_string.o
                0x00000508                sl_strcat_s
 *fill*         0x0000052e        0x2 
 .text.sl_strcasecmp
                0x00000530       0x44 ./gecko_sdk_3.2.3/platform/common/src/sl_string.o
                0x00000530                sl_strcasecmp
 .text._sbrk    0x00000574       0x20 ./gecko_sdk_3.2.3/platform/common/toolchain/src/sl_memory.o
                0x00000574                _sbrk
 .text.assertEFM
                0x00000594        0x2 ./gecko_sdk_3.2.3/platform/emlib/src/em_assert.o
                0x00000594                assertEFM
 .text.EMU_VScaleGet
                0x00000596       0x16 ./gecko_sdk_3.2.3/platform/emlib/src/em_cmu.o
 .text.em01GrpaClkGet
                0x000005ac       0x54 ./gecko_sdk_3.2.3/platform/emlib/src/em_cmu.o
 .text.iadcClkGet
                0x00000600       0x54 ./gecko_sdk_3.2.3/platform/emlib/src/em_cmu.o
 .text.em01GrpbClkGet
                0x00000654       0x70 ./gecko_sdk_3.2.3/platform/emlib/src/em_cmu.o
 .text.em23GrpaClkGet
                0x000006c4       0x54 ./gecko_sdk_3.2.3/platform/emlib/src/em_cmu.o
 .text.wdog0ClkGet
                0x00000718       0x60 ./gecko_sdk_3.2.3/platform/emlib/src/em_cmu.o
 .text.rtccClkGet
                0x00000778       0x54 ./gecko_sdk_3.2.3/platform/emlib/src/em_cmu.o
 .text.em4GrpaClkGet
                0x000007cc       0x54 ./gecko_sdk_3.2.3/platform/emlib/src/em_cmu.o
 .text.euart0ClkGet
                0x00000820       0x48 ./gecko_sdk_3.2.3/platform/emlib/src/em_cmu.o
 .text.CMU_ClockEnable
                0x00000868       0x54 ./gecko_sdk_3.2.3/platform/emlib/src/em_cmu.o
                0x00000868                CMU_ClockEnable
 .text.CMU_ClockDivGet
                0x000008bc       0x84 ./gecko_sdk_3.2.3/platform/emlib/src/em_cmu.o
                0x000008bc                CMU_ClockDivGet
 .text.CMU_ClockFreqGet
                0x00000940      0x198 ./gecko_sdk_3.2.3/platform/emlib/src/em_cmu.o
                0x00000940                CMU_ClockFreqGet
 .text.rhclkPrescOptimize
                0x00000ad8       0x20 ./gecko_sdk_3.2.3/platform/emlib/src/em_cmu.o
 .text.flashWaitStateControl
                0x00000af8       0x50 ./gecko_sdk_3.2.3/platform/emlib/src/em_cmu.o
 .text.waitStateMax
                0x00000b48       0x10 ./gecko_sdk_3.2.3/platform/emlib/src/em_cmu.o
 .text.CMU_ClockSelectGet
                0x00000b58      0x188 ./gecko_sdk_3.2.3/platform/emlib/src/em_cmu.o
                0x00000b58                CMU_ClockSelectGet
 .text.CMU_HFXOInit
                0x00000ce0      0x1d8 ./gecko_sdk_3.2.3/platform/emlib/src/em_cmu.o
                0x00000ce0                CMU_HFXOInit
 .text.CMU_HFXOCTuneDeltaGet
                0x00000eb8        0xc ./gecko_sdk_3.2.3/platform/emlib/src/em_cmu.o
                0x00000eb8                CMU_HFXOCTuneDeltaGet
 .text.CMU_LFXOInit
                0x00000ec4       0xc4 ./gecko_sdk_3.2.3/platform/emlib/src/em_cmu.o
                0x00000ec4                CMU_LFXOInit
 .text.CMU_LFXOPrecisionSet
                0x00000f88        0xc ./gecko_sdk_3.2.3/platform/emlib/src/em_cmu.o
                0x00000f88                CMU_LFXOPrecisionSet
 .text.CMU_UpdateWaitStates
                0x00000f94        0xc ./gecko_sdk_3.2.3/platform/emlib/src/em_cmu.o
                0x00000f94                CMU_UpdateWaitStates
 .text.CMU_ClockDivSet
                0x00000fa0      0x104 ./gecko_sdk_3.2.3/platform/emlib/src/em_cmu.o
                0x00000fa0                CMU_ClockDivSet
 .text.pclkDivMax
                0x000010a4        0xa ./gecko_sdk_3.2.3/platform/emlib/src/em_cmu.o
 *fill*         0x000010ae        0x2 
 .text.pclkDivOptimize
                0x000010b0       0x24 ./gecko_sdk_3.2.3/platform/emlib/src/em_cmu.o
 .text.CMU_ClockSelectSet
                0x000010d4      0x3c4 ./gecko_sdk_3.2.3/platform/emlib/src/em_cmu.o
                0x000010d4                CMU_ClockSelectSet
 .text.CORE_EnterCritical
                0x00001498        0x8 ./gecko_sdk_3.2.3/platform/emlib/src/em_core.o
                0x00001498                CORE_EnterCritical
 .text.CORE_ExitCritical
                0x000014a0        0x6 ./gecko_sdk_3.2.3/platform/emlib/src/em_core.o
                0x000014a0                CORE_ExitCritical
 .text.EMU_EFPEM01VScale
                0x000014a6        0x2 ./gecko_sdk_3.2.3/platform/emlib/src/em_emu.o
                0x000014a6                EMU_EFPEM01VScale
 .text.EMU_VScaleEM01
                0x000014a8       0xb0 ./gecko_sdk_3.2.3/platform/emlib/src/em_emu.o
                0x000014a8                EMU_VScaleEM01
 .text.EMU_VScaleEM01ByClock
                0x00001558       0x30 ./gecko_sdk_3.2.3/platform/emlib/src/em_emu.o
                0x00001558                EMU_VScaleEM01ByClock
 .text.EMU_EM4Init
                0x00001588       0x12 ./gecko_sdk_3.2.3/platform/emlib/src/em_emu.o
                0x00001588                EMU_EM4Init
 *fill*         0x0000159a        0x2 
 .text.EMU_DCDCModeSet
                0x0000159c       0x74 ./gecko_sdk_3.2.3/platform/emlib/src/em_emu.o
                0x0000159c                EMU_DCDCModeSet
 .text.EMU_DCDCInit
                0x00001610       0x74 ./gecko_sdk_3.2.3/platform/emlib/src/em_emu.o
                0x00001610                EMU_DCDCInit
 .text.sl_cli_clear
                0x00001684       0x3c ./gecko_sdk_3.2.3/platform/service/cli/src/sl_cli.o
                0x00001684                sl_cli_clear
 .text.sl_cli_handle_input
                0x000016c0       0x40 ./gecko_sdk_3.2.3/platform/service/cli/src/sl_cli.o
                0x000016c0                sl_cli_handle_input
 .text.sl_cli_instance_init
                0x00001700       0x24 ./gecko_sdk_3.2.3/platform/service/cli/src/sl_cli.o
                0x00001700                sl_cli_instance_init
 .text.sl_cli_tick_instance
                0x00001724       0x74 ./gecko_sdk_3.2.3/platform/service/cli/src/sl_cli.o
                0x00001724                sl_cli_tick_instance
 .text.sli_cli_arguments_validate_uint
                0x00001798       0xe0 ./gecko_sdk_3.2.3/platform/service/cli/src/sl_cli_arguments.o
                0x00001798                sli_cli_arguments_validate_uint
 .text.sli_cli_arguments_validate_int
                0x00001878       0x12 ./gecko_sdk_3.2.3/platform/service/cli/src/sl_cli_arguments.o
                0x00001878                sli_cli_arguments_validate_int
 *fill*         0x0000188a        0x2 
 .text.sli_cli_arguments_validate_hex_string
                0x0000188c       0x40 ./gecko_sdk_3.2.3/platform/service/cli/src/sl_cli_arguments.o
                0x0000188c                sli_cli_arguments_validate_hex_string
 .text.sli_cli_validate_argument
                0x000018cc       0x40 ./gecko_sdk_3.2.3/platform/service/cli/src/sl_cli_arguments.o
                0x000018cc                sli_cli_validate_argument
 .text.sli_cli_arguments_convert_single
                0x0000190c       0xfc ./gecko_sdk_3.2.3/platform/service/cli/src/sl_cli_arguments.o
                0x0000190c                sli_cli_arguments_convert_single
 .text.sli_cli_arguments_convert_multiple
                0x00001a08       0xf8 ./gecko_sdk_3.2.3/platform/service/cli/src/sl_cli_arguments.o
                0x00001a08                sli_cli_arguments_convert_multiple
 .text.scan_entry
                0x00001b00       0x90 ./gecko_sdk_3.2.3/platform/service/cli/src/sl_cli_command.o
 .text.print_and_pad
                0x00001b90       0x28 ./gecko_sdk_3.2.3/platform/service/cli/src/sl_cli_command.o
 .text.cmd_help_command
                0x00001bb8      0x1bc ./gecko_sdk_3.2.3/platform/service/cli/src/sl_cli_command.o
 .text.cmd_help_group
                0x00001d74       0x18 ./gecko_sdk_3.2.3/platform/service/cli/src/sl_cli_command.o
 .text.sli_cli_pre_cmd_hook
                0x00001d8c        0x2 ./gecko_sdk_3.2.3/platform/service/cli/src/sl_cli_command.o
                0x00001d8c                sli_cli_pre_cmd_hook
 .text.sli_cli_post_cmd_hook
                0x00001d8e        0x2 ./gecko_sdk_3.2.3/platform/service/cli/src/sl_cli_command.o
                0x00001d8e                sli_cli_post_cmd_hook
 .text.sl_cli_command_add_command_group
                0x00001d90       0x1a ./gecko_sdk_3.2.3/platform/service/cli/src/sl_cli_command.o
                0x00001d90                sl_cli_command_add_command_group
 *fill*         0x00001daa        0x2 
 .text.sl_cli_command_find_matches
                0x00001dac      0x1cc ./gecko_sdk_3.2.3/platform/service/cli/src/sl_cli_command.o
                0x00001dac                sl_cli_command_find_matches
 .text.sl_cli_command_find
                0x00001f78       0x74 ./gecko_sdk_3.2.3/platform/service/cli/src/sl_cli_command.o
                0x00001f78                sl_cli_command_find
 .text.sl_cli_command_execute
                0x00001fec       0xae ./gecko_sdk_3.2.3/platform/service/cli/src/sl_cli_command.o
                0x00001fec                sl_cli_command_execute
 .text.history_get_count
                0x0000209a       0x30 ./gecko_sdk_3.2.3/platform/service/cli/src/sl_cli_input.o
 .text.history_get_ofs
                0x000020ca       0x78 ./gecko_sdk_3.2.3/platform/service/cli/src/sl_cli_input.o
 .text.sl_cli_input_clear
                0x00002142       0x18 ./gecko_sdk_3.2.3/platform/service/cli/src/sl_cli_input.o
                0x00002142                sl_cli_input_clear
 *fill*         0x0000215a        0x2 
 .text.sl_cli_input_autocomplete
                0x0000215c      0x1d0 ./gecko_sdk_3.2.3/platform/service/cli/src/sl_cli_input.o
                0x0000215c                sl_cli_input_autocomplete
 .text.sli_cli_input_update_history
                0x0000232c       0x86 ./gecko_sdk_3.2.3/platform/service/cli/src/sl_cli_input.o
                0x0000232c                sli_cli_input_update_history
 *fill*         0x000023b2        0x2 
 .text.sl_cli_input_char
                0x000023b4      0x1e0 ./gecko_sdk_3.2.3/platform/service/cli/src/sl_cli_input.o
                0x000023b4                sl_cli_input_char
 .text.sl_cli_input_get_history
                0x00002594       0x96 ./gecko_sdk_3.2.3/platform/service/cli/src/sl_cli_input.o
                0x00002594                sl_cli_input_get_history
 .text.sli_cli_io_getchar
                0x0000262a       0x1e ./gecko_sdk_3.2.3/platform/service/cli/src/sl_cli_io.o
                0x0000262a                sli_cli_io_getchar
 .text.sli_cli_io_putchar
                0x00002648       0x18 ./gecko_sdk_3.2.3/platform/service/cli/src/sl_cli_io.o
                0x00002648                sli_cli_io_putchar
 .text.sli_cli_io_printf
                0x00002660       0x1c ./gecko_sdk_3.2.3/platform/service/cli/src/sl_cli_io.o
                0x00002660                sli_cli_io_printf
 .text.escape   0x0000267c       0x26 ./gecko_sdk_3.2.3/platform/service/cli/src/sl_cli_tokenize.o
 .text.sl_cli_tokenize
                0x000026a2       0xe8 ./gecko_sdk_3.2.3/platform/service/cli/src/sl_cli_tokenize.o
                0x000026a2                sl_cli_tokenize
 *fill*         0x0000278a        0x2 
 .text.sl_device_init_dcdc
                0x0000278c       0x20 ./gecko_sdk_3.2.3/platform/service/device_init/src/sl_device_init_dcdc_s2.o
                0x0000278c                sl_device_init_dcdc
 .text.sl_device_init_emu
                0x000027ac       0x22 ./gecko_sdk_3.2.3/platform/service/device_init/src/sl_device_init_emu_s2.o
                0x000027ac                sl_device_init_emu
 *fill*         0x000027ce        0x2 
 .text.sl_device_init_hfxo
                0x000027d0       0x7c ./gecko_sdk_3.2.3/platform/service/device_init/src/sl_device_init_hfxo_s2.o
                0x000027d0                sl_device_init_hfxo
 .text.sl_device_init_lfxo
                0x0000284c       0x34 ./gecko_sdk_3.2.3/platform/service/device_init/src/sl_device_init_lfxo_s2.o
                0x0000284c                sl_device_init_lfxo
 .text.sl_device_init_nvic
                0x00002880       0x3c ./gecko_sdk_3.2.3/platform/service/device_init/src/sl_device_init_nvic.o
                0x00002880                sl_device_init_nvic
 .text.sl_iostream_set_default
                0x000028bc       0x18 ./gecko_sdk_3.2.3/platform/service/iostream/src/sl_iostream.o
                0x000028bc                sl_iostream_set_default
 .text.sl_iostream_get_default
                0x000028d4       0x18 ./gecko_sdk_3.2.3/platform/service/iostream/src/sl_iostream.o
                0x000028d4                sl_iostream_get_default
 .text.sl_iostream_write
                0x000028ec       0x28 ./gecko_sdk_3.2.3/platform/service/iostream/src/sl_iostream.o
                0x000028ec                sl_iostream_write
 .text.sl_iostream_read
                0x00002914       0x32 ./gecko_sdk_3.2.3/platform/service/iostream/src/sl_iostream.o
                0x00002914                sl_iostream_read
 .text.sl_iostream_putchar
                0x00002946       0x16 ./gecko_sdk_3.2.3/platform/service/iostream/src/sl_iostream.o
                0x00002946                sl_iostream_putchar
 .text.sl_iostream_getchar
                0x0000295c        0x8 ./gecko_sdk_3.2.3/platform/service/iostream/src/sl_iostream.o
                0x0000295c                sl_iostream_getchar
 .text._close   0x00002964        0x4 ./gecko_sdk_3.2.3/platform/service/iostream/src/sl_iostream_retarget_stdio.o
                0x00002964                _close
 .text._exit    0x00002968        0x2 ./gecko_sdk_3.2.3/platform/service/iostream/src/sl_iostream_retarget_stdio.o
                0x00002968                _exit
 .text._fstat   0x0000296a        0xa ./gecko_sdk_3.2.3/platform/service/iostream/src/sl_iostream_retarget_stdio.o
                0x0000296a                _fstat
 .text._isatty  0x00002974        0x4 ./gecko_sdk_3.2.3/platform/service/iostream/src/sl_iostream_retarget_stdio.o
                0x00002974                _isatty
 .text._lseek   0x00002978        0x4 ./gecko_sdk_3.2.3/platform/service/iostream/src/sl_iostream_retarget_stdio.o
                0x00002978                _lseek
 .text._read    0x0000297c       0x1c ./gecko_sdk_3.2.3/platform/service/iostream/src/sl_iostream_retarget_stdio.o
                0x0000297c                _read
 .text._write   0x00002998       0x1c ./gecko_sdk_3.2.3/platform/service/iostream/src/sl_iostream_retarget_stdio.o
                0x00002998                _write
 .text.sl_iostream_stdlib_disable_buffering
                0x000029b4       0x14 ./gecko_sdk_3.2.3/platform/service/iostream/src/sl_iostream_stdlib_config.o
                0x000029b4                sl_iostream_stdlib_disable_buffering
 .text.sl_system_init
                0x000029c8       0x1a ./gecko_sdk_3.2.3/platform/service/system/src/sl_system_init.o
                0x000029c8                sl_system_init
 .text.sl_system_process_action
                0x000029e2       0x16 ./gecko_sdk_3.2.3/platform/service/system/src/sl_system_process_action.o
                0x000029e2                sl_system_process_action
 .text          0x000029f8       0x30 c:/siliconlabs/simplicitystudio/v5/developer/toolchains/gnu_arm/10.3_2021.10/bin/../lib/gcc/arm-none-eabi/10.3.1/thumb/v8-m.main+fp/hard\libgcc.a(_aeabi_uldivmod.o)
                0x000029f8                __aeabi_uldivmod
 .text          0x00002a28      0x2ec c:/siliconlabs/simplicitystudio/v5/developer/toolchains/gnu_arm/10.3_2021.10/bin/../lib/gcc/arm-none-eabi/10.3.1/thumb/v8-m.main+fp/hard\libgcc.a(_udivmoddi4.o)
                0x00002a28                __udivmoddi4
 .text          0x00002d14        0x4 c:/siliconlabs/simplicitystudio/v5/developer/toolchains/gnu_arm/10.3_2021.10/bin/../lib/gcc/arm-none-eabi/10.3.1/thumb/v8-m.main+fp/hard\libgcc.a(_dvmd_tls.o)
                0x00002d14                __aeabi_idiv0
                0x00002d14                __aeabi_ldiv0
 .text.exit     0x00002d18       0x28 c:/siliconlabs/simplicitystudio/v5/developer/toolchains/gnu_arm/10.3_2021.10/bin/../lib/gcc/arm-none-eabi/10.3.1/../../../../arm-none-eabi/lib/thumb/v8-m.main+fp/hard\libc_nano.a(lib_a-exit.o)
                0x00002d18                exit
 .text.__libc_init_array
                0x00002d40       0x48 c:/siliconlabs/simplicitystudio/v5/developer/toolchains/gnu_arm/10.3_2021.10/bin/../lib/gcc/arm-none-eabi/10.3.1/../../../../arm-none-eabi/lib/thumb/v8-m.main+fp/hard\libc_nano.a(lib_a-init.o)
                0x00002d40                __libc_init_array
 .text.memcpy   0x00002d88       0x1a c:/siliconlabs/simplicitystudio/v5/developer/toolchains/gnu_arm/10.3_2021.10/bin/../lib/gcc/arm-none-eabi/10.3.1/../../../../arm-none-eabi/lib/thumb/v8-m.main+fp/hard\libc_nano.a(lib_a-memcpy-stub.o)
                0x00002d88                memcpy
 .text.memmove  0x00002da2       0x34 c:/siliconlabs/simplicitystudio/v5/developer/toolchains/gnu_arm/10.3_2021.10/bin/../lib/gcc/arm-none-eabi/10.3.1/../../../../arm-none-eabi/lib/thumb/v8-m.main+fp/hard\libc_nano.a(lib_a-memmove.o)
                0x00002da2                memmove
 .text.memset   0x00002dd6       0x10 c:/siliconlabs/simplicitystudio/v5/developer/toolchains/gnu_arm/10.3_2021.10/bin/../lib/gcc/arm-none-eabi/10.3.1/../../../../arm-none-eabi/lib/thumb/v8-m.main+fp/hard\libc_nano.a(lib_a-memset.o)
                0x00002dd6                memset
 *fill*         0x00002de6        0x2 
 .text.setvbuf  0x00002de8      0x188 c:/siliconlabs/simplicitystudio/v5/developer/toolchains/gnu_arm/10.3_2021.10/bin/../lib/gcc/arm-none-eabi/10.3.1/../../../../arm-none-eabi/lib/thumb/v8-m.main+fp/hard\libc_nano.a(lib_a-setvbuf.o)
                0x00002de8                setvbuf
 .text          0x00002f70       0x14 c:/siliconlabs/simplicitystudio/v5/developer/toolchains/gnu_arm/10.3_2021.10/bin/../lib/gcc/arm-none-eabi/10.3.1/../../../../arm-none-eabi/lib/thumb/v8-m.main+fp/hard\libc_nano.a(lib_a-strcmp.o)
                0x00002f70                strcmp
 .text          0x00002f84       0x10 c:/siliconlabs/simplicitystudio/v5/developer/toolchains/gnu_arm/10.3_2021.10/bin/../lib/gcc/arm-none-eabi/10.3.1/../../../../arm-none-eabi/lib/thumb/v8-m.main+fp/hard\libc_nano.a(lib_a-strlen.o)
                0x00002f84                strlen
 .text.strncmp  0x00002f94       0x28 c:/siliconlabs/simplicitystudio/v5/developer/toolchains/gnu_arm/10.3_2021.10/bin/../lib/gcc/arm-none-eabi/10.3.1/../../../../arm-none-eabi/lib/thumb/v8-m.main+fp/hard\libc_nano.a(lib_a-strncmp.o)
                0x00002f94                strncmp
 .text._strtol_l.constprop.0
                0x00002fbc      0x104 c:/siliconlabs/simplicitystudio/v5/developer/toolchains/gnu_arm/10.3_2021.10/bin/../lib/gcc/arm-none-eabi/10.3.1/../../../../arm-none-eabi/lib/thumb/v8-m.main+fp/hard\libc_nano.a(lib_a-strtol.o)
 .text.strtol   0x000030c0       0x14 c:/siliconlabs/simplicitystudio/v5/developer/toolchains/gnu_arm/10.3_2021.10/bin/../lib/gcc/arm-none-eabi/10.3.1/../../../../arm-none-eabi/lib/thumb/v8-m.main+fp/hard\libc_nano.a(lib_a-strtol.o)
                0x000030c0                strtol
 .text._strtoll_l.constprop.0
                0x000030d4      0x12c c:/siliconlabs/simplicitystudio/v5/developer/toolchains/gnu_arm/10.3_2021.10/bin/../lib/gcc/arm-none-eabi/10.3.1/../../../../arm-none-eabi/lib/thumb/v8-m.main+fp/hard\libc_nano.a(lib_a-strtoll.o)
 .text.strtoll  0x00003200       0x14 c:/siliconlabs/simplicitystudio/v5/developer/toolchains/gnu_arm/10.3_2021.10/bin/../lib/gcc/arm-none-eabi/10.3.1/../../../../arm-none-eabi/lib/thumb/v8-m.main+fp/hard\libc_nano.a(lib_a-strtoll.o)
                0x00003200                strtoll
 .text._strtoul_l.constprop.0
                0x00003214       0xe4 c:/siliconlabs/simplicitystudio/v5/developer/toolchains/gnu_arm/10.3_2021.10/bin/../lib/gcc/arm-none-eabi/10.3.1/../../../../arm-none-eabi/lib/thumb/v8-m.main+fp/hard\libc_nano.a(lib_a-strtoul.o)
 .text.strtoul  0x000032f8       0x14 c:/siliconlabs/simplicitystudio/v5/developer/toolchains/gnu_arm/10.3_2021.10/bin/../lib/gcc/arm-none-eabi/10.3.1/../../../../arm-none-eabi/lib/thumb/v8-m.main+fp/hard\libc_nano.a(lib_a-strtoul.o)
                0x000032f8                strtoul
 .text.vprintf  0x0000330c       0x30 c:/siliconlabs/simplicitystudio/v5/developer/toolchains/gnu_arm/10.3_2021.10/bin/../lib/gcc/arm-none-eabi/10.3.1/../../../../arm-none-eabi/lib/thumb/v8-m.main+fp/hard\libc_nano.a(lib_a-vprintf.o)
                0x0000330c                viprintf
                0x0000330c                vprintf
 .text.__errno  0x0000333c        0xc c:/siliconlabs/simplicitystudio/v5/developer/toolchains/gnu_arm/10.3_2021.10/bin/../lib/gcc/arm-none-eabi/10.3.1/../../../../arm-none-eabi/lib/thumb/v8-m.main+fp/hard\libc_nano.a(lib_a-errno.o)
                0x0000333c                __errno
 .text.__sflush_r
                0x00003348      0x108 c:/siliconlabs/simplicitystudio/v5/developer/toolchains/gnu_arm/10.3_2021.10/bin/../lib/gcc/arm-none-eabi/10.3.1/../../../../arm-none-eabi/lib/thumb/v8-m.main+fp/hard\libc_nano.a(lib_a-fflush.o)
                0x00003348                __sflush_r
 .text._fflush_r
                0x00003450       0x78 c:/siliconlabs/simplicitystudio/v5/developer/toolchains/gnu_arm/10.3_2021.10/bin/../lib/gcc/arm-none-eabi/10.3.1/../../../../arm-none-eabi/lib/thumb/v8-m.main+fp/hard\libc_nano.a(lib_a-fflush.o)
                0x00003450                _fflush_r
 .text.std      0x000034c8       0x48 c:/siliconlabs/simplicitystudio/v5/developer/toolchains/gnu_arm/10.3_2021.10/bin/../lib/gcc/arm-none-eabi/10.3.1/../../../../arm-none-eabi/lib/thumb/v8-m.main+fp/hard\libc_nano.a(lib_a-findfp.o)
 .text._cleanup_r
                0x00003510        0xc c:/siliconlabs/simplicitystudio/v5/developer/toolchains/gnu_arm/10.3_2021.10/bin/../lib/gcc/arm-none-eabi/10.3.1/../../../../arm-none-eabi/lib/thumb/v8-m.main+fp/hard\libc_nano.a(lib_a-findfp.o)
                0x00003510                _cleanup_r
 .text.__sfmoreglue
                0x0000351c       0x2c c:/siliconlabs/simplicitystudio/v5/developer/toolchains/gnu_arm/10.3_2021.10/bin/../lib/gcc/arm-none-eabi/10.3.1/../../../../arm-none-eabi/lib/thumb/v8-m.main+fp/hard\libc_nano.a(lib_a-findfp.o)
                0x0000351c                __sfmoreglue
 .text.__sfp_lock_acquire
                0x00003548        0xc c:/siliconlabs/simplicitystudio/v5/developer/toolchains/gnu_arm/10.3_2021.10/bin/../lib/gcc/arm-none-eabi/10.3.1/../../../../arm-none-eabi/lib/thumb/v8-m.main+fp/hard\libc_nano.a(lib_a-findfp.o)
                0x00003548                __sfp_lock_acquire
 .text.__sfp_lock_release
                0x00003554        0xc c:/siliconlabs/simplicitystudio/v5/developer/toolchains/gnu_arm/10.3_2021.10/bin/../lib/gcc/arm-none-eabi/10.3.1/../../../../arm-none-eabi/lib/thumb/v8-m.main+fp/hard\libc_nano.a(lib_a-findfp.o)
                0x00003554                __sfp_lock_release
 .text.__sinit_lock_acquire
                0x00003560        0xc c:/siliconlabs/simplicitystudio/v5/developer/toolchains/gnu_arm/10.3_2021.10/bin/../lib/gcc/arm-none-eabi/10.3.1/../../../../arm-none-eabi/lib/thumb/v8-m.main+fp/hard\libc_nano.a(lib_a-findfp.o)
                0x00003560                __sinit_lock_acquire
 .text.__sinit_lock_release
                0x0000356c        0xc c:/siliconlabs/simplicitystudio/v5/developer/toolchains/gnu_arm/10.3_2021.10/bin/../lib/gcc/arm-none-eabi/10.3.1/../../../../arm-none-eabi/lib/thumb/v8-m.main+fp/hard\libc_nano.a(lib_a-findfp.o)
                0x0000356c                __sinit_lock_release
 .text.__sinit  0x00003578       0x70 c:/siliconlabs/simplicitystudio/v5/developer/toolchains/gnu_arm/10.3_2021.10/bin/../lib/gcc/arm-none-eabi/10.3.1/../../../../arm-none-eabi/lib/thumb/v8-m.main+fp/hard\libc_nano.a(lib_a-findfp.o)
                0x00003578                __sinit
 .text.__sfp    0x000035e8       0x8c c:/siliconlabs/simplicitystudio/v5/developer/toolchains/gnu_arm/10.3_2021.10/bin/../lib/gcc/arm-none-eabi/10.3.1/../../../../arm-none-eabi/lib/thumb/v8-m.main+fp/hard\libc_nano.a(lib_a-findfp.o)
                0x000035e8                __sfp
 .text._fwalk_reent
                0x00003674       0x3e c:/siliconlabs/simplicitystudio/v5/developer/toolchains/gnu_arm/10.3_2021.10/bin/../lib/gcc/arm-none-eabi/10.3.1/../../../../arm-none-eabi/lib/thumb/v8-m.main+fp/hard\libc_nano.a(lib_a-fwalk.o)
                0x00003674                _fwalk_reent
 .text.__retarget_lock_init_recursive
                0x000036b2        0x2 c:/siliconlabs/simplicitystudio/v5/developer/toolchains/gnu_arm/10.3_2021.10/bin/../lib/gcc/arm-none-eabi/10.3.1/../../../../arm-none-eabi/lib/thumb/v8-m.main+fp/hard\libc_nano.a(lib_a-lock.o)
                0x000036b2                __retarget_lock_init_recursive
 .text.__retarget_lock_acquire_recursive
                0x000036b4        0x2 c:/siliconlabs/simplicitystudio/v5/developer/toolchains/gnu_arm/10.3_2021.10/bin/../lib/gcc/arm-none-eabi/10.3.1/../../../../arm-none-eabi/lib/thumb/v8-m.main+fp/hard\libc_nano.a(lib_a-lock.o)
                0x000036b4                __retarget_lock_acquire_recursive
 .text.__retarget_lock_release_recursive
                0x000036b6        0x2 c:/siliconlabs/simplicitystudio/v5/developer/toolchains/gnu_arm/10.3_2021.10/bin/../lib/gcc/arm-none-eabi/10.3.1/../../../../arm-none-eabi/lib/thumb/v8-m.main+fp/hard\libc_nano.a(lib_a-lock.o)
                0x000036b6                __retarget_lock_release_recursive
 .text.__swhatbuf_r
                0x000036b8       0x4a c:/siliconlabs/simplicitystudio/v5/developer/toolchains/gnu_arm/10.3_2021.10/bin/../lib/gcc/arm-none-eabi/10.3.1/../../../../arm-none-eabi/lib/thumb/v8-m.main+fp/hard\libc_nano.a(lib_a-makebuf.o)
                0x000036b8                __swhatbuf_r
 *fill*         0x00003702        0x2 
 .text.__smakebuf_r
                0x00003704       0x80 c:/siliconlabs/simplicitystudio/v5/developer/toolchains/gnu_arm/10.3_2021.10/bin/../lib/gcc/arm-none-eabi/10.3.1/../../../../arm-none-eabi/lib/thumb/v8-m.main+fp/hard\libc_nano.a(lib_a-makebuf.o)
                0x00003704                __smakebuf_r
 .text.malloc   0x00003784       0x10 c:/siliconlabs/simplicitystudio/v5/developer/toolchains/gnu_arm/10.3_2021.10/bin/../lib/gcc/arm-none-eabi/10.3.1/../../../../arm-none-eabi/lib/thumb/v8-m.main+fp/hard\libc_nano.a(lib_a-malloc.o)
                0x00003784                malloc
 .text._free_r  0x00003794       0x98 c:/siliconlabs/simplicitystudio/v5/developer/toolchains/gnu_arm/10.3_2021.10/bin/../lib/gcc/arm-none-eabi/10.3.1/../../../../arm-none-eabi/lib/thumb/v8-m.main+fp/hard\libc_nano.a(lib_a-nano-freer.o)
                0x00003794                _free_r
 .text.sbrk_aligned
                0x0000382c       0x40 c:/siliconlabs/simplicitystudio/v5/developer/toolchains/gnu_arm/10.3_2021.10/bin/../lib/gcc/arm-none-eabi/10.3.1/../../../../arm-none-eabi/lib/thumb/v8-m.main+fp/hard\libc_nano.a(lib_a-nano-mallocr.o)
 .text._malloc_r
                0x0000386c       0xe8 c:/siliconlabs/simplicitystudio/v5/developer/toolchains/gnu_arm/10.3_2021.10/bin/../lib/gcc/arm-none-eabi/10.3.1/../../../../arm-none-eabi/lib/thumb/v8-m.main+fp/hard\libc_nano.a(lib_a-nano-mallocr.o)
                0x0000386c                _malloc_r
 .text.__sfputc_r
                0x00003954       0x2e c:/siliconlabs/simplicitystudio/v5/developer/toolchains/gnu_arm/10.3_2021.10/bin/../lib/gcc/arm-none-eabi/10.3.1/../../../../arm-none-eabi/lib/thumb/v8-m.main+fp/hard\libc_nano.a(lib_a-nano-vfprintf.o)
 .text.__sfputs_r
                0x00003982       0x24 c:/siliconlabs/simplicitystudio/v5/developer/toolchains/gnu_arm/10.3_2021.10/bin/../lib/gcc/arm-none-eabi/10.3.1/../../../../arm-none-eabi/lib/thumb/v8-m.main+fp/hard\libc_nano.a(lib_a-nano-vfprintf.o)
                0x00003982                __sfputs_r
 *fill*         0x000039a6        0x2 
 .text._vfprintf_r
                0x000039a8      0x260 c:/siliconlabs/simplicitystudio/v5/developer/toolchains/gnu_arm/10.3_2021.10/bin/../lib/gcc/arm-none-eabi/10.3.1/../../../../arm-none-eabi/lib/thumb/v8-m.main+fp/hard\libc_nano.a(lib_a-nano-vfprintf.o)
                0x000039a8                _vfprintf_r
                0x000039a8                _vfiprintf_r
 .text._printf_common
                0x00003c08       0xe0 c:/siliconlabs/simplicitystudio/v5/developer/toolchains/gnu_arm/10.3_2021.10/bin/../lib/gcc/arm-none-eabi/10.3.1/../../../../arm-none-eabi/lib/thumb/v8-m.main+fp/hard\libc_nano.a(lib_a-nano-vfprintf_i.o)
                0x00003c08                _printf_common
 .text._printf_i
                0x00003ce8      0x24c c:/siliconlabs/simplicitystudio/v5/developer/toolchains/gnu_arm/10.3_2021.10/bin/../lib/gcc/arm-none-eabi/10.3.1/../../../../arm-none-eabi/lib/thumb/v8-m.main+fp/hard\libc_nano.a(lib_a-nano-vfprintf_i.o)
                0x00003ce8                _printf_i
 .text._sbrk_r  0x00003f34       0x20 c:/siliconlabs/simplicitystudio/v5/developer/toolchains/gnu_arm/10.3_2021.10/bin/../lib/gcc/arm-none-eabi/10.3.1/../../../../arm-none-eabi/lib/thumb/v8-m.main+fp/hard\libc_nano.a(lib_a-sbrkr.o)
                0x00003f34                _sbrk_r
 .text.__sread  0x00003f54       0x22 c:/siliconlabs/simplicitystudio/v5/developer/toolchains/gnu_arm/10.3_2021.10/bin/../lib/gcc/arm-none-eabi/10.3.1/../../../../arm-none-eabi/lib/thumb/v8-m.main+fp/hard\libc_nano.a(lib_a-stdio.o)
                0x00003f54                __sread
 .text.__swrite
                0x00003f76       0x38 c:/siliconlabs/simplicitystudio/v5/developer/toolchains/gnu_arm/10.3_2021.10/bin/../lib/gcc/arm-none-eabi/10.3.1/../../../../arm-none-eabi/lib/thumb/v8-m.main+fp/hard\libc_nano.a(lib_a-stdio.o)
                0x00003f76                __swrite
 .text.__sseek  0x00003fae       0x24 c:/siliconlabs/simplicitystudio/v5/developer/toolchains/gnu_arm/10.3_2021.10/bin/../lib/gcc/arm-none-eabi/10.3.1/../../../../arm-none-eabi/lib/thumb/v8-m.main+fp/hard\libc_nano.a(lib_a-stdio.o)
                0x00003fae                __sseek
 .text.__sclose
                0x00003fd2        0x8 c:/siliconlabs/simplicitystudio/v5/developer/toolchains/gnu_arm/10.3_2021.10/bin/../lib/gcc/arm-none-eabi/10.3.1/../../../../arm-none-eabi/lib/thumb/v8-m.main+fp/hard\libc_nano.a(lib_a-stdio.o)
                0x00003fd2                __sclose
 *fill*         0x00003fda        0x2 
 .text.__swbuf_r
                0x00003fdc       0xa4 c:/siliconlabs/simplicitystudio/v5/developer/toolchains/gnu_arm/10.3_2021.10/bin/../lib/gcc/arm-none-eabi/10.3.1/../../../../arm-none-eabi/lib/thumb/v8-m.main+fp/hard\libc_nano.a(lib_a-wbuf.o)
                0x00003fdc                __swbuf_r
 .text._write_r
                0x00004080       0x24 c:/siliconlabs/simplicitystudio/v5/developer/toolchains/gnu_arm/10.3_2021.10/bin/../lib/gcc/arm-none-eabi/10.3.1/../../../../arm-none-eabi/lib/thumb/v8-m.main+fp/hard\libc_nano.a(lib_a-writer.o)
                0x00004080                _write_r
 .text.__swsetup_r
                0x000040a4       0xdc c:/siliconlabs/simplicitystudio/v5/developer/toolchains/gnu_arm/10.3_2021.10/bin/../lib/gcc/arm-none-eabi/10.3.1/../../../../arm-none-eabi/lib/thumb/v8-m.main+fp/hard\libc_nano.a(lib_a-wsetup.o)
                0x000040a4                __swsetup_r
 .text._close_r
                0x00004180       0x20 c:/siliconlabs/simplicitystudio/v5/developer/toolchains/gnu_arm/10.3_2021.10/bin/../lib/gcc/arm-none-eabi/10.3.1/../../../../arm-none-eabi/lib/thumb/v8-m.main+fp/hard\libc_nano.a(lib_a-closer.o)
                0x00004180                _close_r
 .text._fstat_r
                0x000041a0       0x24 c:/siliconlabs/simplicitystudio/v5/developer/toolchains/gnu_arm/10.3_2021.10/bin/../lib/gcc/arm-none-eabi/10.3.1/../../../../arm-none-eabi/lib/thumb/v8-m.main+fp/hard\libc_nano.a(lib_a-fstatr.o)
                0x000041a0                _fstat_r
 .text._isatty_r
                0x000041c4       0x20 c:/siliconlabs/simplicitystudio/v5/developer/toolchains/gnu_arm/10.3_2021.10/bin/../lib/gcc/arm-none-eabi/10.3.1/../../../../arm-none-eabi/lib/thumb/v8-m.main+fp/hard\libc_nano.a(lib_a-isattyr.o)
                0x000041c4                _isatty_r
 .text._lseek_r
                0x000041e4       0x24 c:/siliconlabs/simplicitystudio/v5/developer/toolchains/gnu_arm/10.3_2021.10/bin/../lib/gcc/arm-none-eabi/10.3.1/../../../../arm-none-eabi/lib/thumb/v8-m.main+fp/hard\libc_nano.a(lib_a-lseekr.o)
                0x000041e4                _lseek_r
 .text.memchr   0x00004208       0x1c c:/siliconlabs/simplicitystudio/v5/developer/toolchains/gnu_arm/10.3_2021.10/bin/../lib/gcc/arm-none-eabi/10.3.1/../../../../arm-none-eabi/lib/thumb/v8-m.main+fp/hard\libc_nano.a(lib_a-memchr-stub.o)
                0x00004208                memchr
 .text.__malloc_lock
                0x00004224        0xc c:/siliconlabs/simplicitystudio/v5/developer/toolchains/gnu_arm/10.3_2021.10/bin/../lib/gcc/arm-none-eabi/10.3.1/../../../../arm-none-eabi/lib/thumb/v8-m.main+fp/hard\libc_nano.a(lib_a-mlock.o)
                0x00004224                __malloc_lock
 .text.__malloc_unlock
                0x00004230        0xc c:/siliconlabs/simplicitystudio/v5/developer/toolchains/gnu_arm/10.3_2021.10/bin/../lib/gcc/arm-none-eabi/10.3.1/../../../../arm-none-eabi/lib/thumb/v8-m.main+fp/hard\libc_nano.a(lib_a-mlock.o)
                0x00004230                __malloc_unlock
 .text._read_r  0x0000423c       0x24 c:/siliconlabs/simplicitystudio/v5/developer/toolchains/gnu_arm/10.3_2021.10/bin/../lib/gcc/arm-none-eabi/10.3.1/../../../../arm-none-eabi/lib/thumb/v8-m.main+fp/hard\libc_nano.a(lib_a-readr.o)
                0x0000423c                _read_r
                0x00004260                linker_code_end = .
 *(.init)
 .init          0x00004260        0x4 c:/siliconlabs/simplicitystudio/v5/developer/toolchains/gnu_arm/10.3_2021.10/bin/../lib/gcc/arm-none-eabi/10.3.1/thumb/v8-m.main+fp/hard/crti.o
                0x00004260                _init
 .init          0x00004264        0x8 c:/siliconlabs/simplicitystudio/v5/developer/toolchains/gnu_arm/10.3_2021.10/bin/../lib/gcc/arm-none-eabi/10.3.1/thumb/v8-m.main+fp/hard/crtn.o
 *(.fini)
 .fini          0x0000426c        0x4 c:/siliconlabs/simplicitystudio/v5/developer/toolchains/gnu_arm/10.3_2021.10/bin/../lib/gcc/arm-none-eabi/10.3.1/thumb/v8-m.main+fp/hard/crti.o
                0x0000426c                _fini
 .fini          0x00004270        0x8 c:/siliconlabs/simplicitystudio/v5/developer/toolchains/gnu_arm/10.3_2021.10/bin/../lib/gcc/arm-none-eabi/10.3.1/thumb/v8-m.main+fp/hard/crtn.o
 *crtbegin.o(.ctors)
 *crtbegin?.o(.ctors)
 *(EXCLUDE_FILE(*crtend.o *crtend?.o) .ctors)
 *(SORT_BY_NAME(.ctors.*))
 *(.ctors)
 *crtbegin.o(.dtors)
 *crtbegin?.o(.dtors)
 *(EXCLUDE_FILE(*crtend.o *crtend?.o) .dtors)
 *(SORT_BY_NAME(.dtors.*))
 *(.dtors)
 *(.rodata*)
 .rodata.sl_cli_instances_init.str1.1
                0x00004278       0x12 ./autogen/sl_cli_instances.o
 .rodata.sl_slist_push.str1.1
                0x0000428a       0x66 ./gecko_sdk_3.2.3/platform/common/src/sl_slist.o
 .rodata.HFRCODPLLDevinfoGet.str1.1
                0x000042f0       0x63 ./gecko_sdk_3.2.3/platform/emlib/src/em_cmu.o
 .rodata.CSWTCH.56
                0x00004353        0x4 ./gecko_sdk_3.2.3/platform/emlib/src/em_cmu.o
 .rodata.CSWTCH.58
                0x00004357        0x6 ./gecko_sdk_3.2.3/platform/emlib/src/em_cmu.o
 .rodata.EMU_VScaleEM01.str1.1
                0x0000435d       0x63 ./gecko_sdk_3.2.3/platform/emlib/src/em_emu.o
 .rodata.sl_cli_clear.str1.1
                0x000043c0        0x3 ./gecko_sdk_3.2.3/platform/service/cli/src/sl_cli.o
 .rodata.sl_cli_handle_input.str1.1
                0x000043c3       0x12 ./gecko_sdk_3.2.3/platform/service/cli/src/sl_cli.o
 .rodata.sl_cli_tick_instance.str1.1
                0x000043d5       0x12 ./gecko_sdk_3.2.3/platform/service/cli/src/sl_cli.o
                                  0x3 (size before relaxing)
 .rodata.str1.1
                0x000043d5       0x94 ./gecko_sdk_3.2.3/platform/service/cli/src/sl_cli.o
                                 0x95 (size before relaxing)
 *fill*         0x00004469        0x3 
 .rodata.CSWTCH.4
                0x0000446c       0xb8 ./gecko_sdk_3.2.3/platform/service/cli/src/sl_cli.o
 .rodata.print_and_pad.str1.1
                0x00004524       0x94 ./gecko_sdk_3.2.3/platform/service/cli/src/sl_cli_command.o
                                  0x2 (size before relaxing)
 .rodata.cmd_help_command.str1.1
                0x00004524       0x76 ./gecko_sdk_3.2.3/platform/service/cli/src/sl_cli_command.o
                                 0xa7 (size before relaxing)
 .rodata.sl_cli_command_find_matches.str1.1
                0x0000459a        0x5 ./gecko_sdk_3.2.3/platform/service/cli/src/sl_cli_command.o
 .rodata.sl_cli_command_find.str1.1
                0x0000459f        0x5 ./gecko_sdk_3.2.3/platform/service/cli/src/sl_cli_command.o
 .rodata.sl_cli_input_autocomplete.str1.1
                0x000045a4        0x9 ./gecko_sdk_3.2.3/platform/service/cli/src/sl_cli_input.o
                                  0xc (size before relaxing)
 .rodata.sl_cli_input_char.str1.1
                0x000045ad        0x9 ./gecko_sdk_3.2.3/platform/service/cli/src/sl_cli_input.o
 .rodata        0x000045b6        0x8 ./gecko_sdk_3.2.3/platform/service/device_init/src/sl_device_init_dcdc_s2.o
 .rodata        0x000045be       0x13 ./gecko_sdk_3.2.3/platform/service/device_init/src/sl_device_init_hfxo_s2.o
 .rodata        0x000045d1        0xb ./gecko_sdk_3.2.3/platform/service/device_init/src/sl_device_init_lfxo_s2.o
 .rodata._write.str1.1
                0x000045dc       0x82 ./gecko_sdk_3.2.3/platform/service/iostream/src/sl_iostream_retarget_stdio.o
 .rodata._ctype_
                0x0000465e      0x101 c:/siliconlabs/simplicitystudio/v5/developer/toolchains/gnu_arm/10.3_2021.10/bin/../lib/gcc/arm-none-eabi/10.3.1/../../../../arm-none-eabi/lib/thumb/v8-m.main+fp/hard\libc_nano.a(lib_a-ctype_.o)
                0x0000465e                _ctype_
 *fill*         0x0000475f        0x1 
 .rodata._global_impure_ptr
                0x00004760        0x4 c:/siliconlabs/simplicitystudio/v5/developer/toolchains/gnu_arm/10.3_2021.10/bin/../lib/gcc/arm-none-eabi/10.3.1/../../../../arm-none-eabi/lib/thumb/v8-m.main+fp/hard\libc_nano.a(lib_a-impure.o)
                0x00004760                _global_impure_ptr
 .rodata.__sf_fake_stderr
                0x00004764       0x20 c:/siliconlabs/simplicitystudio/v5/developer/toolchains/gnu_arm/10.3_2021.10/bin/../lib/gcc/arm-none-eabi/10.3.1/../../../../arm-none-eabi/lib/thumb/v8-m.main+fp/hard\libc_nano.a(lib_a-findfp.o)
                0x00004764                __sf_fake_stderr
 .rodata.__sf_fake_stdin
                0x00004784       0x20 c:/siliconlabs/simplicitystudio/v5/developer/toolchains/gnu_arm/10.3_2021.10/bin/../lib/gcc/arm-none-eabi/10.3.1/../../../../arm-none-eabi/lib/thumb/v8-m.main+fp/hard\libc_nano.a(lib_a-findfp.o)
                0x00004784                __sf_fake_stdin
 .rodata.__sf_fake_stdout
                0x000047a4       0x20 c:/siliconlabs/simplicitystudio/v5/developer/toolchains/gnu_arm/10.3_2021.10/bin/../lib/gcc/arm-none-eabi/10.3.1/../../../../arm-none-eabi/lib/thumb/v8-m.main+fp/hard\libc_nano.a(lib_a-findfp.o)
                0x000047a4                __sf_fake_stdout
 .rodata._vfprintf_r.str1.1
                0x000047c4       0x11 c:/siliconlabs/simplicitystudio/v5/developer/toolchains/gnu_arm/10.3_2021.10/bin/../lib/gcc/arm-none-eabi/10.3.1/../../../../arm-none-eabi/lib/thumb/v8-m.main+fp/hard\libc_nano.a(lib_a-nano-vfprintf.o)
 .rodata._printf_i.str1.1
                0x000047d5       0x22 c:/siliconlabs/simplicitystudio/v5/developer/toolchains/gnu_arm/10.3_2021.10/bin/../lib/gcc/arm-none-eabi/10.3.1/../../../../arm-none-eabi/lib/thumb/v8-m.main+fp/hard\libc_nano.a(lib_a-nano-vfprintf_i.o)
 *(.eh_frame*)
 *fill*         0x000047f7        0x1 
 .eh_frame      0x000047f8        0x0 c:/siliconlabs/simplicitystudio/v5/developer/toolchains/gnu_arm/10.3_2021.10/bin/../lib/gcc/arm-none-eabi/10.3.1/thumb/v8-m.main+fp/hard/crtbegin.o

.glue_7         0x000047f8        0x0
 .glue_7        0x000047f8        0x0 linker stubs

.glue_7t        0x000047f8        0x0
 .glue_7t       0x000047f8        0x0 linker stubs

.vfp11_veneer   0x000047f8        0x0
 .vfp11_veneer  0x000047f8        0x0 linker stubs

.v4_bx          0x000047f8        0x0
 .v4_bx         0x000047f8        0x0 linker stubs

.iplt           0x000047f8        0x0
 .iplt          0x000047f8        0x0 c:/siliconlabs/simplicitystudio/v5/developer/toolchains/gnu_arm/10.3_2021.10/bin/../lib/gcc/arm-none-eabi/10.3.1/thumb/v8-m.main+fp/hard/crtbegin.o

.ARM.extab
 *(.ARM.extab* .gnu.linkonce.armextab.*)
                0x000047f8                __exidx_start = .

.ARM.exidx      0x000047f8        0x8
 *(.ARM.exidx* .gnu.linkonce.armexidx.*)
 .ARM.exidx     0x000047f8        0x8 c:/siliconlabs/simplicitystudio/v5/developer/toolchains/gnu_arm/10.3_2021.10/bin/../lib/gcc/arm-none-eabi/10.3.1/../../../../arm-none-eabi/lib/thumb/v8-m.main+fp/hard/crt0.o
                                 0x10 (size before relaxing)
 .ARM.exidx     0x00004800        0x0 c:/siliconlabs/simplicitystudio/v5/developer/toolchains/gnu_arm/10.3_2021.10/bin/../lib/gcc/arm-none-eabi/10.3.1/thumb/v8-m.main+fp/hard\libgcc.a(_udivmoddi4.o)
                                  0x8 (size before relaxing)
                0x00004800                __exidx_end = .
                0x00004800                __etext = .

.rel.dyn        0x00004800        0x0
 .rel.iplt      0x00004800        0x0 c:/siliconlabs/simplicitystudio/v5/developer/toolchains/gnu_arm/10.3_2021.10/bin/../lib/gcc/arm-none-eabi/10.3.1/thumb/v8-m.main+fp/hard/crtbegin.o
                0x20000000                . = ORIGIN (RAM)

.stack          0x20000000     0x1000
                0x20000000                __StackLimit = .
 *(.stack*)
 .stack         0x20000000        0x0 ./gecko_sdk_3.2.3/platform/Device/SiliconLabs/BGM22/Source/GCC/startup_bgm22.o
 .stack         0x20000000     0x1000 ./gecko_sdk_3.2.3/platform/common/toolchain/src/sl_memory.o
                0x20001000                . = ALIGN (0x4)
                0x20001000                __StackTop = .
                0x20001000                PROVIDE (__stack = __StackTop)

.noinit
 *(.noinit*)

.data           0x20001000       0x98 load address 0x00004800
                0x20001000                . = ALIGN (0x4)
                0x20001000                __data_start__ = .
 *(vtable)
 *(.data*)
 .data.sl_cli_inst_command_group
                0x20001000        0xc ./autogen/sl_cli_instances.o
                0x20001000                sl_cli_inst_command_group
 .data.sl_cli_inst_handle
                0x2000100c        0x4 ./autogen/sl_cli_instances.o
                0x2000100c                sl_cli_inst_handle
 .data.level_filter_enabled
                0x20001010        0x1 ./gecko_sdk_3.2.3/app/common/util/app_log/app_log.o
 .data.level_filter_threshold
                0x20001011        0x1 ./gecko_sdk_3.2.3/app/common/util/app_log/app_log.o
 .data.level_mask
                0x20001012        0x1 ./gecko_sdk_3.2.3/app/common/util/app_log/app_log.o
 *fill*         0x20001013        0x1 
 .data.SystemCoreClock
                0x20001014        0x4 ./gecko_sdk_3.2.3/platform/Device/SiliconLabs/BGM22/Source/system_bgm22.o
                0x20001014                SystemCoreClock
 .data.SystemHFRCODPLLClock
                0x20001018        0x4 ./gecko_sdk_3.2.3/platform/Device/SiliconLabs/BGM22/Source/system_bgm22.o
 .data.SystemHFXOClock
                0x2000101c        0x4 ./gecko_sdk_3.2.3/platform/Device/SiliconLabs/BGM22/Source/system_bgm22.o
 .data.SystemLFXOClock
                0x20001020        0x4 ./gecko_sdk_3.2.3/platform/Device/SiliconLabs/BGM22/Source/system_bgm22.o
 .data.heap_end.0
                0x20001024        0x4 ./gecko_sdk_3.2.3/platform/common/toolchain/src/sl_memory.o
 .data.lfxo_precision
                0x20001028        0x2 ./gecko_sdk_3.2.3/platform/emlib/src/em_cmu.o
 *fill*         0x2000102a        0x2 
 .data._impure_ptr
                0x2000102c        0x4 c:/siliconlabs/simplicitystudio/v5/developer/toolchains/gnu_arm/10.3_2021.10/bin/../lib/gcc/arm-none-eabi/10.3.1/../../../../arm-none-eabi/lib/thumb/v8-m.main+fp/hard\libc_nano.a(lib_a-impure.o)
                0x2000102c                _impure_ptr
 .data.impure_data
                0x20001030       0x60 c:/siliconlabs/simplicitystudio/v5/developer/toolchains/gnu_arm/10.3_2021.10/bin/../lib/gcc/arm-none-eabi/10.3.1/../../../../arm-none-eabi/lib/thumb/v8-m.main+fp/hard\libc_nano.a(lib_a-impure.o)
                0x20001090                . = ALIGN (0x4)
                [!provide]                PROVIDE (__ram_func_section_start = .)
 *(.ram)
                [!provide]                PROVIDE (__ram_func_section_end = .)
                0x20001090                . = ALIGN (0x4)
                0x20001090                PROVIDE (__preinit_array_start = .)
 *(.preinit_array)
                0x20001090                PROVIDE (__preinit_array_end = .)
                0x20001090                . = ALIGN (0x4)
                0x20001090                PROVIDE (__init_array_start = .)
 *(SORT_BY_NAME(.init_array.*))
 *(.init_array)
 .init_array    0x20001090        0x4 c:/siliconlabs/simplicitystudio/v5/developer/toolchains/gnu_arm/10.3_2021.10/bin/../lib/gcc/arm-none-eabi/10.3.1/thumb/v8-m.main+fp/hard/crtbegin.o
                0x20001094                PROVIDE (__init_array_end = .)
                0x20001094                . = ALIGN (0x4)
                [!provide]                PROVIDE (__fini_array_start = .)
 *(SORT_BY_NAME(.fini_array.*))
 *(.fini_array)
 .fini_array    0x20001094        0x4 c:/siliconlabs/simplicitystudio/v5/developer/toolchains/gnu_arm/10.3_2021.10/bin/../lib/gcc/arm-none-eabi/10.3.1/thumb/v8-m.main+fp/hard/crtbegin.o
                [!provide]                PROVIDE (__fini_array_end = .)
                0x20001098                . = ALIGN (0x4)
                0x20001098                __data_end__ = .

.igot.plt       0x20001098        0x0 load address 0x00004898
 .igot.plt      0x20001098        0x0 c:/siliconlabs/simplicitystudio/v5/developer/toolchains/gnu_arm/10.3_2021.10/bin/../lib/gcc/arm-none-eabi/10.3.1/thumb/v8-m.main+fp/hard/crtbegin.o

.bss            0x20001098      0x2f8 load address 0x00004898
                0x20001098                . = ALIGN (0x4)
                0x20001098                __bss_start__ = .
 *(.bss*)
 .bss           0x20001098       0x1c c:/siliconlabs/simplicitystudio/v5/developer/toolchains/gnu_arm/10.3_2021.10/bin/../lib/gcc/arm-none-eabi/10.3.1/thumb/v8-m.main+fp/hard/crtbegin.o
 .bss.sl_cli_default_command_table
                0x200010b4        0x4 ./autogen/sl_cli_command_table.o
                0x200010b4                sl_cli_default_command_table
 .bss.sl_cli_inst
                0x200010b8      0x2b4 ./autogen/sl_cli_instances.o
 .bss.app_log_iostream
                0x2000136c        0x4 ./gecko_sdk_3.2.3/app/common/util/app_log/app_log.o
                0x2000136c                app_log_iostream
 .bss.level_mask_enabled
                0x20001370        0x1 ./gecko_sdk_3.2.3/app/common/util/app_log/app_log.o
 .bss.ctuneDelta
                0x20001371        0x1 ./gecko_sdk_3.2.3/platform/emlib/src/em_cmu.o
 .bss.vScaleEM01Config
                0x20001372        0x1 ./gecko_sdk_3.2.3/platform/emlib/src/em_emu.o
 *fill*         0x20001373        0x1 
 .bss.sl_cli_default_command_group
                0x20001374        0x4 ./gecko_sdk_3.2.3/platform/service/cli/src/sl_cli.o
                0x20001374                sl_cli_default_command_group
 .bss.sl_cli_default_handle
                0x20001378        0x4 ./gecko_sdk_3.2.3/platform/service/cli/src/sl_cli.o
                0x20001378                sl_cli_default_handle
 .bss.sli_iostream_default
                0x2000137c        0x4 ./gecko_sdk_3.2.3/platform/service/iostream/src/sl_iostream.o
 .bss.__lock___malloc_recursive_mutex
                0x20001380        0x1 c:/siliconlabs/simplicitystudio/v5/developer/toolchains/gnu_arm/10.3_2021.10/bin/../lib/gcc/arm-none-eabi/10.3.1/../../../../arm-none-eabi/lib/thumb/v8-m.main+fp/hard\libc_nano.a(lib_a-lock.o)
                0x20001380                __lock___malloc_recursive_mutex
 .bss.__lock___sfp_recursive_mutex
                0x20001381        0x1 c:/siliconlabs/simplicitystudio/v5/developer/toolchains/gnu_arm/10.3_2021.10/bin/../lib/gcc/arm-none-eabi/10.3.1/../../../../arm-none-eabi/lib/thumb/v8-m.main+fp/hard\libc_nano.a(lib_a-lock.o)
                0x20001381                __lock___sfp_recursive_mutex
 .bss.__lock___sinit_recursive_mutex
                0x20001382        0x1 c:/siliconlabs/simplicitystudio/v5/developer/toolchains/gnu_arm/10.3_2021.10/bin/../lib/gcc/arm-none-eabi/10.3.1/../../../../arm-none-eabi/lib/thumb/v8-m.main+fp/hard\libc_nano.a(lib_a-lock.o)
                0x20001382                __lock___sinit_recursive_mutex
 *fill*         0x20001383        0x1 
 .bss.__malloc_free_list
                0x20001384        0x4 c:/siliconlabs/simplicitystudio/v5/developer/toolchains/gnu_arm/10.3_2021.10/bin/../lib/gcc/arm-none-eabi/10.3.1/../../../../arm-none-eabi/lib/thumb/v8-m.main+fp/hard\libc_nano.a(lib_a-nano-mallocr.o)
                0x20001384                __malloc_free_list
 .bss.__malloc_sbrk_start
                0x20001388        0x4 c:/siliconlabs/simplicitystudio/v5/developer/toolchains/gnu_arm/10.3_2021.10/bin/../lib/gcc/arm-none-eabi/10.3.1/../../../../arm-none-eabi/lib/thumb/v8-m.main+fp/hard\libc_nano.a(lib_a-nano-mallocr.o)
                0x20001388                __malloc_sbrk_start
 .bss.errno     0x2000138c        0x4 c:/siliconlabs/simplicitystudio/v5/developer/toolchains/gnu_arm/10.3_2021.10/bin/../lib/gcc/arm-none-eabi/10.3.1/../../../../arm-none-eabi/lib/thumb/v8-m.main+fp/hard\libc_nano.a(lib_a-reent.o)
                0x2000138c                errno
 *(COMMON)
                0x20001390                . = ALIGN (0x4)
                0x20001390                __bss_end__ = .

.heap           0x20001390     0x6c70
                0x20001390                __HeapBase = .
                0x20001390                __end__ = .
                0x20001390                end = __end__
                0x20001390                _end = __end__
 *(.heap*)
 .heap          0x20001390      0x800 ./gecko_sdk_3.2.3/platform/common/toolchain/src/sl_memory.o
                0x20008000                . = (ORIGIN (RAM) + LENGTH (RAM))
 *fill*         0x20001b90     0x6470 
                0x20008000                __HeapLimit = .
                0x00006c70                __heap_size = (__HeapLimit - __HeapBase)
                0x0007e000                __main_flash_end__ = 0x7e000

.internal_storage
                0x00004800        0x0
 *(.internal_storage*)

.nvm            0x00004800        0x0
 *(.simee*)
                0x0007e000                linker_nvm_end = __main_flash_end__
                0x0007e000                linker_nvm_begin = (linker_nvm_end - SIZEOF (.nvm))
                0x00000000                linker_nvm_size = SIZEOF (.nvm)
                0x0007e000                linker_storage_end = linker_nvm_begin
                0x0007e000                linker_storage_begin = (linker_storage_end - SIZEOF (.internal_storage))
                0x00000000                linker_storage_size = SIZEOF (.internal_storage)
                0x0007e000                __nvm3Base = linker_nvm_begin
OUTPUT(empty_cli.axf elf32-littlearm)
LOAD linker stubs

.ARM.attributes
                0x00000000       0x36
 .ARM.attributes
                0x00000000       0x22 c:/siliconlabs/simplicitystudio/v5/developer/toolchains/gnu_arm/10.3_2021.10/bin/../lib/gcc/arm-none-eabi/10.3.1/thumb/v8-m.main+fp/hard/crti.o
 .ARM.attributes
                0x00000022       0x38 c:/siliconlabs/simplicitystudio/v5/developer/toolchains/gnu_arm/10.3_2021.10/bin/../lib/gcc/arm-none-eabi/10.3.1/thumb/v8-m.main+fp/hard/crtbegin.o
 .ARM.attributes
                0x0000005a       0x20 c:/siliconlabs/simplicitystudio/v5/developer/toolchains/gnu_arm/10.3_2021.10/bin/../lib/gcc/arm-none-eabi/10.3.1/../../../../arm-none-eabi/lib/thumb/v8-m.main+fp/hard/crt0.o
 .ARM.attributes
                0x0000007a       0x3a ./app.o
 .ARM.attributes
                0x000000b4       0x3a ./main.o
 .ARM.attributes
                0x000000ee       0x3a ./autogen/sl_board_default_init.o
 .ARM.attributes
                0x00000128       0x3a ./autogen/sl_cli_command_table.o
 .ARM.attributes
                0x00000162       0x3a ./autogen/sl_cli_instances.o
 .ARM.attributes
                0x0000019c       0x3a ./autogen/sl_device_init_clocks.o
 .ARM.attributes
                0x000001d6       0x3a ./autogen/sl_event_handler.o
 .ARM.attributes
                0x00000210       0x3a ./gecko_sdk_3.2.3/app/common/util/app_log/app_log.o
 .ARM.attributes
                0x0000024a       0x3a ./gecko_sdk_3.2.3/hardware/board/src/sl_board_init.o
 .ARM.attributes
                0x00000284       0x3a ./gecko_sdk_3.2.3/platform/Device/SiliconLabs/BGM22/Source/GCC/startup_bgm22.o
 .ARM.attributes
                0x000002be       0x3a ./gecko_sdk_3.2.3/platform/Device/SiliconLabs/BGM22/Source/system_bgm22.o
 .ARM.attributes
                0x000002f8       0x3a ./gecko_sdk_3.2.3/platform/common/src/sl_slist.o
 .ARM.attributes
                0x00000332       0x3a ./gecko_sdk_3.2.3/platform/common/src/sl_string.o
 .ARM.attributes
                0x0000036c       0x3a ./gecko_sdk_3.2.3/platform/common/toolchain/src/sl_memory.o
 .ARM.attributes
                0x000003a6       0x3a ./gecko_sdk_3.2.3/platform/emlib/src/em_assert.o
 .ARM.attributes
                0x000003e0       0x3a ./gecko_sdk_3.2.3/platform/emlib/src/em_cmu.o
 .ARM.attributes
                0x0000041a       0x3a ./gecko_sdk_3.2.3/platform/emlib/src/em_core.o
 .ARM.attributes
                0x00000454       0x3a ./gecko_sdk_3.2.3/platform/emlib/src/em_emu.o
 .ARM.attributes
                0x0000048e       0x3a ./gecko_sdk_3.2.3/platform/service/cli/src/sl_cli.o
 .ARM.attributes
                0x000004c8       0x3a ./gecko_sdk_3.2.3/platform/service/cli/src/sl_cli_arguments.o
 .ARM.attributes
                0x00000502       0x3a ./gecko_sdk_3.2.3/platform/service/cli/src/sl_cli_command.o
 .ARM.attributes
                0x0000053c       0x3a ./gecko_sdk_3.2.3/platform/service/cli/src/sl_cli_input.o
 .ARM.attributes
                0x00000576       0x3a ./gecko_sdk_3.2.3/platform/service/cli/src/sl_cli_io.o
 .ARM.attributes
                0x000005b0       0x3a ./gecko_sdk_3.2.3/platform/service/cli/src/sl_cli_tokenize.o
 .ARM.attributes
                0x000005ea       0x3a ./gecko_sdk_3.2.3/platform/service/device_init/src/sl_device_init_dcdc_s2.o
 .ARM.attributes
                0x00000624       0x3a ./gecko_sdk_3.2.3/platform/service/device_init/src/sl_device_init_emu_s2.o
 .ARM.attributes
                0x0000065e       0x3a ./gecko_sdk_3.2.3/platform/service/device_init/src/sl_device_init_hfxo_s2.o
 .ARM.attributes
                0x00000698       0x3a ./gecko_sdk_3.2.3/platform/service/device_init/src/sl_device_init_lfxo_s2.o
 .ARM.attributes
                0x000006d2       0x3a ./gecko_sdk_3.2.3/platform/service/device_init/src/sl_device_init_nvic.o
 .ARM.attributes
                0x0000070c       0x3a ./gecko_sdk_3.2.3/platform/service/iostream/src/sl_iostream.o
 .ARM.attributes
                0x00000746       0x3a ./gecko_sdk_3.2.3/platform/service/iostream/src/sl_iostream_retarget_stdio.o
 .ARM.attributes
                0x00000780       0x3a ./gecko_sdk_3.2.3/platform/service/iostream/src/sl_iostream_stdlib_config.o
 .ARM.attributes
                0x000007ba       0x3a ./gecko_sdk_3.2.3/platform/service/system/src/sl_system_init.o
 .ARM.attributes
                0x000007f4       0x3a ./gecko_sdk_3.2.3/platform/service/system/src/sl_system_process_action.o
 .ARM.attributes
                0x0000082e       0x22 c:/siliconlabs/simplicitystudio/v5/developer/toolchains/gnu_arm/10.3_2021.10/bin/../lib/gcc/arm-none-eabi/10.3.1/thumb/v8-m.main+fp/hard\libgcc.a(_aeabi_uldivmod.o)
 .ARM.attributes
                0x00000850       0x38 c:/siliconlabs/simplicitystudio/v5/developer/toolchains/gnu_arm/10.3_2021.10/bin/../lib/gcc/arm-none-eabi/10.3.1/thumb/v8-m.main+fp/hard\libgcc.a(_udivmoddi4.o)
 .ARM.attributes
                0x00000888       0x22 c:/siliconlabs/simplicitystudio/v5/developer/toolchains/gnu_arm/10.3_2021.10/bin/../lib/gcc/arm-none-eabi/10.3.1/thumb/v8-m.main+fp/hard\libgcc.a(_dvmd_tls.o)
 .ARM.attributes
                0x000008aa       0x38 c:/siliconlabs/simplicitystudio/v5/developer/toolchains/gnu_arm/10.3_2021.10/bin/../lib/gcc/arm-none-eabi/10.3.1/../../../../arm-none-eabi/lib/thumb/v8-m.main+fp/hard\libc_nano.a(lib_a-ctype_.o)
 .ARM.attributes
                0x000008e2       0x38 c:/siliconlabs/simplicitystudio/v5/developer/toolchains/gnu_arm/10.3_2021.10/bin/../lib/gcc/arm-none-eabi/10.3.1/../../../../arm-none-eabi/lib/thumb/v8-m.main+fp/hard\libc_nano.a(lib_a-exit.o)
 .ARM.attributes
                0x0000091a       0x38 c:/siliconlabs/simplicitystudio/v5/developer/toolchains/gnu_arm/10.3_2021.10/bin/../lib/gcc/arm-none-eabi/10.3.1/../../../../arm-none-eabi/lib/thumb/v8-m.main+fp/hard\libc_nano.a(lib_a-impure.o)
 .ARM.attributes
                0x00000952       0x38 c:/siliconlabs/simplicitystudio/v5/developer/toolchains/gnu_arm/10.3_2021.10/bin/../lib/gcc/arm-none-eabi/10.3.1/../../../../arm-none-eabi/lib/thumb/v8-m.main+fp/hard\libc_nano.a(lib_a-init.o)
 .ARM.attributes
                0x0000098a       0x38 c:/siliconlabs/simplicitystudio/v5/developer/toolchains/gnu_arm/10.3_2021.10/bin/../lib/gcc/arm-none-eabi/10.3.1/../../../../arm-none-eabi/lib/thumb/v8-m.main+fp/hard\libc_nano.a(lib_a-memcpy-stub.o)
 .ARM.attributes
                0x000009c2       0x38 c:/siliconlabs/simplicitystudio/v5/developer/toolchains/gnu_arm/10.3_2021.10/bin/../lib/gcc/arm-none-eabi/10.3.1/../../../../arm-none-eabi/lib/thumb/v8-m.main+fp/hard\libc_nano.a(lib_a-memmove.o)
 .ARM.attributes
                0x000009fa       0x38 c:/siliconlabs/simplicitystudio/v5/developer/toolchains/gnu_arm/10.3_2021.10/bin/../lib/gcc/arm-none-eabi/10.3.1/../../../../arm-none-eabi/lib/thumb/v8-m.main+fp/hard\libc_nano.a(lib_a-memset.o)
 .ARM.attributes
                0x00000a32       0x38 c:/siliconlabs/simplicitystudio/v5/developer/toolchains/gnu_arm/10.3_2021.10/bin/../lib/gcc/arm-none-eabi/10.3.1/../../../../arm-none-eabi/lib/thumb/v8-m.main+fp/hard\libc_nano.a(lib_a-setvbuf.o)
 .ARM.attributes
                0x00000a6a       0x20 c:/siliconlabs/simplicitystudio/v5/developer/toolchains/gnu_arm/10.3_2021.10/bin/../lib/gcc/arm-none-eabi/10.3.1/../../../../arm-none-eabi/lib/thumb/v8-m.main+fp/hard\libc_nano.a(lib_a-strcmp.o)
 .ARM.attributes
                0x00000a8a       0x17 c:/siliconlabs/simplicitystudio/v5/developer/toolchains/gnu_arm/10.3_2021.10/bin/../lib/gcc/arm-none-eabi/10.3.1/../../../../arm-none-eabi/lib/thumb/v8-m.main+fp/hard\libc_nano.a(lib_a-strlen.o)
 .ARM.attributes
                0x00000aa1       0x38 c:/siliconlabs/simplicitystudio/v5/developer/toolchains/gnu_arm/10.3_2021.10/bin/../lib/gcc/arm-none-eabi/10.3.1/../../../../arm-none-eabi/lib/thumb/v8-m.main+fp/hard\libc_nano.a(lib_a-strncmp.o)
 .ARM.attributes
                0x00000ad9       0x38 c:/siliconlabs/simplicitystudio/v5/developer/toolchains/gnu_arm/10.3_2021.10/bin/../lib/gcc/arm-none-eabi/10.3.1/../../../../arm-none-eabi/lib/thumb/v8-m.main+fp/hard\libc_nano.a(lib_a-strtol.o)
 .ARM.attributes
                0x00000b11       0x38 c:/siliconlabs/simplicitystudio/v5/developer/toolchains/gnu_arm/10.3_2021.10/bin/../lib/gcc/arm-none-eabi/10.3.1/../../../../arm-none-eabi/lib/thumb/v8-m.main+fp/hard\libc_nano.a(lib_a-strtoll.o)
 .ARM.attributes
                0x00000b49       0x38 c:/siliconlabs/simplicitystudio/v5/developer/toolchains/gnu_arm/10.3_2021.10/bin/../lib/gcc/arm-none-eabi/10.3.1/../../../../arm-none-eabi/lib/thumb/v8-m.main+fp/hard\libc_nano.a(lib_a-strtoul.o)
 .ARM.attributes
                0x00000b81       0x38 c:/siliconlabs/simplicitystudio/v5/developer/toolchains/gnu_arm/10.3_2021.10/bin/../lib/gcc/arm-none-eabi/10.3.1/../../../../arm-none-eabi/lib/thumb/v8-m.main+fp/hard\libc_nano.a(lib_a-vprintf.o)
 .ARM.attributes
                0x00000bb9       0x38 c:/siliconlabs/simplicitystudio/v5/developer/toolchains/gnu_arm/10.3_2021.10/bin/../lib/gcc/arm-none-eabi/10.3.1/../../../../arm-none-eabi/lib/thumb/v8-m.main+fp/hard\libc_nano.a(lib_a-errno.o)
 .ARM.attributes
                0x00000bf1       0x38 c:/siliconlabs/simplicitystudio/v5/developer/toolchains/gnu_arm/10.3_2021.10/bin/../lib/gcc/arm-none-eabi/10.3.1/../../../../arm-none-eabi/lib/thumb/v8-m.main+fp/hard\libc_nano.a(lib_a-fflush.o)
 .ARM.attributes
                0x00000c29       0x38 c:/siliconlabs/simplicitystudio/v5/developer/toolchains/gnu_arm/10.3_2021.10/bin/../lib/gcc/arm-none-eabi/10.3.1/../../../../arm-none-eabi/lib/thumb/v8-m.main+fp/hard\libc_nano.a(lib_a-findfp.o)
 .ARM.attributes
                0x00000c61       0x38 c:/siliconlabs/simplicitystudio/v5/developer/toolchains/gnu_arm/10.3_2021.10/bin/../lib/gcc/arm-none-eabi/10.3.1/../../../../arm-none-eabi/lib/thumb/v8-m.main+fp/hard\libc_nano.a(lib_a-fwalk.o)
 .ARM.attributes
                0x00000c99       0x38 c:/siliconlabs/simplicitystudio/v5/developer/toolchains/gnu_arm/10.3_2021.10/bin/../lib/gcc/arm-none-eabi/10.3.1/../../../../arm-none-eabi/lib/thumb/v8-m.main+fp/hard\libc_nano.a(lib_a-lock.o)
 .ARM.attributes
                0x00000cd1       0x38 c:/siliconlabs/simplicitystudio/v5/developer/toolchains/gnu_arm/10.3_2021.10/bin/../lib/gcc/arm-none-eabi/10.3.1/../../../../arm-none-eabi/lib/thumb/v8-m.main+fp/hard\libc_nano.a(lib_a-makebuf.o)
 .ARM.attributes
                0x00000d09       0x38 c:/siliconlabs/simplicitystudio/v5/developer/toolchains/gnu_arm/10.3_2021.10/bin/../lib/gcc/arm-none-eabi/10.3.1/../../../../arm-none-eabi/lib/thumb/v8-m.main+fp/hard\libc_nano.a(lib_a-malloc.o)
 .ARM.attributes
                0x00000d41       0x38 c:/siliconlabs/simplicitystudio/v5/developer/toolchains/gnu_arm/10.3_2021.10/bin/../lib/gcc/arm-none-eabi/10.3.1/../../../../arm-none-eabi/lib/thumb/v8-m.main+fp/hard\libc_nano.a(lib_a-nano-freer.o)
 .ARM.attributes
                0x00000d79       0x38 c:/siliconlabs/simplicitystudio/v5/developer/toolchains/gnu_arm/10.3_2021.10/bin/../lib/gcc/arm-none-eabi/10.3.1/../../../../arm-none-eabi/lib/thumb/v8-m.main+fp/hard\libc_nano.a(lib_a-nano-mallocr.o)
 .ARM.attributes
                0x00000db1       0x38 c:/siliconlabs/simplicitystudio/v5/developer/toolchains/gnu_arm/10.3_2021.10/bin/../lib/gcc/arm-none-eabi/10.3.1/../../../../arm-none-eabi/lib/thumb/v8-m.main+fp/hard\libc_nano.a(lib_a-nano-vfprintf.o)
 .ARM.attributes
                0x00000de9       0x38 c:/siliconlabs/simplicitystudio/v5/developer/toolchains/gnu_arm/10.3_2021.10/bin/../lib/gcc/arm-none-eabi/10.3.1/../../../../arm-none-eabi/lib/thumb/v8-m.main+fp/hard\libc_nano.a(lib_a-nano-vfprintf_i.o)
 .ARM.attributes
                0x00000e21       0x38 c:/siliconlabs/simplicitystudio/v5/developer/toolchains/gnu_arm/10.3_2021.10/bin/../lib/gcc/arm-none-eabi/10.3.1/../../../../arm-none-eabi/lib/thumb/v8-m.main+fp/hard\libc_nano.a(lib_a-sbrkr.o)
 .ARM.attributes
                0x00000e59       0x38 c:/siliconlabs/simplicitystudio/v5/developer/toolchains/gnu_arm/10.3_2021.10/bin/../lib/gcc/arm-none-eabi/10.3.1/../../../../arm-none-eabi/lib/thumb/v8-m.main+fp/hard\libc_nano.a(lib_a-stdio.o)
 .ARM.attributes
                0x00000e91       0x38 c:/siliconlabs/simplicitystudio/v5/developer/toolchains/gnu_arm/10.3_2021.10/bin/../lib/gcc/arm-none-eabi/10.3.1/../../../../arm-none-eabi/lib/thumb/v8-m.main+fp/hard\libc_nano.a(lib_a-wbuf.o)
 .ARM.attributes
                0x00000ec9       0x38 c:/siliconlabs/simplicitystudio/v5/developer/toolchains/gnu_arm/10.3_2021.10/bin/../lib/gcc/arm-none-eabi/10.3.1/../../../../arm-none-eabi/lib/thumb/v8-m.main+fp/hard\libc_nano.a(lib_a-writer.o)
 .ARM.attributes
                0x00000f01       0x38 c:/siliconlabs/simplicitystudio/v5/developer/toolchains/gnu_arm/10.3_2021.10/bin/../lib/gcc/arm-none-eabi/10.3.1/../../../../arm-none-eabi/lib/thumb/v8-m.main+fp/hard\libc_nano.a(lib_a-wsetup.o)
 .ARM.attributes
                0x00000f39       0x38 c:/siliconlabs/simplicitystudio/v5/developer/toolchains/gnu_arm/10.3_2021.10/bin/../lib/gcc/arm-none-eabi/10.3.1/../../../../arm-none-eabi/lib/thumb/v8-m.main+fp/hard\libc_nano.a(lib_a-closer.o)
 .ARM.attributes
                0x00000f71       0x38 c:/siliconlabs/simplicitystudio/v5/developer/toolchains/gnu_arm/10.3_2021.10/bin/../lib/gcc/arm-none-eabi/10.3.1/../../../../arm-none-eabi/lib/thumb/v8-m.main+fp/hard\libc_nano.a(lib_a-fstatr.o)
 .ARM.attributes
                0x00000fa9       0x38 c:/siliconlabs/simplicitystudio/v5/developer/toolchains/gnu_arm/10.3_2021.10/bin/../lib/gcc/arm-none-eabi/10.3.1/../../../../arm-none-eabi/lib/thumb/v8-m.main+fp/hard\libc_nano.a(lib_a-isattyr.o)
 .ARM.attributes
                0x00000fe1       0x38 c:/siliconlabs/simplicitystudio/v5/developer/toolchains/gnu_arm/10.3_2021.10/bin/../lib/gcc/arm-none-eabi/10.3.1/../../../../arm-none-eabi/lib/thumb/v8-m.main+fp/hard\libc_nano.a(lib_a-lseekr.o)
 .ARM.attributes
                0x00001019       0x38 c:/siliconlabs/simplicitystudio/v5/developer/toolchains/gnu_arm/10.3_2021.10/bin/../lib/gcc/arm-none-eabi/10.3.1/../../../../arm-none-eabi/lib/thumb/v8-m.main+fp/hard\libc_nano.a(lib_a-memchr-stub.o)
 .ARM.attributes
                0x00001051       0x38 c:/siliconlabs/simplicitystudio/v5/developer/toolchains/gnu_arm/10.3_2021.10/bin/../lib/gcc/arm-none-eabi/10.3.1/../../../../arm-none-eabi/lib/thumb/v8-m.main+fp/hard\libc_nano.a(lib_a-mlock.o)
 .ARM.attributes
                0x00001089       0x38 c:/siliconlabs/simplicitystudio/v5/developer/toolchains/gnu_arm/10.3_2021.10/bin/../lib/gcc/arm-none-eabi/10.3.1/../../../../arm-none-eabi/lib/thumb/v8-m.main+fp/hard\libc_nano.a(lib_a-readr.o)
 .ARM.attributes
                0x000010c1       0x38 c:/siliconlabs/simplicitystudio/v5/developer/toolchains/gnu_arm/10.3_2021.10/bin/../lib/gcc/arm-none-eabi/10.3.1/../../../../arm-none-eabi/lib/thumb/v8-m.main+fp/hard\libc_nano.a(lib_a-reent.o)
 .ARM.attributes
                0x000010f9       0x22 c:/siliconlabs/simplicitystudio/v5/developer/toolchains/gnu_arm/10.3_2021.10/bin/../lib/gcc/arm-none-eabi/10.3.1/thumb/v8-m.main+fp/hard/crtn.o

.comment        0x00000000       0x49
 .comment       0x00000000       0x49 ./app.o
                                 0x4a (size before relaxing)
 .comment       0x00000049       0x4a ./main.o
 .comment       0x00000049       0x4a ./autogen/sl_board_default_init.o
 .comment       0x00000049       0x4a ./autogen/sl_cli_command_table.o
 .comment       0x00000049       0x4a ./autogen/sl_cli_instances.o
 .comment       0x00000049       0x4a ./autogen/sl_device_init_clocks.o
 .comment       0x00000049       0x4a ./autogen/sl_event_handler.o
 .comment       0x00000049       0x4a ./gecko_sdk_3.2.3/app/common/util/app_log/app_log.o
 .comment       0x00000049       0x4a ./gecko_sdk_3.2.3/hardware/board/src/sl_board_init.o
 .comment       0x00000049       0x4a ./gecko_sdk_3.2.3/platform/Device/SiliconLabs/BGM22/Source/GCC/startup_bgm22.o
 .comment       0x00000049       0x4a ./gecko_sdk_3.2.3/platform/Device/SiliconLabs/BGM22/Source/system_bgm22.o
 .comment       0x00000049       0x4a ./gecko_sdk_3.2.3/platform/common/src/sl_slist.o
 .comment       0x00000049       0x4a ./gecko_sdk_3.2.3/platform/common/src/sl_string.o
 .comment       0x00000049       0x4a ./gecko_sdk_3.2.3/platform/common/toolchain/src/sl_memory.o
 .comment       0x00000049       0x4a ./gecko_sdk_3.2.3/platform/emlib/src/em_assert.o
 .comment       0x00000049       0x4a ./gecko_sdk_3.2.3/platform/emlib/src/em_cmu.o
 .comment       0x00000049       0x4a ./gecko_sdk_3.2.3/platform/emlib/src/em_core.o
 .comment       0x00000049       0x4a ./gecko_sdk_3.2.3/platform/emlib/src/em_emu.o
 .comment       0x00000049       0x4a ./gecko_sdk_3.2.3/platform/service/cli/src/sl_cli.o
 .comment       0x00000049       0x4a ./gecko_sdk_3.2.3/platform/service/cli/src/sl_cli_arguments.o
 .comment       0x00000049       0x4a ./gecko_sdk_3.2.3/platform/service/cli/src/sl_cli_command.o
 .comment       0x00000049       0x4a ./gecko_sdk_3.2.3/platform/service/cli/src/sl_cli_input.o
 .comment       0x00000049       0x4a ./gecko_sdk_3.2.3/platform/service/cli/src/sl_cli_io.o
 .comment       0x00000049       0x4a ./gecko_sdk_3.2.3/platform/service/cli/src/sl_cli_tokenize.o
 .comment       0x00000049       0x4a ./gecko_sdk_3.2.3/platform/service/device_init/src/sl_device_init_dcdc_s2.o
 .comment       0x00000049       0x4a ./gecko_sdk_3.2.3/platform/service/device_init/src/sl_device_init_emu_s2.o
 .comment       0x00000049       0x4a ./gecko_sdk_3.2.3/platform/service/device_init/src/sl_device_init_hfxo_s2.o
 .comment       0x00000049       0x4a ./gecko_sdk_3.2.3/platform/service/device_init/src/sl_device_init_lfxo_s2.o
 .comment       0x00000049       0x4a ./gecko_sdk_3.2.3/platform/service/device_init/src/sl_device_init_nvic.o
 .comment       0x00000049       0x4a ./gecko_sdk_3.2.3/platform/service/iostream/src/sl_iostream.o
 .comment       0x00000049       0x4a ./gecko_sdk_3.2.3/platform/service/iostream/src/sl_iostream_retarget_stdio.o
 .comment       0x00000049       0x4a ./gecko_sdk_3.2.3/platform/service/iostream/src/sl_iostream_stdlib_config.o
 .comment       0x00000049       0x4a ./gecko_sdk_3.2.3/platform/service/system/src/sl_system_init.o
 .comment       0x00000049       0x4a ./gecko_sdk_3.2.3/platform/service/system/src/sl_system_process_action.o

.debug_info     0x00000000    0x17b8d
 .debug_info    0x00000000       0x50 ./app.o
 .debug_info    0x00000050       0xad ./main.o
 .debug_info    0x000000fd       0x86 ./autogen/sl_board_default_init.o
 .debug_info    0x00000183      0x45d ./autogen/sl_cli_command_table.o
 .debug_info    0x000005e0      0x6c4 ./autogen/sl_cli_instances.o
 .debug_info    0x00000ca4      0x383 ./autogen/sl_device_init_clocks.o
 .debug_info    0x00001027     0x12ca ./autogen/sl_event_handler.o
 .debug_info    0x000022f1      0x5b6 ./gecko_sdk_3.2.3/app/common/util/app_log/app_log.o
 .debug_info    0x000028a7      0x279 ./gecko_sdk_3.2.3/hardware/board/src/sl_board_init.o
 .debug_info    0x00002b20      0x21b ./gecko_sdk_3.2.3/platform/Device/SiliconLabs/BGM22/Source/GCC/startup_bgm22.o
 .debug_info    0x00002d3b     0x136c ./gecko_sdk_3.2.3/platform/Device/SiliconLabs/BGM22/Source/system_bgm22.o
 .debug_info    0x000040a7      0x3e7 ./gecko_sdk_3.2.3/platform/common/src/sl_slist.o
 .debug_info    0x0000448e      0x39f ./gecko_sdk_3.2.3/platform/common/src/sl_string.o
 .debug_info    0x0000482d      0x205 ./gecko_sdk_3.2.3/platform/common/toolchain/src/sl_memory.o
 .debug_info    0x00004a32       0x86 ./gecko_sdk_3.2.3/platform/emlib/src/em_assert.o
 .debug_info    0x00004ab8     0x72e3 ./gecko_sdk_3.2.3/platform/emlib/src/em_cmu.o
 .debug_info    0x0000bd9b     0x13dc ./gecko_sdk_3.2.3/platform/emlib/src/em_core.o
 .debug_info    0x0000d177     0x39e7 ./gecko_sdk_3.2.3/platform/emlib/src/em_emu.o
 .debug_info    0x00010b5e      0xac9 ./gecko_sdk_3.2.3/platform/service/cli/src/sl_cli.o
 .debug_info    0x00011627      0xa05 ./gecko_sdk_3.2.3/platform/service/cli/src/sl_cli_arguments.o
 .debug_info    0x0001202c     0x1262 ./gecko_sdk_3.2.3/platform/service/cli/src/sl_cli_command.o
 .debug_info    0x0001328e      0xeb2 ./gecko_sdk_3.2.3/platform/service/cli/src/sl_cli_input.o
 .debug_info    0x00014140      0x20e ./gecko_sdk_3.2.3/platform/service/cli/src/sl_cli_io.o
 .debug_info    0x0001434e      0x236 ./gecko_sdk_3.2.3/platform/service/cli/src/sl_cli_tokenize.o
 .debug_info    0x00014584      0x2a9 ./gecko_sdk_3.2.3/platform/service/device_init/src/sl_device_init_dcdc_s2.o
 .debug_info    0x0001482d      0x9a7 ./gecko_sdk_3.2.3/platform/service/device_init/src/sl_device_init_emu_s2.o
 .debug_info    0x000151d4      0x82c ./gecko_sdk_3.2.3/platform/service/device_init/src/sl_device_init_hfxo_s2.o
 .debug_info    0x00015a00      0x269 ./gecko_sdk_3.2.3/platform/service/device_init/src/sl_device_init_lfxo_s2.o
 .debug_info    0x00015c69      0x88e ./gecko_sdk_3.2.3/platform/service/device_init/src/sl_device_init_nvic.o
 .debug_info    0x000164f7      0x561 ./gecko_sdk_3.2.3/platform/service/iostream/src/sl_iostream.o
 .debug_info    0x00016a58      0x5b7 ./gecko_sdk_3.2.3/platform/service/iostream/src/sl_iostream_retarget_stdio.o
 .debug_info    0x0001700f      0xa21 ./gecko_sdk_3.2.3/platform/service/iostream/src/sl_iostream_stdlib_config.o
 .debug_info    0x00017a30       0xba ./gecko_sdk_3.2.3/platform/service/system/src/sl_system_init.o
 .debug_info    0x00017aea       0xa3 ./gecko_sdk_3.2.3/platform/service/system/src/sl_system_process_action.o

.debug_abbrev   0x00000000     0x3b49
 .debug_abbrev  0x00000000       0x4a ./app.o
 .debug_abbrev  0x0000004a       0x5e ./main.o
 .debug_abbrev  0x000000a8       0x46 ./autogen/sl_board_default_init.o
 .debug_abbrev  0x000000ee       0xf2 ./autogen/sl_cli_command_table.o
 .debug_abbrev  0x000001e0      0x1da ./autogen/sl_cli_instances.o
 .debug_abbrev  0x000003ba       0xd8 ./autogen/sl_device_init_clocks.o
 .debug_abbrev  0x00000492      0x1bc ./autogen/sl_event_handler.o
 .debug_abbrev  0x0000064e      0x282 ./gecko_sdk_3.2.3/app/common/util/app_log/app_log.o
 .debug_abbrev  0x000008d0       0xe6 ./gecko_sdk_3.2.3/hardware/board/src/sl_board_init.o
 .debug_abbrev  0x000009b6      0x145 ./gecko_sdk_3.2.3/platform/Device/SiliconLabs/BGM22/Source/GCC/startup_bgm22.o
 .debug_abbrev  0x00000afb      0x271 ./gecko_sdk_3.2.3/platform/Device/SiliconLabs/BGM22/Source/system_bgm22.o
 .debug_abbrev  0x00000d6c      0x163 ./gecko_sdk_3.2.3/platform/common/src/sl_slist.o
 .debug_abbrev  0x00000ecf      0x212 ./gecko_sdk_3.2.3/platform/common/src/sl_string.o
 .debug_abbrev  0x000010e1      0x11e ./gecko_sdk_3.2.3/platform/common/toolchain/src/sl_memory.o
 .debug_abbrev  0x000011ff       0x6c ./gecko_sdk_3.2.3/platform/emlib/src/em_assert.o
 .debug_abbrev  0x0000126b      0x502 ./gecko_sdk_3.2.3/platform/emlib/src/em_cmu.o
 .debug_abbrev  0x0000176d      0x313 ./gecko_sdk_3.2.3/platform/emlib/src/em_core.o
 .debug_abbrev  0x00001a80      0x4bf ./gecko_sdk_3.2.3/platform/emlib/src/em_emu.o
 .debug_abbrev  0x00001f3f      0x37d ./gecko_sdk_3.2.3/platform/service/cli/src/sl_cli.o
 .debug_abbrev  0x000022bc      0x357 ./gecko_sdk_3.2.3/platform/service/cli/src/sl_cli_arguments.o
 .debug_abbrev  0x00002613      0x355 ./gecko_sdk_3.2.3/platform/service/cli/src/sl_cli_command.o
 .debug_abbrev  0x00002968      0x38a ./gecko_sdk_3.2.3/platform/service/cli/src/sl_cli_input.o
 .debug_abbrev  0x00002cf2      0x126 ./gecko_sdk_3.2.3/platform/service/cli/src/sl_cli_io.o
 .debug_abbrev  0x00002e18      0x11e ./gecko_sdk_3.2.3/platform/service/cli/src/sl_cli_tokenize.o
 .debug_abbrev  0x00002f36       0xe0 ./gecko_sdk_3.2.3/platform/service/device_init/src/sl_device_init_dcdc_s2.o
 .debug_abbrev  0x00003016      0x13a ./gecko_sdk_3.2.3/platform/service/device_init/src/sl_device_init_emu_s2.o
 .debug_abbrev  0x00003150      0x16f ./gecko_sdk_3.2.3/platform/service/device_init/src/sl_device_init_hfxo_s2.o
 .debug_abbrev  0x000032bf       0xed ./gecko_sdk_3.2.3/platform/service/device_init/src/sl_device_init_lfxo_s2.o
 .debug_abbrev  0x000033ac      0x144 ./gecko_sdk_3.2.3/platform/service/device_init/src/sl_device_init_nvic.o
 .debug_abbrev  0x000034f0      0x237 ./gecko_sdk_3.2.3/platform/service/iostream/src/sl_iostream.o
 .debug_abbrev  0x00003727      0x198 ./gecko_sdk_3.2.3/platform/service/iostream/src/sl_iostream_retarget_stdio.o
 .debug_abbrev  0x000038bf      0x1cc ./gecko_sdk_3.2.3/platform/service/iostream/src/sl_iostream_stdlib_config.o
 .debug_abbrev  0x00003a8b       0x5f ./gecko_sdk_3.2.3/platform/service/system/src/sl_system_init.o
 .debug_abbrev  0x00003aea       0x5f ./gecko_sdk_3.2.3/platform/service/system/src/sl_system_process_action.o

.debug_aranges  0x00000000      0x9d8
 .debug_aranges
                0x00000000       0x20 ./app.o
 .debug_aranges
                0x00000020       0x20 ./main.o
 .debug_aranges
                0x00000040       0x20 ./autogen/sl_board_default_init.o
 .debug_aranges
                0x00000060       0x18 ./autogen/sl_cli_command_table.o
 .debug_aranges
                0x00000078       0x30 ./autogen/sl_cli_instances.o
 .debug_aranges
                0x000000a8       0x20 ./autogen/sl_device_init_clocks.o
 .debug_aranges
                0x000000c8       0x40 ./autogen/sl_event_handler.o
 .debug_aranges
                0x00000108       0x88 ./gecko_sdk_3.2.3/app/common/util/app_log/app_log.o