Archive member included to satisfy reference by file (symbol)

c:/siliconlabs/simplicitystudio/v5/developer/toolchains/gnu_arm/10.3_2021.10/bin/../lib/gcc/arm-none-eabi/10.3.1/thumb/v8-m.main+fp/hard\libgcc.a(_aeabi_ldivmod.o)
                              ./gecko_sdk_3.2.3/platform/emlib/src/em_usart.o (__aeabi_ldivmod)
c:/siliconlabs/simplicitystudio/v5/developer/toolchains/gnu_arm/10.3_2021.10/bin/../lib/gcc/arm-none-eabi/10.3.1/thumb/v8-m.main+fp/hard\libgcc.a(_aeabi_uldivmod.o)
                              ./gecko_sdk_3.2.3/platform/emlib/src/em_usart.o (__aeabi_uldivmod)
c:/siliconlabs/simplicitystudio/v5/developer/toolchains/gnu_arm/10.3_2021.10/bin/../lib/gcc/arm-none-eabi/10.3.1/thumb/v8-m.main+fp/hard\libgcc.a(_udivmoddi4.o)
                              c:/siliconlabs/simplicitystudio/v5/developer/toolchains/gnu_arm/10.3_2021.10/bin/../lib/gcc/arm-none-eabi/10.3.1/thumb/v8-m.main+fp/hard\libgcc.a(_aeabi_ldivmod.o) (__udivmoddi4)
c:/siliconlabs/simplicitystudio/v5/developer/toolchains/gnu_arm/10.3_2021.10/bin/../lib/gcc/arm-none-eabi/10.3.1/thumb/v8-m.main+fp/hard\libgcc.a(_dvmd_tls.o)
                              c:/siliconlabs/simplicitystudio/v5/developer/toolchains/gnu_arm/10.3_2021.10/bin/../lib/gcc/arm-none-eabi/10.3.1/thumb/v8-m.main+fp/hard\libgcc.a(_aeabi_ldivmod.o) (__aeabi_ldiv0)
c:/siliconlabs/simplicitystudio/v5/developer/toolchains/gnu_arm/10.3_2021.10/bin/../lib/gcc/arm-none-eabi/10.3.1/../../../../arm-none-eabi/lib/thumb/v8-m.main+fp/hard\libc_nano.a(lib_a-exit.o)
                              c:/siliconlabs/simplicitystudio/v5/developer/toolchains/gnu_arm/10.3_2021.10/bin/../lib/gcc/arm-none-eabi/10.3.1/../../../../arm-none-eabi/lib/thumb/v8-m.main+fp/hard/crt0.o (exit)
c:/siliconlabs/simplicitystudio/v5/developer/toolchains/gnu_arm/10.3_2021.10/bin/../lib/gcc/arm-none-eabi/10.3.1/../../../../arm-none-eabi/lib/thumb/v8-m.main+fp/hard\libc_nano.a(lib_a-impure.o)
                              c:/siliconlabs/simplicitystudio/v5/developer/toolchains/gnu_arm/10.3_2021.10/bin/../lib/gcc/arm-none-eabi/10.3.1/../../../../arm-none-eabi/lib/thumb/v8-m.main+fp/hard\libc_nano.a(lib_a-exit.o) (_global_impure_ptr)
c:/siliconlabs/simplicitystudio/v5/developer/toolchains/gnu_arm/10.3_2021.10/bin/../lib/gcc/arm-none-eabi/10.3.1/../../../../arm-none-eabi/lib/thumb/v8-m.main+fp/hard\libc_nano.a(lib_a-init.o)
                              c:/siliconlabs/simplicitystudio/v5/developer/toolchains/gnu_arm/10.3_2021.10/bin/../lib/gcc/arm-none-eabi/10.3.1/../../../../arm-none-eabi/lib/thumb/v8-m.main+fp/hard/crt0.o (__libc_init_array)
c:/siliconlabs/simplicitystudio/v5/developer/toolchains/gnu_arm/10.3_2021.10/bin/../lib/gcc/arm-none-eabi/10.3.1/../../../../arm-none-eabi/lib/thumb/v8-m.main+fp/hard\libc_nano.a(lib_a-memset.o)
                              c:/siliconlabs/simplicitystudio/v5/developer/toolchains/gnu_arm/10.3_2021.10/bin/../lib/gcc/arm-none-eabi/10.3.1/../../../../arm-none-eabi/lib/thumb/v8-m.main+fp/hard/crt0.o (memset)
c:/siliconlabs/simplicitystudio/v5/developer/toolchains/gnu_arm/10.3_2021.10/bin/../lib/gcc/arm-none-eabi/10.3.1/../../../../arm-none-eabi/lib/thumb/v8-m.main+fp/hard\libc_nano.a(lib_a-setvbuf.o)
                              ./gecko_sdk_3.2.3/platform/service/iostream/src/sl_iostream_stdlib_config.o (setvbuf)
c:/siliconlabs/simplicitystudio/v5/developer/toolchains/gnu_arm/10.3_2021.10/bin/../lib/gcc/arm-none-eabi/10.3.1/../../../../arm-none-eabi/lib/thumb/v8-m.main+fp/hard\libc_nano.a(lib_a-strcmp.o)
                              ./autogen/sl_iostream_handles.o (strcmp)
c:/siliconlabs/simplicitystudio/v5/developer/toolchains/gnu_arm/10.3_2021.10/bin/../lib/gcc/arm-none-eabi/10.3.1/../../../../arm-none-eabi/lib/thumb/v8-m.main+fp/hard\libc_nano.a(lib_a-vprintf.o)
                              ./gecko_sdk_3.2.3/platform/service/iostream/src/sl_iostream.o (vprintf)
c:/siliconlabs/simplicitystudio/v5/developer/toolchains/gnu_arm/10.3_2021.10/bin/../lib/gcc/arm-none-eabi/10.3.1/../../../../arm-none-eabi/lib/thumb/v8-m.main+fp/hard\libc_nano.a(lib_a-fflush.o)
                              c:/siliconlabs/simplicitystudio/v5/developer/toolchains/gnu_arm/10.3_2021.10/bin/../lib/gcc/arm-none-eabi/10.3.1/../../../../arm-none-eabi/lib/thumb/v8-m.main+fp/hard\libc_nano.a(lib_a-setvbuf.o) (_fflush_r)
c:/siliconlabs/simplicitystudio/v5/developer/toolchains/gnu_arm/10.3_2021.10/bin/../lib/gcc/arm-none-eabi/10.3.1/../../../../arm-none-eabi/lib/thumb/v8-m.main+fp/hard\libc_nano.a(lib_a-findfp.o)
                              c:/siliconlabs/simplicitystudio/v5/developer/toolchains/gnu_arm/10.3_2021.10/bin/../lib/gcc/arm-none-eabi/10.3.1/../../../../arm-none-eabi/lib/thumb/v8-m.main+fp/hard\libc_nano.a(lib_a-setvbuf.o) (__sinit)
c:/siliconlabs/simplicitystudio/v5/developer/toolchains/gnu_arm/10.3_2021.10/bin/../lib/gcc/arm-none-eabi/10.3.1/../../../../arm-none-eabi/lib/thumb/v8-m.main+fp/hard\libc_nano.a(lib_a-fwalk.o)
[...]
Memory Configuration

Name             Origin             Length             Attributes
FLASH            0x00000000         0x0007e000         xr
RAM              0x20000000         0x00008000         xrw
*default*        0x00000000         0xffffffff

Linker script and memory map

LOAD c:/siliconlabs/simplicitystudio/v5/developer/toolchains/gnu_arm/10.3_2021.10/bin/../lib/gcc/arm-none-eabi/10.3.1/thumb/v8-m.main+fp/hard/crti.o
LOAD c:/siliconlabs/simplicitystudio/v5/developer/toolchains/gnu_arm/10.3_2021.10/bin/../lib/gcc/arm-none-eabi/10.3.1/thumb/v8-m.main+fp/hard/crtbegin.o
LOAD c:/siliconlabs/simplicitystudio/v5/developer/toolchains/gnu_arm/10.3_2021.10/bin/../lib/gcc/arm-none-eabi/10.3.1/../../../../arm-none-eabi/lib/thumb/v8-m.main+fp/hard/crt0.o
START GROUP
LOAD ./app.o
LOAD ./main.o
LOAD ./autogen/sl_board_default_init.o
LOAD ./autogen/sl_device_init_clocks.o
LOAD ./autogen/sl_event_handler.o
LOAD ./autogen/sl_iostream_handles.o
LOAD ./autogen/sl_iostream_init_usart_instances.o
LOAD ./autogen/sl_simple_button_instances.o
LOAD ./autogen/sl_simple_led_instances.o
LOAD ./gecko_sdk_3.2.3/app/common/util/app_log/app_log.o
LOAD ./gecko_sdk_3.2.3/hardware/board/src/sl_board_control_gpio.o
LOAD ./gecko_sdk_3.2.3/hardware/board/src/sl_board_init.o
LOAD ./gecko_sdk_3.2.3/platform/Device/SiliconLabs/BGM22/Source/GCC/startup_bgm22.o
LOAD ./gecko_sdk_3.2.3/platform/Device/SiliconLabs/BGM22/Source/system_bgm22.o
LOAD ./gecko_sdk_3.2.3/platform/common/toolchain/src/sl_memory.o
LOAD ./gecko_sdk_3.2.3/platform/driver/button/src/sl_button.o
LOAD ./gecko_sdk_3.2.3/platform/driver/button/src/sl_simple_button.o
LOAD ./gecko_sdk_3.2.3/platform/driver/leddrv/src/sl_led.o
LOAD ./gecko_sdk_3.2.3/platform/driver/leddrv/src/sl_simple_led.o
LOAD ./gecko_sdk_3.2.3/platform/emdrv/gpiointerrupt/src/gpiointerrupt.o
LOAD ./gecko_sdk_3.2.3/platform/emlib/src/em_assert.o
LOAD ./gecko_sdk_3.2.3/platform/emlib/src/em_cmu.o
LOAD ./gecko_sdk_3.2.3/platform/emlib/src/em_core.o
LOAD ./gecko_sdk_3.2.3/platform/emlib/src/em_emu.o
LOAD ./gecko_sdk_3.2.3/platform/emlib/src/em_gpio.o
LOAD ./gecko_sdk_3.2.3/platform/emlib/src/em_system.o
LOAD ./gecko_sdk_3.2.3/platform/emlib/src/em_usart.o
LOAD ./gecko_sdk_3.2.3/platform/service/device_init/src/sl_device_init_dcdc_s2.o
LOAD ./gecko_sdk_3.2.3/platform/service/device_init/src/sl_device_init_emu_s2.o
LOAD ./gecko_sdk_3.2.3/platform/service/device_init/src/sl_device_init_hfxo_s2.o
LOAD ./gecko_sdk_3.2.3/platform/service/device_init/src/sl_device_init_lfxo_s2.o
LOAD ./gecko_sdk_3.2.3/platform/service/device_init/src/sl_device_init_nvic.o
LOAD ./gecko_sdk_3.2.3/platform/service/iostream/src/sl_iostream.o
LOAD ./gecko_sdk_3.2.3/platform/service/iostream/src/sl_iostream_retarget_stdio.o
LOAD ./gecko_sdk_3.2.3/platform/service/iostream/src/sl_iostream_stdlib_config.o
LOAD ./gecko_sdk_3.2.3/platform/service/iostream/src/sl_iostream_uart.o
LOAD ./gecko_sdk_3.2.3/platform/service/iostream/src/sl_iostream_usart.o
LOAD ./gecko_sdk_3.2.3/platform/service/system/src/sl_system_init.o
LOAD ./gecko_sdk_3.2.3/platform/service/system/src/sl_system_process_action.o
LOAD c:/siliconlabs/simplicitystudio/v5/developer/toolchains/gnu_arm/10.3_2021.10/bin/../lib/gcc/arm-none-eabi/10.3.1/thumb/v8-m.main+fp/hard\libgcc.a
LOAD c:/siliconlabs/simplicitystudio/v5/developer/toolchains/gnu_arm/10.3_2021.10/bin/../lib/gcc/arm-none-eabi/10.3.1/../../../../arm-none-eabi/lib/thumb/v8-m.main+fp/hard\libc_nano.a
LOAD c:/siliconlabs/simplicitystudio/v5/developer/toolchains/gnu_arm/10.3_2021.10/bin/../lib/gcc/arm-none-eabi/10.3.1/../../../../arm-none-eabi/lib/thumb/v8-m.main+fp/hard\libm.a
LOAD c:/siliconlabs/simplicitystudio/v5/developer/toolchains/gnu_arm/10.3_2021.10/bin/../lib/gcc/arm-none-eabi/10.3.1/../../../../arm-none-eabi/lib/thumb/v8-m.main+fp/hard\libnosys.a
END GROUP
START GROUP
LOAD c:/siliconlabs/simplicitystudio/v5/developer/toolchains/gnu_arm/10.3_2021.10/bin/../lib/gcc/arm-none-eabi/10.3.1/thumb/v8-m.main+fp/hard\libgcc.a
LOAD c:/siliconlabs/simplicitystudio/v5/developer/toolchains/gnu_arm/10.3_2021.10/bin/../lib/gcc/arm-none-eabi/10.3.1/../../../../arm-none-eabi/lib/thumb/v8-m.main+fp/hard\libc_nano.a
LOAD c:/siliconlabs/simplicitystudio/v5/developer/toolchains/gnu_arm/10.3_2021.10/bin/../lib/gcc/arm-none-eabi/10.3.1/../../../../arm-none-eabi/lib/thumb/v8-m.main+fp/hard\libnosys.a
END GROUP
START GROUP
LOAD c:/siliconlabs/simplicitystudio/v5/developer/toolchains/gnu_arm/10.3_2021.10/bin/../lib/gcc/arm-none-eabi/10.3.1/thumb/v8-m.main+fp/hard\libgcc.a
LOAD c:/siliconlabs/simplicitystudio/v5/developer/toolchains/gnu_arm/10.3_2021.10/bin/../lib/gcc/arm-none-eabi/10.3.1/../../../../arm-none-eabi/lib/thumb/v8-m.main+fp/hard\libg_nano.a
LOAD c:/siliconlabs/simplicitystudio/v5/developer/toolchains/gnu_arm/10.3_2021.10/bin/../lib/gcc/arm-none-eabi/10.3.1/../../../../arm-none-eabi/lib/thumb/v8-m.main+fp/hard\libc_nano.a
END GROUP
START GROUP
LOAD c:/siliconlabs/simplicitystudio/v5/developer/toolchains/gnu_arm/10.3_2021.10/bin/../lib/gcc/arm-none-eabi/10.3.1/thumb/v8-m.main+fp/hard\libgcc.a
LOAD c:/siliconlabs/simplicitystudio/v5/developer/toolchains/gnu_arm/10.3_2021.10/bin/../lib/gcc/arm-none-eabi/10.3.1/../../../../arm-none-eabi/lib/thumb/v8-m.main+fp/hard\libc_nano.a
END GROUP
LOAD c:/siliconlabs/simplicitystudio/v5/developer/toolchains/gnu_arm/10.3_2021.10/bin/../lib/gcc/arm-none-eabi/10.3.1/thumb/v8-m.main+fp/hard/crtend.o
LOAD c:/siliconlabs/simplicitystudio/v5/developer/toolchains/gnu_arm/10.3_2021.10/bin/../lib/gcc/arm-none-eabi/10.3.1/thumb/v8-m.main+fp/hard/crtn.o

.text           0x00000000     0x3da8
                0x00000000                linker_vectors_begin = .
 *(.vectors)
 .vectors       0x00000000      0x140 ./gecko_sdk_3.2.3/platform/Device/SiliconLabs/BGM22/Source/GCC/startup_bgm22.o
                0x00000000                __Vectors
                0x00000140                linker_vectors_end = .
                0x00000140                __Vectors_End = .
                0x00000140                __Vectors_Size = (__Vectors_End - __Vectors)
                0x00000140                linker_code_begin = .
 *(.text*)
 .text          0x00000140       0x40 c:/siliconlabs/simplicitystudio/v5/developer/toolchains/gnu_arm/10.3_2021.10/bin/../lib/gcc/arm-none-eabi/10.3.1/thumb/v8-m.main+fp/hard/crtbegin.o
 .text          0x00000180       0x7c c:/siliconlabs/simplicitystudio/v5/developer/toolchains/gnu_arm/10.3_2021.10/bin/../lib/gcc/arm-none-eabi/10.3.1/../../../../arm-none-eabi/lib/thumb/v8-m.main+fp/hard/crt0.o
                0x00000180                _stack_init
                0x00000188                _start
                0x00000188                _mainCRTStartup
 .text.app_init
                0x000001fc       0x20 ./app.o
                0x000001fc                app_init
 .text.app_process_action
                0x0000021c       0x1c ./app.o
                0x0000021c                app_process_action
 .text.sl_button_on_change
                0x00000238       0x48 ./app.o
                0x00000238                sl_button_on_change
 .text.startup.main
                0x00000280       0x14 ./main.o
                0x00000280                main
 .text.sl_board_default_init
                0x00000294        0x2 ./autogen/sl_board_default_init.o
                0x00000294                sl_board_default_init
 .text.sl_device_init_clocks
                0x00000296       0x46 ./autogen/sl_device_init_clocks.o
                0x00000296                sl_device_init_clocks
 .text.sl_platform_init
                0x000002dc       0x60 ./autogen/sl_event_handler.o
                0x000002dc                sl_platform_init
 .text.sl_driver_init
                0x0000033c       0x12 ./autogen/sl_event_handler.o
                0x0000033c                sl_driver_init
 .text.sl_service_init
                0x0000034e        0xe ./autogen/sl_event_handler.o
                0x0000034e                sl_service_init
 .text.sl_stack_init
                0x0000035c        0x2 ./autogen/sl_event_handler.o
                0x0000035c                sl_stack_init
 .text.sl_internal_app_init
                0x0000035e        0x4 ./autogen/sl_event_handler.o
                0x0000035e                sl_internal_app_init
 .text.sl_platform_process_action
                0x00000362        0x2 ./autogen/sl_event_handler.o
                0x00000362                sl_platform_process_action
 .text.sl_service_process_action
                0x00000364        0x2 ./autogen/sl_event_handler.o
                0x00000364                sl_service_process_action
 .text.sl_stack_process_action
                0x00000366        0x2 ./autogen/sl_event_handler.o
                0x00000366                sl_stack_process_action
 .text.sl_internal_app_process_action
                0x00000368        0x2 ./autogen/sl_event_handler.o
                0x00000368                sl_internal_app_process_action
 *fill*         0x0000036a        0x2 
 .text.sl_iostream_usart_init_vcom
                0x0000036c       0x64 ./autogen/sl_iostream_init_usart_instances.o
                0x0000036c                sl_iostream_usart_init_vcom
 .text.sl_iostream_usart_init_instances
                0x000003d0        0x4 ./autogen/sl_iostream_init_usart_instances.o
                0x000003d0                sl_iostream_usart_init_instances
 .text.USART1_RX_IRQHandler
                0x000003d4        0xc ./autogen/sl_iostream_init_usart_instances.o
                0x000003d4                USART1_RX_IRQHandler
 .text.USART1_TX_IRQHandler
                0x000003e0        0x4 ./autogen/sl_iostream_init_usart_instances.o
                0x000003e0                USART1_TX_IRQHandler
 .text.sl_simple_button_init_instances
                0x000003e4       0x1c ./autogen/sl_simple_button_instances.o
                0x000003e4                sl_simple_button_init_instances
 .text.sl_simple_led_init_instances
                0x00000400        0xc ./autogen/sl_simple_led_instances.o
                0x00000400                sl_simple_led_init_instances
 .text._app_log_time
                0x0000040c        0x2 ./gecko_sdk_3.2.3/app/common/util/app_log/app_log.o
                0x0000040c                _app_log_time
 .text._app_log_counter
                0x0000040e        0x2 ./gecko_sdk_3.2.3/app/common/util/app_log/app_log.o
                0x0000040e                _app_log_counter
 .text.app_log_init
                0x00000410       0x38 ./gecko_sdk_3.2.3/app/common/util/app_log/app_log.o
                0x00000410                app_log_init
 .text.sl_board_init
                0x00000448       0x12 ./gecko_sdk_3.2.3/hardware/board/src/sl_board_init.o
                0x00000448                sl_board_init
 .text.sl_board_preinit
                0x0000045a        0x8 ./gecko_sdk_3.2.3/hardware/board/src/sl_board_init.o
                0x0000045a                sl_board_preinit
 .text.Default_Handler
                0x00000462        0x2 ./gecko_sdk_3.2.3/platform/Device/SiliconLabs/BGM22/Source/GCC/startup_bgm22.o
                0x00000462                ULFRCO_IRQHandler
                0x00000462                SW2_IRQHandler
                0x00000462                TIMER2_IRQHandler
                0x00000462                DebugMon_Handler
                0x00000462                PKE_IRQHandler
                0x00000462                USART0_TX_IRQHandler
                0x00000462                PRORTC_IRQHandler
                0x00000462                IADC_IRQHandler
                0x00000462                I2C0_IRQHandler
                0x00000462                LFXO_IRQHandler
                0x00000462                CRYPTOACC_IRQHandler
                0x00000462                HardFault_Handler
                0x00000462                SMU_SECURE_IRQHandler
                0x00000462                SysTick_Handler
                0x00000462                EMUEFP_IRQHandler
                0x00000462                PendSV_Handler
                0x00000462                NMI_Handler
                0x00000462                SYNTH_IRQHandler
                0x00000462                HFXO0_IRQHandler
                0x00000462                I2C1_IRQHandler
                0x00000462                PDM_IRQHandler
                0x00000462                WDOG0_IRQHandler
                0x00000462                TIMER3_IRQHandler
                0x00000462                SYSCFG_IRQHandler
                0x00000462                EMUSE_IRQHandler
                0x00000462                EMUDG_IRQHandler
                0x00000462                SMU_PRIVILEGED_IRQHandler
                0x00000462                MSC_IRQHandler
                0x00000462                DPLL0_IRQHandler
                0x00000462                UsageFault_Handler
                0x00000462                M33CTI1_IRQHandler
                0x00000462                TIMER4_IRQHandler
                0x00000462                LDMA_IRQHandler
                0x00000462                SW0_IRQHandler
                0x00000462                TIMER0_IRQHandler
                0x00000462                LETIMER0_IRQHandler
                0x00000462                TIMER1_IRQHandler
                0x00000462                HFRCO0_IRQHandler
                0x00000462                RFSENSE_IRQHandler
                0x00000462                BUFC_IRQHandler
                0x00000462                DCDC_IRQHandler
                0x00000462                MODEM_IRQHandler
                0x00000462                Default_Handler
                0x00000462                RAC_SEQ_IRQHandler
                0x00000462                FRC_PRI_IRQHandler
                0x00000462                EMU_IRQHandler
                0x00000462                SW3_IRQHandler
                0x00000462                KERNEL0_IRQHandler
                0x00000462                FRC_IRQHandler
                0x00000462                KERNEL1_IRQHandler
                0x00000462                AGC_IRQHandler
                0x00000462                sl_app_properties
                0x00000462                BURTC_IRQHandler
                0x00000462                LFRCO_IRQHandler
                0x00000462                USART0_RX_IRQHandler
                0x00000462                MemManage_Handler
                0x00000462                RDMAILBOX_IRQHandler
                0x00000462                SVC_Handler
                0x00000462                RTCC_IRQHandler
                0x00000462                SW1_IRQHandler
                0x00000462                CMU_IRQHandler
                0x00000462                RAC_RSM_IRQHandler
                0x00000462                EUART0_TX_IRQHandler
                0x00000462                EUART0_RX_IRQHandler
                0x00000462                AES_IRQHandler
                0x00000462                M33CTI0_IRQHandler
                0x00000462                ICACHE0_IRQHandler
                0x00000462                SMU_NS_PRIVILEGED_IRQHandler
                0x00000462                PROTIMER_IRQHandler
                0x00000462                BusFault_Handler
                0x00000462                TRNG_IRQHandler
 .text.Reset_Handler
                0x00000464       0x2c ./gecko_sdk_3.2.3/platform/Device/SiliconLabs/BGM22/Source/GCC/startup_bgm22.o
                0x00000464                Reset_Handler
 .text.SystemInit
                0x00000490       0x1c ./gecko_sdk_3.2.3/platform/Device/SiliconLabs/BGM22/Source/system_bgm22.o
                0x00000490                SystemInit
 .text.SystemHFRCODPLLClockGet
                0x000004ac        0xc ./gecko_sdk_3.2.3/platform/Device/SiliconLabs/BGM22/Source/system_bgm22.o
                0x000004ac                SystemHFRCODPLLClockGet
 .text.SystemSYSCLKGet
                0x000004b8       0x34 ./gecko_sdk_3.2.3/platform/Device/SiliconLabs/BGM22/Source/system_bgm22.o
                0x000004b8                SystemSYSCLKGet
 .text.SystemHCLKGet
                0x000004ec       0x24 ./gecko_sdk_3.2.3/platform/Device/SiliconLabs/BGM22/Source/system_bgm22.o
                0x000004ec                SystemHCLKGet
 .text.SystemMaxCoreClockGet
                0x00000510        0x8 ./gecko_sdk_3.2.3/platform/Device/SiliconLabs/BGM22/Source/system_bgm22.o
                0x00000510                SystemMaxCoreClockGet
 .text.SystemHFXOClockGet
                0x00000518        0xc ./gecko_sdk_3.2.3/platform/Device/SiliconLabs/BGM22/Source/system_bgm22.o
                0x00000518                SystemHFXOClockGet
 .text.SystemHFXOClockSet
                0x00000524       0x20 ./gecko_sdk_3.2.3/platform/Device/SiliconLabs/BGM22/Source/system_bgm22.o
                0x00000524                SystemHFXOClockSet
 .text.SystemCLKIN0Get
                0x00000544        0x4 ./gecko_sdk_3.2.3/platform/Device/SiliconLabs/BGM22/Source/system_bgm22.o
                0x00000544                SystemCLKIN0Get
 .text.SystemFSRCOClockGet
                0x00000548        0x8 ./gecko_sdk_3.2.3/platform/Device/SiliconLabs/BGM22/Source/system_bgm22.o
                0x00000548                SystemFSRCOClockGet
 .text.SystemLFRCOClockGet
                0x00000550        0x6 ./gecko_sdk_3.2.3/platform/Device/SiliconLabs/BGM22/Source/system_bgm22.o
                0x00000550                SystemLFRCOClockGet
 .text.SystemULFRCOClockGet
                0x00000556        0x6 ./gecko_sdk_3.2.3/platform/Device/SiliconLabs/BGM22/Source/system_bgm22.o
                0x00000556                SystemULFRCOClockGet
 .text.SystemLFXOClockGet
                0x0000055c        0xc ./gecko_sdk_3.2.3/platform/Device/SiliconLabs/BGM22/Source/system_bgm22.o
                0x0000055c                SystemLFXOClockGet
 .text._sbrk    0x00000568       0x20 ./gecko_sdk_3.2.3/platform/common/toolchain/src/sl_memory.o
                0x00000568                _sbrk
 .text.sl_button_init
                0x00000588        0xc ./gecko_sdk_3.2.3/platform/driver/button/src/sl_button.o
                0x00000588                sl_button_init
 .text.sl_button_get_state
                0x00000594        0xc ./gecko_sdk_3.2.3/platform/driver/button/src/sl_button.o
                0x00000594                sl_button_get_state
 .text.GPIO_PinInGet
                0x000005a0       0x4c ./gecko_sdk_3.2.3/platform/driver/button/src/sl_simple_button.o
 .text.sli_simple_button_on_change
                0x000005ec       0x50 ./gecko_sdk_3.2.3/platform/driver/button/src/sl_simple_button.o
 .text.sl_simple_button_init
                0x0000063c       0x54 ./gecko_sdk_3.2.3/platform/driver/button/src/sl_simple_button.o
                0x0000063c                sl_simple_button_init
 .text.sl_simple_button_get_state
                0x00000690        0x4 ./gecko_sdk_3.2.3/platform/driver/button/src/sl_simple_button.o
                0x00000690                sl_simple_button_get_state
 .text.sl_simple_button_poll_step
                0x00000694       0x54 ./gecko_sdk_3.2.3/platform/driver/button/src/sl_simple_button.o
                0x00000694                sl_simple_button_poll_step
 .text.sl_simple_button_enable
                0x000006e8       0x10 ./gecko_sdk_3.2.3/platform/driver/button/src/sl_simple_button.o
                0x000006e8                sl_simple_button_enable
 .text.sl_simple_button_disable
                0x000006f8       0x30 ./gecko_sdk_3.2.3/platform/driver/button/src/sl_simple_button.o
                0x000006f8                sl_simple_button_disable
 .text.sl_led_init
                0x00000728        0x6 ./gecko_sdk_3.2.3/platform/driver/leddrv/src/sl_led.o
                0x00000728                sl_led_init
 .text.sl_led_turn_on
                0x0000072e        0x6 ./gecko_sdk_3.2.3/platform/driver/leddrv/src/sl_led.o
                0x0000072e                sl_led_turn_on
 .text.sl_led_turn_off
                0x00000734        0x6 ./gecko_sdk_3.2.3/platform/driver/leddrv/src/sl_led.o
                0x00000734                sl_led_turn_off
 *fill*         0x0000073a        0x2 
 .text.GPIO_PinOutClear
                0x0000073c       0x54 ./gecko_sdk_3.2.3/platform/driver/leddrv/src/sl_simple_led.o
 .text.GPIO_PinOutSet
                0x00000790       0x54 ./gecko_sdk_3.2.3/platform/driver/leddrv/src/sl_simple_led.o
 .text.sl_simple_led_init
                0x000007e4       0x22 ./gecko_sdk_3.2.3/platform/driver/leddrv/src/sl_simple_led.o
                0x000007e4                sl_simple_led_init
 .text.sl_simple_led_turn_on
                0x00000806       0x12 ./gecko_sdk_3.2.3/platform/driver/leddrv/src/sl_simple_led.o
                0x00000806                sl_simple_led_turn_on
 .text.sl_simple_led_turn_off
                0x00000818       0x12 ./gecko_sdk_3.2.3/platform/driver/leddrv/src/sl_simple_led.o
                0x00000818                sl_simple_led_turn_off
 *fill*         0x0000082a        0x2 
 .text.sl_simple_led_toggle
                0x0000082c       0x50 ./gecko_sdk_3.2.3/platform/driver/leddrv/src/sl_simple_led.o
                0x0000082c                sl_simple_led_toggle
 .text.sl_simple_led_get_state
                0x0000087c       0x58 ./gecko_sdk_3.2.3/platform/driver/leddrv/src/sl_simple_led.o
                0x0000087c                sl_simple_led_get_state
 .text.GPIOINT_IRQDispatcher
                0x000008d4       0x2c ./gecko_sdk_3.2.3/platform/emdrv/gpiointerrupt/src/gpiointerrupt.o
 .text.GPIOINT_Init
                0x00000900       0x30 ./gecko_sdk_3.2.3/platform/emdrv/gpiointerrupt/src/gpiointerrupt.o
                0x00000900                GPIOINT_Init
 .text.GPIOINT_CallbackRegister
                0x00000930       0x1c ./gecko_sdk_3.2.3/platform/emdrv/gpiointerrupt/src/gpiointerrupt.o
                0x00000930                GPIOINT_CallbackRegister
 .text.GPIO_EVEN_IRQHandler
                0x0000094c       0x24 ./gecko_sdk_3.2.3/platform/emdrv/gpiointerrupt/src/gpiointerrupt.o
                0x0000094c                GPIO_EVEN_IRQHandler
 .text.GPIO_ODD_IRQHandler
                0x00000970       0x24 ./gecko_sdk_3.2.3/platform/emdrv/gpiointerrupt/src/gpiointerrupt.o
                0x00000970                GPIO_ODD_IRQHandler
 .text.assertEFM
                0x00000994        0x2 ./gecko_sdk_3.2.3/platform/emlib/src/em_assert.o
                0x00000994                assertEFM
 .text.EMU_VScaleGet
                0x00000996       0x16 ./gecko_sdk_3.2.3/platform/emlib/src/em_cmu.o
 .text.em01GrpaClkGet
                0x000009ac       0x54 ./gecko_sdk_3.2.3/platform/emlib/src/em_cmu.o
 .text.iadcClkGet
                0x00000a00       0x54 ./gecko_sdk_3.2.3/platform/emlib/src/em_cmu.o
 .text.em01GrpbClkGet
                0x00000a54       0x70 ./gecko_sdk_3.2.3/platform/emlib/src/em_cmu.o
 .text.em23GrpaClkGet
                0x00000ac4       0x54 ./gecko_sdk_3.2.3/platform/emlib/src/em_cmu.o
 .text.wdog0ClkGet
                0x00000b18       0x60 ./gecko_sdk_3.2.3/platform/emlib/src/em_cmu.o
 .text.rtccClkGet
                0x00000b78       0x54 ./gecko_sdk_3.2.3/platform/emlib/src/em_cmu.o
 .text.em4GrpaClkGet
                0x00000bcc       0x54 ./gecko_sdk_3.2.3/platform/emlib/src/em_cmu.o
 .text.euart0ClkGet
                0x00000c20       0x48 ./gecko_sdk_3.2.3/platform/emlib/src/em_cmu.o
 .text.CMU_ClockEnable
                0x00000c68       0x54 ./gecko_sdk_3.2.3/platform/emlib/src/em_cmu.o
                0x00000c68                CMU_ClockEnable
 .text.CMU_ClockDivGet
                0x00000cbc       0x84 ./gecko_sdk_3.2.3/platform/emlib/src/em_cmu.o
                0x00000cbc                CMU_ClockDivGet
 .text.CMU_ClockFreqGet
                0x00000d40      0x198 ./gecko_sdk_3.2.3/platform/emlib/src/em_cmu.o
                0x00000d40                CMU_ClockFreqGet
 .text.rhclkPrescOptimize
                0x00000ed8       0x20 ./gecko_sdk_3.2.3/platform/emlib/src/em_cmu.o
 .text.flashWaitStateControl
                0x00000ef8       0x50 ./gecko_sdk_3.2.3/platform/emlib/src/em_cmu.o
 .text.waitStateMax
                0x00000f48       0x10 ./gecko_sdk_3.2.3/platform/emlib/src/em_cmu.o
 .text.CMU_ClockSelectGet
                0x00000f58      0x188 ./gecko_sdk_3.2.3/platform/emlib/src/em_cmu.o
                0x00000f58                CMU_ClockSelectGet
 .text.CMU_HFXOInit
                0x000010e0      0x1d8 ./gecko_sdk_3.2.3/platform/emlib/src/em_cmu.o
                0x000010e0                CMU_HFXOInit
 .text.CMU_HFXOCTuneDeltaGet
                0x000012b8        0xc ./gecko_sdk_3.2.3/platform/emlib/src/em_cmu.o
                0x000012b8                CMU_HFXOCTuneDeltaGet
 .text.CMU_LFXOInit
                0x000012c4       0xc4 ./gecko_sdk_3.2.3/platform/emlib/src/em_cmu.o
                0x000012c4                CMU_LFXOInit
 .text.CMU_LFXOPrecisionSet
                0x00001388        0xc ./gecko_sdk_3.2.3/platform/emlib/src/em_cmu.o
                0x00001388                CMU_LFXOPrecisionSet
 .text.CMU_UpdateWaitStates
                0x00001394        0xc ./gecko_sdk_3.2.3/platform/emlib/src/em_cmu.o
                0x00001394                CMU_UpdateWaitStates
 .text.CMU_ClockDivSet
                0x000013a0      0x104 ./gecko_sdk_3.2.3/platform/emlib/src/em_cmu.o
                0x000013a0                CMU_ClockDivSet
 .text.pclkDivMax
                0x000014a4        0xa ./gecko_sdk_3.2.3/platform/emlib/src/em_cmu.o
 *fill*         0x000014ae        0x2 
 .text.pclkDivOptimize
                0x000014b0       0x24 ./gecko_sdk_3.2.3/platform/emlib/src/em_cmu.o
 .text.CMU_ClockSelectSet
                0x000014d4      0x3c4 ./gecko_sdk_3.2.3/platform/emlib/src/em_cmu.o
                0x000014d4                CMU_ClockSelectSet
 .text.CORE_EnterCritical
                0x00001898        0x8 ./gecko_sdk_3.2.3/platform/emlib/src/em_core.o
                0x00001898                CORE_EnterCritical
 .text.CORE_ExitCritical
                0x000018a0        0x6 ./gecko_sdk_3.2.3/platform/emlib/src/em_core.o
                0x000018a0                CORE_ExitCritical
 .text.CORE_EnterAtomic
                0x000018a6        0xc ./gecko_sdk_3.2.3/platform/emlib/src/em_core.o
                0x000018a6                CORE_EnterAtomic
 .text.CORE_ExitAtomic
                0x000018b2        0x6 ./gecko_sdk_3.2.3/platform/emlib/src/em_core.o
                0x000018b2                CORE_ExitAtomic
 .text.CORE_NvicIRQDisabled
                0x000018b8       0x34 ./gecko_sdk_3.2.3/platform/emlib/src/em_core.o
                0x000018b8                CORE_NvicIRQDisabled
 .text.EMU_EFPEM01VScale
                0x000018ec        0x2 ./gecko_sdk_3.2.3/platform/emlib/src/em_emu.o
                0x000018ec                EMU_EFPEM01VScale
 *fill*         0x000018ee        0x2 
 .text.EMU_VScaleEM01
                0x000018f0       0xb0 ./gecko_sdk_3.2.3/platform/emlib/src/em_emu.o
                0x000018f0                EMU_VScaleEM01
 .text.EMU_VScaleEM01ByClock
                0x000019a0       0x30 ./gecko_sdk_3.2.3/platform/emlib/src/em_emu.o
                0x000019a0                EMU_VScaleEM01ByClock
 .text.EMU_EM4Init
                0x000019d0       0x12 ./gecko_sdk_3.2.3/platform/emlib/src/em_emu.o
                0x000019d0                EMU_EM4Init
 *fill*         0x000019e2        0x2 
 .text.EMU_DCDCModeSet
                0x000019e4       0x74 ./gecko_sdk_3.2.3/platform/emlib/src/em_emu.o
                0x000019e4                EMU_DCDCModeSet
 .text.EMU_DCDCInit
                0x00001a58       0x74 ./gecko_sdk_3.2.3/platform/emlib/src/em_emu.o
                0x00001a58                EMU_DCDCInit
 .text.BUS_RegBitWrite
                0x00001acc       0x30 ./gecko_sdk_3.2.3/platform/emlib/src/em_gpio.o
 .text.GPIO_PinOutSet
                0x00001afc       0x54 ./gecko_sdk_3.2.3/platform/emlib/src/em_gpio.o
 .text.GPIO_PinOutClear
                0x00001b50       0x54 ./gecko_sdk_3.2.3/platform/emlib/src/em_gpio.o
 .text.BUS_RegMaskedWrite
                0x00001ba4       0x22 ./gecko_sdk_3.2.3/platform/emlib/src/em_gpio.o
 *fill*         0x00001bc6        0x2 
 .text.GPIO_ExtIntConfig
                0x00001bc8       0xf4 ./gecko_sdk_3.2.3/platform/emlib/src/em_gpio.o
                0x00001bc8                GPIO_ExtIntConfig
 .text.GPIO_PinModeSet
                0x00001cbc       0xac ./gecko_sdk_3.2.3/platform/emlib/src/em_gpio.o
                0x00001cbc                GPIO_PinModeSet
 .text.USART_BaudrateAsyncSet
                0x00001d68       0xe0 ./gecko_sdk_3.2.3/platform/emlib/src/em_usart.o
                0x00001d68                USART_BaudrateAsyncSet
 .text.USART_Enable
                0x00001e48       0x44 ./gecko_sdk_3.2.3/platform/emlib/src/em_usart.o
                0x00001e48                USART_Enable
 .text.USART_Reset
                0x00001e8c       0x78 ./gecko_sdk_3.2.3/platform/emlib/src/em_usart.o
                0x00001e8c                USART_Reset
 .text.USART_InitAsync
                0x00001f04      0x118 ./gecko_sdk_3.2.3/platform/emlib/src/em_usart.o
                0x00001f04                USART_InitAsync
 .text.USART_Rx
                0x0000201c        0xc ./gecko_sdk_3.2.3/platform/emlib/src/em_usart.o
                0x0000201c                USART_Rx
 .text.USART_Tx
                0x00002028        0xa ./gecko_sdk_3.2.3/platform/emlib/src/em_usart.o
                0x00002028                USART_Tx
 *fill*         0x00002032        0x2 
 .text.sl_device_init_dcdc
                0x00002034       0x20 ./gecko_sdk_3.2.3/platform/service/device_init/src/sl_device_init_dcdc_s2.o
                0x00002034                sl_device_init_dcdc
 .text.sl_device_init_emu
                0x00002054       0x22 ./gecko_sdk_3.2.3/platform/service/device_init/src/sl_device_init_emu_s2.o
                0x00002054                sl_device_init_emu
 *fill*         0x00002076        0x2 
 .text.sl_device_init_hfxo
                0x00002078       0x7c ./gecko_sdk_3.2.3/platform/service/device_init/src/sl_device_init_hfxo_s2.o
                0x00002078                sl_device_init_hfxo
 .text.sl_device_init_lfxo
                0x000020f4       0x34 ./gecko_sdk_3.2.3/platform/service/device_init/src/sl_device_init_lfxo_s2.o
                0x000020f4                sl_device_init_lfxo
 .text.sl_device_init_nvic
                0x00002128       0x3c ./gecko_sdk_3.2.3/platform/service/device_init/src/sl_device_init_nvic.o
                0x00002128                sl_device_init_nvic
 .text.sl_iostream_set_default
                0x00002164       0x18 ./gecko_sdk_3.2.3/platform/service/iostream/src/sl_iostream.o
                0x00002164                sl_iostream_set_default
 .text.sl_iostream_get_default
                0x0000217c       0x18 ./gecko_sdk_3.2.3/platform/service/iostream/src/sl_iostream.o
                0x0000217c                sl_iostream_get_default
 .text.sl_iostream_write
                0x00002194       0x28 ./gecko_sdk_3.2.3/platform/service/iostream/src/sl_iostream.o
                0x00002194                sl_iostream_write
 .text.sl_iostream_read
                0x000021bc       0x32 ./gecko_sdk_3.2.3/platform/service/iostream/src/sl_iostream.o
                0x000021bc                sl_iostream_read
 .text.sl_iostream_printf
                0x000021ee       0x50 ./gecko_sdk_3.2.3/platform/service/iostream/src/sl_iostream.o
                0x000021ee                sl_iostream_printf
 .text._close   0x0000223e        0x4 ./gecko_sdk_3.2.3/platform/service/iostream/src/sl_iostream_retarget_stdio.o
                0x0000223e                _close
 .text._exit    0x00002242        0x2 ./gecko_sdk_3.2.3/platform/service/iostream/src/sl_iostream_retarget_stdio.o
                0x00002242                _exit
 .text._fstat   0x00002244        0xa ./gecko_sdk_3.2.3/platform/service/iostream/src/sl_iostream_retarget_stdio.o
                0x00002244                _fstat
 .text._isatty  0x0000224e        0x4 ./gecko_sdk_3.2.3/platform/service/iostream/src/sl_iostream_retarget_stdio.o
                0x0000224e                _isatty
 .text._lseek   0x00002252        0x4 ./gecko_sdk_3.2.3/platform/service/iostream/src/sl_iostream_retarget_stdio.o
                0x00002252                _lseek
 .text._read    0x00002256       0x1c ./gecko_sdk_3.2.3/platform/service/iostream/src/sl_iostream_retarget_stdio.o
                0x00002256                _read
 *fill*         0x00002272        0x2 
 .text._write   0x00002274       0x1c ./gecko_sdk_3.2.3/platform/service/iostream/src/sl_iostream_retarget_stdio.o
                0x00002274                _write
 .text.sl_iostream_stdlib_disable_buffering
                0x00002290       0x14 ./gecko_sdk_3.2.3/platform/service/iostream/src/sl_iostream_stdlib_config.o
                0x00002290                sl_iostream_stdlib_disable_buffering
 .text.set_auto_cr_lf
                0x000022a4        0x6 ./gecko_sdk_3.2.3/platform/service/iostream/src/sl_iostream_uart.o
 .text.get_auto_cr_lf
                0x000022aa        0x6 ./gecko_sdk_3.2.3/platform/service/iostream/src/sl_iostream_uart.o
 .text.uart_read
                0x000022b0       0x6e ./gecko_sdk_3.2.3/platform/service/iostream/src/sl_iostream_uart.o
 .text.uart_deinit
                0x0000231e       0x56 ./gecko_sdk_3.2.3/platform/service/iostream/src/sl_iostream_uart.o
 .text.uart_write
                0x00002374       0x3e ./gecko_sdk_3.2.3/platform/service/iostream/src/sl_iostream_uart.o
 *fill*         0x000023b2        0x2 
 .text.sli_iostream_uart_context_init
                0x000023b4       0x9c ./gecko_sdk_3.2.3/platform/service/iostream/src/sl_iostream_uart.o
                0x000023b4                sli_iostream_uart_context_init
 .text.sli_uart_is_rx_space_avail
                0x00002450        0xe ./gecko_sdk_3.2.3/platform/service/iostream/src/sl_iostream_uart.o
                0x00002450                sli_uart_is_rx_space_avail
 *fill*         0x0000245e        0x2 
 .text.sli_uart_push_rxd_data
                0x00002460       0x3c ./gecko_sdk_3.2.3/platform/service/iostream/src/sl_iostream_uart.o
                0x00002460                sli_uart_push_rxd_data
 .text.usart_enable_rx
                0x0000249c        0xc ./gecko_sdk_3.2.3/platform/service/iostream/src/sl_iostream_usart.o
 .text.usart_deinit
                0x000024a8       0x6c ./gecko_sdk_3.2.3/platform/service/iostream/src/sl_iostream_usart.o
 .text.usart_tx
                0x00002514        0xc ./gecko_sdk_3.2.3/platform/service/iostream/src/sl_iostream_usart.o
 .text.sl_iostream_usart_init
                0x00002520      0x170 ./gecko_sdk_3.2.3/platform/service/iostream/src/sl_iostream_usart.o
                0x00002520                sl_iostream_usart_init
 .text.sl_iostream_usart_irq_handler
                0x00002690       0x30 ./gecko_sdk_3.2.3/platform/service/iostream/src/sl_iostream_usart.o
                0x00002690                sl_iostream_usart_irq_handler
 .text.sl_system_init
                0x000026c0       0x1a ./gecko_sdk_3.2.3/platform/service/system/src/sl_system_init.o
                0x000026c0                sl_system_init
 .text.sl_system_process_action
                0x000026da       0x16 ./gecko_sdk_3.2.3/platform/service/system/src/sl_system_process_action.o
                0x000026da                sl_system_process_action
 .text.exit     0x000026f0       0x28 c:/siliconlabs/simplicitystudio/v5/developer/toolchains/gnu_arm/10.3_2021.10/bin/../lib/gcc/arm-none-eabi/10.3.1/../../../../arm-none-eabi/lib/thumb/v8-m.main+fp/hard\libc_nano.a(lib_a-exit.o)
                0x000026f0                exit
 .text.__libc_init_array
                0x00002718       0x48 c:/siliconlabs/simplicitystudio/v5/developer/toolchains/gnu_arm/10.3_2021.10/bin/../lib/gcc/arm-none-eabi/10.3.1/../../../../arm-none-eabi/lib/thumb/v8-m.main+fp/hard\libc_nano.a(lib_a-init.o)
                0x00002718                __libc_init_array
 .text.memset   0x00002760       0x10 c:/siliconlabs/simplicitystudio/v5/developer/toolchains/gnu_arm/10.3_2021.10/bin/../lib/gcc/arm-none-eabi/10.3.1/../../../../arm-none-eabi/lib/thumb/v8-m.main+fp/hard\libc_nano.a(lib_a-memset.o)
                0x00002760                memset
 .text.setvbuf  0x00002770      0x188 c:/siliconlabs/simplicitystudio/v5/developer/toolchains/gnu_arm/10.3_2021.10/bin/../lib/gcc/arm-none-eabi/10.3.1/../../../../arm-none-eabi/lib/thumb/v8-m.main+fp/hard\libc_nano.a(lib_a-setvbuf.o)
                0x00002770                setvbuf
 .text.vprintf  0x000028f8       0x30 c:/siliconlabs/simplicitystudio/v5/developer/toolchains/gnu_arm/10.3_2021.10/bin/../lib/gcc/arm-none-eabi/10.3.1/../../../../arm-none-eabi/lib/thumb/v8-m.main+fp/hard\libc_nano.a(lib_a-vprintf.o)
                0x000028f8                viprintf
                0x000028f8                vprintf
 .text.__sflush_r
                0x00002928      0x108 c:/siliconlabs/simplicitystudio/v5/developer/toolchains/gnu_arm/10.3_2021.10/bin/../lib/gcc/arm-none-eabi/10.3.1/../../../../arm-none-eabi/lib/thumb/v8-m.main+fp/hard\libc_nano.a(lib_a-fflush.o)
                0x00002928                __sflush_r
 .text._fflush_r
                0x00002a30       0x78 c:/siliconlabs/simplicitystudio/v5/developer/toolchains/gnu_arm/10.3_2021.10/bin/../lib/gcc/arm-none-eabi/10.3.1/../../../../arm-none-eabi/lib/thumb/v8-m.main+fp/hard\libc_nano.a(lib_a-fflush.o)
                0x00002a30                _fflush_r
 .text.std      0x00002aa8       0x48 c:/siliconlabs/simplicitystudio/v5/developer/toolchains/gnu_arm/10.3_2021.10/bin/../lib/gcc/arm-none-eabi/10.3.1/../../../../arm-none-eabi/lib/thumb/v8-m.main+fp/hard\libc_nano.a(lib_a-findfp.o)
 .text._cleanup_r
                0x00002af0        0xc c:/siliconlabs/simplicitystudio/v5/developer/toolchains/gnu_arm/10.3_2021.10/bin/../lib/gcc/arm-none-eabi/10.3.1/../../../../arm-none-eabi/lib/thumb/v8-m.main+fp/hard\libc_nano.a(lib_a-findfp.o)
                0x00002af0                _cleanup_r
 .text.__sfmoreglue
                0x00002afc       0x2c c:/siliconlabs/simplicitystudio/v5/developer/toolchains/gnu_arm/10.3_2021.10/bin/../lib/gcc/arm-none-eabi/10.3.1/../../../../arm-none-eabi/lib/thumb/v8-m.main+fp/hard\libc_nano.a(lib_a-findfp.o)
                0x00002afc                __sfmoreglue
 .text.__sfp_lock_acquire
                0x00002b28        0xc c:/siliconlabs/simplicitystudio/v5/developer/toolchains/gnu_arm/10.3_2021.10/bin/../lib/gcc/arm-none-eabi/10.3.1/../../../../arm-none-eabi/lib/thumb/v8-m.main+fp/hard\libc_nano.a(lib_a-findfp.o)
                0x00002b28                __sfp_lock_acquire
 .text.__sfp_lock_release
                0x00002b34        0xc c:/siliconlabs/simplicitystudio/v5/developer/toolchains/gnu_arm/10.3_2021.10/bin/../lib/gcc/arm-none-eabi/10.3.1/../../../../arm-none-eabi/lib/thumb/v8-m.main+fp/hard\libc_nano.a(lib_a-findfp.o)
                0x00002b34                __sfp_lock_release
 .text.__sinit_lock_acquire
                0x00002b40        0xc c:/siliconlabs/simplicitystudio/v5/developer/toolchains/gnu_arm/10.3_2021.10/bin/../lib/gcc/arm-none-eabi/10.3.1/../../../../arm-none-eabi/lib/thumb/v8-m.main+fp/hard\libc_nano.a(lib_a-findfp.o)
                0x00002b40                __sinit_lock_acquire
 .text.__sinit_lock_release
                0x00002b4c        0xc c:/siliconlabs/simplicitystudio/v5/developer/toolchains/gnu_arm/10.3_2021.10/bin/../lib/gcc/arm-none-eabi/10.3.1/../../../../arm-none-eabi/lib/thumb/v8-m.main+fp/hard\libc_nano.a(lib_a-findfp.o)
                0x00002b4c                __sinit_lock_release
 .text.__sinit  0x00002b58       0x70 c:/siliconlabs/simplicitystudio/v5/developer/toolchains/gnu_arm/10.3_2021.10/bin/../lib/gcc/arm-none-eabi/10.3.1/../../../../arm-none-eabi/lib/thumb/v8-m.main+fp/hard\libc_nano.a(lib_a-findfp.o)
                0x00002b58                __sinit
 .text.__sfp    0x00002bc8       0x8c c:/siliconlabs/simplicitystudio/v5/developer/toolchains/gnu_arm/10.3_2021.10/bin/../lib/gcc/arm-none-eabi/10.3.1/../../../../arm-none-eabi/lib/thumb/v8-m.main+fp/hard\libc_nano.a(lib_a-findfp.o)
                0x00002bc8                __sfp
 .text._fwalk_reent
                0x00002c54       0x3e c:/siliconlabs/simplicitystudio/v5/developer/toolchains/gnu_arm/10.3_2021.10/bin/../lib/gcc/arm-none-eabi/10.3.1/../../../../arm-none-eabi/lib/thumb/v8-m.main+fp/hard\libc_nano.a(lib_a-fwalk.o)
                0x00002c54                _fwalk_reent
 .text.__retarget_lock_init_recursive
                0x00002c92        0x2 c:/siliconlabs/simplicitystudio/v5/developer/toolchains/gnu_arm/10.3_2021.10/bin/../lib/gcc/arm-none-eabi/10.3.1/../../../../arm-none-eabi/lib/thumb/v8-m.main+fp/hard\libc_nano.a(lib_a-lock.o)
                0x00002c92                __retarget_lock_init_recursive
 .text.__retarget_lock_acquire_recursive
                0x00002c94        0x2 c:/siliconlabs/simplicitystudio/v5/developer/toolchains/gnu_arm/10.3_2021.10/bin/../lib/gcc/arm-none-eabi/10.3.1/../../../../arm-none-eabi/lib/thumb/v8-m.main+fp/hard\libc_nano.a(lib_a-lock.o)
                0x00002c94                __retarget_lock_acquire_recursive
 .text.__retarget_lock_release_recursive
                0x00002c96        0x2 c:/siliconlabs/simplicitystudio/v5/developer/toolchains/gnu_arm/10.3_2021.10/bin/../lib/gcc/arm-none-eabi/10.3.1/../../../../arm-none-eabi/lib/thumb/v8-m.main+fp/hard\libc_nano.a(lib_a-lock.o)
                0x00002c96                __retarget_lock_release_recursive
 .text.__swhatbuf_r
                0x00002c98       0x4a c:/siliconlabs/simplicitystudio/v5/developer/toolchains/gnu_arm/10.3_2021.10/bin/../lib/gcc/arm-none-eabi/10.3.1/../../../../arm-none-eabi/lib/thumb/v8-m.main+fp/hard\libc_nano.a(lib_a-makebuf.o)
                0x00002c98                __swhatbuf_r
 *fill*         0x00002ce2        0x2 
 .text.__smakebuf_r
                0x00002ce4       0x80 c:/siliconlabs/simplicitystudio/v5/developer/toolchains/gnu_arm/10.3_2021.10/bin/../lib/gcc/arm-none-eabi/10.3.1/../../../../arm-none-eabi/lib/thumb/v8-m.main+fp/hard\libc_nano.a(lib_a-makebuf.o)
                0x00002ce4                __smakebuf_r
 .text.malloc   0x00002d64       0x10 c:/siliconlabs/simplicitystudio/v5/developer/toolchains/gnu_arm/10.3_2021.10/bin/../lib/gcc/arm-none-eabi/10.3.1/../../../../arm-none-eabi/lib/thumb/v8-m.main+fp/hard\libc_nano.a(lib_a-malloc.o)
                0x00002d64                malloc
 .text._free_r  0x00002d74       0x98 c:/siliconlabs/simplicitystudio/v5/developer/toolchains/gnu_arm/10.3_2021.10/bin/../lib/gcc/arm-none-eabi/10.3.1/../../../../arm-none-eabi/lib/thumb/v8-m.main+fp/hard\libc_nano.a(lib_a-nano-freer.o)
                0x00002d74                _free_r
 .text.sbrk_aligned
                0x00002e0c       0x40 c:/siliconlabs/simplicitystudio/v5/developer/toolchains/gnu_arm/10.3_2021.10/bin/../lib/gcc/arm-none-eabi/10.3.1/../../../../arm-none-eabi/lib/thumb/v8-m.main+fp/hard\libc_nano.a(lib_a-nano-mallocr.o)
 .text._malloc_r
                0x00002e4c       0xe8 c:/siliconlabs/simplicitystudio/v5/developer/toolchains/gnu_arm/10.3_2021.10/bin/../lib/gcc/arm-none-eabi/10.3.1/../../../../arm-none-eabi/lib/thumb/v8-m.main+fp/hard\libc_nano.a(lib_a-nano-mallocr.o)
                0x00002e4c                _malloc_r
 .text.__sfputc_r
                0x00002f34       0x2e c:/siliconlabs/simplicitystudio/v5/developer/toolchains/gnu_arm/10.3_2021.10/bin/../lib/gcc/arm-none-eabi/10.3.1/../../../../arm-none-eabi/lib/thumb/v8-m.main+fp/hard\libc_nano.a(lib_a-nano-vfprintf.o)
 .text.__sfputs_r
                0x00002f62       0x24 c:/siliconlabs/simplicitystudio/v5/developer/toolchains/gnu_arm/10.3_2021.10/bin/../lib/gcc/arm-none-eabi/10.3.1/../../../../arm-none-eabi/lib/thumb/v8-m.main+fp/hard\libc_nano.a(lib_a-nano-vfprintf.o)
                0x00002f62                __sfputs_r
 *fill*         0x00002f86        0x2 
 .text._vfprintf_r
                0x00002f88      0x260 c:/siliconlabs/simplicitystudio/v5/developer/toolchains/gnu_arm/10.3_2021.10/bin/../lib/gcc/arm-none-eabi/10.3.1/../../../../arm-none-eabi/lib/thumb/v8-m.main+fp/hard\libc_nano.a(lib_a-nano-vfprintf.o)
                0x00002f88                _vfprintf_r
                0x00002f88                _vfiprintf_r
 .text._printf_common
                0x000031e8       0xe0 c:/siliconlabs/simplicitystudio/v5/developer/toolchains/gnu_arm/10.3_2021.10/bin/../lib/gcc/arm-none-eabi/10.3.1/../../../../arm-none-eabi/lib/thumb/v8-m.main+fp/hard\libc_nano.a(lib_a-nano-vfprintf_i.o)
                0x000031e8                _printf_common
 .text._printf_i
                0x000032c8      0x24c c:/siliconlabs/simplicitystudio/v5/developer/toolchains/gnu_arm/10.3_2021.10/bin/../lib/gcc/arm-none-eabi/10.3.1/../../../../arm-none-eabi/lib/thumb/v8-m.main+fp/hard\libc_nano.a(lib_a-nano-vfprintf_i.o)
                0x000032c8                _printf_i
 .text._sbrk_r  0x00003514       0x20 c:/siliconlabs/simplicitystudio/v5/developer/toolchains/gnu_arm/10.3_2021.10/bin/../lib/gcc/arm-none-eabi/10.3.1/../../../../arm-none-eabi/lib/thumb/v8-m.main+fp/hard\libc_nano.a(lib_a-sbrkr.o)
                0x00003514                _sbrk_r
 .text.__sread  0x00003534       0x22 c:/siliconlabs/simplicitystudio/v5/developer/toolchains/gnu_arm/10.3_2021.10/bin/../lib/gcc/arm-none-eabi/10.3.1/../../../../arm-none-eabi/lib/thumb/v8-m.main+fp/hard\libc_nano.a(lib_a-stdio.o)
                0x00003534                __sread
 .text.__swrite
                0x00003556       0x38 c:/siliconlabs/simplicitystudio/v5/developer/toolchains/gnu_arm/10.3_2021.10/bin/../lib/gcc/arm-none-eabi/10.3.1/../../../../arm-none-eabi/lib/thumb/v8-m.main+fp/hard\libc_nano.a(lib_a-stdio.o)
                0x00003556                __swrite
 .text.__sseek  0x0000358e       0x24 c:/siliconlabs/simplicitystudio/v5/developer/toolchains/gnu_arm/10.3_2021.10/bin/../lib/gcc/arm-none-eabi/10.3.1/../../../../arm-none-eabi/lib/thumb/v8-m.main+fp/hard\libc_nano.a(lib_a-stdio.o)
                0x0000358e                __sseek
 .text.__sclose
                0x000035b2        0x8 c:/siliconlabs/simplicitystudio/v5/developer/toolchains/gnu_arm/10.3_2021.10/bin/../lib/gcc/arm-none-eabi/10.3.1/../../../../arm-none-eabi/lib/thumb/v8-m.main+fp/hard\libc_nano.a(lib_a-stdio.o)
                0x000035b2                __sclose
 *fill*         0x000035ba        0x2 
 .text.__swbuf_r
                0x000035bc       0xa4 c:/siliconlabs/simplicitystudio/v5/developer/toolchains/gnu_arm/10.3_2021.10/bin/../lib/gcc/arm-none-eabi/10.3.1/../../../../arm-none-eabi/lib/thumb/v8-m.main+fp/hard\libc_nano.a(lib_a-wbuf.o)
                0x000035bc                __swbuf_r
 .text._write_r
                0x00003660       0x24 c:/siliconlabs/simplicitystudio/v5/developer/toolchains/gnu_arm/10.3_2021.10/bin/../lib/gcc/arm-none-eabi/10.3.1/../../../../arm-none-eabi/lib/thumb/v8-m.main+fp/hard\libc_nano.a(lib_a-writer.o)
                0x00003660                _write_r
 .text.__swsetup_r
                0x00003684       0xdc c:/siliconlabs/simplicitystudio/v5/developer/toolchains/gnu_arm/10.3_2021.10/bin/../lib/gcc/arm-none-eabi/10.3.1/../../../../arm-none-eabi/lib/thumb/v8-m.main+fp/hard\libc_nano.a(lib_a-wsetup.o)
                0x00003684                __swsetup_r
 .text._close_r
                0x00003760       0x20 c:/siliconlabs/simplicitystudio/v5/developer/toolchains/gnu_arm/10.3_2021.10/bin/../lib/gcc/arm-none-eabi/10.3.1/../../../../arm-none-eabi/lib/thumb/v8-m.main+fp/hard\libc_nano.a(lib_a-closer.o)
                0x00003760                _close_r
 .text._fstat_r
                0x00003780       0x24 c:/siliconlabs/simplicitystudio/v5/developer/toolchains/gnu_arm/10.3_2021.10/bin/../lib/gcc/arm-none-eabi/10.3.1/../../../../arm-none-eabi/lib/thumb/v8-m.main+fp/hard\libc_nano.a(lib_a-fstatr.o)
                0x00003780                _fstat_r
 .text._isatty_r
                0x000037a4       0x20 c:/siliconlabs/simplicitystudio/v5/developer/toolchains/gnu_arm/10.3_2021.10/bin/../lib/gcc/arm-none-eabi/10.3.1/../../../../arm-none-eabi/lib/thumb/v8-m.main+fp/hard\libc_nano.a(lib_a-isattyr.o)
                0x000037a4                _isatty_r
 .text._lseek_r
                0x000037c4       0x24 c:/siliconlabs/simplicitystudio/v5/developer/toolchains/gnu_arm/10.3_2021.10/bin/../lib/gcc/arm-none-eabi/10.3.1/../../../../arm-none-eabi/lib/thumb/v8-m.main+fp/hard\libc_nano.a(lib_a-lseekr.o)
                0x000037c4                _lseek_r
 .text.memchr   0x000037e8       0x1c c:/siliconlabs/simplicitystudio/v5/developer/toolchains/gnu_arm/10.3_2021.10/bin/../lib/gcc/arm-none-eabi/10.3.1/../../../../arm-none-eabi/lib/thumb/v8-m.main+fp/hard\libc_nano.a(lib_a-memchr-stub.o)
                0x000037e8                memchr
 .text.__malloc_lock
                0x00003804        0xc c:/siliconlabs/simplicitystudio/v5/developer/toolchains/gnu_arm/10.3_2021.10/bin/../lib/gcc/arm-none-eabi/10.3.1/../../../../arm-none-eabi/lib/thumb/v8-m.main+fp/hard\libc_nano.a(lib_a-mlock.o)
                0x00003804                __malloc_lock
 .text.__malloc_unlock
                0x00003810        0xc c:/siliconlabs/simplicitystudio/v5/developer/toolchains/gnu_arm/10.3_2021.10/bin/../lib/gcc/arm-none-eabi/10.3.1/../../../../arm-none-eabi/lib/thumb/v8-m.main+fp/hard\libc_nano.a(lib_a-mlock.o)
                0x00003810                __malloc_unlock
 .text._read_r  0x0000381c       0x24 c:/siliconlabs/simplicitystudio/v5/developer/toolchains/gnu_arm/10.3_2021.10/bin/../lib/gcc/arm-none-eabi/10.3.1/../../../../arm-none-eabi/lib/thumb/v8-m.main+fp/hard\libc_nano.a(lib_a-readr.o)
                0x0000381c                _read_r
                0x00003840                linker_code_end = .
 *(.init)
 .init          0x00003840        0x4 c:/siliconlabs/simplicitystudio/v5/developer/toolchains/gnu_arm/10.3_2021.10/bin/../lib/gcc/arm-none-eabi/10.3.1/thumb/v8-m.main+fp/hard/crti.o
                0x00003840                _init
 .init          0x00003844        0x8 c:/siliconlabs/simplicitystudio/v5/developer/toolchains/gnu_arm/10.3_2021.10/bin/../lib/gcc/arm-none-eabi/10.3.1/thumb/v8-m.main+fp/hard/crtn.o
 *(.fini)
 .fini          0x0000384c        0x4 c:/siliconlabs/simplicitystudio/v5/developer/toolchains/gnu_arm/10.3_2021.10/bin/../lib/gcc/arm-none-eabi/10.3.1/thumb/v8-m.main+fp/hard/crti.o
                0x0000384c                _fini
 .fini          0x00003850        0x8 c:/siliconlabs/simplicitystudio/v5/developer/toolchains/gnu_arm/10.3_2021.10/bin/../lib/gcc/arm-none-eabi/10.3.1/thumb/v8-m.main+fp/hard/crtn.o
 *crtbegin.o(.ctors)
 *crtbegin?.o(.ctors)
 *(EXCLUDE_FILE(*crtend.o *crtend?.o) .ctors)
 *(SORT_BY_NAME(.ctors.*))
 *(.ctors)
 *crtbegin.o(.dtors)
 *crtbegin?.o(.dtors)
 *(EXCLUDE_FILE(*crtend.o *crtend?.o) .dtors)
 *(SORT_BY_NAME(.dtors.*))
 *(.dtors)
 *(.rodata*)
 .rodata.app_init.str1.1
                0x00003858        0xa ./app.o
 .rodata.sl_button_on_change.str1.1
                0x00003862       0x11 ./app.o
 .rodata.sl_iostream_usart_init_vcom.str1.1
                0x00003873       0x2e ./autogen/sl_iostream_init_usart_instances.o
 *fill*         0x000038a1        0x3 
 .rodata        0x000038a4       0x3c ./autogen/sl_iostream_init_usart_instances.o
 .rodata.simple_button_count
                0x000038e0        0x1 ./autogen/sl_simple_button_instances.o
                0x000038e0                simple_button_count
 *fill*         0x000038e1        0x3 
 .rodata.sl_button_btn0
                0x000038e4       0x18 ./autogen/sl_simple_button_instances.o
                0x000038e4                sl_button_btn0
 .rodata.sl_button_instance0
                0x000038fc       0x18 ./autogen/sl_simple_button_instances.o
                0x000038fc                sl_button_instance0
 .rodata.sl_led_led0
                0x00003914       0x18 ./autogen/sl_simple_led_instances.o
                0x00003914                sl_led_led0
 .rodata.GPIO_PinInGet.str1.1
                0x0000392c       0x64 ./gecko_sdk_3.2.3/platform/driver/button/src/sl_simple_button.o
 .rodata.GPIO_PinOutClear.str1.1
                0x00003990       0x64 ./gecko_sdk_3.2.3/platform/driver/leddrv/src/sl_simple_led.o
 .rodata.HFRCODPLLDevinfoGet.str1.1
                0x00003990       0x63 ./gecko_sdk_3.2.3/platform/emlib/src/em_cmu.o
 .rodata.CSWTCH.56
                0x000039f3        0x4 ./gecko_sdk_3.2.3/platform/emlib/src/em_cmu.o
 .rodata.CSWTCH.58
                0x000039f7        0x6 ./gecko_sdk_3.2.3/platform/emlib/src/em_cmu.o
 .rodata.CORE_NvicMaskSetIRQ.str1.1
                0x000039fd       0x64 ./gecko_sdk_3.2.3/platform/emlib/src/em_core.o
 .rodata.EMU_VScaleEM01.str1.1
                0x00003a61       0x63 ./gecko_sdk_3.2.3/platform/emlib/src/em_emu.o
 .rodata.BUS_RegBitWrite.str1.1
                0x00003ac4       0x63 ./gecko_sdk_3.2.3/platform/emlib/src/em_gpio.o
 .rodata.GPIO_PinOutSet.str1.1
                0x00003b27       0x64 ./gecko_sdk_3.2.3/platform/emlib/src/em_gpio.o
 .rodata.GPIO_ExtIntConfig.str1.1
                0x00003b27       0x64 ./gecko_sdk_3.2.3/platform/emlib/src/em_gpio.o
 .rodata.USART_BaudrateAsyncSet.str1.1
                0x00003b8b       0x65 ./gecko_sdk_3.2.3/platform/emlib/src/em_usart.o
 .rodata        0x00003bf0        0x8 ./gecko_sdk_3.2.3/platform/service/device_init/src/sl_device_init_dcdc_s2.o
 .rodata        0x00003bf8       0x13 ./gecko_sdk_3.2.3/platform/service/device_init/src/sl_device_init_hfxo_s2.o
 .rodata        0x00003c0b        0xb ./gecko_sdk_3.2.3/platform/service/device_init/src/sl_device_init_lfxo_s2.o
 .rodata._write.str1.1
                0x00003c16       0x82 ./gecko_sdk_3.2.3/platform/service/iostream/src/sl_iostream_retarget_stdio.o
 .rodata.sli_uart_push_rxd_data.str1.1
                0x00003c98       0x78 ./gecko_sdk_3.2.3/platform/service/iostream/src/sl_iostream_uart.o
 .rodata._global_impure_ptr
                0x00003d10        0x4 c:/siliconlabs/simplicitystudio/v5/developer/toolchains/gnu_arm/10.3_2021.10/bin/../lib/gcc/arm-none-eabi/10.3.1/../../../../arm-none-eabi/lib/thumb/v8-m.main+fp/hard\libc_nano.a(lib_a-impure.o)
                0x00003d10                _global_impure_ptr
 .rodata.__sf_fake_stderr
                0x00003d14       0x20 c:/siliconlabs/simplicitystudio/v5/developer/toolchains/gnu_arm/10.3_2021.10/bin/../lib/gcc/arm-none-eabi/10.3.1/../../../../arm-none-eabi/lib/thumb/v8-m.main+fp/hard\libc_nano.a(lib_a-findfp.o)
                0x00003d14                __sf_fake_stderr
 .rodata.__sf_fake_stdin
                0x00003d34       0x20 c:/siliconlabs/simplicitystudio/v5/developer/toolchains/gnu_arm/10.3_2021.10/bin/../lib/gcc/arm-none-eabi/10.3.1/../../../../arm-none-eabi/lib/thumb/v8-m.main+fp/hard\libc_nano.a(lib_a-findfp.o)
                0x00003d34                __sf_fake_stdin
 .rodata.__sf_fake_stdout
                0x00003d54       0x20 c:/siliconlabs/simplicitystudio/v5/developer/toolchains/gnu_arm/10.3_2021.10/bin/../lib/gcc/arm-none-eabi/10.3.1/../../../../arm-none-eabi/lib/thumb/v8-m.main+fp/hard\libc_nano.a(lib_a-findfp.o)
                0x00003d54                __sf_fake_stdout
 .rodata._vfprintf_r.str1.1
                0x00003d74       0x11 c:/siliconlabs/simplicitystudio/v5/developer/toolchains/gnu_arm/10.3_2021.10/bin/../lib/gcc/arm-none-eabi/10.3.1/../../../../arm-none-eabi/lib/thumb/v8-m.main+fp/hard\libc_nano.a(lib_a-nano-vfprintf.o)
 .rodata._printf_i.str1.1
                0x00003d85       0x22 c:/siliconlabs/simplicitystudio/v5/developer/toolchains/gnu_arm/10.3_2021.10/bin/../lib/gcc/arm-none-eabi/10.3.1/../../../../arm-none-eabi/lib/thumb/v8-m.main+fp/hard\libc_nano.a(lib_a-nano-vfprintf_i.o)
 *(.eh_frame*)
 *fill*         0x00003da7        0x1 
 .eh_frame      0x00003da8        0x0 c:/siliconlabs/simplicitystudio/v5/developer/toolchains/gnu_arm/10.3_2021.10/bin/../lib/gcc/arm-none-eabi/10.3.1/thumb/v8-m.main+fp/hard/crtbegin.o

.glue_7         0x00003da8        0x0
 .glue_7        0x00003da8        0x0 linker stubs

.glue_7t        0x00003da8        0x0
 .glue_7t       0x00003da8        0x0 linker stubs

.vfp11_veneer   0x00003da8        0x0
 .vfp11_veneer  0x00003da8        0x0 linker stubs

.v4_bx          0x00003da8        0x0
 .v4_bx         0x00003da8        0x0 linker stubs

.iplt           0x00003da8        0x0
 .iplt          0x00003da8        0x0 c:/siliconlabs/simplicitystudio/v5/developer/toolchains/gnu_arm/10.3_2021.10/bin/../lib/gcc/arm-none-eabi/10.3.1/thumb/v8-m.main+fp/hard/crtbegin.o

.ARM.extab
 *(.ARM.extab* .gnu.linkonce.armextab.*)
                0x00003da8                __exidx_start = .

.ARM.exidx      0x00003da8        0x8
 *(.ARM.exidx* .gnu.linkonce.armexidx.*)
 .ARM.exidx     0x00003da8        0x8 c:/siliconlabs/simplicitystudio/v5/developer/toolchains/gnu_arm/10.3_2021.10/bin/../lib/gcc/arm-none-eabi/10.3.1/../../../../arm-none-eabi/lib/thumb/v8-m.main+fp/hard/crt0.o
                                 0x10 (size before relaxing)
                0x00003db0                __exidx_end = .
                0x00003db0                __etext = .

.rel.dyn        0x00003db0        0x0
 .rel.iplt      0x00003db0        0x0 c:/siliconlabs/simplicitystudio/v5/developer/toolchains/gnu_arm/10.3_2021.10/bin/../lib/gcc/arm-none-eabi/10.3.1/thumb/v8-m.main+fp/hard/crtbegin.o
                0x20000000                . = ORIGIN (RAM)

.stack          0x20000000     0x1000
                0x20000000                __StackLimit = .
 *(.stack*)
 .stack         0x20000000        0x0 ./gecko_sdk_3.2.3/platform/Device/SiliconLabs/BGM22/Source/GCC/startup_bgm22.o
 .stack         0x20000000     0x1000 ./gecko_sdk_3.2.3/platform/common/toolchain/src/sl_memory.o
                0x20001000                . = ALIGN (0x4)
                0x20001000                __StackTop = .
                0x20001000                PROVIDE (__stack = __StackTop)

.noinit
 *(.noinit*)

.data           0x20001000       0xa4 load address 0x00003db0
                0x20001000                . = ALIGN (0x4)
                0x20001000                __data_start__ = .
 *(vtable)
 *(.data*)
 .data.simple_btn0_context
                0x20001000        0x8 ./autogen/sl_simple_button_instances.o
                0x20001000                simple_btn0_context
 .data.simple_instance0_context
                0x20001008        0x8 ./autogen/sl_simple_button_instances.o
                0x20001008                simple_instance0_context
 .data.sl_simple_button_array
                0x20001010        0x8 ./autogen/sl_simple_button_instances.o
                0x20001010                sl_simple_button_array
 .data.simple_led0_context
                0x20001018        0x3 ./autogen/sl_simple_led_instances.o
                0x20001018                simple_led0_context
 .data.level_filter_enabled
                0x2000101b        0x1 ./gecko_sdk_3.2.3/app/common/util/app_log/app_log.o
 .data.level_filter_threshold
                0x2000101c        0x1 ./gecko_sdk_3.2.3/app/common/util/app_log/app_log.o
 .data.level_mask
                0x2000101d        0x1 ./gecko_sdk_3.2.3/app/common/util/app_log/app_log.o
 *fill*         0x2000101e        0x2 
 .data.SystemCoreClock
                0x20001020        0x4 ./gecko_sdk_3.2.3/platform/Device/SiliconLabs/BGM22/Source/system_bgm22.o
                0x20001020                SystemCoreClock
 .data.SystemHFRCODPLLClock
                0x20001024        0x4 ./gecko_sdk_3.2.3/platform/Device/SiliconLabs/BGM22/Source/system_bgm22.o
 .data.SystemHFXOClock
                0x20001028        0x4 ./gecko_sdk_3.2.3/platform/Device/SiliconLabs/BGM22/Source/system_bgm22.o
 .data.SystemLFXOClock
                0x2000102c        0x4 ./gecko_sdk_3.2.3/platform/Device/SiliconLabs/BGM22/Source/system_bgm22.o
 .data.heap_end.0
                0x20001030        0x4 ./gecko_sdk_3.2.3/platform/common/toolchain/src/sl_memory.o
 .data.lfxo_precision
                0x20001034        0x2 ./gecko_sdk_3.2.3/platform/emlib/src/em_cmu.o
 *fill*         0x20001036        0x2 
 .data._impure_ptr
                0x20001038        0x4 c:/siliconlabs/simplicitystudio/v5/developer/toolchains/gnu_arm/10.3_2021.10/bin/../lib/gcc/arm-none-eabi/10.3.1/../../../../arm-none-eabi/lib/thumb/v8-m.main+fp/hard\libc_nano.a(lib_a-impure.o)
                0x20001038                _impure_ptr
 .data.impure_data
                0x2000103c       0x60 c:/siliconlabs/simplicitystudio/v5/developer/toolchains/gnu_arm/10.3_2021.10/bin/../lib/gcc/arm-none-eabi/10.3.1/../../../../arm-none-eabi/lib/thumb/v8-m.main+fp/hard\libc_nano.a(lib_a-impure.o)
                0x2000109c                . = ALIGN (0x4)
                [!provide]                PROVIDE (__ram_func_section_start = .)
 *(.ram)
                [!provide]                PROVIDE (__ram_func_section_end = .)
                0x2000109c                . = ALIGN (0x4)
                0x2000109c                PROVIDE (__preinit_array_start = .)
 *(.preinit_array)
                0x2000109c                PROVIDE (__preinit_array_end = .)
                0x2000109c                . = ALIGN (0x4)
                0x2000109c                PROVIDE (__init_array_start = .)
 *(SORT_BY_NAME(.init_array.*))
 *(.init_array)
 .init_array    0x2000109c        0x4 c:/siliconlabs/simplicitystudio/v5/developer/toolchains/gnu_arm/10.3_2021.10/bin/../lib/gcc/arm-none-eabi/10.3.1/thumb/v8-m.main+fp/hard/crtbegin.o
                0x200010a0                PROVIDE (__init_array_end = .)
                0x200010a0                . = ALIGN (0x4)
                [!provide]                PROVIDE (__fini_array_start = .)
 *(SORT_BY_NAME(.fini_array.*))
 *(.fini_array)
 .fini_array    0x200010a0        0x4 c:/siliconlabs/simplicitystudio/v5/developer/toolchains/gnu_arm/10.3_2021.10/bin/../lib/gcc/arm-none-eabi/10.3.1/thumb/v8-m.main+fp/hard/crtbegin.o
                [!provide]                PROVIDE (__fini_array_end = .)
                0x200010a4                . = ALIGN (0x4)
                0x200010a4                __data_end__ = .

.igot.plt       0x200010a4        0x0 load address 0x00003e54
 .igot.plt      0x200010a4        0x0 c:/siliconlabs/simplicitystudio/v5/developer/toolchains/gnu_arm/10.3_2021.10/bin/../lib/gcc/arm-none-eabi/10.3.1/thumb/v8-m.main+fp/hard/crtbegin.o

.bss            0x200010a4      0x12c load address 0x00003e54
                0x200010a4                . = ALIGN (0x4)
                0x200010a4                __bss_start__ = .
 *(.bss*)
 .bss           0x200010a4       0x1c c:/siliconlabs/simplicitystudio/v5/developer/toolchains/gnu_arm/10.3_2021.10/bin/../lib/gcc/arm-none-eabi/10.3.1/thumb/v8-m.main+fp/hard/crtbegin.o
 .bss.stage     0x200010c0        0x4 ./app.o
                0x200010c0                stage
 .bss.context_vcom
                0x200010c4       0x34 ./autogen/sl_iostream_init_usart_instances.o
 .bss.rx_buffer_vcom
                0x200010f8       0x20 ./autogen/sl_iostream_init_usart_instances.o
 .bss.sl_iostream_vcom
                0x20001118       0x18 ./autogen/sl_iostream_init_usart_instances.o
 .bss.app_log_iostream
                0x20001130        0x4 ./gecko_sdk_3.2.3/app/common/util/app_log/app_log.o
                0x20001130                app_log_iostream
 .bss.level_mask_enabled
                0x20001134        0x1 ./gecko_sdk_3.2.3/app/common/util/app_log/app_log.o
 *fill*         0x20001135        0x3 
 .bss.gpioCallbacks
                0x20001138       0x80 ./gecko_sdk_3.2.3/platform/emdrv/gpiointerrupt/src/gpiointerrupt.o
 .bss.ctuneDelta
                0x200011b8        0x1 ./gecko_sdk_3.2.3/platform/emlib/src/em_cmu.o
 .bss.vScaleEM01Config
                0x200011b9        0x1 ./gecko_sdk_3.2.3/platform/emlib/src/em_emu.o
 *fill*         0x200011ba        0x2 
 .bss.sli_iostream_default
                0x200011bc        0x4 ./gecko_sdk_3.2.3/platform/service/iostream/src/sl_iostream.o
 .bss.__lock___malloc_recursive_mutex
                0x200011c0        0x1 c:/siliconlabs/simplicitystudio/v5/developer/toolchains/gnu_arm/10.3_2021.10/bin/../lib/gcc/arm-none-eabi/10.3.1/../../../../arm-none-eabi/lib/thumb/v8-m.main+fp/hard\libc_nano.a(lib_a-lock.o)
                0x200011c0                __lock___malloc_recursive_mutex
 .bss.__lock___sfp_recursive_mutex
                0x200011c1        0x1 c:/siliconlabs/simplicitystudio/v5/developer/toolchains/gnu_arm/10.3_2021.10/bin/../lib/gcc/arm-none-eabi/10.3.1/../../../../arm-none-eabi/lib/thumb/v8-m.main+fp/hard\libc_nano.a(lib_a-lock.o)
                0x200011c1                __lock___sfp_recursive_mutex
 .bss.__lock___sinit_recursive_mutex
                0x200011c2        0x1 c:/siliconlabs/simplicitystudio/v5/developer/toolchains/gnu_arm/10.3_2021.10/bin/../lib/gcc/arm-none-eabi/10.3.1/../../../../arm-none-eabi/lib/thumb/v8-m.main+fp/hard\libc_nano.a(lib_a-lock.o)
                0x200011c2                __lock___sinit_recursive_mutex
 *fill*         0x200011c3        0x1 
 .bss.__malloc_free_list
                0x200011c4        0x4 c:/siliconlabs/simplicitystudio/v5/developer/toolchains/gnu_arm/10.3_2021.10/bin/../lib/gcc/arm-none-eabi/10.3.1/../../../../arm-none-eabi/lib/thumb/v8-m.main+fp/hard\libc_nano.a(lib_a-nano-mallocr.o)
                0x200011c4                __malloc_free_list
 .bss.__malloc_sbrk_start
                0x200011c8        0x4 c:/siliconlabs/simplicitystudio/v5/developer/toolchains/gnu_arm/10.3_2021.10/bin/../lib/gcc/arm-none-eabi/10.3.1/../../../../arm-none-eabi/lib/thumb/v8-m.main+fp/hard\libc_nano.a(lib_a-nano-mallocr.o)
                0x200011c8                __malloc_sbrk_start
 .bss.errno     0x200011cc        0x4 c:/siliconlabs/simplicitystudio/v5/developer/toolchains/gnu_arm/10.3_2021.10/bin/../lib/gcc/arm-none-eabi/10.3.1/../../../../arm-none-eabi/lib/thumb/v8-m.main+fp/hard\libc_nano.a(lib_a-reent.o)
                0x200011cc                errno
 *(COMMON)
                0x200011d0                . = ALIGN (0x4)
                0x200011d0                __bss_end__ = .

.heap           0x200011d0     0x6e30
                0x200011d0                __HeapBase = .
                0x200011d0                __end__ = .
                0x200011d0                end = __end__
                0x200011d0                _end = __end__
 *(.heap*)
 .heap          0x200011d0      0x800 ./gecko_sdk_3.2.3/platform/common/toolchain/src/sl_memory.o
                0x20008000                . = (ORIGIN (RAM) + LENGTH (RAM))
 *fill*         0x200019d0     0x6630 
                0x20008000                __HeapLimit = .
                0x00006e30                __heap_size = (__HeapLimit - __HeapBase)
                0x0007e000                __main_flash_end__ = 0x7e000

.internal_storage
                0x00003db0        0x0
 *(.internal_storage*)

.nvm            0x00003db0        0x0
 *(.simee*)
                0x0007e000                linker_nvm_end = __main_flash_end__
                0x0007e000                linker_nvm_begin = (linker_nvm_end - SIZEOF (.nvm))
                0x00000000                linker_nvm_size = SIZEOF (.nvm)
                0x0007e000                linker_storage_end = linker_nvm_begin
                0x0007e000                linker_storage_begin = (linker_storage_end - SIZEOF (.internal_storage))
                0x00000000                linker_storage_size = SIZEOF (.internal_storage)
                0x0007e000                __nvm3Base = linker_nvm_begin
OUTPUT(empty.axf elf32-littlearm)
LOAD linker stubs

.ARM.attributes
                0x00000000       0x36
 .ARM.attributes
                0x00000000       0x22 c:/siliconlabs/simplicitystudio/v5/developer/toolchains/gnu_arm/10.3_2021.10/bin/../lib/gcc/arm-none-eabi/10.3.1/thumb/v8-m.main+fp/hard/crti.o
 .ARM.attributes
                0x00000022       0x38 c:/siliconlabs/simplicitystudio/v5/developer/toolchains/gnu_arm/10.3_2021.10/bin/../lib/gcc/arm-none-eabi/10.3.1/thumb/v8-m.main+fp/hard/crtbegin.o
 .ARM.attributes
                0x0000005a       0x20 c:/siliconlabs/simplicitystudio/v5/developer/toolchains/gnu_arm/10.3_2021.10/bin/../lib/gcc/arm-none-eabi/10.3.1/../../../../arm-none-eabi/lib/thumb/v8-m.main+fp/hard/crt0.o
 .ARM.attributes
                0x0000007a       0x3a ./app.o
 .ARM.attributes
                0x000000b4       0x3a ./main.o
 .ARM.attributes
                0x000000ee       0x3a ./autogen/sl_board_default_init.o
 .ARM.attributes
                0x00000128       0x3a ./autogen/sl_device_init_clocks.o
 .ARM.attributes
                0x00000162       0x3a ./autogen/sl_event_handler.o
 .ARM.attributes
                0x0000019c       0x3a ./autogen/sl_iostream_init_usart_instances.o
 .ARM.attributes
                0x000001d6       0x3a ./autogen/sl_simple_button_instances.o
 .ARM.attributes
                0x00000210       0x3a ./autogen/sl_simple_led_instances.o
 .ARM.attributes
                0x0000024a       0x3a ./gecko_sdk_3.2.3/app/common/util/app_log/app_log.o
 .ARM.attributes
                0x00000284       0x3a ./gecko_sdk_3.2.3/hardware/board/src/sl_board_init.o
 .ARM.attributes
                0x000002be       0x3a ./gecko_sdk_3.2.3/platform/Device/SiliconLabs/BGM22/Source/GCC/startup_bgm22.o
 .ARM.attributes
                0x000002f8       0x3a ./gecko_sdk_3.2.3/platform/Device/SiliconLabs/BGM22/Source/system_bgm22.o
 .ARM.attributes
                0x00000332       0x3a ./gecko_sdk_3.2.3/platform/common/toolchain/src/sl_memory.o
 .ARM.attributes
                0x0000036c       0x3a ./gecko_sdk_3.2.3/platform/driver/button/src/sl_button.o
 .ARM.attributes
                0x000003a6       0x3a ./gecko_sdk_3.2.3/platform/driver/button/src/sl_simple_button.o
 .ARM.attributes
                0x000003e0       0x3a ./gecko_sdk_3.2.3/platform/driver/leddrv/src/sl_led.o
 .ARM.attributes
                0x0000041a       0x3a ./gecko_sdk_3.2.3/platform/driver/leddrv/src/sl_simple_led.o
 .ARM.attributes
                0x00000454       0x3a ./gecko_sdk_3.2.3/platform/emdrv/gpiointerrupt/src/gpiointerrupt.o
 .ARM.attributes
                0x0000048e       0x3a ./gecko_sdk_3.2.3/platform/emlib/src/em_assert.o
 .ARM.attributes
                0x000004c8       0x3a ./gecko_sdk_3.2.3/platform/emlib/src/em_cmu.o
 .ARM.attributes
                0x00000502       0x3a ./gecko_sdk_3.2.3/platform/emlib/src/em_core.o
 .ARM.attributes
                0x0000053c       0x3a ./gecko_sdk_3.2.3/platform/emlib/src/em_emu.o
 .ARM.attributes
                0x00000576       0x3a ./gecko_sdk_3.2.3/platform/emlib/src/em_gpio.o
 .ARM.attributes
                0x000005b0       0x3a ./gecko_sdk_3.2.3/platform/emlib/src/em_usart.o
 .ARM.attributes
                0x000005ea       0x3a ./gecko_sdk_3.2.3/platform/service/device_init/src/sl_device_init_dcdc_s2.o
 .ARM.attributes
                0x00000624       0x3a ./gecko_sdk_3.2.3/platform/service/device_init/src/sl_device_init_emu_s2.o
 .ARM.attributes
                0x0000065e       0x3a ./gecko_sdk_3.2.3/platform/service/device_init/src/sl_device_init_hfxo_s2.o
 .ARM.attributes
                0x00000698       0x3a ./gecko_sdk_3.2.3/platform/service/device_init/src/sl_device_init_lfxo_s2.o
 .ARM.attributes
                0x000006d2       0x3a ./gecko_sdk_3.2.3/platform/service/device_init/src/sl_device_init_nvic.o
 .ARM.attributes
                0x0000070c       0x3a ./gecko_sdk_3.2.3/platform/service/iostream/src/sl_iostream.o
 .ARM.attributes
                0x00000746       0x3a ./gecko_sdk_3.2.3/platform/service/iostream/src/sl_iostream_retarget_stdio.o
 .ARM.attributes
                0x00000780       0x3a ./gecko_sdk_3.2.3/platform/service/iostream/src/sl_iostream_stdlib_config.o
 .ARM.attributes
                0x000007ba       0x3a ./gecko_sdk_3.2.3/platform/service/iostream/src/sl_iostream_uart.o
 .ARM.attributes
                0x000007f4       0x3a ./gecko_sdk_3.2.3/platform/service/iostream/src/sl_iostream_usart.o
 .ARM.attributes
                0x0000082e       0x3a ./gecko_sdk_3.2.3/platform/service/system/src/sl_system_init.o
 .ARM.attributes
                0x00000868       0x3a ./gecko_sdk_3.2.3/platform/service/system/src/sl_system_process_action.o
 .ARM.attributes
                0x000008a2       0x38 c:/siliconlabs/simplicitystudio/v5/developer/toolchains/gnu_arm/10.3_2021.10/bin/../lib/gcc/arm-none-eabi/10.3.1/../../../../arm-none-eabi/lib/thumb/v8-m.main+fp/hard\libc_nano.a(lib_a-exit.o)
 .ARM.attributes
                0x000008da       0x38 c:/siliconlabs/simplicitystudio/v5/developer/toolchains/gnu_arm/10.3_2021.10/bin/../lib/gcc/arm-none-eabi/10.3.1/../../../../arm-none-eabi/lib/thumb/v8-m.main+fp/hard\libc_nano.a(lib_a-impure.o)
 .ARM.attributes
                0x00000912       0x38 c:/siliconlabs/simplicitystudio/v5/developer/toolchains/gnu_arm/10.3_2021.10/bin/../lib/gcc/arm-none-eabi/10.3.1/../../../../arm-none-eabi/lib/thumb/v8-m.main+fp/hard\libc_nano.a(lib_a-init.o)
 .ARM.attributes
                0x0000094a       0x38 c:/siliconlabs/simplicitystudio/v5/developer/toolchains/gnu_arm/10.3_2021.10/bin/../lib/gcc/arm-none-eabi/10.3.1/../../../../arm-none-eabi/lib/thumb/v8-m.main+fp/hard\libc_nano.a(lib_a-memset.o)
 .ARM.attributes
                0x00000982       0x38 c:/siliconlabs/simplicitystudio/v5/developer/toolchains/gnu_arm/10.3_2021.10/bin/../lib/gcc/arm-none-eabi/10.3.1/../../../../arm-none-eabi/lib/thumb/v8-m.main+fp/hard\libc_nano.a(lib_a-setvbuf.o)
 .ARM.attributes
                0x000009ba       0x38 c:/siliconlabs/simplicitystudio/v5/developer/toolchains/gnu_arm/10.3_2021.10/bin/../lib/gcc/arm-none-eabi/10.3.1/../../../../arm-none-eabi/lib/thumb/v8-m.main+fp/hard\libc_nano.a(lib_a-vprintf.o)
 .ARM.attributes
                0x000009f2       0x38 c:/siliconlabs/simplicitystudio/v5/developer/toolchains/gnu_arm/10.3_2021.10/bin/../lib/gcc/arm-none-eabi/10.3.1/../../../../arm-none-eabi/lib/thumb/v8-m.main+fp/hard\libc_nano.a(lib_a-fflush.o)
 .ARM.attributes
                0x00000a2a       0x38 c:/siliconlabs/simplicitystudio/v5/developer/toolchains/gnu_arm/10.3_2021.10/bin/../lib/gcc/arm-none-eabi/10.3.1/../../../../arm-none-eabi/lib/thumb/v8-m.main+fp/hard\libc_nano.a(lib_a-findfp.o)
 .ARM.attributes
                0x00000a62       0x38 c:/siliconlabs/simplicitystudio/v5/developer/toolchains/gnu_arm/10.3_2021.10/bin/../lib/gcc/arm-none-eabi/10.3.1/../../../../arm-none-eabi/lib/thumb/v8-m.main+fp/hard\libc_nano.a(lib_a-fwalk.o)
 .ARM.attributes
                0x00000a9a       0x38 c:/siliconlabs/simplicitystudio/v5/developer/toolchains/gnu_arm/10.3_2021.10/bin/../lib/gcc/arm-none-eabi/10.3.1/../../../../arm-none-eabi/lib/thumb/v8-m.main+fp/hard\libc_nano.a(lib_a-lock.o)
 .ARM.attributes
                0x00000ad2       0x38 c:/siliconlabs/simplicitystudio/v5/developer/toolchains/gnu_arm/10.3_2021.10/bin/../lib/gcc/arm-none-eabi/10.3.1/../../../../arm-none-eabi/lib/thumb/v8-m.main+fp/hard\libc_nano.a(lib_a-makebuf.o)
 .ARM.attributes
                0x00000b0a       0x38 c:/siliconlabs/simplicitystudio/v5/developer/toolchains/gnu_arm/10.3_2021.10/bin/../lib/gcc/arm-none-eabi/10.3.1/../../../../arm-none-eabi/lib/thumb/v8-m.main+fp/hard\libc_nano.a(lib_a-malloc.o)
 .ARM.attributes
                0x00000b42       0x38 c:/siliconlabs/simplicitystudio/v5/developer/toolchains/gnu_arm/10.3_2021.10/bin/../lib/gcc/arm-none-eabi/10.3.1/../../../../arm-none-eabi/lib/thumb/v8-m.main+fp/hard\libc_nano.a(lib_a-nano-freer.o)
 .ARM.attributes
                0x00000b7a       0x38 c:/siliconlabs/simplicitystudio/v5/developer/toolchains/gnu_arm/10.3_2021.10/bin/../lib/gcc/arm-none-eabi/10.3.1/../../../../arm-none-eabi/lib/thumb/v8-m.main+fp/hard\libc_nano.a(lib_a-nano-mallocr.o)
 .ARM.attributes
                0x00000bb2       0x38 c:/siliconlabs/simplicitystudio/v5/developer/toolchains/gnu_arm/10.3_2021.10/bin/../lib/gcc/arm-none-eabi/10.3.1/../../../../arm-none-eabi/lib/thumb/v8-m.main+fp/hard\libc_nano.a(lib_a-nano-vfprintf.o)
 .ARM.attributes
                0x00000bea       0x38 c:/siliconlabs/simplicitystudio/v5/developer/toolchains/gnu_arm/10.3_2021.10/bin/../lib/gcc/arm-none-eabi/10.3.1/../../../../arm-none-eabi/lib/thumb/v8-m.main+fp/hard\libc_nano.a(lib_a-nano-vfprintf_i.o)
 .ARM.attributes
                0x00000c22       0x38 c:/siliconlabs/simplicitystudio/v5/developer/toolchains/gnu_arm/10.3_2021.10/bin/../lib/gcc/arm-none-eabi/10.3.1/../../../../arm-none-eabi/lib/thumb/v8-m.main+fp/hard\libc_nano.a(lib_a-sbrkr.o)
 .ARM.attributes
                0x00000c5a       0x38 c:/siliconlabs/simplicitystudio/v5/developer/toolchains/gnu_arm/10.3_2021.10/bin/../lib/gcc/arm-none-eabi/10.3.1/../../../../arm-none-eabi/lib/thumb/v8-m.main+fp/hard\libc_nano.a(lib_a-stdio.o)
 .ARM.attributes
                0x00000c92       0x38 c:/siliconlabs/simplicitystudio/v5/developer/toolchains/gnu_arm/10.3_2021.10/bin/../lib/gcc/arm-none-eabi/10.3.1/../../../../arm-none-eabi/lib/thumb/v8-m.main+fp/hard\libc_nano.a(lib_a-wbuf.o)
 .ARM.attributes
                0x00000cca       0x38 c:/siliconlabs/simplicitystudio/v5/developer/toolchains/gnu_arm/10.3_2021.10/bin/../lib/gcc/arm-none-eabi/10.3.1/../../../../arm-none-eabi/lib/thumb/v8-m.main+fp/hard\libc_nano.a(lib_a-writer.o)
 .ARM.attributes
                0x00000d02       0x38 c:/siliconlabs/simplicitystudio/v5/developer/toolchains/gnu_arm/10.3_2021.10/bin/../lib/gcc/arm-none-eabi/10.3.1/../../../../arm-none-eabi/lib/thumb/v8-m.main+fp/hard\libc_nano.a(lib_a-wsetup.o)
 .ARM.attributes
                0x00000d3a       0x38 c:/siliconlabs/simplicitystudio/v5/developer/toolchains/gnu_arm/10.3_2021.10/bin/../lib/gcc/arm-none-eabi/10.3.1/../../../../arm-none-eabi/lib/thumb/v8-m.main+fp/hard\libc_nano.a(lib_a-closer.o)
 .ARM.attributes
                0x00000d72       0x38 c:/siliconlabs/simplicitystudio/v5/developer/toolchains/gnu_arm/10.3_2021.10/bin/../lib/gcc/arm-none-eabi/10.3.1/../../../../arm-none-eabi/lib/thumb/v8-m.main+fp/hard\libc_nano.a(lib_a-fstatr.o)
 .ARM.attributes
                0x00000daa       0x38 c:/siliconlabs/simplicitystudio/v5/developer/toolchains/gnu_arm/10.3_2021.10/bin/../lib/gcc/arm-none-eabi/10.3.1/../../../../arm-none-eabi/lib/thumb/v8-m.main+fp/hard\libc_nano.a(lib_a-isattyr.o)
 .ARM.attributes
                0x00000de2       0x38 c:/siliconlabs/simplicitystudio/v5/developer/toolchains/gnu_arm/10.3_2021.10/bin/../lib/gcc/arm-none-eabi/10.3.1/../../../../arm-none-eabi/lib/thumb/v8-m.main+fp/hard\libc_nano.a(lib_a-lseekr.o)
 .ARM.attributes
                0x00000e1a       0x38 c:/siliconlabs/simplicitystudio/v5/developer/toolchains/gnu_arm/10.3_2021.10/bin/../lib/gcc/arm-none-eabi/10.3.1/../../../../arm-none-eabi/lib/thumb/v8-m.main+fp/hard\libc_nano.a(lib_a-memchr-stub.o)
 .ARM.attributes
                0x00000e52       0x38 c:/siliconlabs/simplicitystudio/v5/developer/toolchains/gnu_arm/10.3_2021.10/bin/../lib/gcc/arm-none-eabi/10.3.1/../../../../arm-none-eabi/lib/thumb/v8-m.main+fp/hard\libc_nano.a(lib_a-mlock.o)
 .ARM.attributes
                0x00000e8a       0x38 c:/siliconlabs/simplicitystudio/v5/developer/toolchains/gnu_arm/10.3_2021.10/bin/../lib/gcc/arm-none-eabi/10.3.1/../../../../arm-none-eabi/lib/thumb/v8-m.main+fp/hard\libc_nano.a(lib_a-readr.o)
 .ARM.attributes
                0x00000ec2       0x38 c:/siliconlabs/simplicitystudio/v5/developer/toolchains/gnu_arm/10.3_2021.10/bin/../lib/gcc/arm-none-eabi/10.3.1/../../../../arm-none-eabi/lib/thumb/v8-m.main+fp/hard\libc_nano.a(lib_a-reent.o)
 .ARM.attributes
                0x00000efa       0x22 c:/siliconlabs/simplicitystudio/v5/developer/toolchains/gnu_arm/10.3_2021.10/bin/../lib/gcc/arm-none-eabi/10.3.1/thumb/v8-m.main+fp/hard/crtn.o

.comment        0x00000000       0x49
 .comment       0x00000000       0x49 ./app.o
                                 0x4a (size before relaxing)
 .comment       0x00000049       0x4a ./main.o
 .comment       0x00000049       0x4a ./autogen/sl_board_default_init.o
 .comment       0x00000049       0x4a ./autogen/sl_device_init_clocks.o
 .comment       0x00000049       0x4a ./autogen/sl_event_handler.o
 .comment       0x00000049       0x4a ./autogen/sl_iostream_init_usart_instances.o
 .comment       0x00000049       0x4a ./autogen/sl_simple_button_instances.o
 .comment       0x00000049       0x4a ./autogen/sl_simple_led_instances.o
 .comment       0x00000049       0x4a ./gecko_sdk_3.2.3/app/common/util/app_log/app_log.o
 .comment       0x00000049       0x4a ./gecko_sdk_3.2.3/hardware/board/src/sl_board_init.o
 .comment       0x00000049       0x4a ./gecko_sdk_3.2.3/platform/Device/SiliconLabs/BGM22/Source/GCC/startup_bgm22.o
 .comment       0x00000049       0x4a ./gecko_sdk_3.2.3/platform/Device/SiliconLabs/BGM22/Source/system_bgm22.o
 .comment       0x00000049       0x4a ./gecko_sdk_3.2.3/platform/common/toolchain/src/sl_memory.o
 .comment       0x00000049       0x4a ./gecko_sdk_3.2.3/platform/driver/button/src/sl_button.o
 .comment       0x00000049       0x4a ./gecko_sdk_3.2.3/platform/driver/button/src/sl_simple_button.o
 .comment       0x00000049       0x4a ./gecko_sdk_3.2.3/platform/driver/leddrv/src/sl_led.o
 .comment       0x00000049       0x4a ./gecko_sdk_3.2.3/platform/driver/leddrv/src/sl_simple_led.o
 .comment       0x00000049       0x4a ./gecko_sdk_3.2.3/platform/emdrv/gpiointerrupt/src/gpiointerrupt.o
 .comment       0x00000049       0x4a ./gecko_sdk_3.2.3/platform/emlib/src/em_assert.o
 .comment       0x00000049       0x4a ./gecko_sdk_3.2.3/platform/emlib/src/em_cmu.o
 .comment       0x00000049       0x4a ./gecko_sdk_3.2.3/platform/emlib/src/em_core.o
 .comment       0x00000049       0x4a ./gecko_sdk_3.2.3/platform/emlib/src/em_emu.o
 .comment       0x00000049       0x4a ./gecko_sdk_3.2.3/platform/emlib/src/em_gpio.o
 .comment       0x00000049       0x4a ./gecko_sdk_3.2.3/platform/emlib/src/em_usart.o
 .comment       0x00000049       0x4a ./gecko_sdk_3.2.3/platform/service/device_init/src/sl_device_init_dcdc_s2.o
 .comment       0x00000049       0x4a ./gecko_sdk_3.2.3/platform/service/device_init/src/sl_device_init_emu_s2.o
 .comment       0x00000049       0x4a ./gecko_sdk_3.2.3/platform/service/device_init/src/sl_device_init_hfxo_s2.o
 .comment       0x00000049       0x4a ./gecko_sdk_3.2.3/platform/service/device_init/src/sl_device_init_lfxo_s2.o
 .comment       0x00000049       0x4a ./gecko_sdk_3.2.3/platform/service/device_init/src/sl_device_init_nvic.o
 .comment       0x00000049       0x4a ./gecko_sdk_3.2.3/platform/service/iostream/src/sl_iostream.o
 .comment       0x00000049       0x4a ./gecko_sdk_3.2.3/platform/service/iostream/src/sl_iostream_retarget_stdio.o
 .comment       0x00000049       0x4a ./gecko_sdk_3.2.3/platform/service/iostream/src/sl_iostream_stdlib_config.o
 .comment       0x00000049       0x4a ./gecko_sdk_3.2.3/platform/service/iostream/src/sl_iostream_uart.o
 .comment       0x00000049       0x4a ./gecko_sdk_3.2.3/platform/service/iostream/src/sl_iostream_usart.o
 .comment       0x00000049       0x4a ./gecko_sdk_3.2.3/platform/service/system/src/sl_system_init.o
 .comment       0x00000049       0x4a ./gecko_sdk_3.2.3/platform/service/system/src/sl_system_process_action.o

.debug_info     0x00000000    0x235d7
 .debug_info    0x00000000      0x42c ./app.o
 .debug_info    0x0000042c       0xad ./main.o
 .debug_info    0x000004d9       0x86 ./autogen/sl_board_default_init.o
 .debug_info    0x0000055f      0x383 ./autogen/sl_device_init_clocks.o
 .debug_info    0x000008e2     0x1334 ./autogen/sl_event_handler.o
 .debug_info    0x00001c16     0x143a ./autogen/sl_iostream_init_usart_instances.o
 .debug_info    0x00003050      0x35f ./autogen/sl_simple_button_instances.o
 .debug_info    0x000033af      0x27e ./autogen/sl_simple_led_instances.o
 .debug_info    0x0000362d      0x5b6 ./gecko_sdk_3.2.3/app/common/util/app_log/app_log.o
 .debug_info    0x00003be3      0x279 ./gecko_sdk_3.2.3/hardware/board/src/sl_board_init.o
 .debug_info    0x00003e5c      0x21b ./gecko_sdk_3.2.3/platform/Device/SiliconLabs/BGM22/Source/GCC/startup_bgm22.o
 .debug_info    0x00004077     0x136c ./gecko_sdk_3.2.3/platform/Device/SiliconLabs/BGM22/Source/system_bgm22.o
 .debug_info    0x000053e3      0x205 ./gecko_sdk_3.2.3/platform/common/toolchain/src/sl_memory.o
 .debug_info    0x000055e8      0x287 ./gecko_sdk_3.2.3/platform/driver/button/src/sl_button.o
 .debug_info    0x0000586f     0x19c6 ./gecko_sdk_3.2.3/platform/driver/button/src/sl_simple_button.o
 .debug_info    0x00007235      0x25e ./gecko_sdk_3.2.3/platform/driver/leddrv/src/sl_led.o
 .debug_info    0x00007493     0x1827 ./gecko_sdk_3.2.3/platform/driver/leddrv/src/sl_simple_led.o
 .debug_info    0x00008cba     0x19b4 ./gecko_sdk_3.2.3/platform/emdrv/gpiointerrupt/src/gpiointerrupt.o
 .debug_info    0x0000a66e       0x86 ./gecko_sdk_3.2.3/platform/emlib/src/em_assert.o
 .debug_info    0x0000a6f4     0x72e3 ./gecko_sdk_3.2.3/platform/emlib/src/em_cmu.o
 .debug_info    0x000119d7     0x13dc ./gecko_sdk_3.2.3/platform/emlib/src/em_core.o
 .debug_info    0x00012db3     0x39e7 ./gecko_sdk_3.2.3/platform/emlib/src/em_emu.o
 .debug_info    0x0001679a     0x204c ./gecko_sdk_3.2.3/platform/emlib/src/em_gpio.o
 .debug_info    0x000187e6     0x4010 ./gecko_sdk_3.2.3/platform/emlib/src/em_usart.o
 .debug_info    0x0001c7f6      0x2a9 ./gecko_sdk_3.2.3/platform/service/device_init/src/sl_device_init_dcdc_s2.o
 .debug_info    0x0001ca9f      0x9a7 ./gecko_sdk_3.2.3/platform/service/device_init/src/sl_device_init_emu_s2.o
 .debug_info    0x0001d446      0x82c ./gecko_sdk_3.2.3/platform/service/device_init/src/sl_device_init_hfxo_s2.o
 .debug_info    0x0001dc72      0x269 ./gecko_sdk_3.2.3/platform/service/device_init/src/sl_device_init_lfxo_s2.o
 .debug_info    0x0001dedb      0x88e ./gecko_sdk_3.2.3/platform/service/device_init/src/sl_device_init_nvic.o
 .debug_info    0x0001e769      0x561 ./gecko_sdk_3.2.3/platform/service/iostream/src/sl_iostream.o
 .debug_info    0x0001ecca      0x5b7 ./gecko_sdk_3.2.3/platform/service/iostream/src/sl_iostream_retarget_stdio.o
 .debug_info    0x0001f281      0xa21 ./gecko_sdk_3.2.3/platform/service/iostream/src/sl_iostream_stdlib_config.o
 .debug_info    0x0001fca2      0xf25 ./gecko_sdk_3.2.3/platform/service/iostream/src/sl_iostream_uart.o
 .debug_info    0x00020bc7     0x28b3 ./gecko_sdk_3.2.3/platform/service/iostream/src/sl_iostream_usart.o
 .debug_info    0x0002347a       0xba ./gecko_sdk_3.2.3/platform/service/system/src/sl_system_init.o
 .debug_info    0x00023534       0xa3 ./gecko_sdk_3.2.3/platform/service/system/src/sl_system_process_action.o

.debug_abbrev   0x00000000     0x44ba
 .debug_abbrev  0x00000000      0x167 ./app.o
 .debug_abbrev  0x00000167       0x5e ./main.o
 .debug_abbrev  0x000001c5       0x46 ./autogen/sl_board_default_init.o
 .debug_abbrev  0x0000020b       0xd8 ./autogen/sl_device_init_clocks.o
 .debug_abbrev  0x000002e3      0x1ce ./autogen/sl_event_handler.o
 .debug_abbrev  0x000004b1      0x22b ./autogen/sl_iostream_init_usart_instances.o
 .debug_abbrev  0x000006dc      0x145 ./autogen/sl_simple_button_instances.o
 .debug_abbrev  0x00000821      0x138 ./autogen/sl_simple_led_instances.o
 .debug_abbrev  0x00000959      0x282 ./gecko_sdk_3.2.3/app/common/util/app_log/app_log.o
 .debug_abbrev  0x00000bdb       0xe6 ./gecko_sdk_3.2.3/hardware/board/src/sl_board_init.o
 .debug_abbrev  0x00000cc1      0x145 ./gecko_sdk_3.2.3/platform/Device/SiliconLabs/BGM22/Source/GCC/startup_bgm22.o
 .debug_abbrev  0x00000e06      0x271 ./gecko_sdk_3.2.3/platform/Device/SiliconLabs/BGM22/Source/system_bgm22.o
 .debug_abbrev  0x00001077      0x11e ./gecko_sdk_3.2.3/platform/common/toolchain/src/sl_memory.o
 .debug_abbrev  0x00001195      0x12a ./gecko_sdk_3.2.3/platform/driver/button/src/sl_button.o
 .debug_abbrev  0x000012bf      0x363 ./gecko_sdk_3.2.3/platform/driver/button/src/sl_simple_button.o
 .debug_abbrev  0x00001622       0xfd ./gecko_sdk_3.2.3/platform/driver/leddrv/src/sl_led.o
 .debug_abbrev  0x0000171f      0x2eb ./gecko_sdk_3.2.3/platform/driver/leddrv/src/sl_simple_led.o
 .debug_abbrev  0x00001a0a      0x2da ./gecko_sdk_3.2.3/platform/emdrv/gpiointerrupt/src/gpiointerrupt.o
 .debug_abbrev  0x00001ce4       0x6c ./gecko_sdk_3.2.3/platform/emlib/src/em_assert.o
 .debug_abbrev  0x00001d50      0x502 ./gecko_sdk_3.2.3/platform/emlib/src/em_cmu.o
 .debug_abbrev  0x00002252      0x313 ./gecko_sdk_3.2.3/platform/emlib/src/em_core.o
 .debug_abbrev  0x00002565      0x4bf ./gecko_sdk_3.2.3/platform/emlib/src/em_emu.o
 .debug_abbrev  0x00002a24      0x318 ./gecko_sdk_3.2.3/platform/emlib/src/em_gpio.o
 .debug_abbrev  0x00002d3c      0x321 ./gecko_sdk_3.2.3/platform/emlib/src/em_usart.o
 .debug_abbrev  0x0000305d       0xe0 ./gecko_sdk_3.2.3/platform/service/device_init/src/sl_device_init_dcdc_s2.o
 .debug_abbrev  0x0000313d      0x13a ./gecko_sdk_3.2.3/platform/service/device_init/src/sl_device_init_emu_s2.o
 .debug_abbrev  0x00003277      0x16f ./gecko_sdk_3.2.3/platform/service/device_init/src/sl_device_init_hfxo_s2.o
 .debug_abbrev  0x000033e6       0xed ./gecko_sdk_3.2.3/platform/service/device_init/src/sl_device_init_lfxo_s2.o
 .debug_abbrev  0x000034d3      0x144 ./gecko_sdk_3.2.3/platform/service/device_init/src/sl_device_init_nvic.o
 .debug_abbrev  0x00003617      0x237 ./gecko_sdk_3.2.3/platform/service/iostream/src/sl_iostream.o
 .debug_abbrev  0x0000384e      0x198 ./gecko_sdk_3.2.3/platform/service/iostream/src/sl_iostream_retarget_stdio.o
 .debug_abbrev  0x000039e6      0x1cc ./gecko_sdk_3.2.3/platform/service/iostream/src/sl_iostream_stdlib_config.o
 .debug_abbrev  0x00003bb2      0x4c8 ./gecko_sdk_3.2.3/platform/service/iostream/src/sl_iostream_uart.o
 .debug_abbrev  0x0000407a      0x382 ./gecko_sdk_3.2.3/platform/service/iostream/src/sl_iostream_usart.o
 .debug_abbrev  0x000043fc       0x5f ./gecko_sdk_3.2.3/platform/service/system/src/sl_system_init.o
 .debug_abbrev  0x0000445b       0x5f ./gecko_sdk_3.2.3/platform/service/system/src/sl_system_process_action.o

.debug_loc      0x00000000     0x7ddd
 .debug_loc     0x00000000       0xb3 ./app.o
 .debug_loc     0x000000b3       0x20 ./main.o
 .debug_loc     0x000000d3       0x20 ./autogen/sl_device_init_clocks.o
 .debug_loc     0x000000f3       0xa1 ./autogen/sl_event_handler.o
 .debug_loc     0x00000194       0x68 ./autogen/sl_iostream_init_usart_instances.o
 .debug_loc     0x000001fc       0x58 ./autogen/sl_simple_button_instances.o
 .debug_loc     0x00000254      0x29f ./gecko_sdk_3.2.3/app/common/util/app_log/app_log.o
 .debug_loc     0x000004f3       0x2c ./gecko_sdk_3.2.3/hardware/board/src/sl_board_init.o
 .debug_loc     0x0000051f       0x9c ./gecko_sdk_3.2.3/platform/Device/SiliconLabs/BGM22/Source/GCC/startup_bgm22.o
 .debug_loc     0x000005bb       0xc5 ./gecko_sdk_3.2.3/platform/Device/SiliconLabs/BGM22/Source/system_bgm22.o
 .debug_loc     0x00000680       0x9c ./gecko_sdk_3.2.3/platform/common/toolchain/src/sl_memory.o
 .debug_loc     0x0000071c      0x11a ./gecko_sdk_3.2.3/platform/driver/button/src/sl_button.o
 .debug_loc     0x00000836      0x40b ./gecko_sdk_3.2.3/platform/driver/button/src/sl_simple_button.o
 .debug_loc     0x00000c41       0xb9 ./gecko_sdk_3.2.3/platform/driver/leddrv/src/sl_led.o
 .debug_loc     0x00000cfa      0x3e8 ./gecko_sdk_3.2.3/platform/driver/leddrv/src/sl_simple_led.o
 .debug_loc     0x000010e2      0x291 ./gecko_sdk_3.2.3/platform/emdrv/gpiointerrupt/src/gpiointerrupt.o
 .debug_loc     0x00001373       0x2a ./gecko_sdk_3.2.3/platform/emlib/src/em_assert.o
 .debug_loc     0x0000139d     0x30d9 ./gecko_sdk_3.2.3/platform/emlib/src/em_cmu.o
 .debug_loc     0x00004476      0x8ae ./gecko_sdk_3.2.3/platform/emlib/src/em_core.o
 .debug_loc     0x00004d24      0x7d0 ./gecko_sdk_3.2.3/platform/emlib/src/em_emu.o
 .debug_loc     0x000054f4      0x8f1 ./gecko_sdk_3.2.3/platform/emlib/src/em_gpio.o
 .debug_loc     0x00005de5      0xa2e ./gecko_sdk_3.2.3/platform/emlib/src/em_usart.o
 .debug_loc     0x00006813       0x2c ./gecko_sdk_3.2.3/platform/service/device_init/src/sl_device_init_dcdc_s2.o
 .debug_loc     0x0000683f       0x2c ./gecko_sdk_3.2.3/platform/service/device_init/src/sl_device_init_emu_s2.o
 .debug_loc     0x0000686b       0xba ./gecko_sdk_3.2.3/platform/service/device_init/src/sl_device_init_hfxo_s2.o
 .debug_loc     0x00006925       0x2c ./gecko_sdk_3.2.3/platform/service/device_init/src/sl_device_init_lfxo_s2.o
 .debug_loc     0x00006951       0x6f ./gecko_sdk_3.2.3/platform/service/device_init/src/sl_device_init_nvic.o
 .debug_loc     0x000069c0      0x58d ./gecko_sdk_3.2.3/platform/service/iostream/src/sl_iostream.o
 .debug_loc     0x00006f4d      0x217 ./gecko_sdk_3.2.3/platform/service/iostream/src/sl_iostream_retarget_stdio.o
 .debug_loc     0x00007164      0x7d5 ./gecko_sdk_3.2.3/platform/service/iostream/src/sl_iostream_uart.o
 .debug_loc     0x00007939      0x44c ./gecko_sdk_3.2.3/platform/service/iostream/src/sl_iostream_usart.o
 .debug_loc     0x00007d85       0x2c ./gecko_sdk_3.2.3/platform/service/system/src/sl_system_init.o
 .debug_loc     0x00007db1       0x2c ./gecko_sdk_3.2.3/platform/service/system/src/sl_system_process_action.o

.debug_aranges  0x00000000      0xb10
 .debug_aranges
                0x00000000       0x30 ./app.o
 .debug_aranges
                0x00000030       0x20 ./main.o
 .debug_aranges
                0x00000050       0x20 ./autogen/sl_board_default_init.o
 .debug_aranges
                0x00000070       0x20 ./autogen/sl_device_init_clocks.o
 .debug_aranges
                0x00000090       0x48 ./autogen/sl_event_handler.o
 .debug_aranges
                0x000000d8       0x30 ./autogen/sl_iostream_init_usart_instances.o
 .debug_aranges
                0x00000108       0x28 ./autogen/sl_simple_button_instances.o
 .debug_aranges
                0x00000130       0x20 ./autogen/sl_simple_led_instances.o
 .debug_aranges
                0x00000150       0x88 ./gecko_sdk_3.2.3/app/common/util/app_log/app_log.o
 .debug_aranges
                0x000001d8       0x28 ./gecko_sdk_3.2.3/hardware/board/src/sl_board_init.o
 .debug_aranges
                0x00000200       0x28 ./gecko_sdk_3.2.3/platform/Device/SiliconLabs/BGM22/Source/GCC/startup_bgm22.o
 .debug_aranges
                0x00000228       0x88 ./gecko_sdk_3.2.3/platform/Device/SiliconLabs/BGM22/Source/system_bgm22.o
 .debug_aranges
                0x000002b0       0x30 ./gecko_sdk_3.2.3/platform/common/toolchain/src/sl_memory.o
 .debug_aranges
                0x000002e0       0x48 ./gecko_sdk_3.2.3/platform/driver/button/src/sl_button.o
 .debug_aranges
                0x00000328       0x50 ./gecko_sdk_3.2.3/platform/driver/button/src/sl_simple_button.o
 .debug_aranges
                0x00000378       0x40 ./gecko_sdk_3.2.3/platform/driver/leddrv/src/sl_led.o
 .debug_aranges
                0x000003b8       0x50 ./gecko_sdk_3.2.3/platform/driver/leddrv/src/sl_simple_led.o